[2026-05-17T00:47:25.971+0000] {local_task_job_runner.py:120} INFO - ::group::Pre task execution logs
[2026-05-17T00:47:26.182+0000] {taskinstance.py:2076} INFO - Dependencies all met for dep_context=non-requeueable deps ti=<TaskInstance: job_intelligent_pipeline_simplified.scrape_adzuna manual__2026-05-17T00:47:17.533201+00:00 [queued]>
[2026-05-17T00:47:26.222+0000] {taskinstance.py:2076} INFO - Dependencies all met for dep_context=requeueable deps ti=<TaskInstance: job_intelligent_pipeline_simplified.scrape_adzuna manual__2026-05-17T00:47:17.533201+00:00 [queued]>
[2026-05-17T00:47:26.244+0000] {taskinstance.py:2306} INFO - Starting attempt 1 of 3
[2026-05-17T00:47:26.394+0000] {taskinstance.py:2330} INFO - Executing <Task(PythonOperator): scrape_adzuna> on 2026-05-17 00:47:17.533201+00:00
[2026-05-17T00:47:26.441+0000] {standard_task_runner.py:90} INFO - Running: ['***', 'tasks', 'run', 'job_intelligent_pipeline_simplified', 'scrape_adzuna', 'manual__2026-05-17T00:47:17.533201+00:00', '--job-id', '25', '--raw', '--subdir', 'DAGS_FOLDER/__pycache__/job_intelligent_pipeline.py', '--cfg-path', '/tmp/tmpqjtf2wf_']
[2026-05-17T00:47:26.457+0000] {standard_task_runner.py:91} INFO - Job 25: Subtask scrape_adzuna
[2026-05-17T00:47:26.455+0000] {warnings.py:110} WARNING - /home/***/.local/lib/python3.12/site-packages/***/task/task_runner/standard_task_runner.py:61: DeprecationWarning: This process (pid=161) is multi-threaded, use of fork() may lead to deadlocks in the child.
  pid = os.fork()

[2026-05-17T00:47:26.535+0000] {standard_task_runner.py:63} INFO - Started process 165 to run task
[2026-05-17T00:47:26.796+0000] {task_command.py:426} INFO - Running <TaskInstance: job_intelligent_pipeline_simplified.scrape_adzuna manual__2026-05-17T00:47:17.533201+00:00 [running]> on host f27312ab664d
[2026-05-17T00:47:27.252+0000] {taskinstance.py:2648} INFO - Exporting env vars: AIRFLOW_CTX_DAG_OWNER='job_intelligent' AIRFLOW_CTX_DAG_ID='job_intelligent_pipeline_simplified' AIRFLOW_CTX_TASK_ID='scrape_adzuna' AIRFLOW_CTX_EXECUTION_DATE='2026-05-17T00:47:17.533201+00:00' AIRFLOW_CTX_TRY_NUMBER='1' AIRFLOW_CTX_DAG_RUN_ID='manual__2026-05-17T00:47:17.533201+00:00'
[2026-05-17T00:47:27.254+0000] {taskinstance.py:430} INFO - ::endgroup::
[2026-05-17T00:47:27.429+0000] {logging_mixin.py:188} INFO - [Scraping] POST http://scraper-api:8000/scrape/adzuna
[2026-05-17T00:47:57.491+0000] {logging_mixin.py:188} INFO - [Scraping] Adzuna erreur : HTTPConnectionPool(host='scraper-api', port=8000): Read timed out. (read timeout=30)
[2026-05-17T00:47:57.492+0000] {logging_mixin.py:188} INFO - [Scraping] Adzuna : {'status': 'erreur', 'message': "HTTPConnectionPool(host='scraper-api', port=8000): Read timed out. (read timeout=30)"}
[2026-05-17T00:47:57.574+0000] {python.py:237} INFO - Done. Returned value was: {'status': 'erreur', 'message': "HTTPConnectionPool(host='scraper-api', port=8000): Read timed out. (read timeout=30)"}
[2026-05-17T00:47:57.575+0000] {taskinstance.py:441} INFO - ::group::Post task execution logs
[2026-05-17T00:47:57.647+0000] {taskinstance.py:1206} INFO - Marking task as SUCCESS. dag_id=job_intelligent_pipeline_simplified, task_id=scrape_adzuna, run_id=manual__2026-05-17T00:47:17.533201+00:00, execution_date=20260517T004717, start_date=20260517T004726, end_date=20260517T004757
[2026-05-17T00:47:57.803+0000] {local_task_job_runner.py:240} INFO - Task exited with return code 0
[2026-05-17T00:47:57.936+0000] {taskinstance.py:3498} INFO - 0 downstream tasks scheduled from follow-on schedule check
[2026-05-17T00:47:57.942+0000] {local_task_job_runner.py:222} INFO - ::endgroup::
