[2026-04-27T01:37:30.375+0000] {local_task_job_runner.py:120} INFO - ::group::Pre task execution logs
[2026-04-27T01:37:30.568+0000] {taskinstance.py:2076} INFO - Dependencies all met for dep_context=non-requeueable deps ti=<TaskInstance: job_intelligent_pipeline.load_star_schema manual__2026-04-27T01:34:41.436277+00:00 [queued]>
[2026-04-27T01:37:30.635+0000] {taskinstance.py:2076} INFO - Dependencies all met for dep_context=requeueable deps ti=<TaskInstance: job_intelligent_pipeline.load_star_schema manual__2026-04-27T01:34:41.436277+00:00 [queued]>
[2026-04-27T01:37:30.650+0000] {taskinstance.py:2306} INFO - Starting attempt 1 of 3
[2026-04-27T01:37:30.852+0000] {taskinstance.py:2330} INFO - Executing <Task(PythonOperator): load_star_schema> on 2026-04-27 01:34:41.436277+00:00
[2026-04-27T01:37:30.889+0000] {warnings.py:112} WARNING - /home/***/.local/lib/python3.12/site-packages/***/task/task_runner/standard_task_runner.py:61: DeprecationWarning: This process (pid=397) is multi-threaded, use of fork() may lead to deadlocks in the child.
  pid = os.fork()

[2026-04-27T01:37:30.904+0000] {standard_task_runner.py:63} INFO - Started process 398 to run task
[2026-04-27T01:37:30.893+0000] {standard_task_runner.py:90} INFO - Running: ['***', 'tasks', 'run', 'job_intelligent_pipeline', 'load_star_schema', 'manual__2026-04-27T01:34:41.436277+00:00', '--job-id', '79', '--raw', '--subdir', 'DAGS_FOLDER/dag_job_intelligent.py', '--cfg-path', '/tmp/tmplqlpe9e9']
[2026-04-27T01:37:30.929+0000] {standard_task_runner.py:91} INFO - Job 79: Subtask load_star_schema
[2026-04-27T01:37:31.320+0000] {task_command.py:426} INFO - Running <TaskInstance: job_intelligent_pipeline.load_star_schema manual__2026-04-27T01:34:41.436277+00:00 [running]> on host 29da1de14b83
[2026-04-27T01:37:31.975+0000] {taskinstance.py:2648} INFO - Exporting env vars: AIRFLOW_CTX_DAG_OWNER='job_intelligent' AIRFLOW_CTX_DAG_ID='job_intelligent_pipeline' AIRFLOW_CTX_TASK_ID='load_star_schema' AIRFLOW_CTX_EXECUTION_DATE='2026-04-27T01:34:41.436277+00:00' AIRFLOW_CTX_TRY_NUMBER='1' AIRFLOW_CTX_DAG_RUN_ID='manual__2026-04-27T01:34:41.436277+00:00'
[2026-04-27T01:37:32.005+0000] {taskinstance.py:430} INFO - ::endgroup::
[2026-04-27T01:37:32.210+0000] {taskinstance.py:441} INFO - ::group::Post task execution logs
[2026-04-27T01:37:32.229+0000] {taskinstance.py:2905} ERROR - Task failed with exception
Traceback (most recent call last):
  File "/home/airflow/.local/lib/python3.12/site-packages/airflow/models/taskinstance.py", line 460, in _execute_task
    result = _execute_callable(context=context, **execute_callable_kwargs)
             ^^^^^^^^^^^^^^^^^^^^^^^^^^^^^^^^^^^^^^^^^^^^^^^^^^^^^^^^^^^^^
  File "/home/airflow/.local/lib/python3.12/site-packages/airflow/models/taskinstance.py", line 432, in _execute_callable
    return execute_callable(context=context, **execute_callable_kwargs)
           ^^^^^^^^^^^^^^^^^^^^^^^^^^^^^^^^^^^^^^^^^^^^^^^^^^^^^^^^^^^^
  File "/home/airflow/.local/lib/python3.12/site-packages/airflow/models/baseoperator.py", line 401, in wrapper
    return func(self, *args, **kwargs)
           ^^^^^^^^^^^^^^^^^^^^^^^^^^^
  File "/home/airflow/.local/lib/python3.12/site-packages/airflow/operators/python.py", line 235, in execute
    return_value = self.execute_callable()
                   ^^^^^^^^^^^^^^^^^^^^^^^
  File "/home/airflow/.local/lib/python3.12/site-packages/airflow/operators/python.py", line 252, in execute_callable
    return self.python_callable(*self.op_args, **self.op_kwargs)
           ^^^^^^^^^^^^^^^^^^^^^^^^^^^^^^^^^^^^^^^^^^^^^^^^^^^^^
  File "/opt/airflow/dags/dag_job_intelligent.py", line 223, in task_load_star_schema
    from load_star_schema import load_star_schema_from_minio
ImportError: cannot import name 'load_star_schema_from_minio' from 'load_star_schema' (/app/scripts/load_star_schema.py)
[2026-04-27T01:37:32.372+0000] {taskinstance.py:1206} INFO - Marking task as UP_FOR_RETRY. dag_id=job_intelligent_pipeline, task_id=load_star_schema, run_id=manual__2026-04-27T01:34:41.436277+00:00, execution_date=20260427T013441, start_date=20260427T013730, end_date=20260427T013732
[2026-04-27T01:37:32.452+0000] {standard_task_runner.py:110} ERROR - Failed to execute job 79 for task load_star_schema (cannot import name 'load_star_schema_from_minio' from 'load_star_schema' (/app/scripts/load_star_schema.py); 398)
[2026-04-27T01:37:32.473+0000] {local_task_job_runner.py:240} INFO - Task exited with return code 1
[2026-04-27T01:37:32.629+0000] {taskinstance.py:3503} INFO - 0 downstream tasks scheduled from follow-on schedule check
[2026-04-27T01:37:32.646+0000] {local_task_job_runner.py:222} INFO - ::endgroup::
