[2026-05-11T20:27:25.398+0000] {local_task_job_runner.py:120} INFO - ::group::Pre task execution logs
[2026-05-11T20:27:25.665+0000] {taskinstance.py:2076} INFO - Dependencies all met for dep_context=non-requeueable deps ti=<TaskInstance: job_intelligent_pipeline_simplified.scrape_rekrute manual__2026-05-11T20:25:15.071212+00:00 [queued]>
[2026-05-11T20:27:25.745+0000] {taskinstance.py:2076} INFO - Dependencies all met for dep_context=requeueable deps ti=<TaskInstance: job_intelligent_pipeline_simplified.scrape_rekrute manual__2026-05-11T20:25:15.071212+00:00 [queued]>
[2026-05-11T20:27:25.747+0000] {taskinstance.py:2306} INFO - Starting attempt 1 of 3
[2026-05-11T20:27:25.853+0000] {taskinstance.py:2330} INFO - Executing <Task(PythonOperator): scrape_rekrute> on 2026-05-11 20:25:15.071212+00:00
[2026-05-11T20:27:25.871+0000] {warnings.py:110} WARNING - /home/***/.local/lib/python3.12/site-packages/***/task/task_runner/standard_task_runner.py:61: DeprecationWarning: This process (pid=123) is multi-threaded, use of fork() may lead to deadlocks in the child.
  pid = os.fork()

[2026-05-11T20:27:25.884+0000] {standard_task_runner.py:63} INFO - Started process 126 to run task
[2026-05-11T20:27:25.886+0000] {standard_task_runner.py:90} INFO - Running: ['***', 'tasks', 'run', 'job_intelligent_pipeline_simplified', 'scrape_rekrute', 'manual__2026-05-11T20:25:15.071212+00:00', '--job-id', '10', '--raw', '--subdir', 'DAGS_FOLDER/__pycache__/job_intelligent_pipeline.py', '--cfg-path', '/tmp/tmpehd6fdp0']
[2026-05-11T20:27:25.893+0000] {standard_task_runner.py:91} INFO - Job 10: Subtask scrape_rekrute
[2026-05-11T20:27:26.340+0000] {task_command.py:426} INFO - Running <TaskInstance: job_intelligent_pipeline_simplified.scrape_rekrute manual__2026-05-11T20:25:15.071212+00:00 [running]> on host aafb6b060567
[2026-05-11T20:27:26.805+0000] {taskinstance.py:2648} INFO - Exporting env vars: AIRFLOW_CTX_DAG_OWNER='job_intelligent' AIRFLOW_CTX_DAG_ID='job_intelligent_pipeline_simplified' AIRFLOW_CTX_TASK_ID='scrape_rekrute' AIRFLOW_CTX_EXECUTION_DATE='2026-05-11T20:25:15.071212+00:00' AIRFLOW_CTX_TRY_NUMBER='1' AIRFLOW_CTX_DAG_RUN_ID='manual__2026-05-11T20:25:15.071212+00:00'
[2026-05-11T20:27:26.807+0000] {taskinstance.py:430} INFO - ::endgroup::
[2026-05-11T20:27:26.843+0000] {logging_mixin.py:188} INFO - [Scraping] POST http://scraper-api:8000/scrape/rekrute
[2026-05-11T20:27:56.882+0000] {logging_mixin.py:188} INFO - [Scraping] Rekrute erreur : HTTPConnectionPool(host='scraper-api', port=8000): Read timed out. (read timeout=30)
[2026-05-11T20:27:56.884+0000] {logging_mixin.py:188} INFO - [Scraping] Rekrute : {'status': 'erreur', 'message': "HTTPConnectionPool(host='scraper-api', port=8000): Read timed out. (read timeout=30)"}
[2026-05-11T20:27:56.984+0000] {python.py:237} INFO - Done. Returned value was: {'status': 'erreur', 'message': "HTTPConnectionPool(host='scraper-api', port=8000): Read timed out. (read timeout=30)"}
[2026-05-11T20:27:56.985+0000] {taskinstance.py:441} INFO - ::group::Post task execution logs
[2026-05-11T20:27:57.056+0000] {taskinstance.py:1206} INFO - Marking task as SUCCESS. dag_id=job_intelligent_pipeline_simplified, task_id=scrape_rekrute, run_id=manual__2026-05-11T20:25:15.071212+00:00, execution_date=20260511T202515, start_date=20260511T202725, end_date=20260511T202757
[2026-05-11T20:27:57.146+0000] {local_task_job_runner.py:240} INFO - Task exited with return code 0
[2026-05-11T20:27:57.299+0000] {taskinstance.py:3498} INFO - 1 downstream tasks scheduled from follow-on schedule check
[2026-05-11T20:27:57.309+0000] {local_task_job_runner.py:222} INFO - ::endgroup::
