[2026-05-01T08:19:58.013+0000] {local_task_job_runner.py:120} INFO - ::group::Pre task execution logs
[2026-05-01T08:19:58.196+0000] {taskinstance.py:2076} INFO - Dependencies all met for dep_context=non-requeueable deps ti=<TaskInstance: job_intelligent_pipeline.scrape_france_travail manual__2026-04-30T21:32:05.942166+00:00 [queued]>
[2026-05-01T08:19:58.241+0000] {taskinstance.py:2076} INFO - Dependencies all met for dep_context=requeueable deps ti=<TaskInstance: job_intelligent_pipeline.scrape_france_travail manual__2026-04-30T21:32:05.942166+00:00 [queued]>
[2026-05-01T08:19:58.251+0000] {taskinstance.py:2306} INFO - Starting attempt 1 of 3
[2026-05-01T08:19:58.463+0000] {taskinstance.py:2330} INFO - Executing <Task(PythonOperator): scrape_france_travail> on 2026-04-30 21:32:05.942166+00:00
[2026-05-01T08:19:58.511+0000] {warnings.py:112} WARNING - /home/***/.local/lib/python3.12/site-packages/***/task/task_runner/standard_task_runner.py:61: DeprecationWarning: This process (pid=829) is multi-threaded, use of fork() may lead to deadlocks in the child.
  pid = os.fork()

[2026-05-01T08:19:58.533+0000] {standard_task_runner.py:63} INFO - Started process 832 to run task
[2026-05-01T08:19:58.523+0000] {standard_task_runner.py:90} INFO - Running: ['***', 'tasks', 'run', 'job_intelligent_pipeline', 'scrape_france_travail', 'manual__2026-04-30T21:32:05.942166+00:00', '--job-id', '352', '--raw', '--subdir', 'DAGS_FOLDER/dag_job_intelligent.py', '--cfg-path', '/tmp/tmpehf7717c']
[2026-05-01T08:19:58.608+0000] {standard_task_runner.py:91} INFO - Job 352: Subtask scrape_france_travail
[2026-05-01T08:19:59.134+0000] {task_command.py:426} INFO - Running <TaskInstance: job_intelligent_pipeline.scrape_france_travail manual__2026-04-30T21:32:05.942166+00:00 [running]> on host d93ea64f61e7
[2026-05-01T08:19:59.661+0000] {taskinstance.py:2648} INFO - Exporting env vars: AIRFLOW_CTX_DAG_OWNER='job_intelligent' AIRFLOW_CTX_DAG_ID='job_intelligent_pipeline' AIRFLOW_CTX_TASK_ID='scrape_france_travail' AIRFLOW_CTX_EXECUTION_DATE='2026-04-30T21:32:05.942166+00:00' AIRFLOW_CTX_TRY_NUMBER='1' AIRFLOW_CTX_DAG_RUN_ID='manual__2026-04-30T21:32:05.942166+00:00'
[2026-05-01T08:19:59.665+0000] {taskinstance.py:430} INFO - ::endgroup::
[2026-05-01T08:19:59.705+0000] {logging_mixin.py:188} INFO - [Scraping] POST http://scraper_api:8000/scraper/france_travail
[2026-05-01T08:20:03.050+0000] {logging_mixin.py:188} INFO - [Scraping] FranceTravail erreur : HTTPConnectionPool(host='scraper_api', port=8000): Max retries exceeded with url: /scraper/france_travail (Caused by NameResolutionError("<urllib3.connection.HTTPConnection object at 0x7fc2ac2aa420>: Failed to resolve 'scraper_api' ([Errno -2] Name or service not known)"))
[2026-05-01T08:20:03.051+0000] {logging_mixin.py:188} INFO - [Scraping] FranceTravail : {'status': 'erreur', 'message': 'HTTPConnectionPool(host=\'scraper_api\', port=8000): Max retries exceeded with url: /scraper/france_travail (Caused by NameResolutionError("<urllib3.connection.HTTPConnection object at 0x7fc2ac2aa420>: Failed to resolve \'scraper_api\' ([Errno -2] Name or service not known)"))'}
[2026-05-01T08:20:03.172+0000] {python.py:237} INFO - Done. Returned value was: {'status': 'erreur', 'message': 'HTTPConnectionPool(host=\'scraper_api\', port=8000): Max retries exceeded with url: /scraper/france_travail (Caused by NameResolutionError("<urllib3.connection.HTTPConnection object at 0x7fc2ac2aa420>: Failed to resolve \'scraper_api\' ([Errno -2] Name or service not known)"))'}
[2026-05-01T08:20:03.173+0000] {taskinstance.py:441} INFO - ::group::Post task execution logs
[2026-05-01T08:20:03.307+0000] {taskinstance.py:1206} INFO - Marking task as SUCCESS. dag_id=job_intelligent_pipeline, task_id=scrape_france_travail, run_id=manual__2026-04-30T21:32:05.942166+00:00, execution_date=20260430T213205, start_date=20260501T081958, end_date=20260501T082003
[2026-05-01T08:20:03.513+0000] {local_task_job_runner.py:240} INFO - Task exited with return code 0
[2026-05-01T08:20:03.643+0000] {local_task_job_runner.py:222} INFO - ::endgroup::
