[2026-05-08T23:23:46.304+0000] {local_task_job_runner.py:120} INFO - ::group::Pre task execution logs
[2026-05-08T23:23:46.523+0000] {taskinstance.py:2076} INFO - Dependencies all met for dep_context=non-requeueable deps ti=<TaskInstance: job_intelligent_pipeline.scrape_adzuna manual__2026-05-08T23:12:10.101482+00:00 [queued]>
[2026-05-08T23:23:46.551+0000] {taskinstance.py:2076} INFO - Dependencies all met for dep_context=requeueable deps ti=<TaskInstance: job_intelligent_pipeline.scrape_adzuna manual__2026-05-08T23:12:10.101482+00:00 [queued]>
[2026-05-08T23:23:46.553+0000] {taskinstance.py:2306} INFO - Starting attempt 1 of 3
[2026-05-08T23:23:46.662+0000] {taskinstance.py:2330} INFO - Executing <Task(PythonOperator): scrape_adzuna> on 2026-05-08 23:12:10.101482+00:00
[2026-05-08T23:23:46.686+0000] {warnings.py:112} WARNING - /home/***/.local/lib/python3.12/site-packages/***/task/task_runner/standard_task_runner.py:61: DeprecationWarning: This process (pid=5260) is multi-threaded, use of fork() may lead to deadlocks in the child.
  pid = os.fork()

[2026-05-08T23:23:46.702+0000] {standard_task_runner.py:63} INFO - Started process 5262 to run task
[2026-05-08T23:23:46.721+0000] {standard_task_runner.py:90} INFO - Running: ['***', 'tasks', 'run', 'job_intelligent_pipeline', 'scrape_adzuna', 'manual__2026-05-08T23:12:10.101482+00:00', '--job-id', '459', '--raw', '--subdir', 'DAGS_FOLDER/dag_job_intelligent .py', '--cfg-path', '/tmp/tmpial6emq3']
[2026-05-08T23:23:46.726+0000] {standard_task_runner.py:91} INFO - Job 459: Subtask scrape_adzuna
[2026-05-08T23:23:47.122+0000] {task_command.py:426} INFO - Running <TaskInstance: job_intelligent_pipeline.scrape_adzuna manual__2026-05-08T23:12:10.101482+00:00 [running]> on host 82bd505ce5dd
[2026-05-08T23:23:47.456+0000] {taskinstance.py:2648} INFO - Exporting env vars: AIRFLOW_CTX_DAG_OWNER='job_intelligent' AIRFLOW_CTX_DAG_ID='job_intelligent_pipeline' AIRFLOW_CTX_TASK_ID='scrape_adzuna' AIRFLOW_CTX_EXECUTION_DATE='2026-05-08T23:12:10.101482+00:00' AIRFLOW_CTX_TRY_NUMBER='1' AIRFLOW_CTX_DAG_RUN_ID='manual__2026-05-08T23:12:10.101482+00:00'
[2026-05-08T23:23:47.458+0000] {taskinstance.py:430} INFO - ::endgroup::
[2026-05-08T23:23:47.493+0000] {logging_mixin.py:188} INFO - [Scraping] POST http://scraper_api:8000/scrape/adzuna
[2026-05-08T23:23:51.027+0000] {logging_mixin.py:188} INFO - [Scraping] Adzuna erreur : HTTPConnectionPool(host='scraper_api', port=8000): Max retries exceeded with url: /scrape/adzuna (Caused by NameResolutionError("<urllib3.connection.HTTPConnection object at 0x7fba05f4ae40>: Failed to resolve 'scraper_api' ([Errno -2] Name or service not known)"))
[2026-05-08T23:23:51.029+0000] {logging_mixin.py:188} INFO - [Scraping] Adzuna : {'status': 'erreur', 'message': 'HTTPConnectionPool(host=\'scraper_api\', port=8000): Max retries exceeded with url: /scrape/adzuna (Caused by NameResolutionError("<urllib3.connection.HTTPConnection object at 0x7fba05f4ae40>: Failed to resolve \'scraper_api\' ([Errno -2] Name or service not known)"))'}
[2026-05-08T23:23:51.144+0000] {python.py:237} INFO - Done. Returned value was: {'status': 'erreur', 'message': 'HTTPConnectionPool(host=\'scraper_api\', port=8000): Max retries exceeded with url: /scrape/adzuna (Caused by NameResolutionError("<urllib3.connection.HTTPConnection object at 0x7fba05f4ae40>: Failed to resolve \'scraper_api\' ([Errno -2] Name or service not known)"))'}
[2026-05-08T23:23:51.150+0000] {taskinstance.py:441} INFO - ::group::Post task execution logs
[2026-05-08T23:23:51.692+0000] {taskinstance.py:1206} INFO - Marking task as SUCCESS. dag_id=job_intelligent_pipeline, task_id=scrape_adzuna, run_id=manual__2026-05-08T23:12:10.101482+00:00, execution_date=20260508T231210, start_date=20260508T232346, end_date=20260508T232351
[2026-05-08T23:23:51.891+0000] {local_task_job_runner.py:240} INFO - Task exited with return code 0
[2026-05-08T23:23:51.949+0000] {local_task_job_runner.py:222} INFO - ::endgroup::
