[2026-05-08T17:47:19.795+0000] {local_task_job_runner.py:120} INFO - ::group::Pre task execution logs
[2026-05-08T17:47:19.939+0000] {taskinstance.py:2076} INFO - Dependencies all met for dep_context=non-requeueable deps ti=<TaskInstance: job_intelligent_pipeline.scrape_adzuna manual__2026-05-08T17:47:16.019511+00:00 [queued]>
[2026-05-08T17:47:20.042+0000] {taskinstance.py:2076} INFO - Dependencies all met for dep_context=requeueable deps ti=<TaskInstance: job_intelligent_pipeline.scrape_adzuna manual__2026-05-08T17:47:16.019511+00:00 [queued]>
[2026-05-08T17:47:20.103+0000] {taskinstance.py:2306} INFO - Starting attempt 1 of 3
[2026-05-08T17:47:20.255+0000] {taskinstance.py:2330} INFO - Executing <Task(PythonOperator): scrape_adzuna> on 2026-05-08 17:47:16.019511+00:00
[2026-05-08T17:47:20.281+0000] {standard_task_runner.py:90} INFO - Running: ['***', 'tasks', 'run', 'job_intelligent_pipeline', 'scrape_adzuna', 'manual__2026-05-08T17:47:16.019511+00:00', '--job-id', '419', '--raw', '--subdir', 'DAGS_FOLDER/dag_job_intelligent .py', '--cfg-path', '/tmp/tmpcnzjr3aq']
[2026-05-08T17:47:20.288+0000] {warnings.py:112} WARNING - /home/***/.local/lib/python3.12/site-packages/***/task/task_runner/standard_task_runner.py:61: DeprecationWarning: This process (pid=944) is multi-threaded, use of fork() may lead to deadlocks in the child.
  pid = os.fork()

[2026-05-08T17:47:20.295+0000] {standard_task_runner.py:91} INFO - Job 419: Subtask scrape_adzuna
[2026-05-08T17:47:20.297+0000] {standard_task_runner.py:63} INFO - Started process 946 to run task
[2026-05-08T17:47:20.625+0000] {task_command.py:426} INFO - Running <TaskInstance: job_intelligent_pipeline.scrape_adzuna manual__2026-05-08T17:47:16.019511+00:00 [running]> on host 82bd505ce5dd
[2026-05-08T17:47:21.613+0000] {taskinstance.py:2648} INFO - Exporting env vars: AIRFLOW_CTX_DAG_OWNER='job_intelligent' AIRFLOW_CTX_DAG_ID='job_intelligent_pipeline' AIRFLOW_CTX_TASK_ID='scrape_adzuna' AIRFLOW_CTX_EXECUTION_DATE='2026-05-08T17:47:16.019511+00:00' AIRFLOW_CTX_TRY_NUMBER='1' AIRFLOW_CTX_DAG_RUN_ID='manual__2026-05-08T17:47:16.019511+00:00'
[2026-05-08T17:47:21.615+0000] {taskinstance.py:430} INFO - ::endgroup::
[2026-05-08T17:47:21.792+0000] {logging_mixin.py:188} INFO - [Scraping] POST http://scraper_api:8000/scrape/adzuna
[2026-05-08T17:47:25.205+0000] {logging_mixin.py:188} INFO - [Scraping] Adzuna erreur : HTTPConnectionPool(host='scraper_api', port=8000): Max retries exceeded with url: /scrape/adzuna (Caused by NameResolutionError("<urllib3.connection.HTTPConnection object at 0x7fba05ee6450>: Failed to resolve 'scraper_api' ([Errno -2] Name or service not known)"))
[2026-05-08T17:47:25.208+0000] {logging_mixin.py:188} INFO - [Scraping] Adzuna : {'status': 'erreur', 'message': 'HTTPConnectionPool(host=\'scraper_api\', port=8000): Max retries exceeded with url: /scrape/adzuna (Caused by NameResolutionError("<urllib3.connection.HTTPConnection object at 0x7fba05ee6450>: Failed to resolve \'scraper_api\' ([Errno -2] Name or service not known)"))'}
[2026-05-08T17:47:25.301+0000] {python.py:237} INFO - Done. Returned value was: {'status': 'erreur', 'message': 'HTTPConnectionPool(host=\'scraper_api\', port=8000): Max retries exceeded with url: /scrape/adzuna (Caused by NameResolutionError("<urllib3.connection.HTTPConnection object at 0x7fba05ee6450>: Failed to resolve \'scraper_api\' ([Errno -2] Name or service not known)"))'}
[2026-05-08T17:47:25.304+0000] {taskinstance.py:441} INFO - ::group::Post task execution logs
[2026-05-08T17:47:25.447+0000] {taskinstance.py:1206} INFO - Marking task as SUCCESS. dag_id=job_intelligent_pipeline, task_id=scrape_adzuna, run_id=manual__2026-05-08T17:47:16.019511+00:00, execution_date=20260508T174716, start_date=20260508T174719, end_date=20260508T174725
[2026-05-08T17:47:25.791+0000] {local_task_job_runner.py:240} INFO - Task exited with return code 0
[2026-05-08T17:47:25.892+0000] {local_task_job_runner.py:222} INFO - ::endgroup::
