[2026-05-11T20:28:15.318+0000] {local_task_job_runner.py:120} INFO - ::group::Pre task execution logs
[2026-05-11T20:28:15.438+0000] {taskinstance.py:2076} INFO - Dependencies all met for dep_context=non-requeueable deps ti=<TaskInstance: job_intelligent_pipeline_simplified.etl_minio manual__2026-05-11T20:25:15.071212+00:00 [queued]>
[2026-05-11T20:28:15.472+0000] {taskinstance.py:2076} INFO - Dependencies all met for dep_context=requeueable deps ti=<TaskInstance: job_intelligent_pipeline_simplified.etl_minio manual__2026-05-11T20:25:15.071212+00:00 [queued]>
[2026-05-11T20:28:15.475+0000] {taskinstance.py:2306} INFO - Starting attempt 1 of 3
[2026-05-11T20:28:15.557+0000] {taskinstance.py:2330} INFO - Executing <Task(PythonOperator): etl_minio> on 2026-05-11 20:25:15.071212+00:00
[2026-05-11T20:28:15.589+0000] {warnings.py:110} WARNING - /home/***/.local/lib/python3.12/site-packages/***/task/task_runner/standard_task_runner.py:61: DeprecationWarning: This process (pid=144) is multi-threaded, use of fork() may lead to deadlocks in the child.
  pid = os.fork()

[2026-05-11T20:28:15.598+0000] {standard_task_runner.py:90} INFO - Running: ['***', 'tasks', 'run', 'job_intelligent_pipeline_simplified', 'etl_minio', 'manual__2026-05-11T20:25:15.071212+00:00', '--job-id', '14', '--raw', '--subdir', 'DAGS_FOLDER/__pycache__/job_intelligent_pipeline.py', '--cfg-path', '/tmp/tmp3ba6osva']
[2026-05-11T20:28:15.603+0000] {standard_task_runner.py:91} INFO - Job 14: Subtask etl_minio
[2026-05-11T20:28:15.602+0000] {standard_task_runner.py:63} INFO - Started process 145 to run task
[2026-05-11T20:28:16.200+0000] {task_command.py:426} INFO - Running <TaskInstance: job_intelligent_pipeline_simplified.etl_minio manual__2026-05-11T20:25:15.071212+00:00 [running]> on host aafb6b060567
[2026-05-11T20:28:17.247+0000] {taskinstance.py:2648} INFO - Exporting env vars: AIRFLOW_CTX_DAG_OWNER='job_intelligent' AIRFLOW_CTX_DAG_ID='job_intelligent_pipeline_simplified' AIRFLOW_CTX_TASK_ID='etl_minio' AIRFLOW_CTX_EXECUTION_DATE='2026-05-11T20:25:15.071212+00:00' AIRFLOW_CTX_TRY_NUMBER='1' AIRFLOW_CTX_DAG_RUN_ID='manual__2026-05-11T20:25:15.071212+00:00'
[2026-05-11T20:28:17.259+0000] {taskinstance.py:430} INFO - ::endgroup::
[2026-05-11T20:28:18.840+0000] {logging_mixin.py:188} INFO - 🚀 ETL depuis MinIO (bronze → silver/gold → MySQL)
[2026-05-11T20:28:18.857+0000] {logging_mixin.py:188} INFO - [ETL] rekrute/2026-05-11/84c0053d-ce82-4c05-a2c6-43b5497349a4.json : 5 offres
[2026-05-11T20:28:18.885+0000] {logging_mixin.py:188} INFO - [ETL] france_travail/2026-05-11/a7512af6-669c-4bee-963f-a7ec20858b3b.json : 490 offres
[2026-05-11T20:28:18.907+0000] {logging_mixin.py:188} INFO - [ETL] adzuna/2026-05-11/ebef48d2-2a55-478f-8873-689d86d72a5d.json : 500 offres
[2026-05-11T20:28:18.908+0000] {logging_mixin.py:188} INFO - 📥 995 offres brutes lues
[2026-05-11T20:28:19.261+0000] {logging_mixin.py:188} INFO - 💾 Silver francetravail.fr → silver/source=francetravail.fr/date=2026-05-11/jobs_3f76f7da-984b-464f-9377-026e6ea2c5e8.json
[2026-05-11T20:28:19.297+0000] {logging_mixin.py:188} INFO - 💾 Silver rekrute → silver/source=rekrute/date=2026-05-11/jobs_930b3b7b-6b65-4511-929f-e96f929325a1.json
[2026-05-11T20:28:19.329+0000] {logging_mixin.py:188} INFO - 📊 Gold → gold/recommandations_2026-05-11_f4837e34-7da9-4a77-9243-cb98422d9cdf.json
[2026-05-11T20:28:20.225+0000] {logging_mixin.py:188} INFO - ✅ 4 offres chargées dans MySQL
[2026-05-11T20:28:20.506+0000] {logging_mixin.py:188} INFO - 💾 Silver francetravail.fr → silver/source=francetravail.fr/date=2026-05-11/jobs_e9082b6a-d08f-450d-b6ca-a215a41d72e5.json
[2026-05-11T20:28:20.598+0000] {logging_mixin.py:188} INFO - 📊 Gold → gold/recommandations_2026-05-11_3cf29c0b-25ea-4647-9803-4acb82c90e4a.json
[2026-05-11T20:28:21.039+0000] {logging_mixin.py:188} INFO - ✅ 0 offres chargées dans MySQL
[2026-05-11T20:28:21.385+0000] {logging_mixin.py:188} INFO - 💾 Silver francetravail.fr → silver/source=francetravail.fr/date=2026-05-11/jobs_27015f7f-f694-4425-847e-3d4bfc645c06.json
[2026-05-11T20:28:21.408+0000] {logging_mixin.py:188} INFO - 📊 Gold → gold/recommandations_2026-05-11_eba0dd6f-97fb-42f8-b564-a7c8f804536d.json
[2026-05-11T20:28:21.747+0000] {logging_mixin.py:188} INFO - ✅ 0 offres chargées dans MySQL
[2026-05-11T20:28:22.097+0000] {logging_mixin.py:188} INFO - 💾 Silver francetravail.fr → silver/source=francetravail.fr/date=2026-05-11/jobs_28cca452-a44d-47cb-bf32-18f3103ae0e3.json
[2026-05-11T20:28:22.135+0000] {logging_mixin.py:188} INFO - 📊 Gold → gold/recommandations_2026-05-11_f7343056-56be-4d4d-b13c-0759acaaa4fc.json
[2026-05-11T20:28:22.748+0000] {logging_mixin.py:188} INFO - ✅ 0 offres chargées dans MySQL
[2026-05-11T20:28:23.590+0000] {logging_mixin.py:188} INFO - 💾 Silver adzuna → silver/source=adzuna/date=2026-05-11/jobs_b8e16f0d-750d-4ce3-9fa0-a07c3e057843.json
[2026-05-11T20:28:23.813+0000] {logging_mixin.py:188} INFO - 💾 Silver francetravail.fr → silver/source=francetravail.fr/date=2026-05-11/jobs_23f2e1b4-c813-4b68-89bb-27a5b310151e.json
[2026-05-11T20:28:23.862+0000] {logging_mixin.py:188} INFO - 📊 Gold → gold/recommandations_2026-05-11_f87ebd37-6da8-4c0a-8735-08927cb48e4b.json
[2026-05-11T20:28:24.291+0000] {logging_mixin.py:188} INFO - ✅ 0 offres chargées dans MySQL
[2026-05-11T20:28:24.755+0000] {logging_mixin.py:188} INFO - 💾 Silver adzuna → silver/source=adzuna/date=2026-05-11/jobs_5f923754-3e55-4091-a73a-c32ed52e91ca.json
[2026-05-11T20:28:24.786+0000] {logging_mixin.py:188} INFO - 📊 Gold → gold/recommandations_2026-05-11_44949257-5257-47d9-9221-2a96db1f467a.json
[2026-05-11T20:28:25.278+0000] {logging_mixin.py:188} INFO - ✅ 0 offres chargées dans MySQL
[2026-05-11T20:28:26.118+0000] {logging_mixin.py:188} INFO - 💾 Silver adzuna → silver/source=adzuna/date=2026-05-11/jobs_6efe0a87-b445-476d-8c69-06c535ddc3af.json
[2026-05-11T20:28:26.191+0000] {logging_mixin.py:188} INFO - 📊 Gold → gold/recommandations_2026-05-11_72a08f7d-5d87-4051-a9ce-8f82b19cf127.json
[2026-05-11T20:28:26.819+0000] {logging_mixin.py:188} INFO - ✅ 0 offres chargées dans MySQL
[2026-05-11T20:28:27.561+0000] {logging_mixin.py:188} INFO - 💾 Silver adzuna → silver/source=adzuna/date=2026-05-11/jobs_29e14a4e-70e1-4f84-a643-1798b3861c78.json
[2026-05-11T20:28:27.615+0000] {logging_mixin.py:188} INFO - 📊 Gold → gold/recommandations_2026-05-11_a24a376b-95c2-457b-81be-5e653aa34c8c.json
[2026-05-11T20:28:28.222+0000] {logging_mixin.py:188} INFO - ✅ 0 offres chargées dans MySQL
[2026-05-11T20:28:28.508+0000] {logging_mixin.py:188} INFO - 💾 Silver adzuna → silver/source=adzuna/date=2026-05-11/jobs_28baa3e3-3037-4900-a9af-317c1af53cdb.json
[2026-05-11T20:28:28.580+0000] {logging_mixin.py:188} INFO - 📊 Gold → gold/recommandations_2026-05-11_f0730f67-8517-4cfd-919d-ba33c2cbc2cf.json
[2026-05-11T20:28:28.899+0000] {logging_mixin.py:188} INFO - ✅ 0 offres chargées dans MySQL
[2026-05-11T20:28:29.299+0000] {logging_mixin.py:188} INFO - 💾 Silver adzuna → silver/source=adzuna/date=2026-05-11/jobs_5e59e3f9-3f27-4a5c-ab04-e7dee3e60c19.json
[2026-05-11T20:28:29.354+0000] {logging_mixin.py:188} INFO - 📊 Gold → gold/recommandations_2026-05-11_081576af-fe82-43ab-9a33-014a7aa382d5.json
[2026-05-11T20:28:29.732+0000] {logging_mixin.py:188} INFO - ✅ 0 offres chargées dans MySQL
[2026-05-11T20:28:29.733+0000] {logging_mixin.py:188} INFO - ✅ ETL terminé. Offres transformées et chargées : 988
[2026-05-11T20:28:29.827+0000] {python.py:237} INFO - Done. Returned value was: {'total_lus': 995, 'total_charge': 988}
[2026-05-11T20:28:29.828+0000] {taskinstance.py:441} INFO - ::group::Post task execution logs
[2026-05-11T20:28:29.945+0000] {taskinstance.py:1206} INFO - Marking task as SUCCESS. dag_id=job_intelligent_pipeline_simplified, task_id=etl_minio, run_id=manual__2026-05-11T20:25:15.071212+00:00, execution_date=20260511T202515, start_date=20260511T202815, end_date=20260511T202829
[2026-05-11T20:28:30.088+0000] {local_task_job_runner.py:240} INFO - Task exited with return code 0
[2026-05-11T20:28:30.241+0000] {taskinstance.py:3498} INFO - 1 downstream tasks scheduled from follow-on schedule check
[2026-05-11T20:28:30.263+0000] {local_task_job_runner.py:222} INFO - ::endgroup::
