[2026-05-11T18:19:50.092+0000] {local_task_job_runner.py:120} INFO - ::group::Pre task execution logs
[2026-05-11T18:19:50.255+0000] {taskinstance.py:2076} INFO - Dependencies all met for dep_context=non-requeueable deps ti=<TaskInstance: job_intelligent_pipeline_simplified.scrape_rekrute manual__2026-05-11T18:19:41.670437+00:00 [queued]>
[2026-05-11T18:19:50.293+0000] {taskinstance.py:2076} INFO - Dependencies all met for dep_context=requeueable deps ti=<TaskInstance: job_intelligent_pipeline_simplified.scrape_rekrute manual__2026-05-11T18:19:41.670437+00:00 [queued]>
[2026-05-11T18:19:50.298+0000] {taskinstance.py:2306} INFO - Starting attempt 1 of 3
[2026-05-11T18:19:50.381+0000] {taskinstance.py:2330} INFO - Executing <Task(PythonOperator): scrape_rekrute> on 2026-05-11 18:19:41.670437+00:00
[2026-05-11T18:19:50.400+0000] {warnings.py:110} WARNING - /home/***/.local/lib/python3.12/site-packages/***/task/task_runner/standard_task_runner.py:61: DeprecationWarning: This process (pid=171) is multi-threaded, use of fork() may lead to deadlocks in the child.
  pid = os.fork()

[2026-05-11T18:19:50.404+0000] {standard_task_runner.py:63} INFO - Started process 173 to run task
[2026-05-11T18:19:50.414+0000] {standard_task_runner.py:90} INFO - Running: ['***', 'tasks', 'run', 'job_intelligent_pipeline_simplified', 'scrape_rekrute', 'manual__2026-05-11T18:19:41.670437+00:00', '--job-id', '64', '--raw', '--subdir', 'DAGS_FOLDER/__pycache__/job_intelligent_pipeline.py', '--cfg-path', '/tmp/tmpz2otm6bt']
[2026-05-11T18:19:50.421+0000] {standard_task_runner.py:91} INFO - Job 64: Subtask scrape_rekrute
[2026-05-11T18:19:50.959+0000] {task_command.py:426} INFO - Running <TaskInstance: job_intelligent_pipeline_simplified.scrape_rekrute manual__2026-05-11T18:19:41.670437+00:00 [running]> on host 3d6dc2445e84
[2026-05-11T18:19:51.792+0000] {taskinstance.py:2648} INFO - Exporting env vars: AIRFLOW_CTX_DAG_OWNER='job_intelligent' AIRFLOW_CTX_DAG_ID='job_intelligent_pipeline_simplified' AIRFLOW_CTX_TASK_ID='scrape_rekrute' AIRFLOW_CTX_EXECUTION_DATE='2026-05-11T18:19:41.670437+00:00' AIRFLOW_CTX_TRY_NUMBER='1' AIRFLOW_CTX_DAG_RUN_ID='manual__2026-05-11T18:19:41.670437+00:00'
[2026-05-11T18:19:51.799+0000] {taskinstance.py:430} INFO - ::endgroup::
[2026-05-11T18:19:51.888+0000] {logging_mixin.py:188} INFO - [Scraping] POST http://scraper-api:8000/scrape/rekrute
[2026-05-11T18:20:21.996+0000] {logging_mixin.py:188} INFO - [Scraping] Rekrute erreur : HTTPConnectionPool(host='scraper-api', port=8000): Read timed out. (read timeout=30)
[2026-05-11T18:20:21.997+0000] {logging_mixin.py:188} INFO - [Scraping] Rekrute : {'status': 'erreur', 'message': "HTTPConnectionPool(host='scraper-api', port=8000): Read timed out. (read timeout=30)"}
[2026-05-11T18:20:22.140+0000] {python.py:237} INFO - Done. Returned value was: {'status': 'erreur', 'message': "HTTPConnectionPool(host='scraper-api', port=8000): Read timed out. (read timeout=30)"}
[2026-05-11T18:20:22.155+0000] {taskinstance.py:441} INFO - ::group::Post task execution logs
[2026-05-11T18:20:22.421+0000] {taskinstance.py:1206} INFO - Marking task as SUCCESS. dag_id=job_intelligent_pipeline_simplified, task_id=scrape_rekrute, run_id=manual__2026-05-11T18:19:41.670437+00:00, execution_date=20260511T181941, start_date=20260511T181950, end_date=20260511T182022
[2026-05-11T18:20:22.539+0000] {local_task_job_runner.py:240} INFO - Task exited with return code 0
[2026-05-11T18:20:22.657+0000] {local_task_job_runner.py:222} INFO - ::endgroup::
