[2026-05-18T10:00:34.027+0000] {local_task_job_runner.py:120} INFO - ::group::Pre task execution logs
[2026-05-18T10:00:35.425+0000] {taskinstance.py:2076} INFO - Dependencies all met for dep_context=non-requeueable deps ti=<TaskInstance: send_job_notifications.send_emails scheduled__2026-05-17T08:00:00+00:00 [queued]>
[2026-05-18T10:00:35.727+0000] {taskinstance.py:2076} INFO - Dependencies all met for dep_context=requeueable deps ti=<TaskInstance: send_job_notifications.send_emails scheduled__2026-05-17T08:00:00+00:00 [queued]>
[2026-05-18T10:00:35.730+0000] {taskinstance.py:2306} INFO - Starting attempt 1 of 2
[2026-05-18T10:00:36.361+0000] {taskinstance.py:2330} INFO - Executing <Task(BashOperator): send_emails> on 2026-05-17 08:00:00+00:00
[2026-05-18T10:00:36.704+0000] {warnings.py:110} WARNING - /home/***/.local/lib/python3.12/site-packages/***/task/task_runner/standard_task_runner.py:61: DeprecationWarning: This process (pid=6616) is multi-threaded, use of fork() may lead to deadlocks in the child.
  pid = os.fork()

[2026-05-18T10:00:36.779+0000] {standard_task_runner.py:90} INFO - Running: ['***', 'tasks', 'run', 'send_job_notifications', 'send_emails', 'scheduled__2026-05-17T08:00:00+00:00', '--job-id', '55', '--raw', '--subdir', 'DAGS_FOLDER/send_job_notifications.py', '--cfg-path', '/tmp/tmp7tlo30g8']
[2026-05-18T10:00:36.828+0000] {standard_task_runner.py:91} INFO - Job 55: Subtask send_emails
[2026-05-18T10:00:36.767+0000] {standard_task_runner.py:63} INFO - Started process 6629 to run task
[2026-05-18T10:00:39.760+0000] {task_command.py:426} INFO - Running <TaskInstance: send_job_notifications.send_emails scheduled__2026-05-17T08:00:00+00:00 [running]> on host d156e5650201
[2026-05-18T10:00:48.146+0000] {taskinstance.py:2648} INFO - Exporting env vars: AIRFLOW_CTX_DAG_OWNER='***' AIRFLOW_CTX_DAG_ID='send_job_notifications' AIRFLOW_CTX_TASK_ID='send_emails' AIRFLOW_CTX_EXECUTION_DATE='2026-05-17T08:00:00+00:00' AIRFLOW_CTX_TRY_NUMBER='1' AIRFLOW_CTX_DAG_RUN_ID='scheduled__2026-05-17T08:00:00+00:00'
[2026-05-18T10:00:48.158+0000] {taskinstance.py:430} INFO - ::endgroup::
[2026-05-18T10:00:48.902+0000] {subprocess.py:63} INFO - Tmp dir root location: /tmp
[2026-05-18T10:00:49.117+0000] {subprocess.py:75} INFO - Running command: ['/usr/bin/bash', '-c', 'python /opt/***/scripts/send_notifications.py']
[2026-05-18T10:00:49.248+0000] {subprocess.py:86} INFO - Output:
[2026-05-18T10:01:14.122+0000] {subprocess.py:93} INFO - Erreur appel API : HTTPConnectionPool(host='host.docker.internal', port=8001): Max retries exceeded with url: /recommend (Caused by NewConnectionError('<urllib3.connection.HTTPConnection object at 0x7f6747a5a540>: Failed to establish a new connection: [Errno 111] Connection refused'))
[2026-05-18T10:01:14.134+0000] {subprocess.py:93} INFO - Erreur appel API : HTTPConnectionPool(host='host.docker.internal', port=8001): Max retries exceeded with url: /recommend (Caused by NewConnectionError('<urllib3.connection.HTTPConnection object at 0x7f6747a5b2f0>: Failed to establish a new connection: [Errno 111] Connection refused'))
[2026-05-18T10:01:15.331+0000] {subprocess.py:97} INFO - Command exited with return code 0
[2026-05-18T10:01:15.340+0000] {taskinstance.py:441} INFO - ::group::Post task execution logs
[2026-05-18T10:01:16.639+0000] {taskinstance.py:1206} INFO - Marking task as SUCCESS. dag_id=send_job_notifications, task_id=send_emails, run_id=scheduled__2026-05-17T08:00:00+00:00, execution_date=20260517T080000, start_date=20260518T100035, end_date=20260518T100116
[2026-05-18T10:01:17.030+0000] {local_task_job_runner.py:240} INFO - Task exited with return code 0
[2026-05-18T10:01:17.463+0000] {taskinstance.py:3498} INFO - 0 downstream tasks scheduled from follow-on schedule check
[2026-05-18T10:01:17.509+0000] {local_task_job_runner.py:222} INFO - ::endgroup::
