[2026-04-29T21:28:12.155+0000] {local_task_job_runner.py:120} INFO - ::group::Pre task execution logs
[2026-04-29T21:28:12.258+0000] {taskinstance.py:2076} INFO - Dependencies all met for dep_context=non-requeueable deps ti=<TaskInstance: job_intelligent_pipeline.check_quality manual__2026-04-29T19:16:28.711352+00:00 [queued]>
[2026-04-29T21:28:12.317+0000] {taskinstance.py:2076} INFO - Dependencies all met for dep_context=requeueable deps ti=<TaskInstance: job_intelligent_pipeline.check_quality manual__2026-04-29T19:16:28.711352+00:00 [queued]>
[2026-04-29T21:28:12.338+0000] {taskinstance.py:2306} INFO - Starting attempt 1 of 3
[2026-04-29T21:28:12.460+0000] {taskinstance.py:2330} INFO - Executing <Task(PythonOperator): check_quality> on 2026-04-29 19:16:28.711352+00:00
[2026-04-29T21:28:12.479+0000] {warnings.py:112} WARNING - /home/***/.local/lib/python3.12/site-packages/***/task/task_runner/standard_task_runner.py:61: DeprecationWarning: This process (pid=2934) is multi-threaded, use of fork() may lead to deadlocks in the child.
  pid = os.fork()

[2026-04-29T21:28:12.482+0000] {standard_task_runner.py:63} INFO - Started process 2935 to run task
[2026-04-29T21:28:12.488+0000] {standard_task_runner.py:90} INFO - Running: ['***', 'tasks', 'run', 'job_intelligent_pipeline', 'check_quality', 'manual__2026-04-29T19:16:28.711352+00:00', '--job-id', '170', '--raw', '--subdir', 'DAGS_FOLDER/dag_job_intelligent.py', '--cfg-path', '/tmp/tmp1xru21os']
[2026-04-29T21:28:12.495+0000] {standard_task_runner.py:91} INFO - Job 170: Subtask check_quality
[2026-04-29T21:28:12.630+0000] {task_command.py:426} INFO - Running <TaskInstance: job_intelligent_pipeline.check_quality manual__2026-04-29T19:16:28.711352+00:00 [running]> on host 00190f46936a
[2026-04-29T21:28:12.873+0000] {taskinstance.py:2648} INFO - Exporting env vars: AIRFLOW_CTX_DAG_OWNER='job_intelligent' AIRFLOW_CTX_DAG_ID='job_intelligent_pipeline' AIRFLOW_CTX_TASK_ID='check_quality' AIRFLOW_CTX_EXECUTION_DATE='2026-04-29T19:16:28.711352+00:00' AIRFLOW_CTX_TRY_NUMBER='1' AIRFLOW_CTX_DAG_RUN_ID='manual__2026-04-29T19:16:28.711352+00:00'
[2026-04-29T21:28:12.880+0000] {taskinstance.py:430} INFO - ::endgroup::
[2026-04-29T21:28:13.163+0000] {logging_mixin.py:188} INFO - =======================================================
[2026-04-29T21:28:13.164+0000] {logging_mixin.py:188} INFO -   RAPPORT PIPELINE JOB INTELLIGENT
[2026-04-29T21:28:13.167+0000] {logging_mixin.py:188} INFO - =======================================================
[2026-04-29T21:28:13.168+0000] {logging_mixin.py:188} INFO -   Rekrute        : {'status': 'erreur', 'message': 'HTTPConnectionPool(host=\'scraper_api\', port=8000): Max retries exceeded with url: /scraper/rekrute (Caused by NameResolutionError("<urllib3.connection.HTTPConnection object at 0x7f5d35983ec0>: Failed to resolve \'scraper_api\' ([Errno -2] Name or service not known)"))'}
[2026-04-29T21:28:13.168+0000] {logging_mixin.py:188} INFO -   France Travail : {'status': 'erreur', 'message': 'HTTPConnectionPool(host=\'scraper_api\', port=8000): Max retries exceeded with url: /scraper/france_travail (Caused by NameResolutionError("<urllib3.connection.HTTPConnection object at 0x7f5d35637c20>: Failed to resolve \'scraper_api\' ([Errno -2] Name or service not known)"))'}
[2026-04-29T21:28:13.169+0000] {logging_mixin.py:188} INFO -   Adzuna         : {'status': 'erreur', 'message': 'HTTPConnectionPool(host=\'scraper_api\', port=8000): Max retries exceeded with url: /scraper/adzuna (Caused by NameResolutionError("<urllib3.connection.HTTPConnection object at 0x7f5d46e59490>: Failed to resolve \'scraper_api\' ([Errno -2] Name or service not known)"))'}
[2026-04-29T21:28:13.170+0000] {logging_mixin.py:188} INFO -   Kafka lus      : 0
[2026-04-29T21:28:13.171+0000] {logging_mixin.py:188} INFO -   ETL transformes: 0
[2026-04-29T21:28:13.171+0000] {logging_mixin.py:188} INFO -   MySQL charges  : 0
[2026-04-29T21:28:13.172+0000] {logging_mixin.py:188} INFO -   Doublons       : 0
[2026-04-29T21:28:13.173+0000] {logging_mixin.py:188} INFO -   Erreurs        : 0
[2026-04-29T21:28:13.174+0000] {logging_mixin.py:188} INFO - =======================================================
[2026-04-29T21:28:13.174+0000] {logging_mixin.py:188} INFO - [Qualite] Verification OK
[2026-04-29T21:28:13.175+0000] {python.py:237} INFO - Done. Returned value was: {'kafka_lus': 0, 'etl_transformes': 0, 'mysql_charges': 0, 'doublons': 0, 'erreurs': 0}
[2026-04-29T21:28:13.176+0000] {taskinstance.py:441} INFO - ::group::Post task execution logs
[2026-04-29T21:28:13.236+0000] {taskinstance.py:1206} INFO - Marking task as SUCCESS. dag_id=job_intelligent_pipeline, task_id=check_quality, run_id=manual__2026-04-29T19:16:28.711352+00:00, execution_date=20260429T191628, start_date=20260429T212812, end_date=20260429T212813
[2026-04-29T21:28:13.278+0000] {local_task_job_runner.py:240} INFO - Task exited with return code 0
[2026-04-29T21:28:13.333+0000] {taskinstance.py:3503} INFO - 0 downstream tasks scheduled from follow-on schedule check
[2026-04-29T21:28:13.341+0000] {local_task_job_runner.py:222} INFO - ::endgroup::
