[2026-05-01T09:29:54.011+0000] {local_task_job_runner.py:120} INFO - ::group::Pre task execution logs
[2026-05-01T09:29:54.481+0000] {taskinstance.py:2076} INFO - Dependencies all met for dep_context=non-requeueable deps ti=<TaskInstance: job_intelligent_pipeline.check_quality scheduled__2026-04-30T06:00:00+00:00 [queued]>
[2026-05-01T09:29:54.585+0000] {taskinstance.py:2076} INFO - Dependencies all met for dep_context=requeueable deps ti=<TaskInstance: job_intelligent_pipeline.check_quality scheduled__2026-04-30T06:00:00+00:00 [queued]>
[2026-05-01T09:29:54.602+0000] {taskinstance.py:2306} INFO - Starting attempt 1 of 3
[2026-05-01T09:29:54.825+0000] {taskinstance.py:2330} INFO - Executing <Task(PythonOperator): check_quality> on 2026-04-30 06:00:00+00:00
[2026-05-01T09:29:54.856+0000] {warnings.py:112} WARNING - /home/***/.local/lib/python3.12/site-packages/***/task/task_runner/standard_task_runner.py:61: DeprecationWarning: This process (pid=1973) is multi-threaded, use of fork() may lead to deadlocks in the child.
  pid = os.fork()

[2026-05-01T09:29:54.859+0000] {standard_task_runner.py:63} INFO - Started process 1974 to run task
[2026-05-01T09:29:54.851+0000] {standard_task_runner.py:90} INFO - Running: ['***', 'tasks', 'run', 'job_intelligent_pipeline', 'check_quality', 'scheduled__2026-04-30T06:00:00+00:00', '--job-id', '397', '--raw', '--subdir', 'DAGS_FOLDER/dag_job_intelligent.py', '--cfg-path', '/tmp/tmp0r9fhywb']
[2026-05-01T09:29:54.887+0000] {standard_task_runner.py:91} INFO - Job 397: Subtask check_quality
[2026-05-01T09:29:55.281+0000] {task_command.py:426} INFO - Running <TaskInstance: job_intelligent_pipeline.check_quality scheduled__2026-04-30T06:00:00+00:00 [running]> on host d93ea64f61e7
[2026-05-01T09:29:56.707+0000] {taskinstance.py:2648} INFO - Exporting env vars: AIRFLOW_CTX_DAG_OWNER='job_intelligent' AIRFLOW_CTX_DAG_ID='job_intelligent_pipeline' AIRFLOW_CTX_TASK_ID='check_quality' AIRFLOW_CTX_EXECUTION_DATE='2026-04-30T06:00:00+00:00' AIRFLOW_CTX_TRY_NUMBER='1' AIRFLOW_CTX_DAG_RUN_ID='scheduled__2026-04-30T06:00:00+00:00'
[2026-05-01T09:29:56.711+0000] {taskinstance.py:430} INFO - ::endgroup::
[2026-05-01T09:29:57.955+0000] {logging_mixin.py:188} INFO - =======================================================
[2026-05-01T09:29:58.022+0000] {logging_mixin.py:188} INFO -   RAPPORT PIPELINE JOB INTELLIGENT
[2026-05-01T09:29:58.070+0000] {logging_mixin.py:188} INFO - =======================================================
[2026-05-01T09:29:58.073+0000] {logging_mixin.py:188} INFO -   Rekrute        : {'status': 'erreur', 'message': 'HTTPConnectionPool(host=\'scraper_api\', port=8000): Max retries exceeded with url: /scraper/rekrute (Caused by NameResolutionError("<urllib3.connection.HTTPConnection object at 0x7fc2ac17b260>: Failed to resolve \'scraper_api\' ([Errno -2] Name or service not known)"))'}
[2026-05-01T09:29:58.086+0000] {logging_mixin.py:188} INFO -   France Travail : {'status': 'erreur', 'message': 'HTTPConnectionPool(host=\'scraper_api\', port=8000): Max retries exceeded with url: /scraper/france_travail (Caused by NameResolutionError("<urllib3.connection.HTTPConnection object at 0x7fc2ac2f3fb0>: Failed to resolve \'scraper_api\' ([Errno -2] Name or service not known)"))'}
[2026-05-01T09:29:58.119+0000] {logging_mixin.py:188} INFO -   Adzuna         : {'status': 'erreur', 'message': 'HTTPConnectionPool(host=\'scraper_api\', port=8000): Max retries exceeded with url: /scraper/adzuna (Caused by NameResolutionError("<urllib3.connection.HTTPConnection object at 0x7fc2ac1824b0>: Failed to resolve \'scraper_api\' ([Errno -2] Name or service not known)"))'}
[2026-05-01T09:29:58.135+0000] {logging_mixin.py:188} INFO -   Kafka lus      : 0
[2026-05-01T09:29:58.143+0000] {logging_mixin.py:188} INFO -   ETL transformes: 0
[2026-05-01T09:29:58.162+0000] {logging_mixin.py:188} INFO -   MySQL charges  : 0
[2026-05-01T09:29:58.292+0000] {logging_mixin.py:188} INFO -   Doublons       : 0
[2026-05-01T09:29:58.400+0000] {logging_mixin.py:188} INFO -   Erreurs        : 0
[2026-05-01T09:29:58.447+0000] {logging_mixin.py:188} INFO - =======================================================
[2026-05-01T09:29:58.487+0000] {logging_mixin.py:188} INFO - [Qualite] Verification OK
[2026-05-01T09:29:58.489+0000] {python.py:237} INFO - Done. Returned value was: {'kafka_lus': 0, 'etl_transformes': 0, 'mysql_charges': 0, 'doublons': 0, 'erreurs': 0}
[2026-05-01T09:29:58.491+0000] {taskinstance.py:441} INFO - ::group::Post task execution logs
[2026-05-01T09:29:58.608+0000] {taskinstance.py:1206} INFO - Marking task as SUCCESS. dag_id=job_intelligent_pipeline, task_id=check_quality, run_id=scheduled__2026-04-30T06:00:00+00:00, execution_date=20260430T060000, start_date=20260501T092954, end_date=20260501T092958
[2026-05-01T09:29:58.702+0000] {local_task_job_runner.py:240} INFO - Task exited with return code 0
[2026-05-01T09:29:58.910+0000] {taskinstance.py:3503} INFO - 0 downstream tasks scheduled from follow-on schedule check
[2026-05-01T09:29:59.062+0000] {local_task_job_runner.py:222} INFO - ::endgroup::
