[2026-04-27T02:01:05.059+0000] {local_task_job_runner.py:120} INFO - ::group::Pre task execution logs
[2026-04-27T02:01:05.839+0000] {taskinstance.py:2076} INFO - Dependencies all met for dep_context=non-requeueable deps ti=<TaskInstance: job_intelligent_pipeline.check_quality manual__2026-04-27T01:34:43.372816+00:00 [queued]>
[2026-04-27T02:01:05.984+0000] {taskinstance.py:2076} INFO - Dependencies all met for dep_context=requeueable deps ti=<TaskInstance: job_intelligent_pipeline.check_quality manual__2026-04-27T01:34:43.372816+00:00 [queued]>
[2026-04-27T02:01:05.988+0000] {taskinstance.py:2306} INFO - Starting attempt 1 of 3
[2026-04-27T02:01:06.262+0000] {taskinstance.py:2330} INFO - Executing <Task(PythonOperator): check_quality> on 2026-04-27 01:34:43.372816+00:00
[2026-04-27T02:01:06.294+0000] {warnings.py:112} WARNING - /home/***/.local/lib/python3.12/site-packages/***/task/task_runner/standard_task_runner.py:61: DeprecationWarning: This process (pid=748) is multi-threaded, use of fork() may lead to deadlocks in the child.
  pid = os.fork()

[2026-04-27T02:01:06.306+0000] {standard_task_runner.py:63} INFO - Started process 749 to run task
[2026-04-27T02:01:06.385+0000] {standard_task_runner.py:90} INFO - Running: ['***', 'tasks', 'run', 'job_intelligent_pipeline', 'check_quality', 'manual__2026-04-27T01:34:43.372816+00:00', '--job-id', '91', '--raw', '--subdir', 'DAGS_FOLDER/dag_job_intelligent.py', '--cfg-path', '/tmp/tmp_x9lq6mw']
[2026-04-27T02:01:06.503+0000] {standard_task_runner.py:91} INFO - Job 91: Subtask check_quality
[2026-04-27T02:01:07.482+0000] {task_command.py:426} INFO - Running <TaskInstance: job_intelligent_pipeline.check_quality manual__2026-04-27T01:34:43.372816+00:00 [running]> on host 29da1de14b83
[2026-04-27T02:01:08.600+0000] {taskinstance.py:2648} INFO - Exporting env vars: AIRFLOW_CTX_DAG_OWNER='job_intelligent' AIRFLOW_CTX_DAG_ID='job_intelligent_pipeline' AIRFLOW_CTX_TASK_ID='check_quality' AIRFLOW_CTX_EXECUTION_DATE='2026-04-27T01:34:43.372816+00:00' AIRFLOW_CTX_TRY_NUMBER='1' AIRFLOW_CTX_DAG_RUN_ID='manual__2026-04-27T01:34:43.372816+00:00'
[2026-04-27T02:01:08.618+0000] {taskinstance.py:430} INFO - ::endgroup::
[2026-04-27T02:01:10.370+0000] {logging_mixin.py:188} INFO - =======================================================
[2026-04-27T02:01:10.371+0000] {logging_mixin.py:188} INFO -   RAPPORT PIPELINE JOB INTELLIGENT
[2026-04-27T02:01:10.372+0000] {logging_mixin.py:188} INFO - =======================================================
[2026-04-27T02:01:10.373+0000] {logging_mixin.py:188} INFO -   Rekrute        : {'status': 'erreur', 'message': 'HTTPConnectionPool(host=\'scraper_api\', port=8000): Max retries exceeded with url: /scrape/rekrute (Caused by NameResolutionError("<urllib3.connection.HTTPConnection object at 0x7fdc8b26bf20>: Failed to resolve \'scraper_api\' ([Errno -2] Name or service not known)"))'}
[2026-04-27T02:01:10.397+0000] {logging_mixin.py:188} INFO -   France Travail : {'status': 'erreur', 'message': 'HTTPConnectionPool(host=\'scraper_api\', port=8000): Max retries exceeded with url: /scrape/france_travail (Caused by NameResolutionError("<urllib3.connection.HTTPConnection object at 0x7fdc8b648dd0>: Failed to resolve \'scraper_api\' ([Errno -2] Name or service not known)"))'}
[2026-04-27T02:01:10.412+0000] {logging_mixin.py:188} INFO -   Adzuna         : {'status': 'erreur', 'message': 'HTTPConnectionPool(host=\'scraper_api\', port=8000): Max retries exceeded with url: /scrape/adzuna (Caused by NameResolutionError("<urllib3.connection.HTTPConnection object at 0x7fdc8b74b5c0>: Failed to resolve \'scraper_api\' ([Errno -2] Name or service not known)"))'}
[2026-04-27T02:01:10.414+0000] {logging_mixin.py:188} INFO -   Kafka lus      : 0
[2026-04-27T02:01:10.420+0000] {logging_mixin.py:188} INFO -   ETL transformes: 0
[2026-04-27T02:01:10.421+0000] {logging_mixin.py:188} INFO -   MySQL charges  : 0
[2026-04-27T02:01:10.422+0000] {logging_mixin.py:188} INFO -   Doublons       : 0
[2026-04-27T02:01:10.423+0000] {logging_mixin.py:188} INFO -   Erreurs        : 0
[2026-04-27T02:01:10.439+0000] {logging_mixin.py:188} INFO - =======================================================
[2026-04-27T02:01:10.454+0000] {logging_mixin.py:188} INFO - [Qualite] Verification OK
[2026-04-27T02:01:10.455+0000] {python.py:237} INFO - Done. Returned value was: {'kafka_lus': 0, 'etl_transformes': 0, 'mysql_charges': 0, 'doublons': 0, 'erreurs': 0}
[2026-04-27T02:01:10.456+0000] {taskinstance.py:441} INFO - ::group::Post task execution logs
[2026-04-27T02:01:10.935+0000] {taskinstance.py:1206} INFO - Marking task as SUCCESS. dag_id=job_intelligent_pipeline, task_id=check_quality, run_id=manual__2026-04-27T01:34:43.372816+00:00, execution_date=20260427T013443, start_date=20260427T020105, end_date=20260427T020110
[2026-04-27T02:01:11.272+0000] {local_task_job_runner.py:240} INFO - Task exited with return code 0
[2026-04-27T02:01:11.647+0000] {taskinstance.py:3503} INFO - 0 downstream tasks scheduled from follow-on schedule check
[2026-04-27T02:01:11.677+0000] {local_task_job_runner.py:222} INFO - ::endgroup::
