[2026-04-27T00:42:50.123+0000] {local_task_job_runner.py:120} INFO - ::group::Pre task execution logs
[2026-04-27T00:42:50.204+0000] {taskinstance.py:2076} INFO - Dependencies all met for dep_context=non-requeueable deps ti=<TaskInstance: job_intelligent_pipeline.scrape_rekrute manual__2026-04-27T00:42:45.767236+00:00 [queued]>
[2026-04-27T00:42:50.233+0000] {taskinstance.py:2076} INFO - Dependencies all met for dep_context=requeueable deps ti=<TaskInstance: job_intelligent_pipeline.scrape_rekrute manual__2026-04-27T00:42:45.767236+00:00 [queued]>
[2026-04-27T00:42:50.234+0000] {taskinstance.py:2306} INFO - Starting attempt 1 of 3
[2026-04-27T00:42:50.297+0000] {taskinstance.py:2330} INFO - Executing <Task(PythonOperator): scrape_rekrute> on 2026-04-27 00:42:45.767236+00:00
[2026-04-27T00:42:50.310+0000] {warnings.py:112} WARNING - /home/***/.local/lib/python3.12/site-packages/***/task/task_runner/standard_task_runner.py:61: DeprecationWarning: This process (pid=2534) is multi-threaded, use of fork() may lead to deadlocks in the child.
  pid = os.fork()

[2026-04-27T00:42:50.323+0000] {standard_task_runner.py:63} INFO - Started process 2537 to run task
[2026-04-27T00:42:50.318+0000] {standard_task_runner.py:90} INFO - Running: ['***', 'tasks', 'run', 'job_intelligent_pipeline', 'scrape_rekrute', 'manual__2026-04-27T00:42:45.767236+00:00', '--job-id', '68', '--raw', '--subdir', 'DAGS_FOLDER/dag_job_intelligent.py', '--cfg-path', '/tmp/tmp3foha_0n']
[2026-04-27T00:42:50.326+0000] {standard_task_runner.py:91} INFO - Job 68: Subtask scrape_rekrute
[2026-04-27T00:42:50.645+0000] {task_command.py:426} INFO - Running <TaskInstance: job_intelligent_pipeline.scrape_rekrute manual__2026-04-27T00:42:45.767236+00:00 [running]> on host 31133b84880c
[2026-04-27T00:42:51.250+0000] {taskinstance.py:2648} INFO - Exporting env vars: AIRFLOW_CTX_DAG_OWNER='job_intelligent' AIRFLOW_CTX_DAG_ID='job_intelligent_pipeline' AIRFLOW_CTX_TASK_ID='scrape_rekrute' AIRFLOW_CTX_EXECUTION_DATE='2026-04-27T00:42:45.767236+00:00' AIRFLOW_CTX_TRY_NUMBER='1' AIRFLOW_CTX_DAG_RUN_ID='manual__2026-04-27T00:42:45.767236+00:00'
[2026-04-27T00:42:51.252+0000] {taskinstance.py:430} INFO - ::endgroup::
[2026-04-27T00:42:51.323+0000] {logging_mixin.py:188} INFO - [Scraping] POST http://scraper_api:8000/scrape/rekrute
[2026-04-27T00:42:54.688+0000] {logging_mixin.py:188} INFO - [Scraping] Rekrute erreur : HTTPConnectionPool(host='scraper_api', port=8000): Max retries exceeded with url: /scrape/rekrute (Caused by NameResolutionError("<urllib3.connection.HTTPConnection object at 0x7ffbcf50bec0>: Failed to resolve 'scraper_api' ([Errno -2] Name or service not known)"))
[2026-04-27T00:42:54.692+0000] {logging_mixin.py:188} INFO - [Scraping] Rekrute : {'status': 'erreur', 'message': 'HTTPConnectionPool(host=\'scraper_api\', port=8000): Max retries exceeded with url: /scrape/rekrute (Caused by NameResolutionError("<urllib3.connection.HTTPConnection object at 0x7ffbcf50bec0>: Failed to resolve \'scraper_api\' ([Errno -2] Name or service not known)"))'}
[2026-04-27T00:42:54.776+0000] {python.py:237} INFO - Done. Returned value was: {'status': 'erreur', 'message': 'HTTPConnectionPool(host=\'scraper_api\', port=8000): Max retries exceeded with url: /scrape/rekrute (Caused by NameResolutionError("<urllib3.connection.HTTPConnection object at 0x7ffbcf50bec0>: Failed to resolve \'scraper_api\' ([Errno -2] Name or service not known)"))'}
[2026-04-27T00:42:54.778+0000] {taskinstance.py:441} INFO - ::group::Post task execution logs
[2026-04-27T00:42:54.885+0000] {taskinstance.py:1206} INFO - Marking task as SUCCESS. dag_id=job_intelligent_pipeline, task_id=scrape_rekrute, run_id=manual__2026-04-27T00:42:45.767236+00:00, execution_date=20260427T004245, start_date=20260427T004250, end_date=20260427T004254
[2026-04-27T00:42:54.935+0000] {local_task_job_runner.py:240} INFO - Task exited with return code 0
[2026-04-27T00:42:55.058+0000] {taskinstance.py:3503} INFO - 1 downstream tasks scheduled from follow-on schedule check
[2026-04-27T00:42:55.069+0000] {local_task_job_runner.py:222} INFO - ::endgroup::
