[2026-05-11T15:48:29.513+0000] {local_task_job_runner.py:120} INFO - ::group::Pre task execution logs
[2026-05-11T15:48:29.792+0000] {taskinstance.py:2076} INFO - Dependencies all met for dep_context=non-requeueable deps ti=<TaskInstance: job_intelligent_pipeline_simplified.scrape_adzuna manual__2026-05-11T15:48:24.870736+00:00 [queued]>
[2026-05-11T15:48:29.852+0000] {taskinstance.py:2076} INFO - Dependencies all met for dep_context=requeueable deps ti=<TaskInstance: job_intelligent_pipeline_simplified.scrape_adzuna manual__2026-05-11T15:48:24.870736+00:00 [queued]>
[2026-05-11T15:48:29.859+0000] {taskinstance.py:2306} INFO - Starting attempt 1 of 3
[2026-05-11T15:48:29.964+0000] {taskinstance.py:2330} INFO - Executing <Task(PythonOperator): scrape_adzuna> on 2026-05-11 15:48:24.870736+00:00
[2026-05-11T15:48:29.984+0000] {warnings.py:110} WARNING - /home/***/.local/lib/python3.12/site-packages/***/task/task_runner/standard_task_runner.py:61: DeprecationWarning: This process (pid=343) is multi-threaded, use of fork() may lead to deadlocks in the child.
  pid = os.fork()

[2026-05-11T15:48:29.993+0000] {standard_task_runner.py:63} INFO - Started process 347 to run task
[2026-05-11T15:48:30.011+0000] {standard_task_runner.py:90} INFO - Running: ['***', 'tasks', 'run', 'job_intelligent_pipeline_simplified', 'scrape_adzuna', 'manual__2026-05-11T15:48:24.870736+00:00', '--job-id', '33', '--raw', '--subdir', 'DAGS_FOLDER/__pycache__/job_intelligent_pipeline.py', '--cfg-path', '/tmp/tmpcusr36n5']
[2026-05-11T15:48:30.015+0000] {standard_task_runner.py:91} INFO - Job 33: Subtask scrape_adzuna
[2026-05-11T15:48:30.325+0000] {task_command.py:426} INFO - Running <TaskInstance: job_intelligent_pipeline_simplified.scrape_adzuna manual__2026-05-11T15:48:24.870736+00:00 [running]> on host 0cb8c084b239
[2026-05-11T15:48:31.022+0000] {taskinstance.py:2648} INFO - Exporting env vars: AIRFLOW_CTX_DAG_OWNER='job_intelligent' AIRFLOW_CTX_DAG_ID='job_intelligent_pipeline_simplified' AIRFLOW_CTX_TASK_ID='scrape_adzuna' AIRFLOW_CTX_EXECUTION_DATE='2026-05-11T15:48:24.870736+00:00' AIRFLOW_CTX_TRY_NUMBER='1' AIRFLOW_CTX_DAG_RUN_ID='manual__2026-05-11T15:48:24.870736+00:00'
[2026-05-11T15:48:31.026+0000] {taskinstance.py:430} INFO - ::endgroup::
[2026-05-11T15:48:31.080+0000] {logging_mixin.py:188} INFO - [Scraping] POST http://scraper_api:8000/scrape/adzuna
[2026-05-11T15:48:34.435+0000] {logging_mixin.py:188} INFO - [Scraping] Adzuna erreur : HTTPConnectionPool(host='scraper_api', port=8000): Max retries exceeded with url: /scrape/adzuna (Caused by NameResolutionError("<urllib3.connection.HTTPConnection object at 0x70b96b941a60>: Failed to resolve 'scraper_api' ([Errno -2] Name or service not known)"))
[2026-05-11T15:48:34.440+0000] {logging_mixin.py:188} INFO - [Scraping] Adzuna : {'status': 'erreur', 'message': 'HTTPConnectionPool(host=\'scraper_api\', port=8000): Max retries exceeded with url: /scrape/adzuna (Caused by NameResolutionError("<urllib3.connection.HTTPConnection object at 0x70b96b941a60>: Failed to resolve \'scraper_api\' ([Errno -2] Name or service not known)"))'}
[2026-05-11T15:48:34.684+0000] {python.py:237} INFO - Done. Returned value was: {'status': 'erreur', 'message': 'HTTPConnectionPool(host=\'scraper_api\', port=8000): Max retries exceeded with url: /scrape/adzuna (Caused by NameResolutionError("<urllib3.connection.HTTPConnection object at 0x70b96b941a60>: Failed to resolve \'scraper_api\' ([Errno -2] Name or service not known)"))'}
[2026-05-11T15:48:34.685+0000] {taskinstance.py:441} INFO - ::group::Post task execution logs
[2026-05-11T15:48:35.432+0000] {taskinstance.py:1206} INFO - Marking task as SUCCESS. dag_id=job_intelligent_pipeline_simplified, task_id=scrape_adzuna, run_id=manual__2026-05-11T15:48:24.870736+00:00, execution_date=20260511T154824, start_date=20260511T154829, end_date=20260511T154835
[2026-05-11T15:48:35.780+0000] {local_task_job_runner.py:240} INFO - Task exited with return code 0
[2026-05-11T15:48:36.372+0000] {local_task_job_runner.py:222} INFO - ::endgroup::
