[2026-05-17T00:47:25.982+0000] {local_task_job_runner.py:120} INFO - ::group::Pre task execution logs
[2026-05-17T00:47:26.179+0000] {taskinstance.py:2076} INFO - Dependencies all met for dep_context=non-requeueable deps ti=<TaskInstance: job_intelligent_pipeline_simplified.scrape_france_travail manual__2026-05-17T00:47:17.533201+00:00 [queued]>
[2026-05-17T00:47:26.211+0000] {taskinstance.py:2076} INFO - Dependencies all met for dep_context=requeueable deps ti=<TaskInstance: job_intelligent_pipeline_simplified.scrape_france_travail manual__2026-05-17T00:47:17.533201+00:00 [queued]>
[2026-05-17T00:47:26.217+0000] {taskinstance.py:2306} INFO - Starting attempt 1 of 3
[2026-05-17T00:47:26.360+0000] {taskinstance.py:2330} INFO - Executing <Task(PythonOperator): scrape_france_travail> on 2026-05-17 00:47:17.533201+00:00
[2026-05-17T00:47:26.388+0000] {warnings.py:110} WARNING - /home/***/.local/lib/python3.12/site-packages/***/task/task_runner/standard_task_runner.py:61: DeprecationWarning: This process (pid=162) is multi-threaded, use of fork() may lead to deadlocks in the child.
  pid = os.fork()

[2026-05-17T00:47:26.423+0000] {standard_task_runner.py:63} INFO - Started process 164 to run task
[2026-05-17T00:47:26.406+0000] {standard_task_runner.py:90} INFO - Running: ['***', 'tasks', 'run', 'job_intelligent_pipeline_simplified', 'scrape_france_travail', 'manual__2026-05-17T00:47:17.533201+00:00', '--job-id', '24', '--raw', '--subdir', 'DAGS_FOLDER/__pycache__/job_intelligent_pipeline.py', '--cfg-path', '/tmp/tmp063muspn']
[2026-05-17T00:47:26.444+0000] {standard_task_runner.py:91} INFO - Job 24: Subtask scrape_france_travail
[2026-05-17T00:47:26.776+0000] {task_command.py:426} INFO - Running <TaskInstance: job_intelligent_pipeline_simplified.scrape_france_travail manual__2026-05-17T00:47:17.533201+00:00 [running]> on host f27312ab664d
[2026-05-17T00:47:27.237+0000] {taskinstance.py:2648} INFO - Exporting env vars: AIRFLOW_CTX_DAG_OWNER='job_intelligent' AIRFLOW_CTX_DAG_ID='job_intelligent_pipeline_simplified' AIRFLOW_CTX_TASK_ID='scrape_france_travail' AIRFLOW_CTX_EXECUTION_DATE='2026-05-17T00:47:17.533201+00:00' AIRFLOW_CTX_TRY_NUMBER='1' AIRFLOW_CTX_DAG_RUN_ID='manual__2026-05-17T00:47:17.533201+00:00'
[2026-05-17T00:47:27.239+0000] {taskinstance.py:430} INFO - ::endgroup::
[2026-05-17T00:47:27.424+0000] {logging_mixin.py:188} INFO - [Scraping] POST http://scraper-api:8000/scrape/france_travail
[2026-05-17T00:47:38.051+0000] {logging_mixin.py:188} INFO - [Scraping] FranceTravail : {'status': 'success', 'data': {'scraped': 500, 'minio_path': 'france_travail/2026-05-17/c56d31bf-7064-42bc-8415-baf128b7deed.json'}}
[2026-05-17T00:47:38.146+0000] {python.py:237} INFO - Done. Returned value was: {'status': 'success', 'data': {'scraped': 500, 'minio_path': 'france_travail/2026-05-17/c56d31bf-7064-42bc-8415-baf128b7deed.json'}}
[2026-05-17T00:47:38.147+0000] {taskinstance.py:441} INFO - ::group::Post task execution logs
[2026-05-17T00:47:38.729+0000] {taskinstance.py:1206} INFO - Marking task as SUCCESS. dag_id=job_intelligent_pipeline_simplified, task_id=scrape_france_travail, run_id=manual__2026-05-17T00:47:17.533201+00:00, execution_date=20260517T004717, start_date=20260517T004726, end_date=20260517T004738
[2026-05-17T00:47:39.094+0000] {local_task_job_runner.py:240} INFO - Task exited with return code 0
[2026-05-17T00:47:39.277+0000] {local_task_job_runner.py:222} INFO - ::endgroup::
