[2026-05-08T12:19:57.015+0000] {local_task_job_runner.py:120} INFO - ::group::Pre task execution logs
[2026-05-08T12:19:57.083+0000] {taskinstance.py:2076} INFO - Dependencies all met for dep_context=non-requeueable deps ti=<TaskInstance: job_intelligent_pipeline.scrape_adzuna scheduled__2026-05-07T06:00:00+00:00 [queued]>
[2026-05-08T12:19:57.104+0000] {taskinstance.py:2076} INFO - Dependencies all met for dep_context=requeueable deps ti=<TaskInstance: job_intelligent_pipeline.scrape_adzuna scheduled__2026-05-07T06:00:00+00:00 [queued]>
[2026-05-08T12:19:57.105+0000] {taskinstance.py:2306} INFO - Starting attempt 1 of 3
[2026-05-08T12:19:57.350+0000] {taskinstance.py:2330} INFO - Executing <Task(PythonOperator): scrape_adzuna> on 2026-05-07 06:00:00+00:00
[2026-05-08T12:19:57.380+0000] {warnings.py:112} WARNING - /home/***/.local/lib/python3.12/site-packages/***/task/task_runner/standard_task_runner.py:61: DeprecationWarning: This process (pid=91) is multi-threaded, use of fork() may lead to deadlocks in the child.
  pid = os.fork()

[2026-05-08T12:19:57.386+0000] {standard_task_runner.py:63} INFO - Started process 96 to run task
[2026-05-08T12:19:57.381+0000] {standard_task_runner.py:90} INFO - Running: ['***', 'tasks', 'run', 'job_intelligent_pipeline', 'scrape_adzuna', 'scheduled__2026-05-07T06:00:00+00:00', '--job-id', '400', '--raw', '--subdir', 'DAGS_FOLDER/dag_job_intelligent.py', '--cfg-path', '/tmp/tmpoixduqkb']
[2026-05-08T12:19:57.395+0000] {standard_task_runner.py:91} INFO - Job 400: Subtask scrape_adzuna
[2026-05-08T12:19:57.639+0000] {task_command.py:426} INFO - Running <TaskInstance: job_intelligent_pipeline.scrape_adzuna scheduled__2026-05-07T06:00:00+00:00 [running]> on host 82bd505ce5dd
[2026-05-08T12:19:58.076+0000] {taskinstance.py:2648} INFO - Exporting env vars: AIRFLOW_CTX_DAG_OWNER='job_intelligent' AIRFLOW_CTX_DAG_ID='job_intelligent_pipeline' AIRFLOW_CTX_TASK_ID='scrape_adzuna' AIRFLOW_CTX_EXECUTION_DATE='2026-05-07T06:00:00+00:00' AIRFLOW_CTX_TRY_NUMBER='1' AIRFLOW_CTX_DAG_RUN_ID='scheduled__2026-05-07T06:00:00+00:00'
[2026-05-08T12:19:58.079+0000] {taskinstance.py:430} INFO - ::endgroup::
[2026-05-08T12:19:58.205+0000] {logging_mixin.py:188} INFO - [Scraping] POST http://scraper_api:8000/scraper/adzuna
[2026-05-08T12:20:01.627+0000] {logging_mixin.py:188} INFO - [Scraping] Adzuna erreur : HTTPConnectionPool(host='scraper_api', port=8000): Max retries exceeded with url: /scraper/adzuna (Caused by NameResolutionError("<urllib3.connection.HTTPConnection object at 0x7f33378efdd0>: Failed to resolve 'scraper_api' ([Errno -2] Name or service not known)"))
[2026-05-08T12:20:01.641+0000] {logging_mixin.py:188} INFO - [Scraping] Adzuna : {'status': 'erreur', 'message': 'HTTPConnectionPool(host=\'scraper_api\', port=8000): Max retries exceeded with url: /scraper/adzuna (Caused by NameResolutionError("<urllib3.connection.HTTPConnection object at 0x7f33378efdd0>: Failed to resolve \'scraper_api\' ([Errno -2] Name or service not known)"))'}
[2026-05-08T12:20:01.934+0000] {python.py:237} INFO - Done. Returned value was: {'status': 'erreur', 'message': 'HTTPConnectionPool(host=\'scraper_api\', port=8000): Max retries exceeded with url: /scraper/adzuna (Caused by NameResolutionError("<urllib3.connection.HTTPConnection object at 0x7f33378efdd0>: Failed to resolve \'scraper_api\' ([Errno -2] Name or service not known)"))'}
[2026-05-08T12:20:01.941+0000] {taskinstance.py:441} INFO - ::group::Post task execution logs
[2026-05-08T12:20:02.251+0000] {taskinstance.py:1206} INFO - Marking task as SUCCESS. dag_id=job_intelligent_pipeline, task_id=scrape_adzuna, run_id=scheduled__2026-05-07T06:00:00+00:00, execution_date=20260507T060000, start_date=20260508T121957, end_date=20260508T122002
[2026-05-08T12:20:02.770+0000] {local_task_job_runner.py:240} INFO - Task exited with return code 0
[2026-05-08T12:20:02.970+0000] {taskinstance.py:3503} INFO - 0 downstream tasks scheduled from follow-on schedule check
[2026-05-08T12:20:02.990+0000] {local_task_job_runner.py:222} INFO - ::endgroup::
[2026-05-08T23:12:15.587+0000] {local_task_job_runner.py:120} INFO - ::group::Pre task execution logs
[2026-05-08T23:12:15.693+0000] {taskinstance.py:2076} INFO - Dependencies all met for dep_context=non-requeueable deps ti=<TaskInstance: job_intelligent_pipeline.scrape_adzuna scheduled__2026-05-07T06:00:00+00:00 [queued]>
[2026-05-08T23:12:15.738+0000] {taskinstance.py:2076} INFO - Dependencies all met for dep_context=requeueable deps ti=<TaskInstance: job_intelligent_pipeline.scrape_adzuna scheduled__2026-05-07T06:00:00+00:00 [queued]>
[2026-05-08T23:12:15.739+0000] {taskinstance.py:2306} INFO - Starting attempt 1 of 3
[2026-05-08T23:12:15.803+0000] {taskinstance.py:2330} INFO - Executing <Task(PythonOperator): scrape_adzuna> on 2026-05-07 06:00:00+00:00
[2026-05-08T23:12:15.823+0000] {warnings.py:112} WARNING - /home/***/.local/lib/python3.12/site-packages/***/task/task_runner/standard_task_runner.py:61: DeprecationWarning: This process (pid=5065) is multi-threaded, use of fork() may lead to deadlocks in the child.
  pid = os.fork()

[2026-05-08T23:12:15.830+0000] {standard_task_runner.py:63} INFO - Started process 5068 to run task
[2026-05-08T23:12:15.827+0000] {standard_task_runner.py:90} INFO - Running: ['***', 'tasks', 'run', 'job_intelligent_pipeline', 'scrape_adzuna', 'scheduled__2026-05-07T06:00:00+00:00', '--job-id', '451', '--raw', '--subdir', 'DAGS_FOLDER/dag_job_intelligent .py', '--cfg-path', '/tmp/tmpc3tdmf8h']
[2026-05-08T23:12:15.855+0000] {standard_task_runner.py:91} INFO - Job 451: Subtask scrape_adzuna
[2026-05-08T23:12:16.243+0000] {task_command.py:426} INFO - Running <TaskInstance: job_intelligent_pipeline.scrape_adzuna scheduled__2026-05-07T06:00:00+00:00 [running]> on host 82bd505ce5dd
[2026-05-08T23:12:17.297+0000] {taskinstance.py:2648} INFO - Exporting env vars: AIRFLOW_CTX_DAG_OWNER='job_intelligent' AIRFLOW_CTX_DAG_ID='job_intelligent_pipeline' AIRFLOW_CTX_TASK_ID='scrape_adzuna' AIRFLOW_CTX_EXECUTION_DATE='2026-05-07T06:00:00+00:00' AIRFLOW_CTX_TRY_NUMBER='1' AIRFLOW_CTX_DAG_RUN_ID='scheduled__2026-05-07T06:00:00+00:00'
[2026-05-08T23:12:17.300+0000] {taskinstance.py:430} INFO - ::endgroup::
[2026-05-08T23:12:17.348+0000] {logging_mixin.py:188} INFO - [Scraping] POST http://scraper_api:8000/scrape/adzuna
[2026-05-08T23:12:20.867+0000] {logging_mixin.py:188} INFO - [Scraping] Adzuna erreur : HTTPConnectionPool(host='scraper_api', port=8000): Max retries exceeded with url: /scrape/adzuna (Caused by NameResolutionError("<urllib3.connection.HTTPConnection object at 0x7fba05eda510>: Failed to resolve 'scraper_api' ([Errno -2] Name or service not known)"))
[2026-05-08T23:12:20.876+0000] {logging_mixin.py:188} INFO - [Scraping] Adzuna : {'status': 'erreur', 'message': 'HTTPConnectionPool(host=\'scraper_api\', port=8000): Max retries exceeded with url: /scrape/adzuna (Caused by NameResolutionError("<urllib3.connection.HTTPConnection object at 0x7fba05eda510>: Failed to resolve \'scraper_api\' ([Errno -2] Name or service not known)"))'}
[2026-05-08T23:12:20.968+0000] {python.py:237} INFO - Done. Returned value was: {'status': 'erreur', 'message': 'HTTPConnectionPool(host=\'scraper_api\', port=8000): Max retries exceeded with url: /scrape/adzuna (Caused by NameResolutionError("<urllib3.connection.HTTPConnection object at 0x7fba05eda510>: Failed to resolve \'scraper_api\' ([Errno -2] Name or service not known)"))'}
[2026-05-08T23:12:20.987+0000] {taskinstance.py:441} INFO - ::group::Post task execution logs
[2026-05-08T23:12:21.184+0000] {taskinstance.py:1206} INFO - Marking task as SUCCESS. dag_id=job_intelligent_pipeline, task_id=scrape_adzuna, run_id=scheduled__2026-05-07T06:00:00+00:00, execution_date=20260507T060000, start_date=20260508T231215, end_date=20260508T231221
[2026-05-08T23:12:21.272+0000] {local_task_job_runner.py:240} INFO - Task exited with return code 0
[2026-05-08T23:12:21.348+0000] {taskinstance.py:3503} INFO - 0 downstream tasks scheduled from follow-on schedule check
[2026-05-08T23:12:21.356+0000] {local_task_job_runner.py:222} INFO - ::endgroup::
