[2026-05-11T16:35:56.649+0000] {local_task_job_runner.py:120} INFO - ::group::Pre task execution logs
[2026-05-11T16:35:56.726+0000] {taskinstance.py:2076} INFO - Dependencies all met for dep_context=non-requeueable deps ti=<TaskInstance: job_intelligent_pipeline_simplified.check_quality manual__2026-05-11T16:35:01.804399+00:00 [queued]>
[2026-05-11T16:35:56.744+0000] {taskinstance.py:2076} INFO - Dependencies all met for dep_context=requeueable deps ti=<TaskInstance: job_intelligent_pipeline_simplified.check_quality manual__2026-05-11T16:35:01.804399+00:00 [queued]>
[2026-05-11T16:35:56.745+0000] {taskinstance.py:2306} INFO - Starting attempt 1 of 3
[2026-05-11T16:35:56.777+0000] {taskinstance.py:2330} INFO - Executing <Task(PythonOperator): check_quality> on 2026-05-11 16:35:01.804399+00:00
[2026-05-11T16:35:56.792+0000] {warnings.py:110} WARNING - /home/***/.local/lib/python3.12/site-packages/***/task/task_runner/standard_task_runner.py:61: DeprecationWarning: This process (pid=223) is multi-threaded, use of fork() may lead to deadlocks in the child.
  pid = os.fork()

[2026-05-11T16:35:56.796+0000] {standard_task_runner.py:63} INFO - Started process 224 to run task
[2026-05-11T16:35:56.794+0000] {standard_task_runner.py:90} INFO - Running: ['***', 'tasks', 'run', 'job_intelligent_pipeline_simplified', 'check_quality', 'manual__2026-05-11T16:35:01.804399+00:00', '--job-id', '50', '--raw', '--subdir', 'DAGS_FOLDER/__pycache__/job_intelligent_pipeline.py', '--cfg-path', '/tmp/tmp8davj9t5']
[2026-05-11T16:35:56.798+0000] {standard_task_runner.py:91} INFO - Job 50: Subtask check_quality
[2026-05-11T16:35:56.966+0000] {task_command.py:426} INFO - Running <TaskInstance: job_intelligent_pipeline_simplified.check_quality manual__2026-05-11T16:35:01.804399+00:00 [running]> on host e9430ddab16c
[2026-05-11T16:35:57.313+0000] {taskinstance.py:2648} INFO - Exporting env vars: AIRFLOW_CTX_DAG_OWNER='job_intelligent' AIRFLOW_CTX_DAG_ID='job_intelligent_pipeline_simplified' AIRFLOW_CTX_TASK_ID='check_quality' AIRFLOW_CTX_EXECUTION_DATE='2026-05-11T16:35:01.804399+00:00' AIRFLOW_CTX_TRY_NUMBER='1' AIRFLOW_CTX_DAG_RUN_ID='manual__2026-05-11T16:35:01.804399+00:00'
[2026-05-11T16:35:57.315+0000] {taskinstance.py:430} INFO - ::endgroup::
[2026-05-11T16:35:57.621+0000] {logging_mixin.py:188} INFO - =======================================================
[2026-05-11T16:35:57.669+0000] {logging_mixin.py:188} INFO -   RAPPORT PIPELINE JOB INTELLIGENT
[2026-05-11T16:35:57.676+0000] {logging_mixin.py:188} INFO - =======================================================
[2026-05-11T16:35:57.763+0000] {logging_mixin.py:188} INFO -   Rekrute        : {'status': 'erreur', 'message': "HTTPConnectionPool(host='scraper-api', port=8000): Max retries exceeded with url: /scrape/rekrute (Caused by NewConnectionError('<urllib3.connection.HTTPConnection object at 0x7a26756f0fe0>: Failed to establish a new connection: [Errno 111] Connection refused'))"}
[2026-05-11T16:35:57.891+0000] {logging_mixin.py:188} INFO -   France Travail : {'status': 'erreur', 'message': "HTTPConnectionPool(host='scraper-api', port=8000): Max retries exceeded with url: /scrape/france_travail (Caused by NewConnectionError('<urllib3.connection.HTTPConnection object at 0x7a2675487230>: Failed to establish a new connection: [Errno 111] Connection refused'))"}
[2026-05-11T16:35:58.085+0000] {logging_mixin.py:188} INFO -   Adzuna         : {'status': 'erreur', 'message': "HTTPConnectionPool(host='scraper-api', port=8000): Max retries exceeded with url: /scrape/adzuna (Caused by NewConnectionError('<urllib3.connection.HTTPConnection object at 0x7a267563cb00>: Failed to establish a new connection: [Errno 111] Connection refused'))"}
[2026-05-11T16:35:58.087+0000] {logging_mixin.py:188} INFO -   Offres brutes lues depuis MinIO : 0
[2026-05-11T16:35:58.089+0000] {logging_mixin.py:188} INFO -   ETL transformés : 0
[2026-05-11T16:35:58.090+0000] {logging_mixin.py:188} INFO -   MySQL chargées  : 0
[2026-05-11T16:35:58.091+0000] {logging_mixin.py:188} INFO -   Doublons        : 0
[2026-05-11T16:35:58.092+0000] {logging_mixin.py:188} INFO -   Erreurs         : 0
[2026-05-11T16:35:58.093+0000] {logging_mixin.py:188} INFO - =======================================================
[2026-05-11T16:35:58.094+0000] {python.py:237} INFO - Done. Returned value was: {'status': 'success'}
[2026-05-11T16:35:58.095+0000] {taskinstance.py:441} INFO - ::group::Post task execution logs
[2026-05-11T16:35:58.193+0000] {taskinstance.py:1206} INFO - Marking task as SUCCESS. dag_id=job_intelligent_pipeline_simplified, task_id=check_quality, run_id=manual__2026-05-11T16:35:01.804399+00:00, execution_date=20260511T163501, start_date=20260511T163556, end_date=20260511T163558
[2026-05-11T16:35:58.344+0000] {local_task_job_runner.py:240} INFO - Task exited with return code 0
[2026-05-11T16:35:58.474+0000] {taskinstance.py:3498} INFO - 0 downstream tasks scheduled from follow-on schedule check
[2026-05-11T16:35:58.489+0000] {local_task_job_runner.py:222} INFO - ::endgroup::
