[2026-04-27T09:19:37.105+0000] {local_task_job_runner.py:120} INFO - ::group::Pre task execution logs
[2026-04-27T09:19:38.268+0000] {taskinstance.py:2076} INFO - Dependencies all met for dep_context=non-requeueable deps ti=<TaskInstance: job_intelligent_pipeline.check_quality manual__2026-04-27T02:00:39+00:00 [queued]>
[2026-04-27T09:19:38.688+0000] {taskinstance.py:2076} INFO - Dependencies all met for dep_context=requeueable deps ti=<TaskInstance: job_intelligent_pipeline.check_quality manual__2026-04-27T02:00:39+00:00 [queued]>
[2026-04-27T09:19:38.722+0000] {taskinstance.py:2306} INFO - Starting attempt 1 of 3
[2026-04-27T09:19:39.407+0000] {taskinstance.py:2330} INFO - Executing <Task(PythonOperator): check_quality> on 2026-04-27 02:00:39+00:00
[2026-04-27T09:19:39.733+0000] {standard_task_runner.py:90} INFO - Running: ['***', 'tasks', 'run', 'job_intelligent_pipeline', 'check_quality', 'manual__2026-04-27T02:00:39+00:00', '--job-id', '112', '--raw', '--subdir', 'DAGS_FOLDER/dag_job_intelligent.py', '--cfg-path', '/tmp/tmp61zpcv10']
[2026-04-27T09:19:39.776+0000] {standard_task_runner.py:91} INFO - Job 112: Subtask check_quality
[2026-04-27T09:19:39.901+0000] {warnings.py:112} WARNING - /home/***/.local/lib/python3.12/site-packages/***/task/task_runner/standard_task_runner.py:61: DeprecationWarning: This process (pid=930) is multi-threaded, use of fork() may lead to deadlocks in the child.
  pid = os.fork()

[2026-04-27T09:19:39.908+0000] {standard_task_runner.py:63} INFO - Started process 938 to run task
[2026-04-27T09:19:43.370+0000] {task_command.py:426} INFO - Running <TaskInstance: job_intelligent_pipeline.check_quality manual__2026-04-27T02:00:39+00:00 [running]> on host 29da1de14b83
[2026-04-27T09:19:46.007+0000] {taskinstance.py:2648} INFO - Exporting env vars: AIRFLOW_CTX_DAG_OWNER='job_intelligent' AIRFLOW_CTX_DAG_ID='job_intelligent_pipeline' AIRFLOW_CTX_TASK_ID='check_quality' AIRFLOW_CTX_EXECUTION_DATE='2026-04-27T02:00:39+00:00' AIRFLOW_CTX_TRY_NUMBER='1' AIRFLOW_CTX_DAG_RUN_ID='manual__2026-04-27T02:00:39+00:00'
[2026-04-27T09:19:46.022+0000] {taskinstance.py:430} INFO - ::endgroup::
[2026-04-27T09:19:46.915+0000] {logging_mixin.py:188} INFO - =======================================================
[2026-04-27T09:19:46.931+0000] {logging_mixin.py:188} INFO -   RAPPORT PIPELINE JOB INTELLIGENT
[2026-04-27T09:19:46.946+0000] {logging_mixin.py:188} INFO - =======================================================
[2026-04-27T09:19:46.962+0000] {logging_mixin.py:188} INFO -   Rekrute        : {'status': 'erreur', 'message': 'HTTPConnectionPool(host=\'scraper_api\', port=8000): Max retries exceeded with url: /scrape/rekrute (Caused by NameResolutionError("<urllib3.connection.HTTPConnection object at 0x7fdc8b9671d0>: Failed to resolve \'scraper_api\' ([Errno -5] No address associated with hostname)"))'}
[2026-04-27T09:19:46.966+0000] {logging_mixin.py:188} INFO -   France Travail : {'status': 'erreur', 'message': 'HTTPConnectionPool(host=\'scraper_api\', port=8000): Max retries exceeded with url: /scrape/france_travail (Caused by NameResolutionError("<urllib3.connection.HTTPConnection object at 0x7fdc8b5d39b0>: Failed to resolve \'scraper_api\' ([Errno -5] No address associated with hostname)"))'}
[2026-04-27T09:19:46.967+0000] {logging_mixin.py:188} INFO -   Adzuna         : {'status': 'erreur', 'message': 'HTTPConnectionPool(host=\'scraper_api\', port=8000): Max retries exceeded with url: /scrape/adzuna (Caused by NameResolutionError("<urllib3.connection.HTTPConnection object at 0x7fdc8b213ec0>: Failed to resolve \'scraper_api\' ([Errno -2] Name or service not known)"))'}
[2026-04-27T09:19:46.968+0000] {logging_mixin.py:188} INFO -   Kafka lus      : 0
[2026-04-27T09:19:46.970+0000] {logging_mixin.py:188} INFO -   ETL transformes: 0
[2026-04-27T09:19:46.971+0000] {logging_mixin.py:188} INFO -   MySQL charges  : 0
[2026-04-27T09:19:46.981+0000] {logging_mixin.py:188} INFO -   Doublons       : 0
[2026-04-27T09:19:46.983+0000] {logging_mixin.py:188} INFO -   Erreurs        : 0
[2026-04-27T09:19:46.984+0000] {logging_mixin.py:188} INFO - =======================================================
[2026-04-27T09:19:46.985+0000] {logging_mixin.py:188} INFO - [Qualite] Verification OK
[2026-04-27T09:19:46.986+0000] {python.py:237} INFO - Done. Returned value was: {'kafka_lus': 0, 'etl_transformes': 0, 'mysql_charges': 0, 'doublons': 0, 'erreurs': 0}
[2026-04-27T09:19:46.988+0000] {taskinstance.py:441} INFO - ::group::Post task execution logs
[2026-04-27T09:19:47.336+0000] {taskinstance.py:1206} INFO - Marking task as SUCCESS. dag_id=job_intelligent_pipeline, task_id=check_quality, run_id=manual__2026-04-27T02:00:39+00:00, execution_date=20260427T020039, start_date=20260427T091938, end_date=20260427T091947
[2026-04-27T09:19:47.634+0000] {local_task_job_runner.py:240} INFO - Task exited with return code 0
[2026-04-27T09:19:48.108+0000] {taskinstance.py:3503} INFO - 0 downstream tasks scheduled from follow-on schedule check
[2026-04-27T09:19:48.190+0000] {local_task_job_runner.py:222} INFO - ::endgroup::
