[2026-05-11T16:35:11.157+0000] {local_task_job_runner.py:120} INFO - ::group::Pre task execution logs
[2026-05-11T16:35:11.585+0000] {taskinstance.py:2076} INFO - Dependencies all met for dep_context=non-requeueable deps ti=<TaskInstance: job_intelligent_pipeline_simplified.scrape_adzuna manual__2026-05-11T16:35:01.804399+00:00 [queued]>
[2026-05-11T16:35:11.730+0000] {taskinstance.py:2076} INFO - Dependencies all met for dep_context=requeueable deps ti=<TaskInstance: job_intelligent_pipeline_simplified.scrape_adzuna manual__2026-05-11T16:35:01.804399+00:00 [queued]>
[2026-05-11T16:35:11.751+0000] {taskinstance.py:2306} INFO - Starting attempt 1 of 3
[2026-05-11T16:35:11.976+0000] {taskinstance.py:2330} INFO - Executing <Task(PythonOperator): scrape_adzuna> on 2026-05-11 16:35:01.804399+00:00
[2026-05-11T16:35:12.025+0000] {warnings.py:110} WARNING - /home/***/.local/lib/python3.12/site-packages/***/task/task_runner/standard_task_runner.py:61: DeprecationWarning: This process (pid=196) is multi-threaded, use of fork() may lead to deadlocks in the child.
  pid = os.fork()

[2026-05-11T16:35:12.047+0000] {standard_task_runner.py:63} INFO - Started process 199 to run task
[2026-05-11T16:35:12.038+0000] {standard_task_runner.py:90} INFO - Running: ['***', 'tasks', 'run', 'job_intelligent_pipeline_simplified', 'scrape_adzuna', 'manual__2026-05-11T16:35:01.804399+00:00', '--job-id', '44', '--raw', '--subdir', 'DAGS_FOLDER/__pycache__/job_intelligent_pipeline.py', '--cfg-path', '/tmp/tmpezvb8quv']
[2026-05-11T16:35:12.058+0000] {standard_task_runner.py:91} INFO - Job 44: Subtask scrape_adzuna
[2026-05-11T16:35:13.088+0000] {task_command.py:426} INFO - Running <TaskInstance: job_intelligent_pipeline_simplified.scrape_adzuna manual__2026-05-11T16:35:01.804399+00:00 [running]> on host e9430ddab16c
[2026-05-11T16:35:14.330+0000] {taskinstance.py:2648} INFO - Exporting env vars: AIRFLOW_CTX_DAG_OWNER='job_intelligent' AIRFLOW_CTX_DAG_ID='job_intelligent_pipeline_simplified' AIRFLOW_CTX_TASK_ID='scrape_adzuna' AIRFLOW_CTX_EXECUTION_DATE='2026-05-11T16:35:01.804399+00:00' AIRFLOW_CTX_TRY_NUMBER='1' AIRFLOW_CTX_DAG_RUN_ID='manual__2026-05-11T16:35:01.804399+00:00'
[2026-05-11T16:35:14.338+0000] {taskinstance.py:430} INFO - ::endgroup::
[2026-05-11T16:35:14.545+0000] {logging_mixin.py:188} INFO - [Scraping] POST http://scraper-api:8000/scrape/adzuna
[2026-05-11T16:35:14.580+0000] {logging_mixin.py:188} INFO - [Scraping] Adzuna erreur : HTTPConnectionPool(host='scraper-api', port=8000): Max retries exceeded with url: /scrape/adzuna (Caused by NewConnectionError('<urllib3.connection.HTTPConnection object at 0x7a267563cb00>: Failed to establish a new connection: [Errno 111] Connection refused'))
[2026-05-11T16:35:14.616+0000] {logging_mixin.py:188} INFO - [Scraping] Adzuna : {'status': 'erreur', 'message': "HTTPConnectionPool(host='scraper-api', port=8000): Max retries exceeded with url: /scrape/adzuna (Caused by NewConnectionError('<urllib3.connection.HTTPConnection object at 0x7a267563cb00>: Failed to establish a new connection: [Errno 111] Connection refused'))"}
[2026-05-11T16:35:15.350+0000] {python.py:237} INFO - Done. Returned value was: {'status': 'erreur', 'message': "HTTPConnectionPool(host='scraper-api', port=8000): Max retries exceeded with url: /scrape/adzuna (Caused by NewConnectionError('<urllib3.connection.HTTPConnection object at 0x7a267563cb00>: Failed to establish a new connection: [Errno 111] Connection refused'))"}
[2026-05-11T16:35:15.403+0000] {taskinstance.py:441} INFO - ::group::Post task execution logs
[2026-05-11T16:35:15.871+0000] {taskinstance.py:1206} INFO - Marking task as SUCCESS. dag_id=job_intelligent_pipeline_simplified, task_id=scrape_adzuna, run_id=manual__2026-05-11T16:35:01.804399+00:00, execution_date=20260511T163501, start_date=20260511T163511, end_date=20260511T163515
[2026-05-11T16:35:16.085+0000] {local_task_job_runner.py:240} INFO - Task exited with return code 0
[2026-05-11T16:35:16.408+0000] {taskinstance.py:3498} INFO - 0 downstream tasks scheduled from follow-on schedule check
[2026-05-11T16:35:16.432+0000] {local_task_job_runner.py:222} INFO - ::endgroup::
