[2026-05-08T12:19:57.004+0000] {local_task_job_runner.py:120} INFO - ::group::Pre task execution logs
[2026-05-08T12:19:57.084+0000] {taskinstance.py:2076} INFO - Dependencies all met for dep_context=non-requeueable deps ti=<TaskInstance: job_intelligent_pipeline.scrape_rekrute scheduled__2026-05-07T06:00:00+00:00 [queued]>
[2026-05-08T12:19:57.102+0000] {taskinstance.py:2076} INFO - Dependencies all met for dep_context=requeueable deps ti=<TaskInstance: job_intelligent_pipeline.scrape_rekrute scheduled__2026-05-07T06:00:00+00:00 [queued]>
[2026-05-08T12:19:57.103+0000] {taskinstance.py:2306} INFO - Starting attempt 1 of 3
[2026-05-08T12:19:57.288+0000] {taskinstance.py:2330} INFO - Executing <Task(PythonOperator): scrape_rekrute> on 2026-05-07 06:00:00+00:00
[2026-05-08T12:19:57.313+0000] {warnings.py:112} WARNING - /home/***/.local/lib/python3.12/site-packages/***/task/task_runner/standard_task_runner.py:61: DeprecationWarning: This process (pid=93) is multi-threaded, use of fork() may lead to deadlocks in the child.
  pid = os.fork()

[2026-05-08T12:19:57.327+0000] {standard_task_runner.py:63} INFO - Started process 95 to run task
[2026-05-08T12:19:57.343+0000] {standard_task_runner.py:90} INFO - Running: ['***', 'tasks', 'run', 'job_intelligent_pipeline', 'scrape_rekrute', 'scheduled__2026-05-07T06:00:00+00:00', '--job-id', '401', '--raw', '--subdir', 'DAGS_FOLDER/dag_job_intelligent.py', '--cfg-path', '/tmp/tmp86ifda9f']
[2026-05-08T12:19:57.350+0000] {standard_task_runner.py:91} INFO - Job 401: Subtask scrape_rekrute
[2026-05-08T12:19:57.612+0000] {task_command.py:426} INFO - Running <TaskInstance: job_intelligent_pipeline.scrape_rekrute scheduled__2026-05-07T06:00:00+00:00 [running]> on host 82bd505ce5dd
[2026-05-08T12:19:58.106+0000] {taskinstance.py:2648} INFO - Exporting env vars: AIRFLOW_CTX_DAG_OWNER='job_intelligent' AIRFLOW_CTX_DAG_ID='job_intelligent_pipeline' AIRFLOW_CTX_TASK_ID='scrape_rekrute' AIRFLOW_CTX_EXECUTION_DATE='2026-05-07T06:00:00+00:00' AIRFLOW_CTX_TRY_NUMBER='1' AIRFLOW_CTX_DAG_RUN_ID='scheduled__2026-05-07T06:00:00+00:00'
[2026-05-08T12:19:58.108+0000] {taskinstance.py:430} INFO - ::endgroup::
[2026-05-08T12:19:58.207+0000] {logging_mixin.py:188} INFO - [Scraping] POST http://scraper_api:8000/scraper/rekrute
[2026-05-08T12:20:01.629+0000] {logging_mixin.py:188} INFO - [Scraping] Rekrute erreur : HTTPConnectionPool(host='scraper_api', port=8000): Max retries exceeded with url: /scraper/rekrute (Caused by NameResolutionError("<urllib3.connection.HTTPConnection object at 0x7f3337c66480>: Failed to resolve 'scraper_api' ([Errno -2] Name or service not known)"))
[2026-05-08T12:20:01.655+0000] {logging_mixin.py:188} INFO - [Scraping] Rekrute : {'status': 'erreur', 'message': 'HTTPConnectionPool(host=\'scraper_api\', port=8000): Max retries exceeded with url: /scraper/rekrute (Caused by NameResolutionError("<urllib3.connection.HTTPConnection object at 0x7f3337c66480>: Failed to resolve \'scraper_api\' ([Errno -2] Name or service not known)"))'}
[2026-05-08T12:20:01.912+0000] {python.py:237} INFO - Done. Returned value was: {'status': 'erreur', 'message': 'HTTPConnectionPool(host=\'scraper_api\', port=8000): Max retries exceeded with url: /scraper/rekrute (Caused by NameResolutionError("<urllib3.connection.HTTPConnection object at 0x7f3337c66480>: Failed to resolve \'scraper_api\' ([Errno -2] Name or service not known)"))'}
[2026-05-08T12:20:01.916+0000] {taskinstance.py:441} INFO - ::group::Post task execution logs
[2026-05-08T12:20:02.197+0000] {taskinstance.py:1206} INFO - Marking task as SUCCESS. dag_id=job_intelligent_pipeline, task_id=scrape_rekrute, run_id=scheduled__2026-05-07T06:00:00+00:00, execution_date=20260507T060000, start_date=20260508T121957, end_date=20260508T122002
[2026-05-08T12:20:02.353+0000] {local_task_job_runner.py:240} INFO - Task exited with return code 0
[2026-05-08T12:20:02.531+0000] {local_task_job_runner.py:222} INFO - ::endgroup::
[2026-05-08T23:12:15.475+0000] {local_task_job_runner.py:120} INFO - ::group::Pre task execution logs
[2026-05-08T23:12:15.600+0000] {taskinstance.py:2076} INFO - Dependencies all met for dep_context=non-requeueable deps ti=<TaskInstance: job_intelligent_pipeline.scrape_rekrute scheduled__2026-05-07T06:00:00+00:00 [queued]>
[2026-05-08T23:12:15.624+0000] {taskinstance.py:2076} INFO - Dependencies all met for dep_context=requeueable deps ti=<TaskInstance: job_intelligent_pipeline.scrape_rekrute scheduled__2026-05-07T06:00:00+00:00 [queued]>
[2026-05-08T23:12:15.626+0000] {taskinstance.py:2306} INFO - Starting attempt 1 of 3
[2026-05-08T23:12:15.688+0000] {taskinstance.py:2330} INFO - Executing <Task(PythonOperator): scrape_rekrute> on 2026-05-07 06:00:00+00:00
[2026-05-08T23:12:15.699+0000] {warnings.py:112} WARNING - /home/***/.local/lib/python3.12/site-packages/***/task/task_runner/standard_task_runner.py:61: DeprecationWarning: This process (pid=5064) is multi-threaded, use of fork() may lead to deadlocks in the child.
  pid = os.fork()

[2026-05-08T23:12:15.714+0000] {standard_task_runner.py:63} INFO - Started process 5067 to run task
[2026-05-08T23:12:15.712+0000] {standard_task_runner.py:90} INFO - Running: ['***', 'tasks', 'run', 'job_intelligent_pipeline', 'scrape_rekrute', 'scheduled__2026-05-07T06:00:00+00:00', '--job-id', '450', '--raw', '--subdir', 'DAGS_FOLDER/dag_job_intelligent .py', '--cfg-path', '/tmp/tmp1lpsqnuc']
[2026-05-08T23:12:15.720+0000] {standard_task_runner.py:91} INFO - Job 450: Subtask scrape_rekrute
[2026-05-08T23:12:15.971+0000] {task_command.py:426} INFO - Running <TaskInstance: job_intelligent_pipeline.scrape_rekrute scheduled__2026-05-07T06:00:00+00:00 [running]> on host 82bd505ce5dd
[2026-05-08T23:12:17.037+0000] {taskinstance.py:2648} INFO - Exporting env vars: AIRFLOW_CTX_DAG_OWNER='job_intelligent' AIRFLOW_CTX_DAG_ID='job_intelligent_pipeline' AIRFLOW_CTX_TASK_ID='scrape_rekrute' AIRFLOW_CTX_EXECUTION_DATE='2026-05-07T06:00:00+00:00' AIRFLOW_CTX_TRY_NUMBER='1' AIRFLOW_CTX_DAG_RUN_ID='scheduled__2026-05-07T06:00:00+00:00'
[2026-05-08T23:12:17.091+0000] {taskinstance.py:430} INFO - ::endgroup::
[2026-05-08T23:12:17.213+0000] {logging_mixin.py:188} INFO - [Scraping] POST http://scraper_api:8000/scrape/rekrute
[2026-05-08T23:12:20.868+0000] {logging_mixin.py:188} INFO - [Scraping] Rekrute erreur : HTTPConnectionPool(host='scraper_api', port=8000): Max retries exceeded with url: /scrape/rekrute (Caused by NameResolutionError("<urllib3.connection.HTTPConnection object at 0x7fba05d96540>: Failed to resolve 'scraper_api' ([Errno -2] Name or service not known)"))
[2026-05-08T23:12:20.877+0000] {logging_mixin.py:188} INFO - [Scraping] Rekrute : {'status': 'erreur', 'message': 'HTTPConnectionPool(host=\'scraper_api\', port=8000): Max retries exceeded with url: /scrape/rekrute (Caused by NameResolutionError("<urllib3.connection.HTTPConnection object at 0x7fba05d96540>: Failed to resolve \'scraper_api\' ([Errno -2] Name or service not known)"))'}
[2026-05-08T23:12:20.985+0000] {python.py:237} INFO - Done. Returned value was: {'status': 'erreur', 'message': 'HTTPConnectionPool(host=\'scraper_api\', port=8000): Max retries exceeded with url: /scrape/rekrute (Caused by NameResolutionError("<urllib3.connection.HTTPConnection object at 0x7fba05d96540>: Failed to resolve \'scraper_api\' ([Errno -2] Name or service not known)"))'}
[2026-05-08T23:12:20.999+0000] {taskinstance.py:441} INFO - ::group::Post task execution logs
[2026-05-08T23:12:21.176+0000] {taskinstance.py:1206} INFO - Marking task as SUCCESS. dag_id=job_intelligent_pipeline, task_id=scrape_rekrute, run_id=scheduled__2026-05-07T06:00:00+00:00, execution_date=20260507T060000, start_date=20260508T231215, end_date=20260508T231221
[2026-05-08T23:12:21.276+0000] {local_task_job_runner.py:240} INFO - Task exited with return code 0
[2026-05-08T23:12:21.308+0000] {local_task_job_runner.py:222} INFO - ::endgroup::
