[2026-04-27T00:44:00.795+0000] {local_task_job_runner.py:120} INFO - ::group::Pre task execution logs
[2026-04-27T00:44:00.936+0000] {taskinstance.py:2076} INFO - Dependencies all met for dep_context=non-requeueable deps ti=<TaskInstance: job_intelligent_pipeline.etl_kafka manual__2026-04-27T00:42:45.767236+00:00 [queued]>
[2026-04-27T00:44:01.000+0000] {taskinstance.py:2076} INFO - Dependencies all met for dep_context=requeueable deps ti=<TaskInstance: job_intelligent_pipeline.etl_kafka manual__2026-04-27T00:42:45.767236+00:00 [queued]>
[2026-04-27T00:44:01.006+0000] {taskinstance.py:2306} INFO - Starting attempt 1 of 3
[2026-04-27T00:44:01.058+0000] {taskinstance.py:2330} INFO - Executing <Task(PythonOperator): etl_kafka> on 2026-04-27 00:42:45.767236+00:00
[2026-04-27T00:44:01.068+0000] {warnings.py:112} WARNING - /home/***/.local/lib/python3.12/site-packages/***/task/task_runner/standard_task_runner.py:61: DeprecationWarning: This process (pid=2562) is multi-threaded, use of fork() may lead to deadlocks in the child.
  pid = os.fork()

[2026-04-27T00:44:01.082+0000] {standard_task_runner.py:63} INFO - Started process 2563 to run task
[2026-04-27T00:44:01.079+0000] {standard_task_runner.py:90} INFO - Running: ['***', 'tasks', 'run', 'job_intelligent_pipeline', 'etl_kafka', 'manual__2026-04-27T00:42:45.767236+00:00', '--job-id', '70', '--raw', '--subdir', 'DAGS_FOLDER/dag_job_intelligent.py', '--cfg-path', '/tmp/tmpkui9rkxk']
[2026-04-27T00:44:01.085+0000] {standard_task_runner.py:91} INFO - Job 70: Subtask etl_kafka
[2026-04-27T00:44:01.305+0000] {task_command.py:426} INFO - Running <TaskInstance: job_intelligent_pipeline.etl_kafka manual__2026-04-27T00:42:45.767236+00:00 [running]> on host 31133b84880c
[2026-04-27T00:44:01.909+0000] {taskinstance.py:2648} INFO - Exporting env vars: AIRFLOW_CTX_DAG_OWNER='job_intelligent' AIRFLOW_CTX_DAG_ID='job_intelligent_pipeline' AIRFLOW_CTX_TASK_ID='etl_kafka' AIRFLOW_CTX_EXECUTION_DATE='2026-04-27T00:42:45.767236+00:00' AIRFLOW_CTX_TRY_NUMBER='1' AIRFLOW_CTX_DAG_RUN_ID='manual__2026-04-27T00:42:45.767236+00:00'
[2026-04-27T00:44:01.915+0000] {taskinstance.py:430} INFO - ::endgroup::
[2026-04-27T00:44:05.379+0000] {logging_mixin.py:188} INFO - [ETL] Connexion Kafka : kafka:9092
[2026-04-27T00:44:05.387+0000] {conn.py:400} INFO - <BrokerConnection client_id=kafka-python-2.3.1, node_id=bootstrap-0 host=kafka:9092 <connecting> [IPv4 ('172.18.0.3', 9092)]>: connecting to kafka:9092 [('172.18.0.3', 9092) IPv4]
[2026-04-27T00:44:05.393+0000] {conn.py:622} INFO - <BrokerConnection client_id=kafka-python-2.3.1, node_id=bootstrap-0 host=kafka:9092 <checking_api_versions_recv> [IPv4 ('172.18.0.3', 9092)]>: Broker version identified as 2.6
[2026-04-27T00:44:05.394+0000] {conn.py:461} INFO - <BrokerConnection client_id=kafka-python-2.3.1, node_id=bootstrap-0 host=kafka:9092 <connected> [IPv4 ('172.18.0.3', 9092)]>: Connection complete.
[2026-04-27T00:44:05.398+0000] {subscription_state.py:181} INFO - Updating subscribed topics to: ('raw_jobs_rekrute', 'raw_jobs_france_travail', 'raw_jobs_adzuna', 'raw_jobs_emploi_ma', 'raw_jobs_stagiaire', 'raw_jobs_marocannonces', 'raw_jobs_jobspy', 'raw_jobs_remotive')
[2026-04-27T00:44:05.401+0000] {logging_mixin.py:188} INFO - [ETL] Lecture Kafka (timeout=30s)...
[2026-04-27T00:44:05.410+0000] {conn.py:400} INFO - <BrokerConnection client_id=kafka-python-2.3.1, node_id=1 host=kafka:9092 <connecting> [IPv4 ('172.18.0.3', 9092)]>: connecting to kafka:9092 [('172.18.0.3', 9092) IPv4]
[2026-04-27T00:44:05.412+0000] {conn.py:461} INFO - <BrokerConnection client_id=kafka-python-2.3.1, node_id=1 host=kafka:9092 <connected> [IPv4 ('172.18.0.3', 9092)]>: Connection complete.
[2026-04-27T00:44:05.413+0000] {conn.py:951} INFO - <BrokerConnection client_id=kafka-python-2.3.1, node_id=bootstrap-0 host=kafka:9092 <connected> [IPv4 ('172.18.0.3', 9092)]>: Closing connection. 
[2026-04-27T00:44:05.518+0000] {cluster.py:403} INFO - Coordinator for group/***_etl_group is ('coordinator-1', 'kafka', 9092, None)
[2026-04-27T00:44:05.520+0000] {base.py:835} INFO - Discovered coordinator coordinator-1 for group ***_etl_group
[2026-04-27T00:44:05.521+0000] {base.py:895} INFO - Starting new heartbeat thread
[2026-04-27T00:44:05.523+0000] {consumer.py:379} INFO - Revoking previously assigned partitions () for group ***_etl_group
[2026-04-27T00:44:05.524+0000] {base.py:433} INFO - Failed to join group ***_etl_group: NodeNotReadyError: coordinator-1
[2026-04-27T00:44:05.527+0000] {conn.py:400} INFO - <BrokerConnection client_id=kafka-python-2.3.1, node_id=coordinator-1 host=kafka:9092 <connecting> [IPv4 ('172.18.0.3', 9092)]>: connecting to kafka:9092 [('172.18.0.3', 9092) IPv4]
[2026-04-27T00:44:05.530+0000] {conn.py:461} INFO - <BrokerConnection client_id=kafka-python-2.3.1, node_id=coordinator-1 host=kafka:9092 <connected> [IPv4 ('172.18.0.3', 9092)]>: Connection complete.
[2026-04-27T00:44:05.635+0000] {base.py:546} INFO - (Re-)joining group ***_etl_group
[2026-04-27T00:44:05.671+0000] {base.py:661} INFO - Received member id kafka-python-2.3.1-9c6a9838-c932-48e4-a3ed-a705da95a342 for group ***_etl_group; will retry join-group
[2026-04-27T00:44:05.681+0000] {base.py:433} INFO - Failed to join group ***_etl_group: [Error 79] MemberIdRequiredError
[2026-04-27T00:44:05.693+0000] {base.py:546} INFO - (Re-)joining group ***_etl_group
[2026-04-27T00:44:05.712+0000] {base.py:617} INFO - Successfully joined group ***_etl_group <Generation 1 (member_id: kafka-python-2.3.1-9c6a9838-c932-48e4-a3ed-a705da95a342, protocol: range)>
[2026-04-27T00:44:05.714+0000] {base.py:619} INFO - Elected group leader -- performing partition assignments using range
[2026-04-27T00:44:05.746+0000] {subscription_state.py:254} INFO - Updated partition assignment: [('raw_jobs_adzuna', 0), ('raw_jobs_emploi_ma', 0), ('raw_jobs_france_travail', 0), ('raw_jobs_jobspy', 0), ('raw_jobs_marocannonces', 0), ('raw_jobs_rekrute', 0), ('raw_jobs_remotive', 0), ('raw_jobs_stagiaire', 0)]
[2026-04-27T00:44:05.758+0000] {consumer.py:260} INFO - Setting newly assigned partitions (('raw_jobs_remotive', 0), ('raw_jobs_jobspy', 0), ('raw_jobs_france_travail', 0), ('raw_jobs_marocannonces', 0), ('raw_jobs_stagiaire', 0), ('raw_jobs_rekrute', 0), ('raw_jobs_adzuna', 0), ('raw_jobs_emploi_ma', 0)) for group ***_etl_group
[2026-04-27T00:44:05.798+0000] {fetcher.py:419} INFO - Resetting offset for partition ('raw_jobs_remotive', 0) to offset 0.
[2026-04-27T00:44:05.861+0000] {fetcher.py:419} INFO - Resetting offset for partition ('raw_jobs_jobspy', 0) to offset 0.
[2026-04-27T00:44:05.893+0000] {fetcher.py:419} INFO - Resetting offset for partition ('raw_jobs_france_travail', 0) to offset 0.
[2026-04-27T00:44:05.926+0000] {fetcher.py:419} INFO - Resetting offset for partition ('raw_jobs_marocannonces', 0) to offset 0.
[2026-04-27T00:44:05.941+0000] {fetcher.py:419} INFO - Resetting offset for partition ('raw_jobs_stagiaire', 0) to offset 0.
[2026-04-27T00:44:05.957+0000] {fetcher.py:419} INFO - Resetting offset for partition ('raw_jobs_rekrute', 0) to offset 0.
[2026-04-27T00:44:05.958+0000] {fetcher.py:419} INFO - Resetting offset for partition ('raw_jobs_adzuna', 0) to offset 0.
[2026-04-27T00:44:05.960+0000] {fetcher.py:419} INFO - Resetting offset for partition ('raw_jobs_emploi_ma', 0) to offset 0.
[2026-04-27T00:44:06.504+0000] {logging_mixin.py:188} INFO - [ETL] Batch : 49 uniques | 1 doublons
[2026-04-27T00:44:06.690+0000] {logging_mixin.py:188} INFO - [ETL] Batch : 49 uniques | 1 doublons
[2026-04-27T00:44:06.727+0000] {taskinstance.py:441} INFO - ::group::Post task execution logs
[2026-04-27T00:44:06.729+0000] {taskinstance.py:2905} ERROR - Task failed with exception
Traceback (most recent call last):
  File "/opt/airflow/dags/dag_job_intelligent.py", line 191, in task_etl_kafka
    total_charge += _process_etl_batch(
                    ^^^^^^^^^^^^^^^^^^^
  File "/opt/airflow/dags/dag_job_intelligent.py", line 150, in _process_etl_batch
    save_silver_minio(src_offres, src)
  File "/app/scripts/etl_transform.py", line 147, in save_silver_minio
    minio_client.fput_object(MINIO_BUCKET_SILVER, file_name, tmp_path)
  File "/home/airflow/.local/lib/python3.12/site-packages/minio/api.py", line 1054, in fput_object
    return self.put_object(
           ^^^^^^^^^^^^^^^^
  File "/home/airflow/.local/lib/python3.12/site-packages/minio/api.py", line 2015, in put_object
    raise exc
  File "/home/airflow/.local/lib/python3.12/site-packages/minio/api.py", line 1960, in put_object
    return self._put_object(
           ^^^^^^^^^^^^^^^^^
  File "/home/airflow/.local/lib/python3.12/site-packages/minio/api.py", line 1789, in _put_object
    response = self._execute(
               ^^^^^^^^^^^^^^
  File "/home/airflow/.local/lib/python3.12/site-packages/minio/api.py", line 441, in _execute
    region = self._get_region(bucket_name)
             ^^^^^^^^^^^^^^^^^^^^^^^^^^^^^
  File "/home/airflow/.local/lib/python3.12/site-packages/minio/api.py", line 498, in _get_region
    response = self._url_open(
               ^^^^^^^^^^^^^^^
  File "/home/airflow/.local/lib/python3.12/site-packages/minio/api.py", line 427, in _url_open
    raise response_error
minio.error.S3Error: S3 operation failed; code: SignatureDoesNotMatch, message: The request signature we calculated does not match the signature you provided. Check your key and signing method., resource: /silver, request_id: 18AA100BF6EFC52D, host_id: dd9025bab4ad464b049177c95eb6ebf374d3b3fd1af9251148b658df7ac2e3e8, bucket_name: silver

During handling of the above exception, another exception occurred:

Traceback (most recent call last):
  File "/home/airflow/.local/lib/python3.12/site-packages/airflow/models/taskinstance.py", line 460, in _execute_task
    result = _execute_callable(context=context, **execute_callable_kwargs)
             ^^^^^^^^^^^^^^^^^^^^^^^^^^^^^^^^^^^^^^^^^^^^^^^^^^^^^^^^^^^^^
  File "/home/airflow/.local/lib/python3.12/site-packages/airflow/models/taskinstance.py", line 432, in _execute_callable
    return execute_callable(context=context, **execute_callable_kwargs)
           ^^^^^^^^^^^^^^^^^^^^^^^^^^^^^^^^^^^^^^^^^^^^^^^^^^^^^^^^^^^^
  File "/home/airflow/.local/lib/python3.12/site-packages/airflow/models/baseoperator.py", line 401, in wrapper
    return func(self, *args, **kwargs)
           ^^^^^^^^^^^^^^^^^^^^^^^^^^^
  File "/home/airflow/.local/lib/python3.12/site-packages/airflow/operators/python.py", line 235, in execute
    return_value = self.execute_callable()
                   ^^^^^^^^^^^^^^^^^^^^^^^
  File "/home/airflow/.local/lib/python3.12/site-packages/airflow/operators/python.py", line 252, in execute_callable
    return self.python_callable(*self.op_args, **self.op_kwargs)
           ^^^^^^^^^^^^^^^^^^^^^^^^^^^^^^^^^^^^^^^^^^^^^^^^^^^^^
  File "/opt/airflow/dags/dag_job_intelligent.py", line 202, in task_etl_kafka
    total_charge += _process_etl_batch(
                    ^^^^^^^^^^^^^^^^^^^
  File "/opt/airflow/dags/dag_job_intelligent.py", line 150, in _process_etl_batch
    save_silver_minio(src_offres, src)
  File "/app/scripts/etl_transform.py", line 147, in save_silver_minio
    minio_client.fput_object(MINIO_BUCKET_SILVER, file_name, tmp_path)
  File "/home/airflow/.local/lib/python3.12/site-packages/minio/api.py", line 1054, in fput_object
    return self.put_object(
           ^^^^^^^^^^^^^^^^
  File "/home/airflow/.local/lib/python3.12/site-packages/minio/api.py", line 2015, in put_object
    raise exc
  File "/home/airflow/.local/lib/python3.12/site-packages/minio/api.py", line 1960, in put_object
    return self._put_object(
           ^^^^^^^^^^^^^^^^^
  File "/home/airflow/.local/lib/python3.12/site-packages/minio/api.py", line 1789, in _put_object
    response = self._execute(
               ^^^^^^^^^^^^^^
  File "/home/airflow/.local/lib/python3.12/site-packages/minio/api.py", line 441, in _execute
    region = self._get_region(bucket_name)
             ^^^^^^^^^^^^^^^^^^^^^^^^^^^^^
  File "/home/airflow/.local/lib/python3.12/site-packages/minio/api.py", line 498, in _get_region
    response = self._url_open(
               ^^^^^^^^^^^^^^^
  File "/home/airflow/.local/lib/python3.12/site-packages/minio/api.py", line 427, in _url_open
    raise response_error
minio.error.S3Error: S3 operation failed; code: SignatureDoesNotMatch, message: The request signature we calculated does not match the signature you provided. Check your key and signing method., resource: /silver, request_id: 18AA100C028F17D1, host_id: dd9025bab4ad464b049177c95eb6ebf374d3b3fd1af9251148b658df7ac2e3e8, bucket_name: silver
[2026-04-27T00:44:06.846+0000] {taskinstance.py:1206} INFO - Marking task as UP_FOR_RETRY. dag_id=job_intelligent_pipeline, task_id=etl_kafka, run_id=manual__2026-04-27T00:42:45.767236+00:00, execution_date=20260427T004245, start_date=20260427T004400, end_date=20260427T004406
[2026-04-27T00:44:06.915+0000] {standard_task_runner.py:110} ERROR - Failed to execute job 70 for task etl_kafka (S3 operation failed; code: SignatureDoesNotMatch, message: The request signature we calculated does not match the signature you provided. Check your key and signing method., resource: /silver, request_id: 18AA100C028F17D1, host_id: dd9025bab4ad464b049177c95eb6ebf374d3b3fd1af9251148b658df7ac2e3e8, bucket_name: silver; 2563)
[2026-04-27T00:44:07.041+0000] {local_task_job_runner.py:240} INFO - Task exited with return code 1
[2026-04-27T00:44:07.253+0000] {taskinstance.py:3503} INFO - 0 downstream tasks scheduled from follow-on schedule check
[2026-04-27T00:44:07.267+0000] {local_task_job_runner.py:222} INFO - ::endgroup::
