[2026-05-11T10:30:29.826+0000] {local_task_job_runner.py:120} INFO - ::group::Pre task execution logs
[2026-05-11T10:30:30.063+0000] {taskinstance.py:2076} INFO - Dependencies all met for dep_context=non-requeueable deps ti=<TaskInstance: job_intelligent_pipeline_simple.wait_scraping scheduled__2026-05-10T06:00:00+00:00 [queued]>
[2026-05-11T10:30:30.207+0000] {taskinstance.py:2076} INFO - Dependencies all met for dep_context=requeueable deps ti=<TaskInstance: job_intelligent_pipeline_simple.wait_scraping scheduled__2026-05-10T06:00:00+00:00 [queued]>
[2026-05-11T10:30:30.221+0000] {taskinstance.py:2306} INFO - Starting attempt 1 of 3
[2026-05-11T10:30:30.453+0000] {taskinstance.py:2330} INFO - Executing <Task(PythonOperator): wait_scraping> on 2026-05-10 06:00:00+00:00
[2026-05-11T10:30:30.476+0000] {warnings.py:112} WARNING - /home/***/.local/lib/python3.12/site-packages/***/task/task_runner/standard_task_runner.py:61: DeprecationWarning: This process (pid=255) is multi-threaded, use of fork() may lead to deadlocks in the child.
  pid = os.fork()

[2026-05-11T10:30:30.500+0000] {standard_task_runner.py:63} INFO - Started process 256 to run task
[2026-05-11T10:30:30.561+0000] {standard_task_runner.py:90} INFO - Running: ['***', 'tasks', 'run', 'job_intelligent_pipeline_simple', 'wait_scraping', 'scheduled__2026-05-10T06:00:00+00:00', '--job-id', '494', '--raw', '--subdir', 'DAGS_FOLDER/__pycache__/job_intelligent_pipeline.py', '--cfg-path', '/tmp/tmp_4pw_qq3']
[2026-05-11T10:30:30.580+0000] {standard_task_runner.py:91} INFO - Job 494: Subtask wait_scraping
[2026-05-11T10:30:31.143+0000] {task_command.py:426} INFO - Running <TaskInstance: job_intelligent_pipeline_simple.wait_scraping scheduled__2026-05-10T06:00:00+00:00 [running]> on host 895ca0ce75a2
[2026-05-11T10:30:32.076+0000] {taskinstance.py:2648} INFO - Exporting env vars: AIRFLOW_CTX_DAG_OWNER='job_intelligent' AIRFLOW_CTX_DAG_ID='job_intelligent_pipeline_simple' AIRFLOW_CTX_TASK_ID='wait_scraping' AIRFLOW_CTX_EXECUTION_DATE='2026-05-10T06:00:00+00:00' AIRFLOW_CTX_TRY_NUMBER='1' AIRFLOW_CTX_DAG_RUN_ID='scheduled__2026-05-10T06:00:00+00:00'
[2026-05-11T10:30:32.092+0000] {taskinstance.py:430} INFO - ::endgroup::
[2026-05-11T10:30:32.163+0000] {logging_mixin.py:188} INFO - [Wait] Attente 10s pour laisser les scrapers finir leurs écritures MinIO...
[2026-05-11T10:30:42.168+0000] {python.py:237} INFO - Done. Returned value was: None
[2026-05-11T10:30:42.173+0000] {taskinstance.py:441} INFO - ::group::Post task execution logs
[2026-05-11T10:30:42.228+0000] {taskinstance.py:1206} INFO - Marking task as SUCCESS. dag_id=job_intelligent_pipeline_simple, task_id=wait_scraping, run_id=scheduled__2026-05-10T06:00:00+00:00, execution_date=20260510T060000, start_date=20260511T103030, end_date=20260511T103042
[2026-05-11T10:30:42.401+0000] {local_task_job_runner.py:240} INFO - Task exited with return code 0
[2026-05-11T10:30:42.506+0000] {taskinstance.py:3503} INFO - 1 downstream tasks scheduled from follow-on schedule check
[2026-05-11T10:30:42.518+0000] {local_task_job_runner.py:222} INFO - ::endgroup::
