[2026-05-09T01:27:35.850+0000] {local_task_job_runner.py:120} INFO - ::group::Pre task execution logs
[2026-05-09T01:27:36.140+0000] {taskinstance.py:2076} INFO - Dependencies all met for dep_context=non-requeueable deps ti=<TaskInstance: job_intelligent_pipeline.scrape_france_travail manual__2026-05-09T01:22:12.144871+00:00 [queued]>
[2026-05-09T01:27:36.163+0000] {taskinstance.py:2076} INFO - Dependencies all met for dep_context=requeueable deps ti=<TaskInstance: job_intelligent_pipeline.scrape_france_travail manual__2026-05-09T01:22:12.144871+00:00 [queued]>
[2026-05-09T01:27:36.164+0000] {taskinstance.py:2306} INFO - Starting attempt 2 of 3
[2026-05-09T01:27:36.204+0000] {taskinstance.py:2330} INFO - Executing <Task(PythonOperator): scrape_france_travail> on 2026-05-09 01:22:12.144871+00:00
[2026-05-09T01:27:36.212+0000] {warnings.py:112} WARNING - /home/***/.local/lib/python3.12/site-packages/***/task/task_runner/standard_task_runner.py:61: DeprecationWarning: This process (pid=197) is multi-threaded, use of fork() may lead to deadlocks in the child.
  pid = os.fork()

[2026-05-09T01:27:36.216+0000] {standard_task_runner.py:63} INFO - Started process 200 to run task
[2026-05-09T01:27:36.221+0000] {standard_task_runner.py:90} INFO - Running: ['***', 'tasks', 'run', 'job_intelligent_pipeline', 'scrape_france_travail', 'manual__2026-05-09T01:22:12.144871+00:00', '--job-id', '479', '--raw', '--subdir', 'DAGS_FOLDER/dag_job_intelligent.py', '--cfg-path', '/tmp/tmpqku4krfl']
[2026-05-09T01:27:36.223+0000] {standard_task_runner.py:91} INFO - Job 479: Subtask scrape_france_travail
[2026-05-09T01:27:36.377+0000] {task_command.py:426} INFO - Running <TaskInstance: job_intelligent_pipeline.scrape_france_travail manual__2026-05-09T01:22:12.144871+00:00 [running]> on host 77013bebea01
[2026-05-09T01:27:36.717+0000] {taskinstance.py:2648} INFO - Exporting env vars: AIRFLOW_CTX_DAG_OWNER='job_intelligent' AIRFLOW_CTX_DAG_ID='job_intelligent_pipeline' AIRFLOW_CTX_TASK_ID='scrape_france_travail' AIRFLOW_CTX_EXECUTION_DATE='2026-05-09T01:22:12.144871+00:00' AIRFLOW_CTX_TRY_NUMBER='2' AIRFLOW_CTX_DAG_RUN_ID='manual__2026-05-09T01:22:12.144871+00:00'
[2026-05-09T01:27:36.728+0000] {taskinstance.py:430} INFO - ::endgroup::
[2026-05-09T01:27:36.836+0000] {logging_mixin.py:188} INFO - [Scraping] POST http://scraper_api:8000/scrape/france_travail
[2026-05-09T01:27:40.583+0000] {logging_mixin.py:188} INFO - [Scraping] FranceTravail erreur : HTTPConnectionPool(host='scraper_api', port=8000): Max retries exceeded with url: /scrape/france_travail (Caused by NameResolutionError("<urllib3.connection.HTTPConnection object at 0x7f929ff1fc80>: Failed to resolve 'scraper_api' ([Errno -2] Name or service not known)"))
[2026-05-09T01:27:40.608+0000] {logging_mixin.py:188} INFO - [Scraping] FranceTravail : {'status': 'erreur', 'message': 'HTTPConnectionPool(host=\'scraper_api\', port=8000): Max retries exceeded with url: /scrape/france_travail (Caused by NameResolutionError("<urllib3.connection.HTTPConnection object at 0x7f929ff1fc80>: Failed to resolve \'scraper_api\' ([Errno -2] Name or service not known)"))'}
[2026-05-09T01:27:40.676+0000] {python.py:237} INFO - Done. Returned value was: {'status': 'erreur', 'message': 'HTTPConnectionPool(host=\'scraper_api\', port=8000): Max retries exceeded with url: /scrape/france_travail (Caused by NameResolutionError("<urllib3.connection.HTTPConnection object at 0x7f929ff1fc80>: Failed to resolve \'scraper_api\' ([Errno -2] Name or service not known)"))'}
[2026-05-09T01:27:40.677+0000] {taskinstance.py:441} INFO - ::group::Post task execution logs
[2026-05-09T01:27:40.824+0000] {taskinstance.py:1206} INFO - Marking task as SUCCESS. dag_id=job_intelligent_pipeline, task_id=scrape_france_travail, run_id=manual__2026-05-09T01:22:12.144871+00:00, execution_date=20260509T012212, start_date=20260509T012736, end_date=20260509T012740
[2026-05-09T01:27:40.981+0000] {local_task_job_runner.py:240} INFO - Task exited with return code 0
[2026-05-09T01:27:41.109+0000] {local_task_job_runner.py:222} INFO - ::endgroup::
