[2026-05-16T21:22:43.745+0000] {local_task_job_runner.py:120} INFO - ::group::Pre task execution logs
[2026-05-16T21:22:43.845+0000] {taskinstance.py:2076} INFO - Dependencies all met for dep_context=non-requeueable deps ti=<TaskInstance: job_intelligent_pipeline_simplified.scrape_france_travail scheduled__2026-05-15T06:00:00+00:00 [queued]>
[2026-05-16T21:22:43.922+0000] {taskinstance.py:2076} INFO - Dependencies all met for dep_context=requeueable deps ti=<TaskInstance: job_intelligent_pipeline_simplified.scrape_france_travail scheduled__2026-05-15T06:00:00+00:00 [queued]>
[2026-05-16T21:22:43.982+0000] {taskinstance.py:2306} INFO - Starting attempt 1 of 3
[2026-05-16T21:22:44.240+0000] {taskinstance.py:2330} INFO - Executing <Task(PythonOperator): scrape_france_travail> on 2026-05-15 06:00:00+00:00
[2026-05-16T21:22:44.432+0000] {warnings.py:110} WARNING - /home/***/.local/lib/python3.12/site-packages/***/task/task_runner/standard_task_runner.py:61: DeprecationWarning: This process (pid=67) is multi-threaded, use of fork() may lead to deadlocks in the child.
  pid = os.fork()

[2026-05-16T21:22:44.496+0000] {standard_task_runner.py:63} INFO - Started process 70 to run task
[2026-05-16T21:22:44.516+0000] {standard_task_runner.py:90} INFO - Running: ['***', 'tasks', 'run', 'job_intelligent_pipeline_simplified', 'scrape_france_travail', 'scheduled__2026-05-15T06:00:00+00:00', '--job-id', '20', '--raw', '--subdir', 'DAGS_FOLDER/__pycache__/job_intelligent_pipeline.py', '--cfg-path', '/tmp/tmpyioz5aq3']
[2026-05-16T21:22:44.528+0000] {standard_task_runner.py:91} INFO - Job 20: Subtask scrape_france_travail
[2026-05-16T21:22:45.521+0000] {task_command.py:426} INFO - Running <TaskInstance: job_intelligent_pipeline_simplified.scrape_france_travail scheduled__2026-05-15T06:00:00+00:00 [running]> on host c9d1e3783718
[2026-05-16T21:22:46.775+0000] {taskinstance.py:2648} INFO - Exporting env vars: AIRFLOW_CTX_DAG_OWNER='job_intelligent' AIRFLOW_CTX_DAG_ID='job_intelligent_pipeline_simplified' AIRFLOW_CTX_TASK_ID='scrape_france_travail' AIRFLOW_CTX_EXECUTION_DATE='2026-05-15T06:00:00+00:00' AIRFLOW_CTX_TRY_NUMBER='1' AIRFLOW_CTX_DAG_RUN_ID='scheduled__2026-05-15T06:00:00+00:00'
[2026-05-16T21:22:46.789+0000] {taskinstance.py:430} INFO - ::endgroup::
[2026-05-16T21:22:47.355+0000] {logging_mixin.py:188} INFO - [Scraping] POST http://scraper-api:8000/scrape/france_travail
[2026-05-16T21:23:17.984+0000] {logging_mixin.py:188} INFO - [Scraping] FranceTravail erreur : HTTPConnectionPool(host='scraper-api', port=8000): Read timed out. (read timeout=30)
[2026-05-16T21:23:18.017+0000] {logging_mixin.py:188} INFO - [Scraping] FranceTravail : {'status': 'erreur', 'message': "HTTPConnectionPool(host='scraper-api', port=8000): Read timed out. (read timeout=30)"}
[2026-05-16T21:23:19.152+0000] {python.py:237} INFO - Done. Returned value was: {'status': 'erreur', 'message': "HTTPConnectionPool(host='scraper-api', port=8000): Read timed out. (read timeout=30)"}
[2026-05-16T21:23:19.211+0000] {taskinstance.py:441} INFO - ::group::Post task execution logs
[2026-05-16T21:23:20.293+0000] {taskinstance.py:1206} INFO - Marking task as SUCCESS. dag_id=job_intelligent_pipeline_simplified, task_id=scrape_france_travail, run_id=scheduled__2026-05-15T06:00:00+00:00, execution_date=20260515T060000, start_date=20260516T212243, end_date=20260516T212320
[2026-05-16T21:23:21.519+0000] {local_task_job_runner.py:240} INFO - Task exited with return code 0
[2026-05-16T21:23:21.720+0000] {local_task_job_runner.py:222} INFO - ::endgroup::
