[2026-05-01T08:31:28.196+0000] {local_task_job_runner.py:120} INFO - ::group::Pre task execution logs
[2026-05-01T08:31:28.482+0000] {taskinstance.py:2076} INFO - Dependencies all met for dep_context=non-requeueable deps ti=<TaskInstance: job_intelligent_pipeline.scrape_france_travail manual__2026-04-30T21:39:03.179839+00:00 [queued]>
[2026-05-01T08:31:28.709+0000] {taskinstance.py:2076} INFO - Dependencies all met for dep_context=requeueable deps ti=<TaskInstance: job_intelligent_pipeline.scrape_france_travail manual__2026-04-30T21:39:03.179839+00:00 [queued]>
[2026-05-01T08:31:28.711+0000] {taskinstance.py:2306} INFO - Starting attempt 1 of 3
[2026-05-01T08:31:29.029+0000] {taskinstance.py:2330} INFO - Executing <Task(PythonOperator): scrape_france_travail> on 2026-04-30 21:39:03.179839+00:00
[2026-05-01T08:31:29.045+0000] {warnings.py:112} WARNING - /home/***/.local/lib/python3.12/site-packages/***/task/task_runner/standard_task_runner.py:61: DeprecationWarning: This process (pid=999) is multi-threaded, use of fork() may lead to deadlocks in the child.
  pid = os.fork()

[2026-05-01T08:31:29.058+0000] {standard_task_runner.py:63} INFO - Started process 1001 to run task
[2026-05-01T08:31:29.051+0000] {standard_task_runner.py:90} INFO - Running: ['***', 'tasks', 'run', 'job_intelligent_pipeline', 'scrape_france_travail', 'manual__2026-04-30T21:39:03.179839+00:00', '--job-id', '358', '--raw', '--subdir', 'DAGS_FOLDER/dag_job_intelligent.py', '--cfg-path', '/tmp/tmpamt80n09']
[2026-05-01T08:31:29.083+0000] {standard_task_runner.py:91} INFO - Job 358: Subtask scrape_france_travail
[2026-05-01T08:31:29.563+0000] {task_command.py:426} INFO - Running <TaskInstance: job_intelligent_pipeline.scrape_france_travail manual__2026-04-30T21:39:03.179839+00:00 [running]> on host d93ea64f61e7
[2026-05-01T08:31:30.695+0000] {taskinstance.py:2648} INFO - Exporting env vars: AIRFLOW_CTX_DAG_OWNER='job_intelligent' AIRFLOW_CTX_DAG_ID='job_intelligent_pipeline' AIRFLOW_CTX_TASK_ID='scrape_france_travail' AIRFLOW_CTX_EXECUTION_DATE='2026-04-30T21:39:03.179839+00:00' AIRFLOW_CTX_TRY_NUMBER='1' AIRFLOW_CTX_DAG_RUN_ID='manual__2026-04-30T21:39:03.179839+00:00'
[2026-05-01T08:31:30.716+0000] {taskinstance.py:430} INFO - ::endgroup::
[2026-05-01T08:31:31.114+0000] {logging_mixin.py:188} INFO - [Scraping] POST http://scraper_api:8000/scraper/france_travail
[2026-05-01T08:31:34.610+0000] {logging_mixin.py:188} INFO - [Scraping] FranceTravail erreur : HTTPConnectionPool(host='scraper_api', port=8000): Max retries exceeded with url: /scraper/france_travail (Caused by NameResolutionError("<urllib3.connection.HTTPConnection object at 0x7fc2ac35dcd0>: Failed to resolve 'scraper_api' ([Errno -2] Name or service not known)"))
[2026-05-01T08:31:34.623+0000] {logging_mixin.py:188} INFO - [Scraping] FranceTravail : {'status': 'erreur', 'message': 'HTTPConnectionPool(host=\'scraper_api\', port=8000): Max retries exceeded with url: /scraper/france_travail (Caused by NameResolutionError("<urllib3.connection.HTTPConnection object at 0x7fc2ac35dcd0>: Failed to resolve \'scraper_api\' ([Errno -2] Name or service not known)"))'}
[2026-05-01T08:31:34.748+0000] {python.py:237} INFO - Done. Returned value was: {'status': 'erreur', 'message': 'HTTPConnectionPool(host=\'scraper_api\', port=8000): Max retries exceeded with url: /scraper/france_travail (Caused by NameResolutionError("<urllib3.connection.HTTPConnection object at 0x7fc2ac35dcd0>: Failed to resolve \'scraper_api\' ([Errno -2] Name or service not known)"))'}
[2026-05-01T08:31:34.752+0000] {taskinstance.py:441} INFO - ::group::Post task execution logs
[2026-05-01T08:31:34.890+0000] {taskinstance.py:1206} INFO - Marking task as SUCCESS. dag_id=job_intelligent_pipeline, task_id=scrape_france_travail, run_id=manual__2026-04-30T21:39:03.179839+00:00, execution_date=20260430T213903, start_date=20260501T083128, end_date=20260501T083134
[2026-05-01T08:31:35.138+0000] {local_task_job_runner.py:240} INFO - Task exited with return code 0
[2026-05-01T08:31:35.336+0000] {taskinstance.py:3503} INFO - 0 downstream tasks scheduled from follow-on schedule check
[2026-05-01T08:31:35.370+0000] {local_task_job_runner.py:222} INFO - ::endgroup::
