[2026-05-11T10:43:03.785+0000] {local_task_job_runner.py:120} INFO - ::group::Pre task execution logs
[2026-05-11T10:43:04.246+0000] {taskinstance.py:2076} INFO - Dependencies all met for dep_context=non-requeueable deps ti=<TaskInstance: job_intelligent_pipeline_simplified.scrape_france_travail scheduled__2026-05-10T06:00:00+00:00 [queued]>
[2026-05-11T10:43:04.325+0000] {taskinstance.py:2076} INFO - Dependencies all met for dep_context=requeueable deps ti=<TaskInstance: job_intelligent_pipeline_simplified.scrape_france_travail scheduled__2026-05-10T06:00:00+00:00 [queued]>
[2026-05-11T10:43:04.340+0000] {taskinstance.py:2306} INFO - Starting attempt 1 of 3
[2026-05-11T10:43:04.447+0000] {taskinstance.py:2330} INFO - Executing <Task(PythonOperator): scrape_france_travail> on 2026-05-10 06:00:00+00:00
[2026-05-11T10:43:04.459+0000] {warnings.py:112} WARNING - /home/***/.local/lib/python3.12/site-packages/***/task/task_runner/standard_task_runner.py:61: DeprecationWarning: This process (pid=441) is multi-threaded, use of fork() may lead to deadlocks in the child.
  pid = os.fork()

[2026-05-11T10:43:04.464+0000] {standard_task_runner.py:63} INFO - Started process 444 to run task
[2026-05-11T10:43:04.462+0000] {standard_task_runner.py:90} INFO - Running: ['***', 'tasks', 'run', 'job_intelligent_pipeline_simplified', 'scrape_france_travail', 'scheduled__2026-05-10T06:00:00+00:00', '--job-id', '501', '--raw', '--subdir', 'DAGS_FOLDER/__pycache__/job_intelligent_pipeline.py', '--cfg-path', '/tmp/tmpnb6xkbqi']
[2026-05-11T10:43:04.474+0000] {standard_task_runner.py:91} INFO - Job 501: Subtask scrape_france_travail
[2026-05-11T10:43:04.676+0000] {task_command.py:426} INFO - Running <TaskInstance: job_intelligent_pipeline_simplified.scrape_france_travail scheduled__2026-05-10T06:00:00+00:00 [running]> on host 895ca0ce75a2
[2026-05-11T10:43:05.860+0000] {taskinstance.py:2648} INFO - Exporting env vars: AIRFLOW_CTX_DAG_OWNER='job_intelligent' AIRFLOW_CTX_DAG_ID='job_intelligent_pipeline_simplified' AIRFLOW_CTX_TASK_ID='scrape_france_travail' AIRFLOW_CTX_EXECUTION_DATE='2026-05-10T06:00:00+00:00' AIRFLOW_CTX_TRY_NUMBER='1' AIRFLOW_CTX_DAG_RUN_ID='scheduled__2026-05-10T06:00:00+00:00'
[2026-05-11T10:43:05.867+0000] {taskinstance.py:430} INFO - ::endgroup::
[2026-05-11T10:43:06.004+0000] {logging_mixin.py:188} INFO - [Scraping] POST http://scraper_api:8000/scrape/france_travail
[2026-05-11T10:43:09.341+0000] {logging_mixin.py:188} INFO - [Scraping] FranceTravail erreur : HTTPConnectionPool(host='scraper_api', port=8000): Max retries exceeded with url: /scrape/france_travail (Caused by NameResolutionError("<urllib3.connection.HTTPConnection object at 0x7fd2d333c590>: Failed to resolve 'scraper_api' ([Errno -2] Name or service not known)"))
[2026-05-11T10:43:09.343+0000] {logging_mixin.py:188} INFO - [Scraping] FranceTravail : {'status': 'erreur', 'message': 'HTTPConnectionPool(host=\'scraper_api\', port=8000): Max retries exceeded with url: /scrape/france_travail (Caused by NameResolutionError("<urllib3.connection.HTTPConnection object at 0x7fd2d333c590>: Failed to resolve \'scraper_api\' ([Errno -2] Name or service not known)"))'}
[2026-05-11T10:43:09.404+0000] {python.py:237} INFO - Done. Returned value was: {'status': 'erreur', 'message': 'HTTPConnectionPool(host=\'scraper_api\', port=8000): Max retries exceeded with url: /scrape/france_travail (Caused by NameResolutionError("<urllib3.connection.HTTPConnection object at 0x7fd2d333c590>: Failed to resolve \'scraper_api\' ([Errno -2] Name or service not known)"))'}
[2026-05-11T10:43:09.405+0000] {taskinstance.py:441} INFO - ::group::Post task execution logs
[2026-05-11T10:43:09.486+0000] {taskinstance.py:1206} INFO - Marking task as SUCCESS. dag_id=job_intelligent_pipeline_simplified, task_id=scrape_france_travail, run_id=scheduled__2026-05-10T06:00:00+00:00, execution_date=20260510T060000, start_date=20260511T104304, end_date=20260511T104309
[2026-05-11T10:43:09.641+0000] {local_task_job_runner.py:240} INFO - Task exited with return code 0
[2026-05-11T10:43:09.683+0000] {local_task_job_runner.py:222} INFO - ::endgroup::
[2026-05-11T15:04:11.976+0000] {local_task_job_runner.py:120} INFO - ::group::Pre task execution logs
[2026-05-11T15:04:12.127+0000] {taskinstance.py:2076} INFO - Dependencies all met for dep_context=non-requeueable deps ti=<TaskInstance: job_intelligent_pipeline_simplified.scrape_france_travail scheduled__2026-05-10T06:00:00+00:00 [queued]>
[2026-05-11T15:04:12.185+0000] {taskinstance.py:2076} INFO - Dependencies all met for dep_context=requeueable deps ti=<TaskInstance: job_intelligent_pipeline_simplified.scrape_france_travail scheduled__2026-05-10T06:00:00+00:00 [queued]>
[2026-05-11T15:04:12.187+0000] {taskinstance.py:2306} INFO - Starting attempt 1 of 3
[2026-05-11T15:04:12.235+0000] {taskinstance.py:2330} INFO - Executing <Task(PythonOperator): scrape_france_travail> on 2026-05-10 06:00:00+00:00
[2026-05-11T15:04:12.251+0000] {warnings.py:110} WARNING - /home/***/.local/lib/python3.12/site-packages/***/task/task_runner/standard_task_runner.py:61: DeprecationWarning: This process (pid=1386) is multi-threaded, use of fork() may lead to deadlocks in the child.
  pid = os.fork()

[2026-05-11T15:04:12.259+0000] {standard_task_runner.py:90} INFO - Running: ['***', 'tasks', 'run', 'job_intelligent_pipeline_simplified', 'scrape_france_travail', 'scheduled__2026-05-10T06:00:00+00:00', '--job-id', '7', '--raw', '--subdir', 'DAGS_FOLDER/__pycache__/job_intelligent_pipeline.py', '--cfg-path', '/tmp/tmpq3m2vtv8']
[2026-05-11T15:04:12.266+0000] {standard_task_runner.py:63} INFO - Started process 1389 to run task
[2026-05-11T15:04:12.266+0000] {standard_task_runner.py:91} INFO - Job 7: Subtask scrape_france_travail
[2026-05-11T15:04:12.749+0000] {task_command.py:426} INFO - Running <TaskInstance: job_intelligent_pipeline_simplified.scrape_france_travail scheduled__2026-05-10T06:00:00+00:00 [running]> on host 7282f04bb408
[2026-05-11T15:04:13.268+0000] {taskinstance.py:2648} INFO - Exporting env vars: AIRFLOW_CTX_DAG_OWNER='job_intelligent' AIRFLOW_CTX_DAG_ID='job_intelligent_pipeline_simplified' AIRFLOW_CTX_TASK_ID='scrape_france_travail' AIRFLOW_CTX_EXECUTION_DATE='2026-05-10T06:00:00+00:00' AIRFLOW_CTX_TRY_NUMBER='1' AIRFLOW_CTX_DAG_RUN_ID='scheduled__2026-05-10T06:00:00+00:00'
[2026-05-11T15:04:13.271+0000] {taskinstance.py:430} INFO - ::endgroup::
[2026-05-11T15:04:13.336+0000] {logging_mixin.py:188} INFO - [Scraping] POST http://scraper_api:8000/scrape/france_travail
[2026-05-11T15:04:16.847+0000] {logging_mixin.py:188} INFO - [Scraping] FranceTravail erreur : HTTPConnectionPool(host='scraper_api', port=8000): Max retries exceeded with url: /scrape/france_travail (Caused by NameResolutionError("<urllib3.connection.HTTPConnection object at 0x7be7c0d0e210>: Failed to resolve 'scraper_api' ([Errno -2] Name or service not known)"))
[2026-05-11T15:04:16.849+0000] {logging_mixin.py:188} INFO - [Scraping] FranceTravail : {'status': 'erreur', 'message': 'HTTPConnectionPool(host=\'scraper_api\', port=8000): Max retries exceeded with url: /scrape/france_travail (Caused by NameResolutionError("<urllib3.connection.HTTPConnection object at 0x7be7c0d0e210>: Failed to resolve \'scraper_api\' ([Errno -2] Name or service not known)"))'}
[2026-05-11T15:04:17.140+0000] {python.py:237} INFO - Done. Returned value was: {'status': 'erreur', 'message': 'HTTPConnectionPool(host=\'scraper_api\', port=8000): Max retries exceeded with url: /scrape/france_travail (Caused by NameResolutionError("<urllib3.connection.HTTPConnection object at 0x7be7c0d0e210>: Failed to resolve \'scraper_api\' ([Errno -2] Name or service not known)"))'}
[2026-05-11T15:04:17.157+0000] {taskinstance.py:441} INFO - ::group::Post task execution logs
[2026-05-11T15:04:17.690+0000] {taskinstance.py:1206} INFO - Marking task as SUCCESS. dag_id=job_intelligent_pipeline_simplified, task_id=scrape_france_travail, run_id=scheduled__2026-05-10T06:00:00+00:00, execution_date=20260510T060000, start_date=20260511T150412, end_date=20260511T150417
[2026-05-11T15:04:17.863+0000] {local_task_job_runner.py:240} INFO - Task exited with return code 0
[2026-05-11T15:04:17.976+0000] {taskinstance.py:3498} INFO - 1 downstream tasks scheduled from follow-on schedule check
[2026-05-11T15:04:17.980+0000] {local_task_job_runner.py:222} INFO - ::endgroup::
[2026-05-11T20:25:22.717+0000] {local_task_job_runner.py:120} INFO - ::group::Pre task execution logs
[2026-05-11T20:25:23.302+0000] {taskinstance.py:2076} INFO - Dependencies all met for dep_context=non-requeueable deps ti=<TaskInstance: job_intelligent_pipeline_simplified.scrape_france_travail scheduled__2026-05-10T06:00:00+00:00 [queued]>
[2026-05-11T20:25:23.370+0000] {taskinstance.py:2076} INFO - Dependencies all met for dep_context=requeueable deps ti=<TaskInstance: job_intelligent_pipeline_simplified.scrape_france_travail scheduled__2026-05-10T06:00:00+00:00 [queued]>
[2026-05-11T20:25:23.371+0000] {taskinstance.py:2306} INFO - Starting attempt 1 of 3
[2026-05-11T20:25:23.424+0000] {taskinstance.py:2330} INFO - Executing <Task(PythonOperator): scrape_france_travail> on 2026-05-10 06:00:00+00:00
[2026-05-11T20:25:23.449+0000] {warnings.py:110} WARNING - /home/***/.local/lib/python3.12/site-packages/***/task/task_runner/standard_task_runner.py:61: DeprecationWarning: This process (pid=81) is multi-threaded, use of fork() may lead to deadlocks in the child.
  pid = os.fork()

[2026-05-11T20:25:23.452+0000] {standard_task_runner.py:90} INFO - Running: ['***', 'tasks', 'run', 'job_intelligent_pipeline_simplified', 'scrape_france_travail', 'scheduled__2026-05-10T06:00:00+00:00', '--job-id', '3', '--raw', '--subdir', 'DAGS_FOLDER/__pycache__/job_intelligent_pipeline.py', '--cfg-path', '/tmp/tmpko2ipo5v']
[2026-05-11T20:25:23.457+0000] {standard_task_runner.py:91} INFO - Job 3: Subtask scrape_france_travail
[2026-05-11T20:25:23.456+0000] {standard_task_runner.py:63} INFO - Started process 84 to run task
[2026-05-11T20:25:24.183+0000] {task_command.py:426} INFO - Running <TaskInstance: job_intelligent_pipeline_simplified.scrape_france_travail scheduled__2026-05-10T06:00:00+00:00 [running]> on host aafb6b060567
[2026-05-11T20:25:24.619+0000] {taskinstance.py:2648} INFO - Exporting env vars: AIRFLOW_CTX_DAG_OWNER='job_intelligent' AIRFLOW_CTX_DAG_ID='job_intelligent_pipeline_simplified' AIRFLOW_CTX_TASK_ID='scrape_france_travail' AIRFLOW_CTX_EXECUTION_DATE='2026-05-10T06:00:00+00:00' AIRFLOW_CTX_TRY_NUMBER='1' AIRFLOW_CTX_DAG_RUN_ID='scheduled__2026-05-10T06:00:00+00:00'
[2026-05-11T20:25:24.623+0000] {taskinstance.py:430} INFO - ::endgroup::
[2026-05-11T20:25:24.729+0000] {logging_mixin.py:188} INFO - [Scraping] POST http://scraper-api:8000/scrape/france_travail
[2026-05-11T20:25:34.061+0000] {logging_mixin.py:188} INFO - [Scraping] FranceTravail : {'status': 'success', 'data': {'scraped': 490, 'minio_path': 'france_travail/2026-05-11/a7512af6-669c-4bee-963f-a7ec20858b3b.json'}}
[2026-05-11T20:25:34.168+0000] {python.py:237} INFO - Done. Returned value was: {'status': 'success', 'data': {'scraped': 490, 'minio_path': 'france_travail/2026-05-11/a7512af6-669c-4bee-963f-a7ec20858b3b.json'}}
[2026-05-11T20:25:34.174+0000] {taskinstance.py:441} INFO - ::group::Post task execution logs
[2026-05-11T20:25:34.259+0000] {taskinstance.py:1206} INFO - Marking task as SUCCESS. dag_id=job_intelligent_pipeline_simplified, task_id=scrape_france_travail, run_id=scheduled__2026-05-10T06:00:00+00:00, execution_date=20260510T060000, start_date=20260511T202523, end_date=20260511T202534
[2026-05-11T20:25:34.338+0000] {local_task_job_runner.py:240} INFO - Task exited with return code 0
[2026-05-11T20:25:34.465+0000] {taskinstance.py:3498} INFO - 0 downstream tasks scheduled from follow-on schedule check
[2026-05-11T20:25:34.469+0000] {local_task_job_runner.py:222} INFO - ::endgroup::
