[2026-04-27T09:23:17.916+0000] {local_task_job_runner.py:120} INFO - ::group::Pre task execution logs
[2026-04-27T09:23:18.046+0000] {taskinstance.py:2076} INFO - Dependencies all met for dep_context=non-requeueable deps ti=<TaskInstance: job_intelligent_pipeline.check_quality scheduled__2026-04-26T06:00:00+00:00 [queued]>
[2026-04-27T09:23:18.199+0000] {taskinstance.py:2076} INFO - Dependencies all met for dep_context=requeueable deps ti=<TaskInstance: job_intelligent_pipeline.check_quality scheduled__2026-04-26T06:00:00+00:00 [queued]>
[2026-04-27T09:23:18.246+0000] {taskinstance.py:2306} INFO - Starting attempt 1 of 3
[2026-04-27T09:23:18.401+0000] {taskinstance.py:2330} INFO - Executing <Task(PythonOperator): check_quality> on 2026-04-26 06:00:00+00:00
[2026-04-27T09:23:18.430+0000] {warnings.py:112} WARNING - /home/***/.local/lib/python3.12/site-packages/***/task/task_runner/standard_task_runner.py:61: DeprecationWarning: This process (pid=1004) is multi-threaded, use of fork() may lead to deadlocks in the child.
  pid = os.fork()

[2026-04-27T09:23:18.449+0000] {standard_task_runner.py:63} INFO - Started process 1005 to run task
[2026-04-27T09:23:18.450+0000] {standard_task_runner.py:90} INFO - Running: ['***', 'tasks', 'run', 'job_intelligent_pipeline', 'check_quality', 'scheduled__2026-04-26T06:00:00+00:00', '--job-id', '119', '--raw', '--subdir', 'DAGS_FOLDER/dag_job_intelligent.py', '--cfg-path', '/tmp/tmpoafv9521']
[2026-04-27T09:23:18.466+0000] {standard_task_runner.py:91} INFO - Job 119: Subtask check_quality
[2026-04-27T09:23:19.026+0000] {task_command.py:426} INFO - Running <TaskInstance: job_intelligent_pipeline.check_quality scheduled__2026-04-26T06:00:00+00:00 [running]> on host 29da1de14b83
[2026-04-27T09:23:20.103+0000] {taskinstance.py:2648} INFO - Exporting env vars: AIRFLOW_CTX_DAG_OWNER='job_intelligent' AIRFLOW_CTX_DAG_ID='job_intelligent_pipeline' AIRFLOW_CTX_TASK_ID='check_quality' AIRFLOW_CTX_EXECUTION_DATE='2026-04-26T06:00:00+00:00' AIRFLOW_CTX_TRY_NUMBER='1' AIRFLOW_CTX_DAG_RUN_ID='scheduled__2026-04-26T06:00:00+00:00'
[2026-04-27T09:23:20.117+0000] {taskinstance.py:430} INFO - ::endgroup::
[2026-04-27T09:23:20.864+0000] {logging_mixin.py:188} INFO - =======================================================
[2026-04-27T09:23:20.894+0000] {logging_mixin.py:188} INFO -   RAPPORT PIPELINE JOB INTELLIGENT
[2026-04-27T09:23:20.926+0000] {logging_mixin.py:188} INFO - =======================================================
[2026-04-27T09:23:20.929+0000] {logging_mixin.py:188} INFO -   Rekrute        : {'status': 'erreur', 'message': 'HTTPConnectionPool(host=\'scraper_api\', port=8000): Max retries exceeded with url: /scrape/rekrute (Caused by NameResolutionError("<urllib3.connection.HTTPConnection object at 0x7fdc8b5d0ec0>: Failed to resolve \'scraper_api\' ([Errno -2] Name or service not known)"))'}
[2026-04-27T09:23:20.943+0000] {logging_mixin.py:188} INFO -   France Travail : {'status': 'erreur', 'message': 'HTTPConnectionPool(host=\'scraper_api\', port=8000): Max retries exceeded with url: /scrape/france_travail (Caused by NameResolutionError("<urllib3.connection.HTTPConnection object at 0x7fdc8b741010>: Failed to resolve \'scraper_api\' ([Errno -2] Name or service not known)"))'}
[2026-04-27T09:23:20.946+0000] {logging_mixin.py:188} INFO -   Adzuna         : {'status': 'erreur', 'message': 'HTTPConnectionPool(host=\'scraper_api\', port=8000): Max retries exceeded with url: /scrape/adzuna (Caused by NameResolutionError("<urllib3.connection.HTTPConnection object at 0x7fdc8b749d30>: Failed to resolve \'scraper_api\' ([Errno -2] Name or service not known)"))'}
[2026-04-27T09:23:20.960+0000] {logging_mixin.py:188} INFO -   Kafka lus      : 0
[2026-04-27T09:23:20.961+0000] {logging_mixin.py:188} INFO -   ETL transformes: 0
[2026-04-27T09:23:20.962+0000] {logging_mixin.py:188} INFO -   MySQL charges  : 0
[2026-04-27T09:23:20.980+0000] {logging_mixin.py:188} INFO -   Doublons       : 0
[2026-04-27T09:23:20.996+0000] {logging_mixin.py:188} INFO -   Erreurs        : 0
[2026-04-27T09:23:20.998+0000] {logging_mixin.py:188} INFO - =======================================================
[2026-04-27T09:23:20.999+0000] {logging_mixin.py:188} INFO - [Qualite] Verification OK
[2026-04-27T09:23:21.001+0000] {python.py:237} INFO - Done. Returned value was: {'kafka_lus': 0, 'etl_transformes': 0, 'mysql_charges': 0, 'doublons': 0, 'erreurs': 0}
[2026-04-27T09:23:21.013+0000] {taskinstance.py:441} INFO - ::group::Post task execution logs
[2026-04-27T09:23:21.307+0000] {taskinstance.py:1206} INFO - Marking task as SUCCESS. dag_id=job_intelligent_pipeline, task_id=check_quality, run_id=scheduled__2026-04-26T06:00:00+00:00, execution_date=20260426T060000, start_date=20260427T092318, end_date=20260427T092321
[2026-04-27T09:23:21.419+0000] {local_task_job_runner.py:240} INFO - Task exited with return code 0
[2026-04-27T09:23:21.516+0000] {taskinstance.py:3503} INFO - 0 downstream tasks scheduled from follow-on schedule check
[2026-04-27T09:23:21.585+0000] {local_task_job_runner.py:222} INFO - ::endgroup::
