[2026-05-11T18:20:43.934+0000] {local_task_job_runner.py:120} INFO - ::group::Pre task execution logs
[2026-05-11T18:20:44.174+0000] {taskinstance.py:2076} INFO - Dependencies all met for dep_context=non-requeueable deps ti=<TaskInstance: job_intelligent_pipeline_simplified.etl_minio manual__2026-05-11T18:19:41.670437+00:00 [queued]>
[2026-05-11T18:20:44.362+0000] {taskinstance.py:2076} INFO - Dependencies all met for dep_context=requeueable deps ti=<TaskInstance: job_intelligent_pipeline_simplified.etl_minio manual__2026-05-11T18:19:41.670437+00:00 [queued]>
[2026-05-11T18:20:44.373+0000] {taskinstance.py:2306} INFO - Starting attempt 1 of 3
[2026-05-11T18:20:44.553+0000] {taskinstance.py:2330} INFO - Executing <Task(PythonOperator): etl_minio> on 2026-05-11 18:19:41.670437+00:00
[2026-05-11T18:20:44.599+0000] {warnings.py:110} WARNING - /home/***/.local/lib/python3.12/site-packages/***/task/task_runner/standard_task_runner.py:61: DeprecationWarning: This process (pid=193) is multi-threaded, use of fork() may lead to deadlocks in the child.
  pid = os.fork()

[2026-05-11T18:20:44.605+0000] {standard_task_runner.py:63} INFO - Started process 194 to run task
[2026-05-11T18:20:44.643+0000] {standard_task_runner.py:90} INFO - Running: ['***', 'tasks', 'run', 'job_intelligent_pipeline_simplified', 'etl_minio', 'manual__2026-05-11T18:19:41.670437+00:00', '--job-id', '68', '--raw', '--subdir', 'DAGS_FOLDER/__pycache__/job_intelligent_pipeline.py', '--cfg-path', '/tmp/tmpu0j9yboa']
[2026-05-11T18:20:44.658+0000] {standard_task_runner.py:91} INFO - Job 68: Subtask etl_minio
[2026-05-11T18:20:45.192+0000] {task_command.py:426} INFO - Running <TaskInstance: job_intelligent_pipeline_simplified.etl_minio manual__2026-05-11T18:19:41.670437+00:00 [running]> on host 3d6dc2445e84
[2026-05-11T18:20:45.706+0000] {taskinstance.py:2648} INFO - Exporting env vars: AIRFLOW_CTX_DAG_OWNER='job_intelligent' AIRFLOW_CTX_DAG_ID='job_intelligent_pipeline_simplified' AIRFLOW_CTX_TASK_ID='etl_minio' AIRFLOW_CTX_EXECUTION_DATE='2026-05-11T18:19:41.670437+00:00' AIRFLOW_CTX_TRY_NUMBER='1' AIRFLOW_CTX_DAG_RUN_ID='manual__2026-05-11T18:19:41.670437+00:00'
[2026-05-11T18:20:45.709+0000] {taskinstance.py:430} INFO - ::endgroup::
[2026-05-11T18:20:52.597+0000] {logging_mixin.py:188} INFO - 🚀 ETL depuis MinIO (bronze → silver/gold → MySQL)
[2026-05-11T18:20:52.669+0000] {logging_mixin.py:188} INFO - [ETL] rekrute/2026-05-11/a4e374df-abce-4cd3-9068-e8f21ffaba8c.json : 5 offres
[2026-05-11T18:20:52.685+0000] {logging_mixin.py:188} INFO - [ETL] france_travail/2026-05-11/36950b50-612f-4c52-af40-8736e3d04d73.json : 50 offres
[2026-05-11T18:20:52.701+0000] {logging_mixin.py:188} INFO - [ETL] adzuna/2026-05-11/54390702-6523-45bd-8c56-549233b487da.json : 40 offres
[2026-05-11T18:20:52.709+0000] {logging_mixin.py:188} INFO - [ETL] adzuna/2026-05-11/d4853b3d-0417-4d9b-9c5a-ebb0f96dcd53.json : 40 offres
[2026-05-11T18:20:52.711+0000] {logging_mixin.py:188} INFO - 📥 135 offres brutes lues
[2026-05-11T18:20:52.989+0000] {logging_mixin.py:188} INFO - 💾 Silver rekrute → silver/source=rekrute/date=2026-05-11/jobs_72a2bd28-39c1-408e-ac7c-81ce64cc83e4.json
[2026-05-11T18:20:53.033+0000] {logging_mixin.py:188} INFO - 💾 Silver adzuna → silver/source=adzuna/date=2026-05-11/jobs_2426b10e-9d36-4868-b5d7-e8dae47c21f6.json
[2026-05-11T18:20:53.076+0000] {logging_mixin.py:188} INFO - 💾 Silver francetravail.fr → silver/source=francetravail.fr/date=2026-05-11/jobs_4a39360a-1474-4e8f-a194-ec84d06ae08f.json
[2026-05-11T18:20:53.117+0000] {logging_mixin.py:188} INFO - 📊 Gold → gold/recommandations_2026-05-11_afb7182b-aa03-45bf-af7f-95159c3b91c5.json
[2026-05-11T18:20:56.677+0000] {logging_mixin.py:188} INFO - ✅ 54 offres chargées dans MySQL
[2026-05-11T18:20:56.765+0000] {logging_mixin.py:188} INFO - 💾 Silver adzuna → silver/source=adzuna/date=2026-05-11/jobs_cb8de242-eaad-4e55-b5dc-52e4910ee1fd.json
[2026-05-11T18:20:56.801+0000] {logging_mixin.py:188} INFO - 📊 Gold → gold/recommandations_2026-05-11_da3a35b9-aefe-49bd-9b4d-63a680000dc1.json
[2026-05-11T18:20:56.981+0000] {logging_mixin.py:188} INFO - ✅ 0 offres chargées dans MySQL
[2026-05-11T18:20:56.983+0000] {logging_mixin.py:188} INFO - ✅ ETL terminé. Offres transformées et chargées : 129
[2026-05-11T18:20:57.108+0000] {python.py:237} INFO - Done. Returned value was: {'total_lus': 135, 'total_charge': 129}
[2026-05-11T18:20:57.111+0000] {taskinstance.py:441} INFO - ::group::Post task execution logs
[2026-05-11T18:20:57.299+0000] {taskinstance.py:1206} INFO - Marking task as SUCCESS. dag_id=job_intelligent_pipeline_simplified, task_id=etl_minio, run_id=manual__2026-05-11T18:19:41.670437+00:00, execution_date=20260511T181941, start_date=20260511T182044, end_date=20260511T182057
[2026-05-11T18:20:57.410+0000] {local_task_job_runner.py:240} INFO - Task exited with return code 0
[2026-05-11T18:20:57.511+0000] {taskinstance.py:3498} INFO - 1 downstream tasks scheduled from follow-on schedule check
[2026-05-11T18:20:57.517+0000] {local_task_job_runner.py:222} INFO - ::endgroup::
