[2026-05-18T10:02:53.264+0000] {local_task_job_runner.py:120} INFO - ::group::Pre task execution logs
[2026-05-18T10:02:53.373+0000] {taskinstance.py:2076} INFO - Dependencies all met for dep_context=non-requeueable deps ti=<TaskInstance: job_intelligent_pipeline_simplified.check_quality scheduled__2026-05-17T06:00:00+00:00 [queued]>
[2026-05-18T10:02:53.433+0000] {taskinstance.py:2076} INFO - Dependencies all met for dep_context=requeueable deps ti=<TaskInstance: job_intelligent_pipeline_simplified.check_quality scheduled__2026-05-17T06:00:00+00:00 [queued]>
[2026-05-18T10:02:53.435+0000] {taskinstance.py:2306} INFO - Starting attempt 1 of 3
[2026-05-18T10:02:53.546+0000] {taskinstance.py:2330} INFO - Executing <Task(PythonOperator): check_quality> on 2026-05-17 06:00:00+00:00
[2026-05-18T10:02:53.592+0000] {warnings.py:110} WARNING - /home/***/.local/lib/python3.12/site-packages/***/task/task_runner/standard_task_runner.py:61: DeprecationWarning: This process (pid=6665) is multi-threaded, use of fork() may lead to deadlocks in the child.
  pid = os.fork()

[2026-05-18T10:02:53.607+0000] {standard_task_runner.py:63} INFO - Started process 6666 to run task
[2026-05-18T10:02:53.623+0000] {standard_task_runner.py:90} INFO - Running: ['***', 'tasks', 'run', 'job_intelligent_pipeline_simplified', 'check_quality', 'scheduled__2026-05-17T06:00:00+00:00', '--job-id', '61', '--raw', '--subdir', 'DAGS_FOLDER/__pycache__/job_intelligent_pipeline.py', '--cfg-path', '/tmp/tmpq7ec10ma']
[2026-05-18T10:02:53.626+0000] {standard_task_runner.py:91} INFO - Job 61: Subtask check_quality
[2026-05-18T10:02:53.862+0000] {task_command.py:426} INFO - Running <TaskInstance: job_intelligent_pipeline_simplified.check_quality scheduled__2026-05-17T06:00:00+00:00 [running]> on host d156e5650201
[2026-05-18T10:02:54.274+0000] {taskinstance.py:2648} INFO - Exporting env vars: AIRFLOW_CTX_DAG_OWNER='job_intelligent' AIRFLOW_CTX_DAG_ID='job_intelligent_pipeline_simplified' AIRFLOW_CTX_TASK_ID='check_quality' AIRFLOW_CTX_EXECUTION_DATE='2026-05-17T06:00:00+00:00' AIRFLOW_CTX_TRY_NUMBER='1' AIRFLOW_CTX_DAG_RUN_ID='scheduled__2026-05-17T06:00:00+00:00'
[2026-05-18T10:02:54.276+0000] {taskinstance.py:430} INFO - ::endgroup::
[2026-05-18T10:02:54.519+0000] {logging_mixin.py:188} INFO - =======================================================
[2026-05-18T10:02:54.520+0000] {logging_mixin.py:188} INFO -   RAPPORT PIPELINE JOB INTELLIGENT
[2026-05-18T10:02:54.521+0000] {logging_mixin.py:188} INFO - =======================================================
[2026-05-18T10:02:54.557+0000] {logging_mixin.py:188} INFO -   Rekrute        : {'status': 'erreur', 'message': "HTTPConnectionPool(host='scraper-api', port=8000): Read timed out. (read timeout=30)"}
[2026-05-18T10:02:54.586+0000] {logging_mixin.py:188} INFO -   France Travail : {'status': 'success', 'data': {'scraped': 500, 'minio_path': 'france_travail/2026-05-18/5669bc86-b8b6-443f-bf56-75c746d7a2ad.json'}}
[2026-05-18T10:02:54.618+0000] {logging_mixin.py:188} INFO -   Adzuna         : {'status': 'success', 'data': {'scraped': 0}}
[2026-05-18T10:02:54.619+0000] {logging_mixin.py:188} INFO -   Offres brutes lues depuis MinIO : 4304
[2026-05-18T10:02:54.619+0000] {logging_mixin.py:188} INFO -   ETL transformés : 4264
[2026-05-18T10:02:54.620+0000] {logging_mixin.py:188} INFO -   MySQL chargées  : 0
[2026-05-18T10:02:54.621+0000] {logging_mixin.py:188} INFO -   Doublons        : 0
[2026-05-18T10:02:54.622+0000] {logging_mixin.py:188} INFO -   Erreurs         : 0
[2026-05-18T10:02:54.624+0000] {logging_mixin.py:188} INFO - =======================================================
[2026-05-18T10:02:54.625+0000] {python.py:237} INFO - Done. Returned value was: {'status': 'success'}
[2026-05-18T10:02:54.626+0000] {taskinstance.py:441} INFO - ::group::Post task execution logs
[2026-05-18T10:02:54.721+0000] {taskinstance.py:1206} INFO - Marking task as SUCCESS. dag_id=job_intelligent_pipeline_simplified, task_id=check_quality, run_id=scheduled__2026-05-17T06:00:00+00:00, execution_date=20260517T060000, start_date=20260518T100253, end_date=20260518T100254
[2026-05-18T10:02:54.782+0000] {local_task_job_runner.py:240} INFO - Task exited with return code 0
[2026-05-18T10:02:54.829+0000] {taskinstance.py:3498} INFO - 0 downstream tasks scheduled from follow-on schedule check
[2026-05-18T10:02:54.835+0000] {local_task_job_runner.py:222} INFO - ::endgroup::
