[2026-04-29T21:05:18.856+0000] {local_task_job_runner.py:120} INFO - ::group::Pre task execution logs
[2026-04-29T21:05:19.090+0000] {taskinstance.py:2076} INFO - Dependencies all met for dep_context=non-requeueable deps ti=<TaskInstance: job_intelligent_pipeline.scrape_adzuna manual__2026-04-29T18:52:49.881525+00:00 [queued]>
[2026-04-29T21:05:19.178+0000] {taskinstance.py:2076} INFO - Dependencies all met for dep_context=requeueable deps ti=<TaskInstance: job_intelligent_pipeline.scrape_adzuna manual__2026-04-29T18:52:49.881525+00:00 [queued]>
[2026-04-29T21:05:19.190+0000] {taskinstance.py:2306} INFO - Starting attempt 1 of 3
[2026-04-29T21:05:19.471+0000] {taskinstance.py:2330} INFO - Executing <Task(PythonOperator): scrape_adzuna> on 2026-04-29 18:52:49.881525+00:00
[2026-04-29T21:05:19.505+0000] {warnings.py:112} WARNING - /home/***/.local/lib/python3.12/site-packages/***/task/task_runner/standard_task_runner.py:61: DeprecationWarning: This process (pid=2574) is multi-threaded, use of fork() may lead to deadlocks in the child.
  pid = os.fork()

[2026-04-29T21:05:19.517+0000] {standard_task_runner.py:63} INFO - Started process 2578 to run task
[2026-04-29T21:05:19.512+0000] {standard_task_runner.py:90} INFO - Running: ['***', 'tasks', 'run', 'job_intelligent_pipeline', 'scrape_adzuna', 'manual__2026-04-29T18:52:49.881525+00:00', '--job-id', '156', '--raw', '--subdir', 'DAGS_FOLDER/dag_job_intelligent.py', '--cfg-path', '/tmp/tmp45dmlv6a']
[2026-04-29T21:05:19.520+0000] {standard_task_runner.py:91} INFO - Job 156: Subtask scrape_adzuna
[2026-04-29T21:05:19.844+0000] {task_command.py:426} INFO - Running <TaskInstance: job_intelligent_pipeline.scrape_adzuna manual__2026-04-29T18:52:49.881525+00:00 [running]> on host 00190f46936a
[2026-04-29T21:05:20.360+0000] {taskinstance.py:2648} INFO - Exporting env vars: AIRFLOW_CTX_DAG_OWNER='job_intelligent' AIRFLOW_CTX_DAG_ID='job_intelligent_pipeline' AIRFLOW_CTX_TASK_ID='scrape_adzuna' AIRFLOW_CTX_EXECUTION_DATE='2026-04-29T18:52:49.881525+00:00' AIRFLOW_CTX_TRY_NUMBER='1' AIRFLOW_CTX_DAG_RUN_ID='manual__2026-04-29T18:52:49.881525+00:00'
[2026-04-29T21:05:20.362+0000] {taskinstance.py:430} INFO - ::endgroup::
[2026-04-29T21:05:20.428+0000] {logging_mixin.py:188} INFO - [Scraping] POST http://scraper_api:8000/scraper/adzuna
[2026-04-29T21:05:23.913+0000] {logging_mixin.py:188} INFO - [Scraping] Adzuna erreur : HTTPConnectionPool(host='scraper_api', port=8000): Max retries exceeded with url: /scraper/adzuna (Caused by NameResolutionError("<urllib3.connection.HTTPConnection object at 0x7f5d3567d370>: Failed to resolve 'scraper_api' ([Errno -2] Name or service not known)"))
[2026-04-29T21:05:23.926+0000] {logging_mixin.py:188} INFO - [Scraping] Adzuna : {'status': 'erreur', 'message': 'HTTPConnectionPool(host=\'scraper_api\', port=8000): Max retries exceeded with url: /scraper/adzuna (Caused by NameResolutionError("<urllib3.connection.HTTPConnection object at 0x7f5d3567d370>: Failed to resolve \'scraper_api\' ([Errno -2] Name or service not known)"))'}
[2026-04-29T21:05:24.146+0000] {python.py:237} INFO - Done. Returned value was: {'status': 'erreur', 'message': 'HTTPConnectionPool(host=\'scraper_api\', port=8000): Max retries exceeded with url: /scraper/adzuna (Caused by NameResolutionError("<urllib3.connection.HTTPConnection object at 0x7f5d3567d370>: Failed to resolve \'scraper_api\' ([Errno -2] Name or service not known)"))'}
[2026-04-29T21:05:24.149+0000] {taskinstance.py:441} INFO - ::group::Post task execution logs
[2026-04-29T21:05:24.592+0000] {taskinstance.py:1206} INFO - Marking task as SUCCESS. dag_id=job_intelligent_pipeline, task_id=scrape_adzuna, run_id=manual__2026-04-29T18:52:49.881525+00:00, execution_date=20260429T185249, start_date=20260429T210519, end_date=20260429T210524
[2026-04-29T21:05:24.933+0000] {local_task_job_runner.py:240} INFO - Task exited with return code 0
[2026-04-29T21:05:25.231+0000] {taskinstance.py:3503} INFO - 0 downstream tasks scheduled from follow-on schedule check
[2026-04-29T21:05:25.258+0000] {local_task_job_runner.py:222} INFO - ::endgroup::
