[2026-05-11T18:40:05.218+0000] {local_task_job_runner.py:120} INFO - ::group::Pre task execution logs
[2026-05-11T18:40:05.440+0000] {taskinstance.py:2076} INFO - Dependencies all met for dep_context=non-requeueable deps ti=<TaskInstance: job_intelligent_pipeline_simplified.check_quality manual__2026-05-11T18:37:34.790911+00:00 [queued]>
[2026-05-11T18:40:05.527+0000] {taskinstance.py:2076} INFO - Dependencies all met for dep_context=requeueable deps ti=<TaskInstance: job_intelligent_pipeline_simplified.check_quality manual__2026-05-11T18:37:34.790911+00:00 [queued]>
[2026-05-11T18:40:05.533+0000] {taskinstance.py:2306} INFO - Starting attempt 1 of 3
[2026-05-11T18:40:05.696+0000] {taskinstance.py:2330} INFO - Executing <Task(PythonOperator): check_quality> on 2026-05-11 18:37:34.790911+00:00
[2026-05-11T18:40:05.774+0000] {warnings.py:110} WARNING - /home/***/.local/lib/python3.12/site-packages/***/task/task_runner/standard_task_runner.py:61: DeprecationWarning: This process (pid=475) is multi-threaded, use of fork() may lead to deadlocks in the child.
  pid = os.fork()

[2026-05-11T18:40:05.789+0000] {standard_task_runner.py:90} INFO - Running: ['***', 'tasks', 'run', 'job_intelligent_pipeline_simplified', 'check_quality', 'manual__2026-05-11T18:37:34.790911+00:00', '--job-id', '77', '--raw', '--subdir', 'DAGS_FOLDER/__pycache__/job_intelligent_pipeline.py', '--cfg-path', '/tmp/tmpldc8md41']
[2026-05-11T18:40:05.792+0000] {standard_task_runner.py:63} INFO - Started process 484 to run task
[2026-05-11T18:40:05.814+0000] {standard_task_runner.py:91} INFO - Job 77: Subtask check_quality
[2026-05-11T18:40:06.763+0000] {task_command.py:426} INFO - Running <TaskInstance: job_intelligent_pipeline_simplified.check_quality manual__2026-05-11T18:37:34.790911+00:00 [running]> on host 3d6dc2445e84
[2026-05-11T18:40:08.453+0000] {taskinstance.py:2648} INFO - Exporting env vars: AIRFLOW_CTX_DAG_OWNER='job_intelligent' AIRFLOW_CTX_DAG_ID='job_intelligent_pipeline_simplified' AIRFLOW_CTX_TASK_ID='check_quality' AIRFLOW_CTX_EXECUTION_DATE='2026-05-11T18:37:34.790911+00:00' AIRFLOW_CTX_TRY_NUMBER='1' AIRFLOW_CTX_DAG_RUN_ID='manual__2026-05-11T18:37:34.790911+00:00'
[2026-05-11T18:40:08.465+0000] {taskinstance.py:430} INFO - ::endgroup::
[2026-05-11T18:40:09.436+0000] {logging_mixin.py:188} INFO - =======================================================
[2026-05-11T18:40:09.461+0000] {logging_mixin.py:188} INFO -   RAPPORT PIPELINE JOB INTELLIGENT
[2026-05-11T18:40:09.471+0000] {logging_mixin.py:188} INFO - =======================================================
[2026-05-11T18:40:09.549+0000] {logging_mixin.py:188} INFO -   Rekrute        : {'status': 'erreur', 'message': "HTTPConnectionPool(host='scraper-api', port=8000): Read timed out. (read timeout=30)"}
[2026-05-11T18:40:09.643+0000] {logging_mixin.py:188} INFO -   France Travail : {'status': 'success', 'data': {'scraped': 490, 'minio_path': 'france_travail/2026-05-11/ac286139-68e3-40b8-a80e-87f74e8c7042.json'}}
[2026-05-11T18:40:09.713+0000] {logging_mixin.py:188} INFO -   Adzuna         : {'status': 'erreur', 'message': "HTTPConnectionPool(host='scraper-api', port=8000): Read timed out. (read timeout=30)"}
[2026-05-11T18:40:09.714+0000] {logging_mixin.py:188} INFO -   Offres brutes lues depuis MinIO : 1130
[2026-05-11T18:40:09.715+0000] {logging_mixin.py:188} INFO -   ETL transformés : 1067
[2026-05-11T18:40:09.717+0000] {logging_mixin.py:188} INFO -   MySQL chargées  : 0
[2026-05-11T18:40:09.718+0000] {logging_mixin.py:188} INFO -   Doublons        : 0
[2026-05-11T18:40:09.719+0000] {logging_mixin.py:188} INFO -   Erreurs         : 0
[2026-05-11T18:40:09.720+0000] {logging_mixin.py:188} INFO - =======================================================
[2026-05-11T18:40:09.721+0000] {python.py:237} INFO - Done. Returned value was: {'status': 'success'}
[2026-05-11T18:40:09.722+0000] {taskinstance.py:441} INFO - ::group::Post task execution logs
[2026-05-11T18:40:09.831+0000] {taskinstance.py:1206} INFO - Marking task as SUCCESS. dag_id=job_intelligent_pipeline_simplified, task_id=check_quality, run_id=manual__2026-05-11T18:37:34.790911+00:00, execution_date=20260511T183734, start_date=20260511T184005, end_date=20260511T184009
[2026-05-11T18:40:09.912+0000] {local_task_job_runner.py:240} INFO - Task exited with return code 0
[2026-05-11T18:40:10.007+0000] {taskinstance.py:3498} INFO - 0 downstream tasks scheduled from follow-on schedule check
[2026-05-11T18:40:10.013+0000] {local_task_job_runner.py:222} INFO - ::endgroup::
