[2026-05-17T12:58:19.132+0000] {local_task_job_runner.py:120} INFO - ::group::Pre task execution logs
[2026-05-17T12:58:19.574+0000] {taskinstance.py:2076} INFO - Dependencies all met for dep_context=non-requeueable deps ti=<TaskInstance: job_intelligent_pipeline_simplified.scrape_rekrute scheduled__2026-05-16T06:00:00+00:00 [queued]>
[2026-05-17T12:58:19.732+0000] {taskinstance.py:2076} INFO - Dependencies all met for dep_context=requeueable deps ti=<TaskInstance: job_intelligent_pipeline_simplified.scrape_rekrute scheduled__2026-05-16T06:00:00+00:00 [queued]>
[2026-05-17T12:58:19.744+0000] {taskinstance.py:2306} INFO - Starting attempt 1 of 3
[2026-05-17T12:58:20.381+0000] {taskinstance.py:2330} INFO - Executing <Task(PythonOperator): scrape_rekrute> on 2026-05-16 06:00:00+00:00
[2026-05-17T12:58:20.429+0000] {warnings.py:110} WARNING - /home/***/.local/lib/python3.12/site-packages/***/task/task_runner/standard_task_runner.py:61: DeprecationWarning: This process (pid=61) is multi-threaded, use of fork() may lead to deadlocks in the child.
  pid = os.fork()

[2026-05-17T12:58:20.441+0000] {standard_task_runner.py:90} INFO - Running: ['***', 'tasks', 'run', 'job_intelligent_pipeline_simplified', 'scrape_rekrute', 'scheduled__2026-05-16T06:00:00+00:00', '--job-id', '35', '--raw', '--subdir', 'DAGS_FOLDER/__pycache__/job_intelligent_pipeline.py', '--cfg-path', '/tmp/tmp2gwxq9e2']
[2026-05-17T12:58:20.457+0000] {standard_task_runner.py:63} INFO - Started process 69 to run task
[2026-05-17T12:58:20.486+0000] {standard_task_runner.py:91} INFO - Job 35: Subtask scrape_rekrute
[2026-05-17T12:58:21.611+0000] {task_command.py:426} INFO - Running <TaskInstance: job_intelligent_pipeline_simplified.scrape_rekrute scheduled__2026-05-16T06:00:00+00:00 [running]> on host 0be46cde340b
[2026-05-17T12:58:23.167+0000] {taskinstance.py:2648} INFO - Exporting env vars: AIRFLOW_CTX_DAG_OWNER='job_intelligent' AIRFLOW_CTX_DAG_ID='job_intelligent_pipeline_simplified' AIRFLOW_CTX_TASK_ID='scrape_rekrute' AIRFLOW_CTX_EXECUTION_DATE='2026-05-16T06:00:00+00:00' AIRFLOW_CTX_TRY_NUMBER='1' AIRFLOW_CTX_DAG_RUN_ID='scheduled__2026-05-16T06:00:00+00:00'
[2026-05-17T12:58:23.169+0000] {taskinstance.py:430} INFO - ::endgroup::
[2026-05-17T12:58:23.761+0000] {logging_mixin.py:188} INFO - [Scraping] POST http://scraper-api:8000/scrape/rekrute
[2026-05-17T12:58:53.831+0000] {logging_mixin.py:188} INFO - [Scraping] Rekrute erreur : HTTPConnectionPool(host='scraper-api', port=8000): Read timed out. (read timeout=30)
[2026-05-17T12:58:53.873+0000] {logging_mixin.py:188} INFO - [Scraping] Rekrute : {'status': 'erreur', 'message': "HTTPConnectionPool(host='scraper-api', port=8000): Read timed out. (read timeout=30)"}
[2026-05-17T12:58:54.563+0000] {python.py:237} INFO - Done. Returned value was: {'status': 'erreur', 'message': "HTTPConnectionPool(host='scraper-api', port=8000): Read timed out. (read timeout=30)"}
[2026-05-17T12:58:54.567+0000] {taskinstance.py:441} INFO - ::group::Post task execution logs
[2026-05-17T12:58:54.732+0000] {taskinstance.py:1206} INFO - Marking task as SUCCESS. dag_id=job_intelligent_pipeline_simplified, task_id=scrape_rekrute, run_id=scheduled__2026-05-16T06:00:00+00:00, execution_date=20260516T060000, start_date=20260517T125819, end_date=20260517T125854
[2026-05-17T12:58:55.114+0000] {local_task_job_runner.py:240} INFO - Task exited with return code 0
[2026-05-17T12:58:55.749+0000] {taskinstance.py:3498} INFO - 1 downstream tasks scheduled from follow-on schedule check
[2026-05-17T12:58:55.873+0000] {local_task_job_runner.py:222} INFO - ::endgroup::
