[2026-05-11T10:41:07.522+0000] {local_task_job_runner.py:120} INFO - ::group::Pre task execution logs
[2026-05-11T10:41:07.792+0000] {taskinstance.py:2076} INFO - Dependencies all met for dep_context=non-requeueable deps ti=<TaskInstance: job_intelligent_pipeline_simple.etl_from_minio scheduled__2026-05-10T06:00:00+00:00 [queued]>
[2026-05-11T10:41:07.861+0000] {taskinstance.py:2076} INFO - Dependencies all met for dep_context=requeueable deps ti=<TaskInstance: job_intelligent_pipeline_simple.etl_from_minio scheduled__2026-05-10T06:00:00+00:00 [queued]>
[2026-05-11T10:41:07.914+0000] {taskinstance.py:2306} INFO - Starting attempt 3 of 3
[2026-05-11T10:41:08.099+0000] {taskinstance.py:2330} INFO - Executing <Task(PythonOperator): etl_from_minio> on 2026-05-10 06:00:00+00:00
[2026-05-11T10:41:08.161+0000] {warnings.py:112} WARNING - /home/***/.local/lib/python3.12/site-packages/***/task/task_runner/standard_task_runner.py:61: DeprecationWarning: This process (pid=406) is multi-threaded, use of fork() may lead to deadlocks in the child.
  pid = os.fork()

[2026-05-11T10:41:08.166+0000] {standard_task_runner.py:90} INFO - Running: ['***', 'tasks', 'run', 'job_intelligent_pipeline_simple', 'etl_from_minio', 'scheduled__2026-05-10T06:00:00+00:00', '--job-id', '497', '--raw', '--subdir', 'DAGS_FOLDER/__pycache__/job_intelligent_pipeline.py', '--cfg-path', '/tmp/tmp541oj532']
[2026-05-11T10:41:08.211+0000] {standard_task_runner.py:63} INFO - Started process 407 to run task
[2026-05-11T10:41:08.227+0000] {standard_task_runner.py:91} INFO - Job 497: Subtask etl_from_minio
[2026-05-11T10:41:08.762+0000] {task_command.py:426} INFO - Running <TaskInstance: job_intelligent_pipeline_simple.etl_from_minio scheduled__2026-05-10T06:00:00+00:00 [running]> on host 895ca0ce75a2
[2026-05-11T10:41:10.350+0000] {taskinstance.py:2648} INFO - Exporting env vars: AIRFLOW_CTX_DAG_OWNER='job_intelligent' AIRFLOW_CTX_DAG_ID='job_intelligent_pipeline_simple' AIRFLOW_CTX_TASK_ID='etl_from_minio' AIRFLOW_CTX_EXECUTION_DATE='2026-05-10T06:00:00+00:00' AIRFLOW_CTX_TRY_NUMBER='3' AIRFLOW_CTX_DAG_RUN_ID='scheduled__2026-05-10T06:00:00+00:00'
[2026-05-11T10:41:10.472+0000] {taskinstance.py:430} INFO - ::endgroup::
[2026-05-11T10:41:21.372+0000] {taskinstance.py:441} INFO - ::group::Post task execution logs
[2026-05-11T10:41:21.374+0000] {taskinstance.py:2905} ERROR - Task failed with exception
Traceback (most recent call last):
  File "/home/airflow/.local/lib/python3.12/site-packages/airflow/models/taskinstance.py", line 460, in _execute_task
    result = _execute_callable(context=context, **execute_callable_kwargs)
             ^^^^^^^^^^^^^^^^^^^^^^^^^^^^^^^^^^^^^^^^^^^^^^^^^^^^^^^^^^^^^
  File "/home/airflow/.local/lib/python3.12/site-packages/airflow/models/taskinstance.py", line 432, in _execute_callable
    return execute_callable(context=context, **execute_callable_kwargs)
           ^^^^^^^^^^^^^^^^^^^^^^^^^^^^^^^^^^^^^^^^^^^^^^^^^^^^^^^^^^^^
  File "/home/airflow/.local/lib/python3.12/site-packages/airflow/models/baseoperator.py", line 401, in wrapper
    return func(self, *args, **kwargs)
           ^^^^^^^^^^^^^^^^^^^^^^^^^^^
  File "/home/airflow/.local/lib/python3.12/site-packages/airflow/operators/python.py", line 235, in execute
    return_value = self.execute_callable()
                   ^^^^^^^^^^^^^^^^^^^^^^^
  File "/home/airflow/.local/lib/python3.12/site-packages/airflow/operators/python.py", line 252, in execute_callable
    return self.python_callable(*self.op_args, **self.op_kwargs)
           ^^^^^^^^^^^^^^^^^^^^^^^^^^^^^^^^^^^^^^^^^^^^^^^^^^^^^
  File "/opt/airflow/dags/__pycache__/job_intelligent_pipeline.py", line 76, in task_etl_from_minio
    from etl_transform import transformer_offre, dedupliquer, save_silver_minio, save_gold_minio
  File "/opt/airflow/scripts/etl_transform.py", line 12, in <module>
    from clients import get_minio_client
  File "/opt/airflow/scripts/clients.py", line 5, in <module>
    from confluent_kafka import Producer
ModuleNotFoundError: No module named 'confluent_kafka'
[2026-05-11T10:41:21.614+0000] {taskinstance.py:1206} INFO - Marking task as FAILED. dag_id=job_intelligent_pipeline_simple, task_id=etl_from_minio, run_id=scheduled__2026-05-10T06:00:00+00:00, execution_date=20260510T060000, start_date=20260511T104107, end_date=20260511T104121
[2026-05-11T10:41:21.743+0000] {standard_task_runner.py:110} ERROR - Failed to execute job 497 for task etl_from_minio (No module named 'confluent_kafka'; 407)
[2026-05-11T10:41:21.799+0000] {local_task_job_runner.py:240} INFO - Task exited with return code 1
[2026-05-11T10:41:22.041+0000] {taskinstance.py:3503} INFO - 1 downstream tasks scheduled from follow-on schedule check
[2026-05-11T10:41:22.050+0000] {local_task_job_runner.py:222} INFO - ::endgroup::
