[2026-05-19T17:45:10.531+0000] {local_task_job_runner.py:120} INFO - ::group::Pre task execution logs
[2026-05-19T17:45:10.638+0000] {taskinstance.py:2076} INFO - Dependencies all met for dep_context=non-requeueable deps ti=<TaskInstance: job_intelligent_pipeline_simplified.check_quality scheduled__2026-05-18T06:00:00+00:00 [queued]>
[2026-05-19T17:45:10.682+0000] {taskinstance.py:2076} INFO - Dependencies all met for dep_context=requeueable deps ti=<TaskInstance: job_intelligent_pipeline_simplified.check_quality scheduled__2026-05-18T06:00:00+00:00 [queued]>
[2026-05-19T17:45:10.684+0000] {taskinstance.py:2306} INFO - Starting attempt 1 of 3
[2026-05-19T17:45:10.763+0000] {taskinstance.py:2330} INFO - Executing <Task(PythonOperator): check_quality> on 2026-05-18 06:00:00+00:00
[2026-05-19T17:45:10.780+0000] {warnings.py:110} WARNING - /home/***/.local/lib/python3.12/site-packages/***/task/task_runner/standard_task_runner.py:61: DeprecationWarning: This process (pid=142) is multi-threaded, use of fork() may lead to deadlocks in the child.
  pid = os.fork()

[2026-05-19T17:45:10.784+0000] {standard_task_runner.py:63} INFO - Started process 143 to run task
[2026-05-19T17:45:10.788+0000] {standard_task_runner.py:90} INFO - Running: ['***', 'tasks', 'run', 'job_intelligent_pipeline_simplified', 'check_quality', 'scheduled__2026-05-18T06:00:00+00:00', '--job-id', '115', '--raw', '--subdir', 'DAGS_FOLDER/__pycache__/job_intelligent_pipeline.py', '--cfg-path', '/tmp/tmphpyopxge']
[2026-05-19T17:45:10.792+0000] {standard_task_runner.py:91} INFO - Job 115: Subtask check_quality
[2026-05-19T17:45:11.471+0000] {task_command.py:426} INFO - Running <TaskInstance: job_intelligent_pipeline_simplified.check_quality scheduled__2026-05-18T06:00:00+00:00 [running]> on host 023bb09a4b6e
[2026-05-19T17:45:12.562+0000] {taskinstance.py:2648} INFO - Exporting env vars: AIRFLOW_CTX_DAG_OWNER='job_intelligent' AIRFLOW_CTX_DAG_ID='job_intelligent_pipeline_simplified' AIRFLOW_CTX_TASK_ID='check_quality' AIRFLOW_CTX_EXECUTION_DATE='2026-05-18T06:00:00+00:00' AIRFLOW_CTX_TRY_NUMBER='1' AIRFLOW_CTX_DAG_RUN_ID='scheduled__2026-05-18T06:00:00+00:00'
[2026-05-19T17:45:12.576+0000] {taskinstance.py:430} INFO - ::endgroup::
[2026-05-19T17:45:13.129+0000] {logging_mixin.py:188} INFO - =======================================================
[2026-05-19T17:45:13.130+0000] {logging_mixin.py:188} INFO -   RAPPORT PIPELINE JOB INTELLIGENT
[2026-05-19T17:45:13.140+0000] {logging_mixin.py:188} INFO - =======================================================
[2026-05-19T17:45:13.245+0000] {logging_mixin.py:188} INFO -   Rekrute        : {'status': 'erreur', 'message': "HTTPConnectionPool(host='scraper-api', port=8000): Read timed out. (read timeout=30)"}
[2026-05-19T17:45:13.360+0000] {logging_mixin.py:188} INFO -   France Travail : {'status': 'success', 'data': {'scraped': 500, 'minio_path': 'france_travail/2026-05-19/5db00a03-8d2a-4421-967f-d3e8edb4bf37.json'}}
[2026-05-19T17:45:13.474+0000] {logging_mixin.py:188} INFO -   Adzuna         : {'status': 'erreur', 'message': "HTTPConnectionPool(host='scraper-api', port=8000): Read timed out. (read timeout=30)"}
[2026-05-19T17:45:13.483+0000] {logging_mixin.py:188} INFO -   Offres brutes lues depuis MinIO : 5143
[2026-05-19T17:45:13.484+0000] {logging_mixin.py:188} INFO -   ETL transformés : 5050
[2026-05-19T17:45:13.485+0000] {logging_mixin.py:188} INFO -   MySQL chargées  : 0
[2026-05-19T17:45:13.486+0000] {logging_mixin.py:188} INFO -   Doublons        : 0
[2026-05-19T17:45:13.487+0000] {logging_mixin.py:188} INFO -   Erreurs         : 0
[2026-05-19T17:45:13.501+0000] {logging_mixin.py:188} INFO - =======================================================
[2026-05-19T17:45:13.502+0000] {python.py:237} INFO - Done. Returned value was: {'status': 'success'}
[2026-05-19T17:45:13.503+0000] {taskinstance.py:441} INFO - ::group::Post task execution logs
[2026-05-19T17:45:13.733+0000] {taskinstance.py:1206} INFO - Marking task as SUCCESS. dag_id=job_intelligent_pipeline_simplified, task_id=check_quality, run_id=scheduled__2026-05-18T06:00:00+00:00, execution_date=20260518T060000, start_date=20260519T174510, end_date=20260519T174513
[2026-05-19T17:45:13.896+0000] {local_task_job_runner.py:240} INFO - Task exited with return code 0
[2026-05-19T17:45:14.395+0000] {taskinstance.py:3498} INFO - 0 downstream tasks scheduled from follow-on schedule check
[2026-05-19T17:45:14.460+0000] {local_task_job_runner.py:222} INFO - ::endgroup::
