[2026-05-11T16:02:28.436+0000] {local_task_job_runner.py:120} INFO - ::group::Pre task execution logs
[2026-05-11T16:02:28.555+0000] {taskinstance.py:2076} INFO - Dependencies all met for dep_context=non-requeueable deps ti=<TaskInstance: job_intelligent_pipeline_simplified.etl_minio manual__2026-05-11T15:48:24.870736+00:00 [queued]>
[2026-05-11T16:02:28.575+0000] {taskinstance.py:2076} INFO - Dependencies all met for dep_context=requeueable deps ti=<TaskInstance: job_intelligent_pipeline_simplified.etl_minio manual__2026-05-11T15:48:24.870736+00:00 [queued]>
[2026-05-11T16:02:28.576+0000] {taskinstance.py:2306} INFO - Starting attempt 3 of 3
[2026-05-11T16:02:28.621+0000] {taskinstance.py:2330} INFO - Executing <Task(PythonOperator): etl_minio> on 2026-05-11 15:48:24.870736+00:00
[2026-05-11T16:02:28.668+0000] {warnings.py:110} WARNING - /home/***/.local/lib/python3.12/site-packages/***/task/task_runner/standard_task_runner.py:61: DeprecationWarning: This process (pid=71) is multi-threaded, use of fork() may lead to deadlocks in the child.
  pid = os.fork()

[2026-05-11T16:02:28.682+0000] {standard_task_runner.py:63} INFO - Started process 72 to run task
[2026-05-11T16:02:28.679+0000] {standard_task_runner.py:90} INFO - Running: ['***', 'tasks', 'run', 'job_intelligent_pipeline_simplified', 'etl_minio', 'manual__2026-05-11T15:48:24.870736+00:00', '--job-id', '39', '--raw', '--subdir', 'DAGS_FOLDER/__pycache__/job_intelligent_pipeline.py', '--cfg-path', '/tmp/tmps0u4_63m']
[2026-05-11T16:02:28.685+0000] {standard_task_runner.py:91} INFO - Job 39: Subtask etl_minio
[2026-05-11T16:02:29.102+0000] {task_command.py:426} INFO - Running <TaskInstance: job_intelligent_pipeline_simplified.etl_minio manual__2026-05-11T15:48:24.870736+00:00 [running]> on host 4ce668e058c0
[2026-05-11T16:02:29.894+0000] {taskinstance.py:2648} INFO - Exporting env vars: AIRFLOW_CTX_DAG_OWNER='job_intelligent' AIRFLOW_CTX_DAG_ID='job_intelligent_pipeline_simplified' AIRFLOW_CTX_TASK_ID='etl_minio' AIRFLOW_CTX_EXECUTION_DATE='2026-05-11T15:48:24.870736+00:00' AIRFLOW_CTX_TRY_NUMBER='3' AIRFLOW_CTX_DAG_RUN_ID='manual__2026-05-11T15:48:24.870736+00:00'
[2026-05-11T16:02:29.903+0000] {taskinstance.py:430} INFO - ::endgroup::
[2026-05-11T16:02:33.876+0000] {logging_mixin.py:188} INFO - 🚀 ETL depuis MinIO (bronze → silver/gold → MySQL)
[2026-05-11T16:02:33.910+0000] {logging_mixin.py:188} INFO - ⚠️ Aucune offre brute trouvée dans MinIO
[2026-05-11T16:02:34.085+0000] {python.py:237} INFO - Done. Returned value was: {'total_lus': 0, 'total_charge': 0}
[2026-05-11T16:02:34.089+0000] {taskinstance.py:441} INFO - ::group::Post task execution logs
[2026-05-11T16:02:34.180+0000] {taskinstance.py:1206} INFO - Marking task as SUCCESS. dag_id=job_intelligent_pipeline_simplified, task_id=etl_minio, run_id=manual__2026-05-11T15:48:24.870736+00:00, execution_date=20260511T154824, start_date=20260511T160228, end_date=20260511T160234
[2026-05-11T16:02:34.279+0000] {local_task_job_runner.py:240} INFO - Task exited with return code 0
[2026-05-11T16:02:34.379+0000] {taskinstance.py:3498} INFO - 1 downstream tasks scheduled from follow-on schedule check
[2026-05-11T16:02:34.396+0000] {local_task_job_runner.py:222} INFO - ::endgroup::
