[2026-05-16T21:22:43.768+0000] {local_task_job_runner.py:120} INFO - ::group::Pre task execution logs
[2026-05-16T21:22:43.892+0000] {taskinstance.py:2076} INFO - Dependencies all met for dep_context=non-requeueable deps ti=<TaskInstance: job_intelligent_pipeline_simplified.scrape_rekrute scheduled__2026-05-15T06:00:00+00:00 [queued]>
[2026-05-16T21:22:43.967+0000] {taskinstance.py:2076} INFO - Dependencies all met for dep_context=requeueable deps ti=<TaskInstance: job_intelligent_pipeline_simplified.scrape_rekrute scheduled__2026-05-15T06:00:00+00:00 [queued]>
[2026-05-16T21:22:43.983+0000] {taskinstance.py:2306} INFO - Starting attempt 1 of 3
[2026-05-16T21:22:44.451+0000] {taskinstance.py:2330} INFO - Executing <Task(PythonOperator): scrape_rekrute> on 2026-05-15 06:00:00+00:00
[2026-05-16T21:22:44.751+0000] {standard_task_runner.py:90} INFO - Running: ['***', 'tasks', 'run', 'job_intelligent_pipeline_simplified', 'scrape_rekrute', 'scheduled__2026-05-15T06:00:00+00:00', '--job-id', '21', '--raw', '--subdir', 'DAGS_FOLDER/__pycache__/job_intelligent_pipeline.py', '--cfg-path', '/tmp/tmp9wetla4v']
[2026-05-16T21:22:44.887+0000] {standard_task_runner.py:91} INFO - Job 21: Subtask scrape_rekrute
[2026-05-16T21:22:44.530+0000] {warnings.py:110} WARNING - /home/***/.local/lib/python3.12/site-packages/***/task/task_runner/standard_task_runner.py:61: DeprecationWarning: This process (pid=68) is multi-threaded, use of fork() may lead to deadlocks in the child.
  pid = os.fork()

[2026-05-16T21:22:44.941+0000] {standard_task_runner.py:63} INFO - Started process 71 to run task
[2026-05-16T21:22:45.528+0000] {task_command.py:426} INFO - Running <TaskInstance: job_intelligent_pipeline_simplified.scrape_rekrute scheduled__2026-05-15T06:00:00+00:00 [running]> on host c9d1e3783718
[2026-05-16T21:22:46.934+0000] {taskinstance.py:2648} INFO - Exporting env vars: AIRFLOW_CTX_DAG_OWNER='job_intelligent' AIRFLOW_CTX_DAG_ID='job_intelligent_pipeline_simplified' AIRFLOW_CTX_TASK_ID='scrape_rekrute' AIRFLOW_CTX_EXECUTION_DATE='2026-05-15T06:00:00+00:00' AIRFLOW_CTX_TRY_NUMBER='1' AIRFLOW_CTX_DAG_RUN_ID='scheduled__2026-05-15T06:00:00+00:00'
[2026-05-16T21:22:46.938+0000] {taskinstance.py:430} INFO - ::endgroup::
[2026-05-16T21:22:47.455+0000] {logging_mixin.py:188} INFO - [Scraping] POST http://scraper-api:8000/scrape/rekrute
[2026-05-16T21:23:17.790+0000] {logging_mixin.py:188} INFO - [Scraping] Rekrute erreur : HTTPConnectionPool(host='scraper-api', port=8000): Read timed out. (read timeout=30)
[2026-05-16T21:23:17.798+0000] {logging_mixin.py:188} INFO - [Scraping] Rekrute : {'status': 'erreur', 'message': "HTTPConnectionPool(host='scraper-api', port=8000): Read timed out. (read timeout=30)"}
[2026-05-16T21:23:18.291+0000] {python.py:237} INFO - Done. Returned value was: {'status': 'erreur', 'message': "HTTPConnectionPool(host='scraper-api', port=8000): Read timed out. (read timeout=30)"}
[2026-05-16T21:23:18.305+0000] {taskinstance.py:441} INFO - ::group::Post task execution logs
[2026-05-16T21:23:19.863+0000] {taskinstance.py:1206} INFO - Marking task as SUCCESS. dag_id=job_intelligent_pipeline_simplified, task_id=scrape_rekrute, run_id=scheduled__2026-05-15T06:00:00+00:00, execution_date=20260515T060000, start_date=20260516T212243, end_date=20260516T212319
[2026-05-16T21:23:20.960+0000] {local_task_job_runner.py:240} INFO - Task exited with return code 0
[2026-05-16T21:23:21.882+0000] {taskinstance.py:3498} INFO - 0 downstream tasks scheduled from follow-on schedule check
[2026-05-16T21:23:21.995+0000] {local_task_job_runner.py:222} INFO - ::endgroup::
