[2026-05-11T18:21:06.737+0000] {local_task_job_runner.py:120} INFO - ::group::Pre task execution logs
[2026-05-11T18:21:06.985+0000] {taskinstance.py:2076} INFO - Dependencies all met for dep_context=non-requeueable deps ti=<TaskInstance: job_intelligent_pipeline_simplified.check_quality manual__2026-05-11T18:19:41.670437+00:00 [queued]>
[2026-05-11T18:21:07.010+0000] {taskinstance.py:2076} INFO - Dependencies all met for dep_context=requeueable deps ti=<TaskInstance: job_intelligent_pipeline_simplified.check_quality manual__2026-05-11T18:19:41.670437+00:00 [queued]>
[2026-05-11T18:21:07.011+0000] {taskinstance.py:2306} INFO - Starting attempt 1 of 3
[2026-05-11T18:21:07.055+0000] {taskinstance.py:2330} INFO - Executing <Task(PythonOperator): check_quality> on 2026-05-11 18:19:41.670437+00:00
[2026-05-11T18:21:07.072+0000] {warnings.py:110} WARNING - /home/***/.local/lib/python3.12/site-packages/***/task/task_runner/standard_task_runner.py:61: DeprecationWarning: This process (pid=198) is multi-threaded, use of fork() may lead to deadlocks in the child.
  pid = os.fork()

[2026-05-11T18:21:07.077+0000] {standard_task_runner.py:63} INFO - Started process 199 to run task
[2026-05-11T18:21:07.076+0000] {standard_task_runner.py:90} INFO - Running: ['***', 'tasks', 'run', 'job_intelligent_pipeline_simplified', 'check_quality', 'manual__2026-05-11T18:19:41.670437+00:00', '--job-id', '70', '--raw', '--subdir', 'DAGS_FOLDER/__pycache__/job_intelligent_pipeline.py', '--cfg-path', '/tmp/tmpy2eac1h4']
[2026-05-11T18:21:07.084+0000] {standard_task_runner.py:91} INFO - Job 70: Subtask check_quality
[2026-05-11T18:21:07.335+0000] {task_command.py:426} INFO - Running <TaskInstance: job_intelligent_pipeline_simplified.check_quality manual__2026-05-11T18:19:41.670437+00:00 [running]> on host 3d6dc2445e84
[2026-05-11T18:21:08.080+0000] {taskinstance.py:2648} INFO - Exporting env vars: AIRFLOW_CTX_DAG_OWNER='job_intelligent' AIRFLOW_CTX_DAG_ID='job_intelligent_pipeline_simplified' AIRFLOW_CTX_TASK_ID='check_quality' AIRFLOW_CTX_EXECUTION_DATE='2026-05-11T18:19:41.670437+00:00' AIRFLOW_CTX_TRY_NUMBER='1' AIRFLOW_CTX_DAG_RUN_ID='manual__2026-05-11T18:19:41.670437+00:00'
[2026-05-11T18:21:08.082+0000] {taskinstance.py:430} INFO - ::endgroup::
[2026-05-11T18:21:08.404+0000] {logging_mixin.py:188} INFO - =======================================================
[2026-05-11T18:21:08.411+0000] {logging_mixin.py:188} INFO -   RAPPORT PIPELINE JOB INTELLIGENT
[2026-05-11T18:21:08.421+0000] {logging_mixin.py:188} INFO - =======================================================
[2026-05-11T18:21:08.533+0000] {logging_mixin.py:188} INFO -   Rekrute        : {'status': 'erreur', 'message': "HTTPConnectionPool(host='scraper-api', port=8000): Read timed out. (read timeout=30)"}
[2026-05-11T18:21:08.692+0000] {logging_mixin.py:188} INFO -   France Travail : {'status': 'success', 'data': {'scraped': 50, 'minio_path': 'france_travail/2026-05-11/36950b50-612f-4c52-af40-8736e3d04d73.json'}}
[2026-05-11T18:21:08.927+0000] {logging_mixin.py:188} INFO -   Adzuna         : {'status': 'success', 'data': {'scraped': 40, 'minio_path': 'adzuna/2026-05-11/54390702-6523-45bd-8c56-549233b487da.json'}}
[2026-05-11T18:21:08.967+0000] {logging_mixin.py:188} INFO -   Offres brutes lues depuis MinIO : 135
[2026-05-11T18:21:08.981+0000] {logging_mixin.py:188} INFO -   ETL transformés : 129
[2026-05-11T18:21:08.996+0000] {logging_mixin.py:188} INFO -   MySQL chargées  : 0
[2026-05-11T18:21:09.028+0000] {logging_mixin.py:188} INFO -   Doublons        : 0
[2026-05-11T18:21:09.094+0000] {logging_mixin.py:188} INFO -   Erreurs         : 0
[2026-05-11T18:21:09.095+0000] {logging_mixin.py:188} INFO - =======================================================
[2026-05-11T18:21:09.100+0000] {python.py:237} INFO - Done. Returned value was: {'status': 'success'}
[2026-05-11T18:21:09.128+0000] {taskinstance.py:441} INFO - ::group::Post task execution logs
[2026-05-11T18:21:09.697+0000] {taskinstance.py:1206} INFO - Marking task as SUCCESS. dag_id=job_intelligent_pipeline_simplified, task_id=check_quality, run_id=manual__2026-05-11T18:19:41.670437+00:00, execution_date=20260511T181941, start_date=20260511T182106, end_date=20260511T182109
[2026-05-11T18:21:10.017+0000] {local_task_job_runner.py:240} INFO - Task exited with return code 0
[2026-05-11T18:21:10.329+0000] {taskinstance.py:3498} INFO - 0 downstream tasks scheduled from follow-on schedule check
[2026-05-11T18:21:10.334+0000] {local_task_job_runner.py:222} INFO - ::endgroup::
