[2026-04-29T21:05:27.415+0000] {local_task_job_runner.py:120} INFO - ::group::Pre task execution logs
[2026-04-29T21:05:27.603+0000] {taskinstance.py:2076} INFO - Dependencies all met for dep_context=non-requeueable deps ti=<TaskInstance: job_intelligent_pipeline.wait_scraping manual__2026-04-29T18:52:49.881525+00:00 [queued]>
[2026-04-29T21:05:27.706+0000] {taskinstance.py:2076} INFO - Dependencies all met for dep_context=requeueable deps ti=<TaskInstance: job_intelligent_pipeline.wait_scraping manual__2026-04-29T18:52:49.881525+00:00 [queued]>
[2026-04-29T21:05:27.711+0000] {taskinstance.py:2306} INFO - Starting attempt 1 of 3
[2026-04-29T21:05:27.859+0000] {taskinstance.py:2330} INFO - Executing <Task(PythonOperator): wait_scraping> on 2026-04-29 18:52:49.881525+00:00
[2026-04-29T21:05:27.919+0000] {standard_task_runner.py:90} INFO - Running: ['***', 'tasks', 'run', 'job_intelligent_pipeline', 'wait_scraping', 'manual__2026-04-29T18:52:49.881525+00:00', '--job-id', '158', '--raw', '--subdir', 'DAGS_FOLDER/dag_job_intelligent.py', '--cfg-path', '/tmp/tmpib49qgga']
[2026-04-29T21:05:27.924+0000] {standard_task_runner.py:91} INFO - Job 158: Subtask wait_scraping
[2026-04-29T21:05:27.918+0000] {warnings.py:112} WARNING - /home/***/.local/lib/python3.12/site-packages/***/task/task_runner/standard_task_runner.py:61: DeprecationWarning: This process (pid=2580) is multi-threaded, use of fork() may lead to deadlocks in the child.
  pid = os.fork()

[2026-04-29T21:05:27.927+0000] {standard_task_runner.py:63} INFO - Started process 2581 to run task
[2026-04-29T21:05:28.304+0000] {task_command.py:426} INFO - Running <TaskInstance: job_intelligent_pipeline.wait_scraping manual__2026-04-29T18:52:49.881525+00:00 [running]> on host 00190f46936a
[2026-04-29T21:05:28.963+0000] {taskinstance.py:2648} INFO - Exporting env vars: AIRFLOW_CTX_DAG_OWNER='job_intelligent' AIRFLOW_CTX_DAG_ID='job_intelligent_pipeline' AIRFLOW_CTX_TASK_ID='wait_scraping' AIRFLOW_CTX_EXECUTION_DATE='2026-04-29T18:52:49.881525+00:00' AIRFLOW_CTX_TRY_NUMBER='1' AIRFLOW_CTX_DAG_RUN_ID='manual__2026-04-29T18:52:49.881525+00:00'
[2026-04-29T21:05:28.972+0000] {taskinstance.py:430} INFO - ::endgroup::
[2026-04-29T21:05:29.140+0000] {logging_mixin.py:188} INFO - [Wait] Attente de 60s pour laisser le scraping se terminer...
[2026-04-29T21:06:29.134+0000] {logging_mixin.py:188} INFO - [Wait] Scraping suppose termine.
[2026-04-29T21:06:29.136+0000] {python.py:237} INFO - Done. Returned value was: None
[2026-04-29T21:06:29.142+0000] {taskinstance.py:441} INFO - ::group::Post task execution logs
[2026-04-29T21:06:29.202+0000] {taskinstance.py:1206} INFO - Marking task as SUCCESS. dag_id=job_intelligent_pipeline, task_id=wait_scraping, run_id=manual__2026-04-29T18:52:49.881525+00:00, execution_date=20260429T185249, start_date=20260429T210527, end_date=20260429T210629
[2026-04-29T21:06:29.292+0000] {local_task_job_runner.py:240} INFO - Task exited with return code 0
[2026-04-29T21:06:29.391+0000] {taskinstance.py:3503} INFO - 1 downstream tasks scheduled from follow-on schedule check
[2026-04-29T21:06:29.399+0000] {local_task_job_runner.py:222} INFO - ::endgroup::
