[2026-04-30T20:54:17.620+0000] {local_task_job_runner.py:120} INFO - ::group::Pre task execution logs
[2026-04-30T20:54:17.708+0000] {taskinstance.py:2076} INFO - Dependencies all met for dep_context=non-requeueable deps ti=<TaskInstance: job_intelligent_pipeline.check_quality manual__2026-04-29T20:13:37.715317+00:00 [queued]>
[2026-04-30T20:54:17.732+0000] {taskinstance.py:2076} INFO - Dependencies all met for dep_context=requeueable deps ti=<TaskInstance: job_intelligent_pipeline.check_quality manual__2026-04-29T20:13:37.715317+00:00 [queued]>
[2026-04-30T20:54:17.737+0000] {taskinstance.py:2306} INFO - Starting attempt 2 of 3
[2026-04-30T20:54:17.832+0000] {taskinstance.py:2330} INFO - Executing <Task(PythonOperator): check_quality> on 2026-04-29 20:13:37.715317+00:00
[2026-04-30T20:54:17.841+0000] {warnings.py:112} WARNING - /home/***/.local/lib/python3.12/site-packages/***/task/task_runner/standard_task_runner.py:61: DeprecationWarning: This process (pid=162) is multi-threaded, use of fork() may lead to deadlocks in the child.
  pid = os.fork()

[2026-04-30T20:54:17.855+0000] {standard_task_runner.py:63} INFO - Started process 163 to run task
[2026-04-30T20:54:17.858+0000] {standard_task_runner.py:90} INFO - Running: ['***', 'tasks', 'run', 'job_intelligent_pipeline', 'check_quality', 'manual__2026-04-29T20:13:37.715317+00:00', '--job-id', '238', '--raw', '--subdir', 'DAGS_FOLDER/dag_job_intelligent.py', '--cfg-path', '/tmp/tmpgul89333']
[2026-04-30T20:54:17.861+0000] {standard_task_runner.py:91} INFO - Job 238: Subtask check_quality
[2026-04-30T20:54:17.999+0000] {task_command.py:426} INFO - Running <TaskInstance: job_intelligent_pipeline.check_quality manual__2026-04-29T20:13:37.715317+00:00 [running]> on host d03dee3e4b2b
[2026-04-30T20:54:18.247+0000] {taskinstance.py:2648} INFO - Exporting env vars: AIRFLOW_CTX_DAG_OWNER='job_intelligent' AIRFLOW_CTX_DAG_ID='job_intelligent_pipeline' AIRFLOW_CTX_TASK_ID='check_quality' AIRFLOW_CTX_EXECUTION_DATE='2026-04-29T20:13:37.715317+00:00' AIRFLOW_CTX_TRY_NUMBER='2' AIRFLOW_CTX_DAG_RUN_ID='manual__2026-04-29T20:13:37.715317+00:00'
[2026-04-30T20:54:18.249+0000] {taskinstance.py:430} INFO - ::endgroup::
[2026-04-30T20:54:18.565+0000] {logging_mixin.py:188} INFO - =======================================================
[2026-04-30T20:54:18.566+0000] {logging_mixin.py:188} INFO -   RAPPORT PIPELINE JOB INTELLIGENT
[2026-04-30T20:54:18.566+0000] {logging_mixin.py:188} INFO - =======================================================
[2026-04-30T20:54:18.567+0000] {logging_mixin.py:188} INFO -   Rekrute        : {'status': 'erreur', 'message': 'HTTPConnectionPool(host=\'scraper_api\', port=8000): Max retries exceeded with url: /scraper/rekrute (Caused by NameResolutionError("<urllib3.connection.HTTPConnection object at 0x7f5d3557e0f0>: Failed to resolve \'scraper_api\' ([Errno -2] Name or service not known)"))'}
[2026-04-30T20:54:18.568+0000] {logging_mixin.py:188} INFO -   France Travail : {'status': 'erreur', 'message': 'HTTPConnectionPool(host=\'scraper_api\', port=8000): Max retries exceeded with url: /scraper/france_travail (Caused by NameResolutionError("<urllib3.connection.HTTPConnection object at 0x7f5d35634ef0>: Failed to resolve \'scraper_api\' ([Errno -2] Name or service not known)"))'}
[2026-04-30T20:54:18.569+0000] {logging_mixin.py:188} INFO -   Adzuna         : {'status': 'erreur', 'message': 'HTTPConnectionPool(host=\'scraper_api\', port=8000): Max retries exceeded with url: /scraper/adzuna (Caused by NameResolutionError("<urllib3.connection.HTTPConnection object at 0x7f5d35b10950>: Failed to resolve \'scraper_api\' ([Errno -2] Name or service not known)"))'}
[2026-04-30T20:54:18.570+0000] {logging_mixin.py:188} INFO -   Kafka lus      : 0
[2026-04-30T20:54:18.570+0000] {logging_mixin.py:188} INFO -   ETL transformes: 0
[2026-04-30T20:54:18.571+0000] {logging_mixin.py:188} INFO -   MySQL charges  : 0
[2026-04-30T20:54:18.572+0000] {logging_mixin.py:188} INFO -   Doublons       : 0
[2026-04-30T20:54:18.573+0000] {logging_mixin.py:188} INFO -   Erreurs        : 0
[2026-04-30T20:54:18.574+0000] {logging_mixin.py:188} INFO - =======================================================
[2026-04-30T20:54:18.575+0000] {logging_mixin.py:188} INFO - [Qualite] Verification OK
[2026-04-30T20:54:18.575+0000] {python.py:237} INFO - Done. Returned value was: {'kafka_lus': 0, 'etl_transformes': 0, 'mysql_charges': 0, 'doublons': 0, 'erreurs': 0}
[2026-04-30T20:54:18.576+0000] {taskinstance.py:441} INFO - ::group::Post task execution logs
[2026-04-30T20:54:18.672+0000] {taskinstance.py:1206} INFO - Marking task as SUCCESS. dag_id=job_intelligent_pipeline, task_id=check_quality, run_id=manual__2026-04-29T20:13:37.715317+00:00, execution_date=20260429T201337, start_date=20260430T205417, end_date=20260430T205418
[2026-04-30T20:54:18.756+0000] {local_task_job_runner.py:240} INFO - Task exited with return code 0
[2026-04-30T20:54:18.948+0000] {taskinstance.py:3503} INFO - 0 downstream tasks scheduled from follow-on schedule check
[2026-04-30T20:54:18.964+0000] {local_task_job_runner.py:222} INFO - ::endgroup::
