[2026-05-11T16:02:40.211+0000] {local_task_job_runner.py:120} INFO - ::group::Pre task execution logs
[2026-05-11T16:02:40.294+0000] {taskinstance.py:2076} INFO - Dependencies all met for dep_context=non-requeueable deps ti=<TaskInstance: job_intelligent_pipeline_simplified.check_quality manual__2026-05-11T15:48:24.870736+00:00 [queued]>
[2026-05-11T16:02:40.314+0000] {taskinstance.py:2076} INFO - Dependencies all met for dep_context=requeueable deps ti=<TaskInstance: job_intelligent_pipeline_simplified.check_quality manual__2026-05-11T15:48:24.870736+00:00 [queued]>
[2026-05-11T16:02:40.316+0000] {taskinstance.py:2306} INFO - Starting attempt 1 of 3
[2026-05-11T16:02:40.355+0000] {taskinstance.py:2330} INFO - Executing <Task(PythonOperator): check_quality> on 2026-05-11 15:48:24.870736+00:00
[2026-05-11T16:02:40.375+0000] {warnings.py:110} WARNING - /home/***/.local/lib/python3.12/site-packages/***/task/task_runner/standard_task_runner.py:61: DeprecationWarning: This process (pid=76) is multi-threaded, use of fork() may lead to deadlocks in the child.
  pid = os.fork()

[2026-05-11T16:02:40.379+0000] {standard_task_runner.py:63} INFO - Started process 77 to run task
[2026-05-11T16:02:40.377+0000] {standard_task_runner.py:90} INFO - Running: ['***', 'tasks', 'run', 'job_intelligent_pipeline_simplified', 'check_quality', 'manual__2026-05-11T15:48:24.870736+00:00', '--job-id', '41', '--raw', '--subdir', 'DAGS_FOLDER/__pycache__/job_intelligent_pipeline.py', '--cfg-path', '/tmp/tmpb_nw7hop']
[2026-05-11T16:02:40.383+0000] {standard_task_runner.py:91} INFO - Job 41: Subtask check_quality
[2026-05-11T16:02:40.885+0000] {task_command.py:426} INFO - Running <TaskInstance: job_intelligent_pipeline_simplified.check_quality manual__2026-05-11T15:48:24.870736+00:00 [running]> on host 4ce668e058c0
[2026-05-11T16:02:41.243+0000] {taskinstance.py:2648} INFO - Exporting env vars: AIRFLOW_CTX_DAG_OWNER='job_intelligent' AIRFLOW_CTX_DAG_ID='job_intelligent_pipeline_simplified' AIRFLOW_CTX_TASK_ID='check_quality' AIRFLOW_CTX_EXECUTION_DATE='2026-05-11T15:48:24.870736+00:00' AIRFLOW_CTX_TRY_NUMBER='1' AIRFLOW_CTX_DAG_RUN_ID='manual__2026-05-11T15:48:24.870736+00:00'
[2026-05-11T16:02:41.245+0000] {taskinstance.py:430} INFO - ::endgroup::
[2026-05-11T16:02:41.408+0000] {logging_mixin.py:188} INFO - =======================================================
[2026-05-11T16:02:41.409+0000] {logging_mixin.py:188} INFO -   RAPPORT PIPELINE JOB INTELLIGENT
[2026-05-11T16:02:41.410+0000] {logging_mixin.py:188} INFO - =======================================================
[2026-05-11T16:02:41.454+0000] {logging_mixin.py:188} INFO -   Rekrute        : {'status': 'erreur', 'message': 'HTTPConnectionPool(host=\'scraper_api\', port=8000): Max retries exceeded with url: /scrape/rekrute (Caused by NameResolutionError("<urllib3.connection.HTTPConnection object at 0x70b96b9d49b0>: Failed to resolve \'scraper_api\' ([Errno -2] Name or service not known)"))'}
[2026-05-11T16:02:41.496+0000] {logging_mixin.py:188} INFO -   France Travail : {'status': 'erreur', 'message': 'HTTPConnectionPool(host=\'scraper_api\', port=8000): Max retries exceeded with url: /scrape/france_travail (Caused by NameResolutionError("<urllib3.connection.HTTPConnection object at 0x70b96b902b10>: Failed to resolve \'scraper_api\' ([Errno -2] Name or service not known)"))'}
[2026-05-11T16:02:41.539+0000] {logging_mixin.py:188} INFO -   Adzuna         : {'status': 'erreur', 'message': 'HTTPConnectionPool(host=\'scraper_api\', port=8000): Max retries exceeded with url: /scrape/adzuna (Caused by NameResolutionError("<urllib3.connection.HTTPConnection object at 0x70b96b941a60>: Failed to resolve \'scraper_api\' ([Errno -2] Name or service not known)"))'}
[2026-05-11T16:02:41.546+0000] {logging_mixin.py:188} INFO -   Offres brutes lues depuis MinIO : 0
[2026-05-11T16:02:41.547+0000] {logging_mixin.py:188} INFO -   ETL transformés : 0
[2026-05-11T16:02:41.548+0000] {logging_mixin.py:188} INFO -   MySQL chargées  : 0
[2026-05-11T16:02:41.549+0000] {logging_mixin.py:188} INFO -   Doublons        : 0
[2026-05-11T16:02:41.551+0000] {logging_mixin.py:188} INFO -   Erreurs         : 0
[2026-05-11T16:02:41.552+0000] {logging_mixin.py:188} INFO - =======================================================
[2026-05-11T16:02:41.553+0000] {python.py:237} INFO - Done. Returned value was: {'status': 'success'}
[2026-05-11T16:02:41.554+0000] {taskinstance.py:441} INFO - ::group::Post task execution logs
[2026-05-11T16:02:41.695+0000] {taskinstance.py:1206} INFO - Marking task as SUCCESS. dag_id=job_intelligent_pipeline_simplified, task_id=check_quality, run_id=manual__2026-05-11T15:48:24.870736+00:00, execution_date=20260511T154824, start_date=20260511T160240, end_date=20260511T160241
[2026-05-11T16:02:41.778+0000] {local_task_job_runner.py:240} INFO - Task exited with return code 0
[2026-05-11T16:02:41.842+0000] {taskinstance.py:3498} INFO - 0 downstream tasks scheduled from follow-on schedule check
[2026-05-11T16:02:41.851+0000] {local_task_job_runner.py:222} INFO - ::endgroup::
