[2026-04-29T20:41:43.298+0000] {local_task_job_runner.py:120} INFO - ::group::Pre task execution logs
[2026-04-29T20:41:43.506+0000] {taskinstance.py:2076} INFO - Dependencies all met for dep_context=non-requeueable deps ti=<TaskInstance: job_intelligent_pipeline.etl_kafka scheduled__2026-04-28T06:00:00+00:00 [queued]>
[2026-04-29T20:41:43.659+0000] {taskinstance.py:2076} INFO - Dependencies all met for dep_context=requeueable deps ti=<TaskInstance: job_intelligent_pipeline.etl_kafka scheduled__2026-04-28T06:00:00+00:00 [queued]>
[2026-04-29T20:41:43.754+0000] {taskinstance.py:2306} INFO - Starting attempt 3 of 3
[2026-04-29T20:41:44.329+0000] {taskinstance.py:2330} INFO - Executing <Task(PythonOperator): etl_kafka> on 2026-04-28 06:00:00+00:00
[2026-04-29T20:41:44.426+0000] {warnings.py:112} WARNING - /home/***/.local/lib/python3.12/site-packages/***/task/task_runner/standard_task_runner.py:61: DeprecationWarning: This process (pid=2201) is multi-threaded, use of fork() may lead to deadlocks in the child.
  pid = os.fork()

[2026-04-29T20:41:44.446+0000] {standard_task_runner.py:90} INFO - Running: ['***', 'tasks', 'run', 'job_intelligent_pipeline', 'etl_kafka', 'scheduled__2026-04-28T06:00:00+00:00', '--job-id', '137', '--raw', '--subdir', 'DAGS_FOLDER/dag_job_intelligent.py', '--cfg-path', '/tmp/tmpvroos83k']
[2026-04-29T20:41:44.520+0000] {standard_task_runner.py:63} INFO - Started process 2202 to run task
[2026-04-29T20:41:44.584+0000] {standard_task_runner.py:91} INFO - Job 137: Subtask etl_kafka
[2026-04-29T20:41:45.349+0000] {task_command.py:426} INFO - Running <TaskInstance: job_intelligent_pipeline.etl_kafka scheduled__2026-04-28T06:00:00+00:00 [running]> on host 00190f46936a
[2026-04-29T20:41:46.099+0000] {taskinstance.py:2648} INFO - Exporting env vars: AIRFLOW_CTX_DAG_OWNER='job_intelligent' AIRFLOW_CTX_DAG_ID='job_intelligent_pipeline' AIRFLOW_CTX_TASK_ID='etl_kafka' AIRFLOW_CTX_EXECUTION_DATE='2026-04-28T06:00:00+00:00' AIRFLOW_CTX_TRY_NUMBER='3' AIRFLOW_CTX_DAG_RUN_ID='scheduled__2026-04-28T06:00:00+00:00'
[2026-04-29T20:41:46.114+0000] {taskinstance.py:430} INFO - ::endgroup::
[2026-04-29T20:41:46.267+0000] {taskinstance.py:441} INFO - ::group::Post task execution logs
[2026-04-29T20:41:46.272+0000] {taskinstance.py:2905} ERROR - Task failed with exception
Traceback (most recent call last):
  File "/home/airflow/.local/lib/python3.12/site-packages/airflow/models/taskinstance.py", line 460, in _execute_task
    result = _execute_callable(context=context, **execute_callable_kwargs)
             ^^^^^^^^^^^^^^^^^^^^^^^^^^^^^^^^^^^^^^^^^^^^^^^^^^^^^^^^^^^^^
  File "/home/airflow/.local/lib/python3.12/site-packages/airflow/models/taskinstance.py", line 432, in _execute_callable
    return execute_callable(context=context, **execute_callable_kwargs)
           ^^^^^^^^^^^^^^^^^^^^^^^^^^^^^^^^^^^^^^^^^^^^^^^^^^^^^^^^^^^^
  File "/home/airflow/.local/lib/python3.12/site-packages/airflow/models/baseoperator.py", line 401, in wrapper
    return func(self, *args, **kwargs)
           ^^^^^^^^^^^^^^^^^^^^^^^^^^^
  File "/home/airflow/.local/lib/python3.12/site-packages/airflow/operators/python.py", line 235, in execute
    return_value = self.execute_callable()
                   ^^^^^^^^^^^^^^^^^^^^^^^
  File "/home/airflow/.local/lib/python3.12/site-packages/airflow/operators/python.py", line 252, in execute_callable
    return self.python_callable(*self.op_args, **self.op_kwargs)
           ^^^^^^^^^^^^^^^^^^^^^^^^^^^^^^^^^^^^^^^^^^^^^^^^^^^^^
  File "/opt/airflow/dags/dag_job_intelligent.py", line 152, in task_etl_kafka
    from kafka import KafkaConsumer
ModuleNotFoundError: No module named 'kafka'
[2026-04-29T20:41:46.490+0000] {taskinstance.py:1206} INFO - Marking task as FAILED. dag_id=job_intelligent_pipeline, task_id=etl_kafka, run_id=scheduled__2026-04-28T06:00:00+00:00, execution_date=20260428T060000, start_date=20260429T204143, end_date=20260429T204146
[2026-04-29T20:41:46.700+0000] {standard_task_runner.py:110} ERROR - Failed to execute job 137 for task etl_kafka (No module named 'kafka'; 2202)
[2026-04-29T20:41:46.769+0000] {local_task_job_runner.py:240} INFO - Task exited with return code 1
[2026-04-29T20:41:47.054+0000] {taskinstance.py:3503} INFO - 0 downstream tasks scheduled from follow-on schedule check
[2026-04-29T20:41:47.078+0000] {local_task_job_runner.py:222} INFO - ::endgroup::
