[2026-05-11T10:53:37.162+0000] {local_task_job_runner.py:120} INFO - ::group::Pre task execution logs
[2026-05-11T10:53:37.220+0000] {taskinstance.py:2076} INFO - Dependencies all met for dep_context=non-requeueable deps ti=<TaskInstance: job_intelligent_pipeline_simplified.etl_minio scheduled__2026-05-10T06:00:00+00:00 [queued]>
[2026-05-11T10:53:37.250+0000] {taskinstance.py:2076} INFO - Dependencies all met for dep_context=requeueable deps ti=<TaskInstance: job_intelligent_pipeline_simplified.etl_minio scheduled__2026-05-10T06:00:00+00:00 [queued]>
[2026-05-11T10:53:37.253+0000] {taskinstance.py:2306} INFO - Starting attempt 3 of 3
[2026-05-11T10:53:37.310+0000] {taskinstance.py:2330} INFO - Executing <Task(PythonOperator): etl_minio> on 2026-05-10 06:00:00+00:00
[2026-05-11T10:53:37.328+0000] {warnings.py:112} WARNING - /home/***/.local/lib/python3.12/site-packages/***/task/task_runner/standard_task_runner.py:61: DeprecationWarning: This process (pid=596) is multi-threaded, use of fork() may lead to deadlocks in the child.
  pid = os.fork()

[2026-05-11T10:53:37.327+0000] {standard_task_runner.py:90} INFO - Running: ['***', 'tasks', 'run', 'job_intelligent_pipeline_simplified', 'etl_minio', 'scheduled__2026-05-10T06:00:00+00:00', '--job-id', '505', '--raw', '--subdir', 'DAGS_FOLDER/__pycache__/job_intelligent_pipeline.py', '--cfg-path', '/tmp/tmpj_ohb_nq']
[2026-05-11T10:53:37.331+0000] {standard_task_runner.py:63} INFO - Started process 597 to run task
[2026-05-11T10:53:37.332+0000] {standard_task_runner.py:91} INFO - Job 505: Subtask etl_minio
[2026-05-11T10:53:37.544+0000] {task_command.py:426} INFO - Running <TaskInstance: job_intelligent_pipeline_simplified.etl_minio scheduled__2026-05-10T06:00:00+00:00 [running]> on host 895ca0ce75a2
[2026-05-11T10:53:38.399+0000] {taskinstance.py:2648} INFO - Exporting env vars: AIRFLOW_CTX_DAG_OWNER='job_intelligent' AIRFLOW_CTX_DAG_ID='job_intelligent_pipeline_simplified' AIRFLOW_CTX_TASK_ID='etl_minio' AIRFLOW_CTX_EXECUTION_DATE='2026-05-10T06:00:00+00:00' AIRFLOW_CTX_TRY_NUMBER='3' AIRFLOW_CTX_DAG_RUN_ID='scheduled__2026-05-10T06:00:00+00:00'
[2026-05-11T10:53:38.403+0000] {taskinstance.py:430} INFO - ::endgroup::
[2026-05-11T10:53:38.500+0000] {taskinstance.py:441} INFO - ::group::Post task execution logs
[2026-05-11T10:53:38.502+0000] {taskinstance.py:2905} ERROR - Task failed with exception
Traceback (most recent call last):
  File "/home/airflow/.local/lib/python3.12/site-packages/airflow/models/taskinstance.py", line 460, in _execute_task
    result = _execute_callable(context=context, **execute_callable_kwargs)
             ^^^^^^^^^^^^^^^^^^^^^^^^^^^^^^^^^^^^^^^^^^^^^^^^^^^^^^^^^^^^^
  File "/home/airflow/.local/lib/python3.12/site-packages/airflow/models/taskinstance.py", line 432, in _execute_callable
    return execute_callable(context=context, **execute_callable_kwargs)
           ^^^^^^^^^^^^^^^^^^^^^^^^^^^^^^^^^^^^^^^^^^^^^^^^^^^^^^^^^^^^
  File "/home/airflow/.local/lib/python3.12/site-packages/airflow/models/baseoperator.py", line 401, in wrapper
    return func(self, *args, **kwargs)
           ^^^^^^^^^^^^^^^^^^^^^^^^^^^
  File "/home/airflow/.local/lib/python3.12/site-packages/airflow/operators/python.py", line 235, in execute
    return_value = self.execute_callable()
                   ^^^^^^^^^^^^^^^^^^^^^^^
  File "/home/airflow/.local/lib/python3.12/site-packages/airflow/operators/python.py", line 252, in execute_callable
    return self.python_callable(*self.op_args, **self.op_kwargs)
           ^^^^^^^^^^^^^^^^^^^^^^^^^^^^^^^^^^^^^^^^^^^^^^^^^^^^^
  File "/opt/airflow/dags/__pycache__/job_intelligent_pipeline.py", line 75, in task_etl_minio
    from etl_from_minio import run_etl_from_minio
ModuleNotFoundError: No module named 'etl_from_minio'
[2026-05-11T10:53:38.581+0000] {taskinstance.py:1206} INFO - Marking task as FAILED. dag_id=job_intelligent_pipeline_simplified, task_id=etl_minio, run_id=scheduled__2026-05-10T06:00:00+00:00, execution_date=20260510T060000, start_date=20260511T105337, end_date=20260511T105338
[2026-05-11T10:53:38.739+0000] {standard_task_runner.py:110} ERROR - Failed to execute job 505 for task etl_minio (No module named 'etl_from_minio'; 597)
[2026-05-11T10:53:38.787+0000] {local_task_job_runner.py:240} INFO - Task exited with return code 1
[2026-05-11T10:53:38.875+0000] {taskinstance.py:3503} INFO - 0 downstream tasks scheduled from follow-on schedule check
[2026-05-11T10:53:38.921+0000] {local_task_job_runner.py:222} INFO - ::endgroup::
[2026-05-11T15:14:45.490+0000] {local_task_job_runner.py:120} INFO - ::group::Pre task execution logs
[2026-05-11T15:14:45.602+0000] {taskinstance.py:2076} INFO - Dependencies all met for dep_context=non-requeueable deps ti=<TaskInstance: job_intelligent_pipeline_simplified.etl_minio scheduled__2026-05-10T06:00:00+00:00 [queued]>
[2026-05-11T15:14:45.624+0000] {taskinstance.py:2076} INFO - Dependencies all met for dep_context=requeueable deps ti=<TaskInstance: job_intelligent_pipeline_simplified.etl_minio scheduled__2026-05-10T06:00:00+00:00 [queued]>
[2026-05-11T15:14:45.625+0000] {taskinstance.py:2306} INFO - Starting attempt 3 of 3
[2026-05-11T15:14:45.678+0000] {taskinstance.py:2330} INFO - Executing <Task(PythonOperator): etl_minio> on 2026-05-10 06:00:00+00:00
[2026-05-11T15:14:45.695+0000] {warnings.py:110} WARNING - /home/***/.local/lib/python3.12/site-packages/***/task/task_runner/standard_task_runner.py:61: DeprecationWarning: This process (pid=1565) is multi-threaded, use of fork() may lead to deadlocks in the child.
  pid = os.fork()

[2026-05-11T15:14:45.702+0000] {standard_task_runner.py:63} INFO - Started process 1566 to run task
[2026-05-11T15:14:45.706+0000] {standard_task_runner.py:90} INFO - Running: ['***', 'tasks', 'run', 'job_intelligent_pipeline_simplified', 'etl_minio', 'scheduled__2026-05-10T06:00:00+00:00', '--job-id', '11', '--raw', '--subdir', 'DAGS_FOLDER/__pycache__/job_intelligent_pipeline.py', '--cfg-path', '/tmp/tmph9s_pfd4']
[2026-05-11T15:14:45.709+0000] {standard_task_runner.py:91} INFO - Job 11: Subtask etl_minio
[2026-05-11T15:14:45.932+0000] {task_command.py:426} INFO - Running <TaskInstance: job_intelligent_pipeline_simplified.etl_minio scheduled__2026-05-10T06:00:00+00:00 [running]> on host 7282f04bb408
[2026-05-11T15:14:46.398+0000] {taskinstance.py:2648} INFO - Exporting env vars: AIRFLOW_CTX_DAG_OWNER='job_intelligent' AIRFLOW_CTX_DAG_ID='job_intelligent_pipeline_simplified' AIRFLOW_CTX_TASK_ID='etl_minio' AIRFLOW_CTX_EXECUTION_DATE='2026-05-10T06:00:00+00:00' AIRFLOW_CTX_TRY_NUMBER='3' AIRFLOW_CTX_DAG_RUN_ID='scheduled__2026-05-10T06:00:00+00:00'
[2026-05-11T15:14:46.403+0000] {taskinstance.py:430} INFO - ::endgroup::
[2026-05-11T15:14:46.467+0000] {taskinstance.py:441} INFO - ::group::Post task execution logs
[2026-05-11T15:14:46.468+0000] {taskinstance.py:2905} ERROR - Task failed with exception
Traceback (most recent call last):
  File "/home/airflow/.local/lib/python3.12/site-packages/airflow/models/taskinstance.py", line 460, in _execute_task
    result = _execute_callable(context=context, **execute_callable_kwargs)
             ^^^^^^^^^^^^^^^^^^^^^^^^^^^^^^^^^^^^^^^^^^^^^^^^^^^^^^^^^^^^^
  File "/home/airflow/.local/lib/python3.12/site-packages/airflow/models/taskinstance.py", line 432, in _execute_callable
    return execute_callable(context=context, **execute_callable_kwargs)
           ^^^^^^^^^^^^^^^^^^^^^^^^^^^^^^^^^^^^^^^^^^^^^^^^^^^^^^^^^^^^
  File "/home/airflow/.local/lib/python3.12/site-packages/airflow/models/baseoperator.py", line 400, in wrapper
    return func(self, *args, **kwargs)
           ^^^^^^^^^^^^^^^^^^^^^^^^^^^
  File "/home/airflow/.local/lib/python3.12/site-packages/airflow/operators/python.py", line 235, in execute
    return_value = self.execute_callable()
                   ^^^^^^^^^^^^^^^^^^^^^^^
  File "/home/airflow/.local/lib/python3.12/site-packages/airflow/operators/python.py", line 252, in execute_callable
    return self.python_callable(*self.op_args, **self.op_kwargs)
           ^^^^^^^^^^^^^^^^^^^^^^^^^^^^^^^^^^^^^^^^^^^^^^^^^^^^^
  File "/opt/airflow/dags/__pycache__/job_intelligent_pipeline.py", line 75, in task_etl_minio
    from etl_from_minio import run_etl_from_minio
  File "/opt/airflow/scripts/etl_from_minio.py", line 6, in <module>
    from minio import Minio
ModuleNotFoundError: No module named 'minio'
[2026-05-11T15:14:46.525+0000] {taskinstance.py:1206} INFO - Marking task as FAILED. dag_id=job_intelligent_pipeline_simplified, task_id=etl_minio, run_id=scheduled__2026-05-10T06:00:00+00:00, execution_date=20260510T060000, start_date=20260511T151445, end_date=20260511T151446
[2026-05-11T15:14:46.562+0000] {standard_task_runner.py:110} ERROR - Failed to execute job 11 for task etl_minio (No module named 'minio'; 1566)
[2026-05-11T15:14:46.611+0000] {local_task_job_runner.py:240} INFO - Task exited with return code 1
[2026-05-11T15:14:46.859+0000] {taskinstance.py:3498} INFO - 0 downstream tasks scheduled from follow-on schedule check
[2026-05-11T15:14:46.893+0000] {local_task_job_runner.py:222} INFO - ::endgroup::
