[2026-04-27T02:01:25.248+0000] {local_task_job_runner.py:120} INFO - ::group::Pre task execution logs
[2026-04-27T02:01:25.749+0000] {taskinstance.py:2076} INFO - Dependencies all met for dep_context=non-requeueable deps ti=<TaskInstance: job_intelligent_pipeline.scrape_france_travail manual__2026-04-27T01:59:37.749730+00:00 [queued]>
[2026-04-27T02:01:26.051+0000] {taskinstance.py:2076} INFO - Dependencies all met for dep_context=requeueable deps ti=<TaskInstance: job_intelligent_pipeline.scrape_france_travail manual__2026-04-27T01:59:37.749730+00:00 [queued]>
[2026-04-27T02:01:26.076+0000] {taskinstance.py:2306} INFO - Starting attempt 1 of 3
[2026-04-27T02:01:26.528+0000] {taskinstance.py:2330} INFO - Executing <Task(PythonOperator): scrape_france_travail> on 2026-04-27 01:59:37.749730+00:00
[2026-04-27T02:01:26.608+0000] {standard_task_runner.py:90} INFO - Running: ['***', 'tasks', 'run', 'job_intelligent_pipeline', 'scrape_france_travail', 'manual__2026-04-27T01:59:37.749730+00:00', '--job-id', '94', '--raw', '--subdir', 'DAGS_FOLDER/dag_job_intelligent.py', '--cfg-path', '/tmp/tmpavn76sza']
[2026-04-27T02:01:26.616+0000] {standard_task_runner.py:91} INFO - Job 94: Subtask scrape_france_travail
[2026-04-27T02:01:26.624+0000] {warnings.py:112} WARNING - /home/***/.local/lib/python3.12/site-packages/***/task/task_runner/standard_task_runner.py:61: DeprecationWarning: This process (pid=758) is multi-threaded, use of fork() may lead to deadlocks in the child.
  pid = os.fork()

[2026-04-27T02:01:26.853+0000] {standard_task_runner.py:63} INFO - Started process 761 to run task
[2026-04-27T02:01:28.073+0000] {task_command.py:426} INFO - Running <TaskInstance: job_intelligent_pipeline.scrape_france_travail manual__2026-04-27T01:59:37.749730+00:00 [running]> on host 29da1de14b83
[2026-04-27T02:01:29.765+0000] {taskinstance.py:2648} INFO - Exporting env vars: AIRFLOW_CTX_DAG_OWNER='job_intelligent' AIRFLOW_CTX_DAG_ID='job_intelligent_pipeline' AIRFLOW_CTX_TASK_ID='scrape_france_travail' AIRFLOW_CTX_EXECUTION_DATE='2026-04-27T01:59:37.749730+00:00' AIRFLOW_CTX_TRY_NUMBER='1' AIRFLOW_CTX_DAG_RUN_ID='manual__2026-04-27T01:59:37.749730+00:00'
[2026-04-27T02:01:29.767+0000] {taskinstance.py:430} INFO - ::endgroup::
[2026-04-27T02:01:29.815+0000] {logging_mixin.py:188} INFO - [Scraping] POST http://scraper_api:8000/scrape/france_travail
[2026-04-27T02:01:33.178+0000] {logging_mixin.py:188} INFO - [Scraping] FranceTravail erreur : HTTPConnectionPool(host='scraper_api', port=8000): Max retries exceeded with url: /scrape/france_travail (Caused by NameResolutionError("<urllib3.connection.HTTPConnection object at 0x7fdc8b49dfd0>: Failed to resolve 'scraper_api' ([Errno -2] Name or service not known)"))
[2026-04-27T02:01:33.181+0000] {logging_mixin.py:188} INFO - [Scraping] FranceTravail : {'status': 'erreur', 'message': 'HTTPConnectionPool(host=\'scraper_api\', port=8000): Max retries exceeded with url: /scrape/france_travail (Caused by NameResolutionError("<urllib3.connection.HTTPConnection object at 0x7fdc8b49dfd0>: Failed to resolve \'scraper_api\' ([Errno -2] Name or service not known)"))'}
[2026-04-27T02:01:33.316+0000] {python.py:237} INFO - Done. Returned value was: {'status': 'erreur', 'message': 'HTTPConnectionPool(host=\'scraper_api\', port=8000): Max retries exceeded with url: /scrape/france_travail (Caused by NameResolutionError("<urllib3.connection.HTTPConnection object at 0x7fdc8b49dfd0>: Failed to resolve \'scraper_api\' ([Errno -2] Name or service not known)"))'}
[2026-04-27T02:01:33.324+0000] {taskinstance.py:441} INFO - ::group::Post task execution logs
[2026-04-27T02:01:33.512+0000] {taskinstance.py:1206} INFO - Marking task as SUCCESS. dag_id=job_intelligent_pipeline, task_id=scrape_france_travail, run_id=manual__2026-04-27T01:59:37.749730+00:00, execution_date=20260427T015937, start_date=20260427T020125, end_date=20260427T020133
[2026-04-27T02:01:33.699+0000] {local_task_job_runner.py:240} INFO - Task exited with return code 0
[2026-04-27T02:01:33.917+0000] {taskinstance.py:3503} INFO - 1 downstream tasks scheduled from follow-on schedule check
[2026-04-27T02:01:33.931+0000] {local_task_job_runner.py:222} INFO - ::endgroup::
