[2026-04-14T00:00:15.637+0000] {processor.py:161} INFO - Started process (PID=7347) to work on /opt/airflow/dags/DagScraper.py
[2026-04-14T00:00:15.642+0000] {processor.py:830} INFO - Processing file /opt/airflow/dags/DagScraper.py for tasks to queue
[2026-04-14T00:00:15.656+0000] {logging_mixin.py:188} INFO - [2026-04-14T00:00:15.655+0000] {dagbag.py:545} INFO - Filling up the DagBag from /opt/airflow/dags/DagScraper.py
[2026-04-14T00:00:15.788+0000] {processor.py:840} INFO - DAG(s) 'dag_scraping_offres_emploi' retrieved from /opt/airflow/dags/DagScraper.py
[2026-04-14T00:00:17.362+0000] {logging_mixin.py:188} INFO - [2026-04-14T00:00:17.362+0000] {dag.py:3096} INFO - Sync 1 DAGs
[2026-04-14T00:00:17.615+0000] {logging_mixin.py:188} INFO - [2026-04-14T00:00:17.614+0000] {dag.py:3954} INFO - Setting next_dagrun for dag_scraping_offres_emploi to 2026-04-13 18:00:00+00:00, run_after=2026-04-14 00:00:00+00:00
[2026-04-14T00:00:17.938+0000] {processor.py:183} INFO - Processing /opt/airflow/dags/DagScraper.py took 2.359 seconds
[2026-04-14T00:00:48.284+0000] {processor.py:161} INFO - Started process (PID=7356) to work on /opt/airflow/dags/DagScraper.py
[2026-04-14T00:00:48.290+0000] {processor.py:830} INFO - Processing file /opt/airflow/dags/DagScraper.py for tasks to queue
[2026-04-14T00:00:48.302+0000] {logging_mixin.py:188} INFO - [2026-04-14T00:00:48.301+0000] {dagbag.py:545} INFO - Filling up the DagBag from /opt/airflow/dags/DagScraper.py
[2026-04-14T00:00:48.447+0000] {processor.py:840} INFO - DAG(s) 'dag_scraping_offres_emploi' retrieved from /opt/airflow/dags/DagScraper.py
[2026-04-14T00:00:48.689+0000] {logging_mixin.py:188} INFO - [2026-04-14T00:00:48.689+0000] {dag.py:3096} INFO - Sync 1 DAGs
[2026-04-14T00:00:48.783+0000] {logging_mixin.py:188} INFO - [2026-04-14T00:00:48.782+0000] {dag.py:3954} INFO - Setting next_dagrun for dag_scraping_offres_emploi to 2026-04-13 18:00:00+00:00, run_after=2026-04-14 00:00:00+00:00
[2026-04-14T00:00:48.848+0000] {processor.py:183} INFO - Processing /opt/airflow/dags/DagScraper.py took 0.590 seconds
[2026-04-14T00:01:19.418+0000] {processor.py:161} INFO - Started process (PID=7369) to work on /opt/airflow/dags/DagScraper.py
[2026-04-14T00:01:19.419+0000] {processor.py:830} INFO - Processing file /opt/airflow/dags/DagScraper.py for tasks to queue
[2026-04-14T00:01:19.424+0000] {logging_mixin.py:188} INFO - [2026-04-14T00:01:19.423+0000] {dagbag.py:545} INFO - Filling up the DagBag from /opt/airflow/dags/DagScraper.py
[2026-04-14T00:01:19.540+0000] {processor.py:840} INFO - DAG(s) 'dag_scraping_offres_emploi' retrieved from /opt/airflow/dags/DagScraper.py
[2026-04-14T00:01:19.902+0000] {logging_mixin.py:188} INFO - [2026-04-14T00:01:19.902+0000] {dag.py:3096} INFO - Sync 1 DAGs
[2026-04-14T00:01:20.115+0000] {logging_mixin.py:188} INFO - [2026-04-14T00:01:20.083+0000] {dag.py:3954} INFO - Setting next_dagrun for dag_scraping_offres_emploi to 2026-04-13 18:00:00+00:00, run_after=2026-04-14 00:00:00+00:00
[2026-04-14T00:01:20.282+0000] {processor.py:183} INFO - Processing /opt/airflow/dags/DagScraper.py took 0.897 seconds
[2026-04-14T00:01:51.795+0000] {processor.py:161} INFO - Started process (PID=7383) to work on /opt/airflow/dags/DagScraper.py
[2026-04-14T00:01:51.800+0000] {processor.py:830} INFO - Processing file /opt/airflow/dags/DagScraper.py for tasks to queue
[2026-04-14T00:01:51.840+0000] {logging_mixin.py:188} INFO - [2026-04-14T00:01:51.816+0000] {dagbag.py:545} INFO - Filling up the DagBag from /opt/airflow/dags/DagScraper.py
[2026-04-14T00:01:51.949+0000] {processor.py:840} INFO - DAG(s) 'dag_scraping_offres_emploi' retrieved from /opt/airflow/dags/DagScraper.py
[2026-04-14T00:01:52.091+0000] {logging_mixin.py:188} INFO - [2026-04-14T00:01:52.090+0000] {dag.py:3096} INFO - Sync 1 DAGs
[2026-04-14T00:01:52.523+0000] {logging_mixin.py:188} INFO - [2026-04-14T00:01:52.499+0000] {dag.py:3954} INFO - Setting next_dagrun for dag_scraping_offres_emploi to 2026-04-13 18:00:00+00:00, run_after=2026-04-14 00:00:00+00:00
[2026-04-14T00:01:52.750+0000] {processor.py:183} INFO - Processing /opt/airflow/dags/DagScraper.py took 0.984 seconds
[2026-04-14T00:02:23.294+0000] {processor.py:161} INFO - Started process (PID=7391) to work on /opt/airflow/dags/DagScraper.py
[2026-04-14T00:02:23.297+0000] {processor.py:830} INFO - Processing file /opt/airflow/dags/DagScraper.py for tasks to queue
[2026-04-14T00:02:23.328+0000] {logging_mixin.py:188} INFO - [2026-04-14T00:02:23.327+0000] {dagbag.py:545} INFO - Filling up the DagBag from /opt/airflow/dags/DagScraper.py
[2026-04-14T00:02:23.547+0000] {processor.py:840} INFO - DAG(s) 'dag_scraping_offres_emploi' retrieved from /opt/airflow/dags/DagScraper.py
[2026-04-14T00:02:24.574+0000] {logging_mixin.py:188} INFO - [2026-04-14T00:02:24.573+0000] {dag.py:3096} INFO - Sync 1 DAGs
[2026-04-14T00:02:24.949+0000] {logging_mixin.py:188} INFO - [2026-04-14T00:02:24.949+0000] {dag.py:3954} INFO - Setting next_dagrun for dag_scraping_offres_emploi to 2026-04-13 18:00:00+00:00, run_after=2026-04-14 00:00:00+00:00
[2026-04-14T00:02:25.190+0000] {processor.py:183} INFO - Processing /opt/airflow/dags/DagScraper.py took 2.020 seconds
[2026-04-14T00:02:55.565+0000] {processor.py:161} INFO - Started process (PID=7405) to work on /opt/airflow/dags/DagScraper.py
[2026-04-14T00:02:55.578+0000] {processor.py:830} INFO - Processing file /opt/airflow/dags/DagScraper.py for tasks to queue
[2026-04-14T00:02:55.587+0000] {logging_mixin.py:188} INFO - [2026-04-14T00:02:55.586+0000] {dagbag.py:545} INFO - Filling up the DagBag from /opt/airflow/dags/DagScraper.py
[2026-04-14T00:02:55.771+0000] {processor.py:840} INFO - DAG(s) 'dag_scraping_offres_emploi' retrieved from /opt/airflow/dags/DagScraper.py
[2026-04-14T00:02:56.338+0000] {logging_mixin.py:188} INFO - [2026-04-14T00:02:56.337+0000] {dag.py:3096} INFO - Sync 1 DAGs
[2026-04-14T00:02:56.734+0000] {logging_mixin.py:188} INFO - [2026-04-14T00:02:56.734+0000] {dag.py:3954} INFO - Setting next_dagrun for dag_scraping_offres_emploi to 2026-04-13 18:00:00+00:00, run_after=2026-04-14 00:00:00+00:00
[2026-04-14T00:02:57.134+0000] {processor.py:183} INFO - Processing /opt/airflow/dags/DagScraper.py took 1.669 seconds
[2026-04-14T00:03:27.930+0000] {processor.py:161} INFO - Started process (PID=7413) to work on /opt/airflow/dags/DagScraper.py
[2026-04-14T00:03:27.933+0000] {processor.py:830} INFO - Processing file /opt/airflow/dags/DagScraper.py for tasks to queue
[2026-04-14T00:03:27.938+0000] {logging_mixin.py:188} INFO - [2026-04-14T00:03:27.937+0000] {dagbag.py:545} INFO - Filling up the DagBag from /opt/airflow/dags/DagScraper.py
[2026-04-14T00:03:28.180+0000] {processor.py:840} INFO - DAG(s) 'dag_scraping_offres_emploi' retrieved from /opt/airflow/dags/DagScraper.py
[2026-04-14T00:03:28.856+0000] {logging_mixin.py:188} INFO - [2026-04-14T00:03:28.855+0000] {dag.py:3096} INFO - Sync 1 DAGs
[2026-04-14T00:03:29.017+0000] {logging_mixin.py:188} INFO - [2026-04-14T00:03:29.016+0000] {dag.py:3954} INFO - Setting next_dagrun for dag_scraping_offres_emploi to 2026-04-13 18:00:00+00:00, run_after=2026-04-14 00:00:00+00:00
[2026-04-14T00:03:29.464+0000] {processor.py:183} INFO - Processing /opt/airflow/dags/DagScraper.py took 1.746 seconds
[2026-04-14T00:04:00.302+0000] {processor.py:161} INFO - Started process (PID=7427) to work on /opt/airflow/dags/DagScraper.py
[2026-04-14T00:04:00.308+0000] {processor.py:830} INFO - Processing file /opt/airflow/dags/DagScraper.py for tasks to queue
[2026-04-14T00:04:00.312+0000] {logging_mixin.py:188} INFO - [2026-04-14T00:04:00.311+0000] {dagbag.py:545} INFO - Filling up the DagBag from /opt/airflow/dags/DagScraper.py
[2026-04-14T00:04:00.378+0000] {processor.py:840} INFO - DAG(s) 'dag_scraping_offres_emploi' retrieved from /opt/airflow/dags/DagScraper.py
[2026-04-14T00:04:01.052+0000] {logging_mixin.py:188} INFO - [2026-04-14T00:04:01.051+0000] {dag.py:3096} INFO - Sync 1 DAGs
[2026-04-14T00:04:01.589+0000] {logging_mixin.py:188} INFO - [2026-04-14T00:04:01.584+0000] {dag.py:3954} INFO - Setting next_dagrun for dag_scraping_offres_emploi to 2026-04-13 18:00:00+00:00, run_after=2026-04-14 00:00:00+00:00
[2026-04-14T00:04:01.769+0000] {processor.py:183} INFO - Processing /opt/airflow/dags/DagScraper.py took 1.486 seconds
[2026-04-14T00:04:32.515+0000] {processor.py:161} INFO - Started process (PID=7434) to work on /opt/airflow/dags/DagScraper.py
[2026-04-14T00:04:32.525+0000] {processor.py:830} INFO - Processing file /opt/airflow/dags/DagScraper.py for tasks to queue
[2026-04-14T00:04:32.542+0000] {logging_mixin.py:188} INFO - [2026-04-14T00:04:32.538+0000] {dagbag.py:545} INFO - Filling up the DagBag from /opt/airflow/dags/DagScraper.py
[2026-04-14T00:04:32.759+0000] {processor.py:840} INFO - DAG(s) 'dag_scraping_offres_emploi' retrieved from /opt/airflow/dags/DagScraper.py
[2026-04-14T00:04:33.308+0000] {logging_mixin.py:188} INFO - [2026-04-14T00:04:33.307+0000] {dag.py:3096} INFO - Sync 1 DAGs
[2026-04-14T00:04:33.645+0000] {logging_mixin.py:188} INFO - [2026-04-14T00:04:33.644+0000] {dag.py:3954} INFO - Setting next_dagrun for dag_scraping_offres_emploi to 2026-04-13 18:00:00+00:00, run_after=2026-04-14 00:00:00+00:00
[2026-04-14T00:04:33.845+0000] {processor.py:183} INFO - Processing /opt/airflow/dags/DagScraper.py took 1.511 seconds
[2026-04-14T00:05:04.752+0000] {processor.py:161} INFO - Started process (PID=7448) to work on /opt/airflow/dags/DagScraper.py
[2026-04-14T00:05:04.770+0000] {processor.py:830} INFO - Processing file /opt/airflow/dags/DagScraper.py for tasks to queue
[2026-04-14T00:05:04.788+0000] {logging_mixin.py:188} INFO - [2026-04-14T00:05:04.787+0000] {dagbag.py:545} INFO - Filling up the DagBag from /opt/airflow/dags/DagScraper.py
[2026-04-14T00:05:04.923+0000] {processor.py:840} INFO - DAG(s) 'dag_scraping_offres_emploi' retrieved from /opt/airflow/dags/DagScraper.py
[2026-04-14T00:05:05.330+0000] {logging_mixin.py:188} INFO - [2026-04-14T00:05:05.329+0000] {dag.py:3096} INFO - Sync 1 DAGs
[2026-04-14T00:05:05.689+0000] {logging_mixin.py:188} INFO - [2026-04-14T00:05:05.689+0000] {dag.py:3954} INFO - Setting next_dagrun for dag_scraping_offres_emploi to 2026-04-13 18:00:00+00:00, run_after=2026-04-14 00:00:00+00:00
[2026-04-14T00:05:06.079+0000] {processor.py:183} INFO - Processing /opt/airflow/dags/DagScraper.py took 1.371 seconds
[2026-04-14T00:05:36.963+0000] {processor.py:161} INFO - Started process (PID=7456) to work on /opt/airflow/dags/DagScraper.py
[2026-04-14T00:05:36.966+0000] {processor.py:830} INFO - Processing file /opt/airflow/dags/DagScraper.py for tasks to queue
[2026-04-14T00:05:36.977+0000] {logging_mixin.py:188} INFO - [2026-04-14T00:05:36.976+0000] {dagbag.py:545} INFO - Filling up the DagBag from /opt/airflow/dags/DagScraper.py
[2026-04-14T00:05:37.307+0000] {processor.py:840} INFO - DAG(s) 'dag_scraping_offres_emploi' retrieved from /opt/airflow/dags/DagScraper.py
[2026-04-14T00:05:37.991+0000] {logging_mixin.py:188} INFO - [2026-04-14T00:05:37.990+0000] {dag.py:3096} INFO - Sync 1 DAGs
[2026-04-14T00:05:39.298+0000] {logging_mixin.py:188} INFO - [2026-04-14T00:05:39.297+0000] {dag.py:3954} INFO - Setting next_dagrun for dag_scraping_offres_emploi to 2026-04-13 18:00:00+00:00, run_after=2026-04-14 00:00:00+00:00
[2026-04-14T00:05:39.905+0000] {processor.py:183} INFO - Processing /opt/airflow/dags/DagScraper.py took 2.993 seconds
[2026-04-14T00:06:10.311+0000] {processor.py:161} INFO - Started process (PID=7470) to work on /opt/airflow/dags/DagScraper.py
[2026-04-14T00:06:10.321+0000] {processor.py:830} INFO - Processing file /opt/airflow/dags/DagScraper.py for tasks to queue
[2026-04-14T00:06:10.335+0000] {logging_mixin.py:188} INFO - [2026-04-14T00:06:10.331+0000] {dagbag.py:545} INFO - Filling up the DagBag from /opt/airflow/dags/DagScraper.py
[2026-04-14T00:06:10.638+0000] {processor.py:840} INFO - DAG(s) 'dag_scraping_offres_emploi' retrieved from /opt/airflow/dags/DagScraper.py
[2026-04-14T00:06:10.896+0000] {logging_mixin.py:188} INFO - [2026-04-14T00:06:10.895+0000] {dag.py:3096} INFO - Sync 1 DAGs
[2026-04-14T00:06:11.294+0000] {logging_mixin.py:188} INFO - [2026-04-14T00:06:11.294+0000] {dag.py:3954} INFO - Setting next_dagrun for dag_scraping_offres_emploi to 2026-04-13 18:00:00+00:00, run_after=2026-04-14 00:00:00+00:00
[2026-04-14T00:06:11.430+0000] {processor.py:183} INFO - Processing /opt/airflow/dags/DagScraper.py took 1.171 seconds
[2026-04-14T00:06:42.427+0000] {processor.py:161} INFO - Started process (PID=7477) to work on /opt/airflow/dags/DagScraper.py
[2026-04-14T00:06:42.457+0000] {processor.py:830} INFO - Processing file /opt/airflow/dags/DagScraper.py for tasks to queue
[2026-04-14T00:06:42.509+0000] {logging_mixin.py:188} INFO - [2026-04-14T00:06:42.486+0000] {dagbag.py:545} INFO - Filling up the DagBag from /opt/airflow/dags/DagScraper.py
[2026-04-14T00:06:43.011+0000] {processor.py:840} INFO - DAG(s) 'dag_scraping_offres_emploi' retrieved from /opt/airflow/dags/DagScraper.py
[2026-04-14T00:06:43.829+0000] {logging_mixin.py:188} INFO - [2026-04-14T00:06:43.829+0000] {dag.py:3096} INFO - Sync 1 DAGs
[2026-04-14T00:06:44.838+0000] {logging_mixin.py:188} INFO - [2026-04-14T00:06:44.837+0000] {dag.py:3954} INFO - Setting next_dagrun for dag_scraping_offres_emploi to 2026-04-13 18:00:00+00:00, run_after=2026-04-14 00:00:00+00:00
[2026-04-14T00:06:45.093+0000] {processor.py:183} INFO - Processing /opt/airflow/dags/DagScraper.py took 2.906 seconds
[2026-04-14T00:07:15.764+0000] {processor.py:161} INFO - Started process (PID=7491) to work on /opt/airflow/dags/DagScraper.py
[2026-04-14T00:07:15.779+0000] {processor.py:830} INFO - Processing file /opt/airflow/dags/DagScraper.py for tasks to queue
[2026-04-14T00:07:15.846+0000] {logging_mixin.py:188} INFO - [2026-04-14T00:07:15.844+0000] {dagbag.py:545} INFO - Filling up the DagBag from /opt/airflow/dags/DagScraper.py
[2026-04-14T00:07:16.203+0000] {processor.py:840} INFO - DAG(s) 'dag_scraping_offres_emploi' retrieved from /opt/airflow/dags/DagScraper.py
[2026-04-14T00:07:17.386+0000] {logging_mixin.py:188} INFO - [2026-04-14T00:07:17.385+0000] {dag.py:3096} INFO - Sync 1 DAGs
[2026-04-14T00:07:17.866+0000] {logging_mixin.py:188} INFO - [2026-04-14T00:07:17.866+0000] {dag.py:3954} INFO - Setting next_dagrun for dag_scraping_offres_emploi to 2026-04-13 18:00:00+00:00, run_after=2026-04-14 00:00:00+00:00
[2026-04-14T00:07:18.167+0000] {processor.py:183} INFO - Processing /opt/airflow/dags/DagScraper.py took 2.484 seconds
[2026-04-14T00:07:48.414+0000] {processor.py:161} INFO - Started process (PID=7505) to work on /opt/airflow/dags/DagScraper.py
[2026-04-14T00:07:48.421+0000] {processor.py:830} INFO - Processing file /opt/airflow/dags/DagScraper.py for tasks to queue
[2026-04-14T00:07:48.434+0000] {logging_mixin.py:188} INFO - [2026-04-14T00:07:48.433+0000] {dagbag.py:545} INFO - Filling up the DagBag from /opt/airflow/dags/DagScraper.py
[2026-04-14T00:07:48.583+0000] {processor.py:840} INFO - DAG(s) 'dag_scraping_offres_emploi' retrieved from /opt/airflow/dags/DagScraper.py
[2026-04-14T00:07:49.001+0000] {logging_mixin.py:188} INFO - [2026-04-14T00:07:49.000+0000] {dag.py:3096} INFO - Sync 1 DAGs
[2026-04-14T00:07:49.195+0000] {logging_mixin.py:188} INFO - [2026-04-14T00:07:49.194+0000] {dag.py:3954} INFO - Setting next_dagrun for dag_scraping_offres_emploi to 2026-04-13 18:00:00+00:00, run_after=2026-04-14 00:00:00+00:00
[2026-04-14T00:07:49.283+0000] {processor.py:183} INFO - Processing /opt/airflow/dags/DagScraper.py took 0.937 seconds
[2026-04-14T00:08:19.637+0000] {processor.py:161} INFO - Started process (PID=7512) to work on /opt/airflow/dags/DagScraper.py
[2026-04-14T00:08:19.648+0000] {processor.py:830} INFO - Processing file /opt/airflow/dags/DagScraper.py for tasks to queue
[2026-04-14T00:08:19.653+0000] {logging_mixin.py:188} INFO - [2026-04-14T00:08:19.652+0000] {dagbag.py:545} INFO - Filling up the DagBag from /opt/airflow/dags/DagScraper.py
[2026-04-14T00:08:19.733+0000] {processor.py:840} INFO - DAG(s) 'dag_scraping_offres_emploi' retrieved from /opt/airflow/dags/DagScraper.py
[2026-04-14T00:08:20.181+0000] {logging_mixin.py:188} INFO - [2026-04-14T00:08:20.180+0000] {dag.py:3096} INFO - Sync 1 DAGs
[2026-04-14T00:08:20.318+0000] {logging_mixin.py:188} INFO - [2026-04-14T00:08:20.317+0000] {dag.py:3954} INFO - Setting next_dagrun for dag_scraping_offres_emploi to 2026-04-13 18:00:00+00:00, run_after=2026-04-14 00:00:00+00:00
[2026-04-14T00:08:20.524+0000] {processor.py:183} INFO - Processing /opt/airflow/dags/DagScraper.py took 0.975 seconds
[2026-04-14T00:08:50.923+0000] {processor.py:161} INFO - Started process (PID=7527) to work on /opt/airflow/dags/DagScraper.py
[2026-04-14T00:08:50.941+0000] {processor.py:830} INFO - Processing file /opt/airflow/dags/DagScraper.py for tasks to queue
[2026-04-14T00:08:50.951+0000] {logging_mixin.py:188} INFO - [2026-04-14T00:08:50.950+0000] {dagbag.py:545} INFO - Filling up the DagBag from /opt/airflow/dags/DagScraper.py
[2026-04-14T00:08:51.062+0000] {processor.py:840} INFO - DAG(s) 'dag_scraping_offres_emploi' retrieved from /opt/airflow/dags/DagScraper.py
[2026-04-14T00:08:51.451+0000] {logging_mixin.py:188} INFO - [2026-04-14T00:08:51.451+0000] {dag.py:3096} INFO - Sync 1 DAGs
[2026-04-14T00:08:51.667+0000] {logging_mixin.py:188} INFO - [2026-04-14T00:08:51.666+0000] {dag.py:3954} INFO - Setting next_dagrun for dag_scraping_offres_emploi to 2026-04-13 18:00:00+00:00, run_after=2026-04-14 00:00:00+00:00
[2026-04-14T00:08:51.782+0000] {processor.py:183} INFO - Processing /opt/airflow/dags/DagScraper.py took 0.884 seconds
[2026-04-14T00:09:22.817+0000] {processor.py:161} INFO - Started process (PID=7535) to work on /opt/airflow/dags/DagScraper.py
[2026-04-14T00:09:22.858+0000] {processor.py:830} INFO - Processing file /opt/airflow/dags/DagScraper.py for tasks to queue
[2026-04-14T00:09:22.888+0000] {logging_mixin.py:188} INFO - [2026-04-14T00:09:22.887+0000] {dagbag.py:545} INFO - Filling up the DagBag from /opt/airflow/dags/DagScraper.py
[2026-04-14T00:09:23.113+0000] {processor.py:840} INFO - DAG(s) 'dag_scraping_offres_emploi' retrieved from /opt/airflow/dags/DagScraper.py
[2026-04-14T00:09:23.525+0000] {logging_mixin.py:188} INFO - [2026-04-14T00:09:23.521+0000] {dag.py:3096} INFO - Sync 1 DAGs
[2026-04-14T00:09:23.836+0000] {logging_mixin.py:188} INFO - [2026-04-14T00:09:23.835+0000] {dag.py:3954} INFO - Setting next_dagrun for dag_scraping_offres_emploi to 2026-04-13 18:00:00+00:00, run_after=2026-04-14 00:00:00+00:00
[2026-04-14T00:09:24.037+0000] {processor.py:183} INFO - Processing /opt/airflow/dags/DagScraper.py took 1.267 seconds
[2026-04-14T00:09:54.607+0000] {processor.py:161} INFO - Started process (PID=7549) to work on /opt/airflow/dags/DagScraper.py
[2026-04-14T00:09:54.609+0000] {processor.py:830} INFO - Processing file /opt/airflow/dags/DagScraper.py for tasks to queue
[2026-04-14T00:09:54.617+0000] {logging_mixin.py:188} INFO - [2026-04-14T00:09:54.616+0000] {dagbag.py:545} INFO - Filling up the DagBag from /opt/airflow/dags/DagScraper.py
[2026-04-14T00:09:54.838+0000] {processor.py:840} INFO - DAG(s) 'dag_scraping_offres_emploi' retrieved from /opt/airflow/dags/DagScraper.py
[2026-04-14T00:09:55.064+0000] {logging_mixin.py:188} INFO - [2026-04-14T00:09:55.063+0000] {dag.py:3096} INFO - Sync 1 DAGs
[2026-04-14T00:09:55.254+0000] {logging_mixin.py:188} INFO - [2026-04-14T00:09:55.253+0000] {dag.py:3954} INFO - Setting next_dagrun for dag_scraping_offres_emploi to 2026-04-13 18:00:00+00:00, run_after=2026-04-14 00:00:00+00:00
[2026-04-14T00:09:55.520+0000] {processor.py:183} INFO - Processing /opt/airflow/dags/DagScraper.py took 0.940 seconds
[2026-04-14T00:10:25.892+0000] {processor.py:161} INFO - Started process (PID=7557) to work on /opt/airflow/dags/DagScraper.py
[2026-04-14T00:10:25.898+0000] {processor.py:830} INFO - Processing file /opt/airflow/dags/DagScraper.py for tasks to queue
[2026-04-14T00:10:25.913+0000] {logging_mixin.py:188} INFO - [2026-04-14T00:10:25.912+0000] {dagbag.py:545} INFO - Filling up the DagBag from /opt/airflow/dags/DagScraper.py
[2026-04-14T00:10:26.172+0000] {processor.py:840} INFO - DAG(s) 'dag_scraping_offres_emploi' retrieved from /opt/airflow/dags/DagScraper.py
[2026-04-14T00:10:26.458+0000] {logging_mixin.py:188} INFO - [2026-04-14T00:10:26.457+0000] {dag.py:3096} INFO - Sync 1 DAGs
[2026-04-14T00:10:26.747+0000] {logging_mixin.py:188} INFO - [2026-04-14T00:10:26.746+0000] {dag.py:3954} INFO - Setting next_dagrun for dag_scraping_offres_emploi to 2026-04-13 18:00:00+00:00, run_after=2026-04-14 00:00:00+00:00
[2026-04-14T00:10:26.884+0000] {processor.py:183} INFO - Processing /opt/airflow/dags/DagScraper.py took 1.049 seconds
[2026-04-14T00:10:57.374+0000] {processor.py:161} INFO - Started process (PID=7571) to work on /opt/airflow/dags/DagScraper.py
[2026-04-14T00:10:57.384+0000] {processor.py:830} INFO - Processing file /opt/airflow/dags/DagScraper.py for tasks to queue
[2026-04-14T00:10:57.405+0000] {logging_mixin.py:188} INFO - [2026-04-14T00:10:57.389+0000] {dagbag.py:545} INFO - Filling up the DagBag from /opt/airflow/dags/DagScraper.py
[2026-04-14T00:10:57.536+0000] {processor.py:840} INFO - DAG(s) 'dag_scraping_offres_emploi' retrieved from /opt/airflow/dags/DagScraper.py
[2026-04-14T00:10:57.737+0000] {logging_mixin.py:188} INFO - [2026-04-14T00:10:57.736+0000] {dag.py:3096} INFO - Sync 1 DAGs
[2026-04-14T00:10:57.961+0000] {logging_mixin.py:188} INFO - [2026-04-14T00:10:57.960+0000] {dag.py:3954} INFO - Setting next_dagrun for dag_scraping_offres_emploi to 2026-04-13 18:00:00+00:00, run_after=2026-04-14 00:00:00+00:00
[2026-04-14T00:10:58.097+0000] {processor.py:183} INFO - Processing /opt/airflow/dags/DagScraper.py took 0.778 seconds
[2026-04-14T00:11:28.810+0000] {processor.py:161} INFO - Started process (PID=7579) to work on /opt/airflow/dags/DagScraper.py
[2026-04-14T00:11:28.820+0000] {processor.py:830} INFO - Processing file /opt/airflow/dags/DagScraper.py for tasks to queue
[2026-04-14T00:11:28.826+0000] {logging_mixin.py:188} INFO - [2026-04-14T00:11:28.825+0000] {dagbag.py:545} INFO - Filling up the DagBag from /opt/airflow/dags/DagScraper.py
[2026-04-14T00:11:28.928+0000] {processor.py:840} INFO - DAG(s) 'dag_scraping_offres_emploi' retrieved from /opt/airflow/dags/DagScraper.py
[2026-04-14T00:11:29.422+0000] {logging_mixin.py:188} INFO - [2026-04-14T00:11:29.421+0000] {dag.py:3096} INFO - Sync 1 DAGs
[2026-04-14T00:11:29.639+0000] {logging_mixin.py:188} INFO - [2026-04-14T00:11:29.638+0000] {dag.py:3954} INFO - Setting next_dagrun for dag_scraping_offres_emploi to 2026-04-13 18:00:00+00:00, run_after=2026-04-14 00:00:00+00:00
[2026-04-14T00:11:29.908+0000] {processor.py:183} INFO - Processing /opt/airflow/dags/DagScraper.py took 1.229 seconds
[2026-04-14T00:12:00.270+0000] {processor.py:161} INFO - Started process (PID=7593) to work on /opt/airflow/dags/DagScraper.py
[2026-04-14T00:12:00.274+0000] {processor.py:830} INFO - Processing file /opt/airflow/dags/DagScraper.py for tasks to queue
[2026-04-14T00:12:00.279+0000] {logging_mixin.py:188} INFO - [2026-04-14T00:12:00.278+0000] {dagbag.py:545} INFO - Filling up the DagBag from /opt/airflow/dags/DagScraper.py
[2026-04-14T00:12:00.414+0000] {processor.py:840} INFO - DAG(s) 'dag_scraping_offres_emploi' retrieved from /opt/airflow/dags/DagScraper.py
[2026-04-14T00:12:01.037+0000] {logging_mixin.py:188} INFO - [2026-04-14T00:12:01.037+0000] {dag.py:3096} INFO - Sync 1 DAGs
[2026-04-14T00:12:01.479+0000] {logging_mixin.py:188} INFO - [2026-04-14T00:12:01.478+0000] {dag.py:3954} INFO - Setting next_dagrun for dag_scraping_offres_emploi to 2026-04-13 18:00:00+00:00, run_after=2026-04-14 00:00:00+00:00
[2026-04-14T00:12:01.732+0000] {processor.py:183} INFO - Processing /opt/airflow/dags/DagScraper.py took 1.494 seconds
[2026-04-14T00:12:32.277+0000] {processor.py:161} INFO - Started process (PID=7602) to work on /opt/airflow/dags/DagScraper.py
[2026-04-14T00:12:32.288+0000] {processor.py:830} INFO - Processing file /opt/airflow/dags/DagScraper.py for tasks to queue
[2026-04-14T00:12:32.309+0000] {logging_mixin.py:188} INFO - [2026-04-14T00:12:32.299+0000] {dagbag.py:545} INFO - Filling up the DagBag from /opt/airflow/dags/DagScraper.py
[2026-04-14T00:12:32.528+0000] {processor.py:840} INFO - DAG(s) 'dag_scraping_offres_emploi' retrieved from /opt/airflow/dags/DagScraper.py
[2026-04-14T00:12:33.451+0000] {logging_mixin.py:188} INFO - [2026-04-14T00:12:33.450+0000] {dag.py:3096} INFO - Sync 1 DAGs
[2026-04-14T00:12:34.032+0000] {logging_mixin.py:188} INFO - [2026-04-14T00:12:34.032+0000] {dag.py:3954} INFO - Setting next_dagrun for dag_scraping_offres_emploi to 2026-04-13 18:00:00+00:00, run_after=2026-04-14 00:00:00+00:00
[2026-04-14T00:12:34.411+0000] {processor.py:183} INFO - Processing /opt/airflow/dags/DagScraper.py took 2.214 seconds
[2026-04-14T00:13:05.854+0000] {processor.py:161} INFO - Started process (PID=7616) to work on /opt/airflow/dags/DagScraper.py
[2026-04-14T00:13:05.869+0000] {processor.py:830} INFO - Processing file /opt/airflow/dags/DagScraper.py for tasks to queue
[2026-04-14T00:13:05.902+0000] {logging_mixin.py:188} INFO - [2026-04-14T00:13:05.902+0000] {dagbag.py:545} INFO - Filling up the DagBag from /opt/airflow/dags/DagScraper.py
[2026-04-14T00:13:06.267+0000] {processor.py:840} INFO - DAG(s) 'dag_scraping_offres_emploi' retrieved from /opt/airflow/dags/DagScraper.py
[2026-04-14T00:13:07.463+0000] {logging_mixin.py:188} INFO - [2026-04-14T00:13:07.462+0000] {dag.py:3096} INFO - Sync 1 DAGs
[2026-04-14T00:13:08.126+0000] {logging_mixin.py:188} INFO - [2026-04-14T00:13:08.125+0000] {dag.py:3954} INFO - Setting next_dagrun for dag_scraping_offres_emploi to 2026-04-13 18:00:00+00:00, run_after=2026-04-14 00:00:00+00:00
[2026-04-14T00:13:08.512+0000] {processor.py:183} INFO - Processing /opt/airflow/dags/DagScraper.py took 2.989 seconds
[2026-04-14T00:13:39.914+0000] {processor.py:161} INFO - Started process (PID=7629) to work on /opt/airflow/dags/DagScraper.py
[2026-04-14T00:13:39.959+0000] {processor.py:830} INFO - Processing file /opt/airflow/dags/DagScraper.py for tasks to queue
[2026-04-14T00:13:40.094+0000] {logging_mixin.py:188} INFO - [2026-04-14T00:13:40.094+0000] {dagbag.py:545} INFO - Filling up the DagBag from /opt/airflow/dags/DagScraper.py
[2026-04-14T00:13:40.349+0000] {processor.py:840} INFO - DAG(s) 'dag_scraping_offres_emploi' retrieved from /opt/airflow/dags/DagScraper.py
[2026-04-14T00:13:40.701+0000] {logging_mixin.py:188} INFO - [2026-04-14T00:13:40.700+0000] {dag.py:3096} INFO - Sync 1 DAGs
[2026-04-14T00:13:41.359+0000] {logging_mixin.py:188} INFO - [2026-04-14T00:13:41.347+0000] {dag.py:3954} INFO - Setting next_dagrun for dag_scraping_offres_emploi to 2026-04-13 18:00:00+00:00, run_after=2026-04-14 00:00:00+00:00
[2026-04-14T00:13:41.613+0000] {processor.py:183} INFO - Processing /opt/airflow/dags/DagScraper.py took 1.852 seconds
[2026-04-14T00:14:12.204+0000] {processor.py:161} INFO - Started process (PID=7637) to work on /opt/airflow/dags/DagScraper.py
[2026-04-14T00:14:12.218+0000] {processor.py:830} INFO - Processing file /opt/airflow/dags/DagScraper.py for tasks to queue
[2026-04-14T00:14:12.234+0000] {logging_mixin.py:188} INFO - [2026-04-14T00:14:12.232+0000] {dagbag.py:545} INFO - Filling up the DagBag from /opt/airflow/dags/DagScraper.py
[2026-04-14T00:14:12.428+0000] {processor.py:840} INFO - DAG(s) 'dag_scraping_offres_emploi' retrieved from /opt/airflow/dags/DagScraper.py
[2026-04-14T00:14:12.980+0000] {logging_mixin.py:188} INFO - [2026-04-14T00:14:12.980+0000] {dag.py:3096} INFO - Sync 1 DAGs
[2026-04-14T00:14:13.533+0000] {logging_mixin.py:188} INFO - [2026-04-14T00:14:13.530+0000] {dag.py:3954} INFO - Setting next_dagrun for dag_scraping_offres_emploi to 2026-04-13 18:00:00+00:00, run_after=2026-04-14 00:00:00+00:00
[2026-04-14T00:14:13.917+0000] {processor.py:183} INFO - Processing /opt/airflow/dags/DagScraper.py took 1.799 seconds
[2026-04-14T00:14:44.171+0000] {processor.py:161} INFO - Started process (PID=7650) to work on /opt/airflow/dags/DagScraper.py
[2026-04-14T00:14:44.203+0000] {processor.py:830} INFO - Processing file /opt/airflow/dags/DagScraper.py for tasks to queue
[2026-04-14T00:14:44.223+0000] {logging_mixin.py:188} INFO - [2026-04-14T00:14:44.207+0000] {dagbag.py:545} INFO - Filling up the DagBag from /opt/airflow/dags/DagScraper.py
[2026-04-14T00:14:44.535+0000] {processor.py:840} INFO - DAG(s) 'dag_scraping_offres_emploi' retrieved from /opt/airflow/dags/DagScraper.py
[2026-04-14T00:14:45.325+0000] {logging_mixin.py:188} INFO - [2026-04-14T00:14:45.325+0000] {dag.py:3096} INFO - Sync 1 DAGs
[2026-04-14T00:14:45.893+0000] {logging_mixin.py:188} INFO - [2026-04-14T00:14:45.818+0000] {dag.py:3954} INFO - Setting next_dagrun for dag_scraping_offres_emploi to 2026-04-13 18:00:00+00:00, run_after=2026-04-14 00:00:00+00:00
[2026-04-14T00:14:46.173+0000] {processor.py:183} INFO - Processing /opt/airflow/dags/DagScraper.py took 2.060 seconds
[2026-04-14T00:15:16.915+0000] {processor.py:161} INFO - Started process (PID=7658) to work on /opt/airflow/dags/DagScraper.py
[2026-04-14T00:15:16.917+0000] {processor.py:830} INFO - Processing file /opt/airflow/dags/DagScraper.py for tasks to queue
[2026-04-14T00:15:16.930+0000] {logging_mixin.py:188} INFO - [2026-04-14T00:15:16.929+0000] {dagbag.py:545} INFO - Filling up the DagBag from /opt/airflow/dags/DagScraper.py
[2026-04-14T00:15:17.111+0000] {processor.py:840} INFO - DAG(s) 'dag_scraping_offres_emploi' retrieved from /opt/airflow/dags/DagScraper.py
[2026-04-14T00:15:17.406+0000] {logging_mixin.py:188} INFO - [2026-04-14T00:15:17.405+0000] {dag.py:3096} INFO - Sync 1 DAGs
[2026-04-14T00:15:17.746+0000] {logging_mixin.py:188} INFO - [2026-04-14T00:15:17.745+0000] {dag.py:3954} INFO - Setting next_dagrun for dag_scraping_offres_emploi to 2026-04-13 18:00:00+00:00, run_after=2026-04-14 00:00:00+00:00
[2026-04-14T00:15:18.128+0000] {processor.py:183} INFO - Processing /opt/airflow/dags/DagScraper.py took 1.291 seconds
[2026-04-14T00:15:50.381+0000] {processor.py:161} INFO - Started process (PID=7671) to work on /opt/airflow/dags/DagScraper.py
[2026-04-14T00:15:50.557+0000] {processor.py:830} INFO - Processing file /opt/airflow/dags/DagScraper.py for tasks to queue
[2026-04-14T00:15:50.787+0000] {logging_mixin.py:188} INFO - [2026-04-14T00:15:50.724+0000] {dagbag.py:545} INFO - Filling up the DagBag from /opt/airflow/dags/DagScraper.py
[2026-04-14T00:15:51.464+0000] {processor.py:840} INFO - DAG(s) 'dag_scraping_offres_emploi' retrieved from /opt/airflow/dags/DagScraper.py
[2026-04-14T00:15:53.111+0000] {logging_mixin.py:188} INFO - [2026-04-14T00:15:53.111+0000] {dag.py:3096} INFO - Sync 1 DAGs
[2026-04-14T00:15:54.109+0000] {logging_mixin.py:188} INFO - [2026-04-14T00:15:54.093+0000] {dag.py:3954} INFO - Setting next_dagrun for dag_scraping_offres_emploi to 2026-04-13 18:00:00+00:00, run_after=2026-04-14 00:00:00+00:00
[2026-04-14T00:15:55.008+0000] {processor.py:183} INFO - Processing /opt/airflow/dags/DagScraper.py took 4.864 seconds
[2026-04-14T10:34:48.496+0000] {processor.py:161} INFO - Started process (PID=7685) to work on /opt/airflow/dags/DagScraper.py
[2026-04-14T10:34:48.562+0000] {processor.py:830} INFO - Processing file /opt/airflow/dags/DagScraper.py for tasks to queue
[2026-04-14T10:34:48.705+0000] {logging_mixin.py:188} INFO - [2026-04-14T10:34:48.704+0000] {dagbag.py:545} INFO - Filling up the DagBag from /opt/airflow/dags/DagScraper.py
[2026-04-14T10:34:50.342+0000] {processor.py:840} INFO - DAG(s) 'dag_scraping_offres_emploi' retrieved from /opt/airflow/dags/DagScraper.py
[2026-04-14T10:34:52.043+0000] {logging_mixin.py:188} INFO - [2026-04-14T10:34:52.042+0000] {dag.py:3096} INFO - Sync 1 DAGs
[2026-04-14T10:34:53.405+0000] {logging_mixin.py:188} INFO - [2026-04-14T10:34:53.374+0000] {dag.py:3954} INFO - Setting next_dagrun for dag_scraping_offres_emploi to 2026-04-14 00:00:00+00:00, run_after=2026-04-14 06:00:00+00:00
[2026-04-14T10:34:55.315+0000] {processor.py:183} INFO - Processing /opt/airflow/dags/DagScraper.py took 7.252 seconds
[2026-04-14T10:35:28.570+0000] {processor.py:161} INFO - Started process (PID=7699) to work on /opt/airflow/dags/DagScraper.py
[2026-04-14T10:35:28.599+0000] {processor.py:830} INFO - Processing file /opt/airflow/dags/DagScraper.py for tasks to queue
[2026-04-14T10:35:28.639+0000] {logging_mixin.py:188} INFO - [2026-04-14T10:35:28.638+0000] {dagbag.py:545} INFO - Filling up the DagBag from /opt/airflow/dags/DagScraper.py
[2026-04-14T10:35:31.571+0000] {processor.py:840} INFO - DAG(s) 'dag_scraping_offres_emploi' retrieved from /opt/airflow/dags/DagScraper.py
[2026-04-14T10:35:34.253+0000] {logging_mixin.py:188} INFO - [2026-04-14T10:35:34.221+0000] {dag.py:3096} INFO - Sync 1 DAGs
[2026-04-14T10:35:36.623+0000] {logging_mixin.py:188} INFO - [2026-04-14T10:35:36.623+0000] {dag.py:3954} INFO - Setting next_dagrun for dag_scraping_offres_emploi to 2026-04-14 00:00:00+00:00, run_after=2026-04-14 06:00:00+00:00
[2026-04-14T10:35:38.911+0000] {processor.py:183} INFO - Processing /opt/airflow/dags/DagScraper.py took 10.409 seconds
[2026-04-14T10:36:12.471+0000] {processor.py:161} INFO - Started process (PID=7713) to work on /opt/airflow/dags/DagScraper.py
[2026-04-14T10:36:12.566+0000] {processor.py:830} INFO - Processing file /opt/airflow/dags/DagScraper.py for tasks to queue
[2026-04-14T10:36:12.616+0000] {logging_mixin.py:188} INFO - [2026-04-14T10:36:12.615+0000] {dagbag.py:545} INFO - Filling up the DagBag from /opt/airflow/dags/DagScraper.py
[2026-04-14T10:36:14.455+0000] {processor.py:840} INFO - DAG(s) 'dag_scraping_offres_emploi' retrieved from /opt/airflow/dags/DagScraper.py
[2026-04-14T10:36:19.441+0000] {logging_mixin.py:188} INFO - [2026-04-14T10:36:19.282+0000] {dag.py:3096} INFO - Sync 1 DAGs
[2026-04-14T10:36:22.138+0000] {logging_mixin.py:188} INFO - [2026-04-14T10:36:22.059+0000] {dag.py:3954} INFO - Setting next_dagrun for dag_scraping_offres_emploi to 2026-04-14 00:00:00+00:00, run_after=2026-04-14 06:00:00+00:00
[2026-04-14T10:36:23.672+0000] {processor.py:183} INFO - Processing /opt/airflow/dags/DagScraper.py took 11.656 seconds
[2026-04-14T10:36:55.127+0000] {processor.py:161} INFO - Started process (PID=7727) to work on /opt/airflow/dags/DagScraper.py
[2026-04-14T10:36:55.136+0000] {processor.py:830} INFO - Processing file /opt/airflow/dags/DagScraper.py for tasks to queue
[2026-04-14T10:36:55.151+0000] {logging_mixin.py:188} INFO - [2026-04-14T10:36:55.150+0000] {dagbag.py:545} INFO - Filling up the DagBag from /opt/airflow/dags/DagScraper.py
[2026-04-14T10:36:55.552+0000] {processor.py:840} INFO - DAG(s) 'dag_scraping_offres_emploi' retrieved from /opt/airflow/dags/DagScraper.py
[2026-04-14T10:36:56.914+0000] {logging_mixin.py:188} INFO - [2026-04-14T10:36:56.913+0000] {dag.py:3096} INFO - Sync 1 DAGs
[2026-04-14T10:36:57.322+0000] {logging_mixin.py:188} INFO - [2026-04-14T10:36:57.322+0000] {dag.py:3954} INFO - Setting next_dagrun for dag_scraping_offres_emploi to 2026-04-14 00:00:00+00:00, run_after=2026-04-14 06:00:00+00:00
[2026-04-14T10:36:57.658+0000] {processor.py:183} INFO - Processing /opt/airflow/dags/DagScraper.py took 2.978 seconds
[2026-04-14T10:37:29.906+0000] {processor.py:161} INFO - Started process (PID=7736) to work on /opt/airflow/dags/DagScraper.py
[2026-04-14T10:37:29.976+0000] {processor.py:830} INFO - Processing file /opt/airflow/dags/DagScraper.py for tasks to queue
[2026-04-14T10:37:30.084+0000] {logging_mixin.py:188} INFO - [2026-04-14T10:37:30.083+0000] {dagbag.py:545} INFO - Filling up the DagBag from /opt/airflow/dags/DagScraper.py
[2026-04-14T10:37:31.295+0000] {processor.py:840} INFO - DAG(s) 'dag_scraping_offres_emploi' retrieved from /opt/airflow/dags/DagScraper.py
[2026-04-14T10:37:36.845+0000] {logging_mixin.py:188} INFO - [2026-04-14T10:37:36.845+0000] {dag.py:3096} INFO - Sync 1 DAGs
[2026-04-14T10:37:38.196+0000] {logging_mixin.py:188} INFO - [2026-04-14T10:37:38.195+0000] {dag.py:3954} INFO - Setting next_dagrun for dag_scraping_offres_emploi to 2026-04-14 00:00:00+00:00, run_after=2026-04-14 06:00:00+00:00
[2026-04-14T10:37:38.911+0000] {processor.py:183} INFO - Processing /opt/airflow/dags/DagScraper.py took 9.223 seconds
[2026-04-14T10:38:10.053+0000] {processor.py:161} INFO - Started process (PID=7751) to work on /opt/airflow/dags/DagScraper.py
[2026-04-14T10:38:10.067+0000] {processor.py:830} INFO - Processing file /opt/airflow/dags/DagScraper.py for tasks to queue
[2026-04-14T10:38:10.216+0000] {logging_mixin.py:188} INFO - [2026-04-14T10:38:10.148+0000] {dagbag.py:545} INFO - Filling up the DagBag from /opt/airflow/dags/DagScraper.py
[2026-04-14T10:38:12.199+0000] {processor.py:840} INFO - DAG(s) 'dag_scraping_offres_emploi' retrieved from /opt/airflow/dags/DagScraper.py
[2026-04-14T10:38:12.429+0000] {logging_mixin.py:188} INFO - [2026-04-14T10:38:12.428+0000] {dag.py:3096} INFO - Sync 1 DAGs
[2026-04-14T10:38:12.667+0000] {logging_mixin.py:188} INFO - [2026-04-14T10:38:12.667+0000] {dag.py:3954} INFO - Setting next_dagrun for dag_scraping_offres_emploi to 2026-04-14 00:00:00+00:00, run_after=2026-04-14 06:00:00+00:00
[2026-04-14T10:38:13.386+0000] {processor.py:183} INFO - Processing /opt/airflow/dags/DagScraper.py took 3.604 seconds
[2026-04-14T10:38:44.230+0000] {processor.py:161} INFO - Started process (PID=7765) to work on /opt/airflow/dags/DagScraper.py
[2026-04-14T10:38:44.253+0000] {processor.py:830} INFO - Processing file /opt/airflow/dags/DagScraper.py for tasks to queue
[2026-04-14T10:38:44.272+0000] {logging_mixin.py:188} INFO - [2026-04-14T10:38:44.271+0000] {dagbag.py:545} INFO - Filling up the DagBag from /opt/airflow/dags/DagScraper.py
[2026-04-14T10:38:44.791+0000] {processor.py:840} INFO - DAG(s) 'dag_scraping_offres_emploi' retrieved from /opt/airflow/dags/DagScraper.py
[2026-04-14T10:39:15.867+0000] {processor.py:186} ERROR - Got an exception! Propagating...
Traceback (most recent call last):
  File "/home/airflow/.local/lib/python3.12/site-packages/sqlalchemy/engine/base.py", line 3371, in _wrap_pool_connect
    return fn()
           ^^^^
  File "/home/airflow/.local/lib/python3.12/site-packages/sqlalchemy/pool/base.py", line 327, in connect
    return _ConnectionFairy._checkout(self)
           ^^^^^^^^^^^^^^^^^^^^^^^^^^^^^^^^
  File "/home/airflow/.local/lib/python3.12/site-packages/sqlalchemy/pool/base.py", line 894, in _checkout
    fairy = _ConnectionRecord.checkout(pool)
            ^^^^^^^^^^^^^^^^^^^^^^^^^^^^^^^^
  File "/home/airflow/.local/lib/python3.12/site-packages/sqlalchemy/pool/base.py", line 493, in checkout
    rec = pool._do_get()
          ^^^^^^^^^^^^^^
  File "/home/airflow/.local/lib/python3.12/site-packages/sqlalchemy/pool/impl.py", line 145, in _do_get
    with util.safe_reraise():
  File "/home/airflow/.local/lib/python3.12/site-packages/sqlalchemy/util/langhelpers.py", line 70, in __exit__
    compat.raise_(
  File "/home/airflow/.local/lib/python3.12/site-packages/sqlalchemy/util/compat.py", line 211, in raise_
    raise exception
  File "/home/airflow/.local/lib/python3.12/site-packages/sqlalchemy/pool/impl.py", line 143, in _do_get
    return self._create_connection()
           ^^^^^^^^^^^^^^^^^^^^^^^^^
  File "/home/airflow/.local/lib/python3.12/site-packages/sqlalchemy/pool/base.py", line 273, in _create_connection
    return _ConnectionRecord(self)
           ^^^^^^^^^^^^^^^^^^^^^^^
  File "/home/airflow/.local/lib/python3.12/site-packages/sqlalchemy/pool/base.py", line 388, in __init__
    self.__connect()
  File "/home/airflow/.local/lib/python3.12/site-packages/sqlalchemy/pool/base.py", line 690, in __connect
    with util.safe_reraise():
  File "/home/airflow/.local/lib/python3.12/site-packages/sqlalchemy/util/langhelpers.py", line 70, in __exit__
    compat.raise_(
  File "/home/airflow/.local/lib/python3.12/site-packages/sqlalchemy/util/compat.py", line 211, in raise_
    raise exception
  File "/home/airflow/.local/lib/python3.12/site-packages/sqlalchemy/pool/base.py", line 686, in __connect
    self.dbapi_connection = connection = pool._invoke_creator(self)
                                         ^^^^^^^^^^^^^^^^^^^^^^^^^^
  File "/home/airflow/.local/lib/python3.12/site-packages/sqlalchemy/engine/create.py", line 574, in connect
    return dialect.connect(*cargs, **cparams)
           ^^^^^^^^^^^^^^^^^^^^^^^^^^^^^^^^^^
  File "/home/airflow/.local/lib/python3.12/site-packages/sqlalchemy/engine/default.py", line 598, in connect
    return self.dbapi.connect(*cargs, **cparams)
           ^^^^^^^^^^^^^^^^^^^^^^^^^^^^^^^^^^^^^
  File "/home/airflow/.local/lib/python3.12/site-packages/psycopg2/__init__.py", line 122, in connect
    conn = _connect(dsn, connection_factory=connection_factory, **kwasync)
           ^^^^^^^^^^^^^^^^^^^^^^^^^^^^^^^^^^^^^^^^^^^^^^^^^^^^^^^^^^^^^^^
psycopg2.OperationalError: could not translate host name "postgres" to address: Temporary failure in name resolution


The above exception was the direct cause of the following exception:

Traceback (most recent call last):
  File "/home/airflow/.local/lib/python3.12/site-packages/airflow/dag_processing/processor.py", line 182, in _run_file_processor
    _handle_dag_file_processing()
  File "/home/airflow/.local/lib/python3.12/site-packages/airflow/dag_processing/processor.py", line 163, in _handle_dag_file_processing
    result: tuple[int, int] = dag_file_processor.process_file(
                              ^^^^^^^^^^^^^^^^^^^^^^^^^^^^^^^^
  File "/home/airflow/.local/lib/python3.12/site-packages/airflow/utils/session.py", line 79, in wrapper
    return func(*args, session=session, **kwargs)
           ^^^^^^^^^^^^^^^^^^^^^^^^^^^^^^^^^^^^^^
  File "/home/airflow/.local/lib/python3.12/site-packages/airflow/dag_processing/processor.py", line 859, in process_file
    serialize_errors = DagFileProcessor.save_dag_to_db(
                       ^^^^^^^^^^^^^^^^^^^^^^^^^^^^^^^^
  File "/home/airflow/.local/lib/python3.12/site-packages/airflow/api_internal/internal_api_call.py", line 115, in wrapper
    return func(*args, **kwargs)
           ^^^^^^^^^^^^^^^^^^^^^
  File "/home/airflow/.local/lib/python3.12/site-packages/airflow/utils/session.py", line 79, in wrapper
    return func(*args, session=session, **kwargs)
           ^^^^^^^^^^^^^^^^^^^^^^^^^^^^^^^^^^^^^^
  File "/home/airflow/.local/lib/python3.12/site-packages/airflow/dag_processing/processor.py", line 895, in save_dag_to_db
    import_errors = DagBag._sync_to_db(dags=dags, processor_subdir=dag_directory, session=session)
                    ^^^^^^^^^^^^^^^^^^^^^^^^^^^^^^^^^^^^^^^^^^^^^^^^^^^^^^^^^^^^^^^^^^^^^^^^^^^^^^
  File "/home/airflow/.local/lib/python3.12/site-packages/airflow/utils/session.py", line 76, in wrapper
    return func(*args, **kwargs)
           ^^^^^^^^^^^^^^^^^^^^^
  File "/home/airflow/.local/lib/python3.12/site-packages/airflow/models/dagbag.py", line 664, in _sync_to_db
    for attempt in run_with_db_retries(logger=log):
  File "/home/airflow/.local/lib/python3.12/site-packages/tenacity/__init__.py", line 435, in __iter__
    do = self.iter(retry_state=retry_state)
         ^^^^^^^^^^^^^^^^^^^^^^^^^^^^^^^^^^
  File "/home/airflow/.local/lib/python3.12/site-packages/tenacity/__init__.py", line 368, in iter
    result = action(retry_state)
             ^^^^^^^^^^^^^^^^^^^
  File "/home/airflow/.local/lib/python3.12/site-packages/tenacity/__init__.py", line 410, in exc_check
    raise retry_exc.reraise()
          ^^^^^^^^^^^^^^^^^^^
  File "/home/airflow/.local/lib/python3.12/site-packages/tenacity/__init__.py", line 183, in reraise
    raise self.last_attempt.result()
          ^^^^^^^^^^^^^^^^^^^^^^^^^^
  File "/usr/local/lib/python3.12/concurrent/futures/_base.py", line 449, in result
    return self.__get_result()
           ^^^^^^^^^^^^^^^^^^^
  File "/usr/local/lib/python3.12/concurrent/futures/_base.py", line 401, in __get_result
    raise self._exception
  File "/home/airflow/.local/lib/python3.12/site-packages/airflow/models/dagbag.py", line 677, in _sync_to_db
    _serialize_dag_capturing_errors(dag, session, processor_subdir)
  File "/home/airflow/.local/lib/python3.12/site-packages/airflow/models/dagbag.py", line 642, in _serialize_dag_capturing_errors
    dag_was_updated = SerializedDagModel.write_dag(
                      ^^^^^^^^^^^^^^^^^^^^^^^^^^^^^
  File "/home/airflow/.local/lib/python3.12/site-packages/airflow/utils/session.py", line 76, in wrapper
    return func(*args, **kwargs)
           ^^^^^^^^^^^^^^^^^^^^^
  File "/home/airflow/.local/lib/python3.12/site-packages/airflow/models/serialized_dag.py", line 158, in write_dag
    if session.scalar(
       ^^^^^^^^^^^^^^^
  File "/home/airflow/.local/lib/python3.12/site-packages/sqlalchemy/orm/session.py", line 1747, in scalar
    return self.execute(
           ^^^^^^^^^^^^^
  File "/home/airflow/.local/lib/python3.12/site-packages/sqlalchemy/orm/session.py", line 1716, in execute
    conn = self._connection_for_bind(bind)
           ^^^^^^^^^^^^^^^^^^^^^^^^^^^^^^^
  File "/home/airflow/.local/lib/python3.12/site-packages/sqlalchemy/orm/session.py", line 1555, in _connection_for_bind
    return self._transaction._connection_for_bind(
           ^^^^^^^^^^^^^^^^^^^^^^^^^^^^^^^^^^^^^^^
  File "/home/airflow/.local/lib/python3.12/site-packages/sqlalchemy/orm/session.py", line 750, in _connection_for_bind
    conn = bind.connect()
           ^^^^^^^^^^^^^^
  File "/home/airflow/.local/lib/python3.12/site-packages/sqlalchemy/future/engine.py", line 412, in connect
    return super(Engine, self).connect()
           ^^^^^^^^^^^^^^^^^^^^^^^^^^^^^
  File "/home/airflow/.local/lib/python3.12/site-packages/sqlalchemy/engine/base.py", line 3325, in connect
    return self._connection_cls(self, close_with_result=close_with_result)
           ^^^^^^^^^^^^^^^^^^^^^^^^^^^^^^^^^^^^^^^^^^^^^^^^^^^^^^^^^^^^^^^
  File "/home/airflow/.local/lib/python3.12/site-packages/sqlalchemy/engine/base.py", line 96, in __init__
    else engine.raw_connection()
         ^^^^^^^^^^^^^^^^^^^^^^^
  File "/home/airflow/.local/lib/python3.12/site-packages/sqlalchemy/engine/base.py", line 3404, in raw_connection
    return self._wrap_pool_connect(self.pool.connect, _connection)
           ^^^^^^^^^^^^^^^^^^^^^^^^^^^^^^^^^^^^^^^^^^^^^^^^^^^^^^^
  File "/home/airflow/.local/lib/python3.12/site-packages/sqlalchemy/engine/base.py", line 3374, in _wrap_pool_connect
    Connection._handle_dbapi_exception_noconnection(
  File "/home/airflow/.local/lib/python3.12/site-packages/sqlalchemy/engine/base.py", line 2208, in _handle_dbapi_exception_noconnection
    util.raise_(
  File "/home/airflow/.local/lib/python3.12/site-packages/sqlalchemy/util/compat.py", line 211, in raise_
    raise exception
  File "/home/airflow/.local/lib/python3.12/site-packages/sqlalchemy/engine/base.py", line 3371, in _wrap_pool_connect
    return fn()
           ^^^^
  File "/home/airflow/.local/lib/python3.12/site-packages/sqlalchemy/pool/base.py", line 327, in connect
    return _ConnectionFairy._checkout(self)
           ^^^^^^^^^^^^^^^^^^^^^^^^^^^^^^^^
  File "/home/airflow/.local/lib/python3.12/site-packages/sqlalchemy/pool/base.py", line 894, in _checkout
    fairy = _ConnectionRecord.checkout(pool)
            ^^^^^^^^^^^^^^^^^^^^^^^^^^^^^^^^
  File "/home/airflow/.local/lib/python3.12/site-packages/sqlalchemy/pool/base.py", line 493, in checkout
    rec = pool._do_get()
          ^^^^^^^^^^^^^^
  File "/home/airflow/.local/lib/python3.12/site-packages/sqlalchemy/pool/impl.py", line 145, in _do_get
    with util.safe_reraise():
  File "/home/airflow/.local/lib/python3.12/site-packages/sqlalchemy/util/langhelpers.py", line 70, in __exit__
    compat.raise_(
  File "/home/airflow/.local/lib/python3.12/site-packages/sqlalchemy/util/compat.py", line 211, in raise_
    raise exception
  File "/home/airflow/.local/lib/python3.12/site-packages/sqlalchemy/pool/impl.py", line 143, in _do_get
    return self._create_connection()
           ^^^^^^^^^^^^^^^^^^^^^^^^^
  File "/home/airflow/.local/lib/python3.12/site-packages/sqlalchemy/pool/base.py", line 273, in _create_connection
    return _ConnectionRecord(self)
           ^^^^^^^^^^^^^^^^^^^^^^^
  File "/home/airflow/.local/lib/python3.12/site-packages/sqlalchemy/pool/base.py", line 388, in __init__
    self.__connect()
  File "/home/airflow/.local/lib/python3.12/site-packages/sqlalchemy/pool/base.py", line 690, in __connect
    with util.safe_reraise():
  File "/home/airflow/.local/lib/python3.12/site-packages/sqlalchemy/util/langhelpers.py", line 70, in __exit__
    compat.raise_(
  File "/home/airflow/.local/lib/python3.12/site-packages/sqlalchemy/util/compat.py", line 211, in raise_
    raise exception
  File "/home/airflow/.local/lib/python3.12/site-packages/sqlalchemy/pool/base.py", line 686, in __connect
    self.dbapi_connection = connection = pool._invoke_creator(self)
                                         ^^^^^^^^^^^^^^^^^^^^^^^^^^
  File "/home/airflow/.local/lib/python3.12/site-packages/sqlalchemy/engine/create.py", line 574, in connect
    return dialect.connect(*cargs, **cparams)
           ^^^^^^^^^^^^^^^^^^^^^^^^^^^^^^^^^^
  File "/home/airflow/.local/lib/python3.12/site-packages/sqlalchemy/engine/default.py", line 598, in connect
    return self.dbapi.connect(*cargs, **cparams)
           ^^^^^^^^^^^^^^^^^^^^^^^^^^^^^^^^^^^^^
  File "/home/airflow/.local/lib/python3.12/site-packages/psycopg2/__init__.py", line 122, in connect
    conn = _connect(dsn, connection_factory=connection_factory, **kwasync)
           ^^^^^^^^^^^^^^^^^^^^^^^^^^^^^^^^^^^^^^^^^^^^^^^^^^^^^^^^^^^^^^^
sqlalchemy.exc.OperationalError: (psycopg2.OperationalError) could not translate host name "postgres" to address: Temporary failure in name resolution

(Background on this error at: https://sqlalche.me/e/14/e3q8)
[2026-04-14T10:46:44.122+0000] {processor.py:161} INFO - Started process (PID=7766) to work on /opt/airflow/dags/DagScraper.py
[2026-04-14T10:46:48.249+0000] {processor.py:830} INFO - Processing file /opt/airflow/dags/DagScraper.py for tasks to queue
[2026-04-14T10:47:02.977+0000] {logging_mixin.py:188} INFO - [2026-04-14T10:46:55.415+0000] {dagbag.py:545} INFO - Filling up the DagBag from /opt/airflow/dags/DagScraper.py
[2026-04-14T10:47:52.352+0000] {logging_mixin.py:188} INFO - [2026-04-14T10:47:42.453+0000] {timeout.py:68} ERROR - Process timed out, PID: 7766
