[2026-05-11T10:54:02.886+0000] {local_task_job_runner.py:120} INFO - ::group::Pre task execution logs
[2026-05-11T10:54:02.999+0000] {taskinstance.py:2076} INFO - Dependencies all met for dep_context=non-requeueable deps ti=<TaskInstance: job_intelligent_pipeline_simplified.wait_scraping manual__2026-05-11T10:42:53.206022+00:00 [queued]>
[2026-05-11T10:54:03.090+0000] {taskinstance.py:2076} INFO - Dependencies all met for dep_context=requeueable deps ti=<TaskInstance: job_intelligent_pipeline_simplified.wait_scraping manual__2026-05-11T10:42:53.206022+00:00 [queued]>
[2026-05-11T10:54:03.103+0000] {taskinstance.py:2306} INFO - Starting attempt 1 of 3
[2026-05-11T10:54:03.262+0000] {taskinstance.py:2330} INFO - Executing <Task(PythonOperator): wait_scraping> on 2026-05-11 10:42:53.206022+00:00
[2026-05-11T10:54:03.354+0000] {warnings.py:112} WARNING - /home/***/.local/lib/python3.12/site-packages/***/task/task_runner/standard_task_runner.py:61: DeprecationWarning: This process (pid=612) is multi-threaded, use of fork() may lead to deadlocks in the child.
  pid = os.fork()

[2026-05-11T10:54:03.370+0000] {standard_task_runner.py:63} INFO - Started process 613 to run task
[2026-05-11T10:54:03.351+0000] {standard_task_runner.py:90} INFO - Running: ['***', 'tasks', 'run', 'job_intelligent_pipeline_simplified', 'wait_scraping', 'manual__2026-05-11T10:42:53.206022+00:00', '--job-id', '510', '--raw', '--subdir', 'DAGS_FOLDER/__pycache__/job_intelligent_pipeline.py', '--cfg-path', '/tmp/tmp9x2j34h7']
[2026-05-11T10:54:03.389+0000] {standard_task_runner.py:91} INFO - Job 510: Subtask wait_scraping
[2026-05-11T10:54:04.161+0000] {task_command.py:426} INFO - Running <TaskInstance: job_intelligent_pipeline_simplified.wait_scraping manual__2026-05-11T10:42:53.206022+00:00 [running]> on host 895ca0ce75a2
[2026-05-11T10:54:05.725+0000] {taskinstance.py:2648} INFO - Exporting env vars: AIRFLOW_CTX_DAG_OWNER='job_intelligent' AIRFLOW_CTX_DAG_ID='job_intelligent_pipeline_simplified' AIRFLOW_CTX_TASK_ID='wait_scraping' AIRFLOW_CTX_EXECUTION_DATE='2026-05-11T10:42:53.206022+00:00' AIRFLOW_CTX_TRY_NUMBER='1' AIRFLOW_CTX_DAG_RUN_ID='manual__2026-05-11T10:42:53.206022+00:00'
[2026-05-11T10:54:05.803+0000] {taskinstance.py:430} INFO - ::endgroup::
[2026-05-11T10:54:06.046+0000] {logging_mixin.py:188} INFO - [Wait] Attente 10s pour laisser les scrapers écrire dans MinIO...
[2026-05-11T10:54:16.042+0000] {python.py:237} INFO - Done. Returned value was: None
[2026-05-11T10:54:16.060+0000] {taskinstance.py:441} INFO - ::group::Post task execution logs
[2026-05-11T10:54:16.194+0000] {taskinstance.py:1206} INFO - Marking task as SUCCESS. dag_id=job_intelligent_pipeline_simplified, task_id=wait_scraping, run_id=manual__2026-05-11T10:42:53.206022+00:00, execution_date=20260511T104253, start_date=20260511T105403, end_date=20260511T105416
[2026-05-11T10:54:16.521+0000] {local_task_job_runner.py:240} INFO - Task exited with return code 0
[2026-05-11T10:54:16.712+0000] {taskinstance.py:3503} INFO - 1 downstream tasks scheduled from follow-on schedule check
[2026-05-11T10:54:16.736+0000] {local_task_job_runner.py:222} INFO - ::endgroup::
