[2026-05-01T08:08:31.524+0000] {local_task_job_runner.py:120} INFO - ::group::Pre task execution logs
[2026-05-01T08:08:31.585+0000] {taskinstance.py:2076} INFO - Dependencies all met for dep_context=non-requeueable deps ti=<TaskInstance: job_intelligent_pipeline.wait_scraping manual__2026-04-30T21:29:52.926391+00:00 [queued]>
[2026-05-01T08:08:31.689+0000] {taskinstance.py:2076} INFO - Dependencies all met for dep_context=requeueable deps ti=<TaskInstance: job_intelligent_pipeline.wait_scraping manual__2026-04-30T21:29:52.926391+00:00 [queued]>
[2026-05-01T08:08:31.697+0000] {taskinstance.py:2306} INFO - Starting attempt 1 of 3
[2026-05-01T08:08:31.785+0000] {taskinstance.py:2330} INFO - Executing <Task(PythonOperator): wait_scraping> on 2026-04-30 21:29:52.926391+00:00
[2026-05-01T08:08:31.822+0000] {warnings.py:112} WARNING - /home/***/.local/lib/python3.12/site-packages/***/task/task_runner/standard_task_runner.py:61: DeprecationWarning: This process (pid=640) is multi-threaded, use of fork() may lead to deadlocks in the child.
  pid = os.fork()

[2026-05-01T08:08:31.852+0000] {standard_task_runner.py:63} INFO - Started process 649 to run task
[2026-05-01T08:08:31.853+0000] {standard_task_runner.py:90} INFO - Running: ['***', 'tasks', 'run', 'job_intelligent_pipeline', 'wait_scraping', 'manual__2026-04-30T21:29:52.926391+00:00', '--job-id', '345', '--raw', '--subdir', 'DAGS_FOLDER/dag_job_intelligent.py', '--cfg-path', '/tmp/tmpd6m38oxz']
[2026-05-01T08:08:31.865+0000] {standard_task_runner.py:91} INFO - Job 345: Subtask wait_scraping
[2026-05-01T08:08:32.272+0000] {task_command.py:426} INFO - Running <TaskInstance: job_intelligent_pipeline.wait_scraping manual__2026-04-30T21:29:52.926391+00:00 [running]> on host d93ea64f61e7
[2026-05-01T08:08:33.033+0000] {taskinstance.py:2648} INFO - Exporting env vars: AIRFLOW_CTX_DAG_OWNER='job_intelligent' AIRFLOW_CTX_DAG_ID='job_intelligent_pipeline' AIRFLOW_CTX_TASK_ID='wait_scraping' AIRFLOW_CTX_EXECUTION_DATE='2026-04-30T21:29:52.926391+00:00' AIRFLOW_CTX_TRY_NUMBER='1' AIRFLOW_CTX_DAG_RUN_ID='manual__2026-04-30T21:29:52.926391+00:00'
[2026-05-01T08:08:33.047+0000] {taskinstance.py:430} INFO - ::endgroup::
[2026-05-01T08:08:33.101+0000] {logging_mixin.py:188} INFO - [Wait] Attente de 60s pour laisser le scraping se terminer...
[2026-05-01T08:09:33.101+0000] {logging_mixin.py:188} INFO - [Wait] Scraping suppose termine.
[2026-05-01T08:09:33.104+0000] {python.py:237} INFO - Done. Returned value was: None
[2026-05-01T08:09:33.109+0000] {taskinstance.py:441} INFO - ::group::Post task execution logs
[2026-05-01T08:09:33.147+0000] {taskinstance.py:1206} INFO - Marking task as SUCCESS. dag_id=job_intelligent_pipeline, task_id=wait_scraping, run_id=manual__2026-04-30T21:29:52.926391+00:00, execution_date=20260430T212952, start_date=20260501T080831, end_date=20260501T080933
[2026-05-01T08:09:33.246+0000] {local_task_job_runner.py:240} INFO - Task exited with return code 0
[2026-05-01T08:09:33.431+0000] {taskinstance.py:3503} INFO - 1 downstream tasks scheduled from follow-on schedule check
[2026-05-01T08:09:33.449+0000] {local_task_job_runner.py:222} INFO - ::endgroup::
