[2026-04-29T22:03:49.586+0000] {local_task_job_runner.py:120} INFO - ::group::Pre task execution logs
[2026-04-29T22:03:50.242+0000] {taskinstance.py:2076} INFO - Dependencies all met for dep_context=non-requeueable deps ti=<TaskInstance: job_intelligent_pipeline.scrape_rekrute manual__2026-04-29T20:13:37.715317+00:00 [queued]>
[2026-04-29T22:03:50.321+0000] {taskinstance.py:2076} INFO - Dependencies all met for dep_context=requeueable deps ti=<TaskInstance: job_intelligent_pipeline.scrape_rekrute manual__2026-04-29T20:13:37.715317+00:00 [queued]>
[2026-04-29T22:03:50.335+0000] {taskinstance.py:2306} INFO - Starting attempt 1 of 3
[2026-04-29T22:03:50.575+0000] {taskinstance.py:2330} INFO - Executing <Task(PythonOperator): scrape_rekrute> on 2026-04-29 20:13:37.715317+00:00
[2026-04-29T22:03:50.639+0000] {warnings.py:112} WARNING - /home/***/.local/lib/python3.12/site-packages/***/task/task_runner/standard_task_runner.py:61: DeprecationWarning: This process (pid=3478) is multi-threaded, use of fork() may lead to deadlocks in the child.
  pid = os.fork()

[2026-04-29T22:03:50.723+0000] {standard_task_runner.py:63} INFO - Started process 3481 to run task
[2026-04-29T22:03:50.687+0000] {standard_task_runner.py:90} INFO - Running: ['***', 'tasks', 'run', 'job_intelligent_pipeline', 'scrape_rekrute', 'manual__2026-04-29T20:13:37.715317+00:00', '--job-id', '195', '--raw', '--subdir', 'DAGS_FOLDER/dag_job_intelligent.py', '--cfg-path', '/tmp/tmptmp9srir']
[2026-04-29T22:03:50.741+0000] {standard_task_runner.py:91} INFO - Job 195: Subtask scrape_rekrute
[2026-04-29T22:03:51.608+0000] {task_command.py:426} INFO - Running <TaskInstance: job_intelligent_pipeline.scrape_rekrute manual__2026-04-29T20:13:37.715317+00:00 [running]> on host 00190f46936a
[2026-04-29T22:03:53.752+0000] {taskinstance.py:2648} INFO - Exporting env vars: AIRFLOW_CTX_DAG_OWNER='job_intelligent' AIRFLOW_CTX_DAG_ID='job_intelligent_pipeline' AIRFLOW_CTX_TASK_ID='scrape_rekrute' AIRFLOW_CTX_EXECUTION_DATE='2026-04-29T20:13:37.715317+00:00' AIRFLOW_CTX_TRY_NUMBER='1' AIRFLOW_CTX_DAG_RUN_ID='manual__2026-04-29T20:13:37.715317+00:00'
[2026-04-29T22:03:53.773+0000] {taskinstance.py:430} INFO - ::endgroup::
[2026-04-29T22:03:54.045+0000] {logging_mixin.py:188} INFO - [Scraping] POST http://scraper_api:8000/scraper/rekrute
[2026-04-29T22:03:57.531+0000] {logging_mixin.py:188} INFO - [Scraping] Rekrute erreur : HTTPConnectionPool(host='scraper_api', port=8000): Max retries exceeded with url: /scraper/rekrute (Caused by NameResolutionError("<urllib3.connection.HTTPConnection object at 0x7f5d3557e0f0>: Failed to resolve 'scraper_api' ([Errno -2] Name or service not known)"))
[2026-04-29T22:03:57.547+0000] {logging_mixin.py:188} INFO - [Scraping] Rekrute : {'status': 'erreur', 'message': 'HTTPConnectionPool(host=\'scraper_api\', port=8000): Max retries exceeded with url: /scraper/rekrute (Caused by NameResolutionError("<urllib3.connection.HTTPConnection object at 0x7f5d3557e0f0>: Failed to resolve \'scraper_api\' ([Errno -2] Name or service not known)"))'}
[2026-04-29T22:03:58.443+0000] {python.py:237} INFO - Done. Returned value was: {'status': 'erreur', 'message': 'HTTPConnectionPool(host=\'scraper_api\', port=8000): Max retries exceeded with url: /scraper/rekrute (Caused by NameResolutionError("<urllib3.connection.HTTPConnection object at 0x7f5d3557e0f0>: Failed to resolve \'scraper_api\' ([Errno -2] Name or service not known)"))'}
[2026-04-29T22:03:58.472+0000] {taskinstance.py:441} INFO - ::group::Post task execution logs
[2026-04-29T22:03:59.583+0000] {taskinstance.py:1206} INFO - Marking task as SUCCESS. dag_id=job_intelligent_pipeline, task_id=scrape_rekrute, run_id=manual__2026-04-29T20:13:37.715317+00:00, execution_date=20260429T201337, start_date=20260429T220350, end_date=20260429T220359
[2026-04-29T22:03:59.839+0000] {local_task_job_runner.py:240} INFO - Task exited with return code 0
[2026-04-29T22:04:00.135+0000] {local_task_job_runner.py:222} INFO - ::endgroup::
