[2026-04-27T02:01:40.081+0000] {local_task_job_runner.py:120} INFO - ::group::Pre task execution logs
[2026-04-27T02:01:40.340+0000] {taskinstance.py:2076} INFO - Dependencies all met for dep_context=non-requeueable deps ti=<TaskInstance: job_intelligent_pipeline.wait_scraping manual__2026-04-27T01:59:37.749730+00:00 [queued]>
[2026-04-27T02:01:40.443+0000] {taskinstance.py:2076} INFO - Dependencies all met for dep_context=requeueable deps ti=<TaskInstance: job_intelligent_pipeline.wait_scraping manual__2026-04-27T01:59:37.749730+00:00 [queued]>
[2026-04-27T02:01:40.447+0000] {taskinstance.py:2306} INFO - Starting attempt 1 of 3
[2026-04-27T02:01:40.543+0000] {taskinstance.py:2330} INFO - Executing <Task(PythonOperator): wait_scraping> on 2026-04-27 01:59:37.749730+00:00
[2026-04-27T02:01:40.585+0000] {warnings.py:112} WARNING - /home/***/.local/lib/python3.12/site-packages/***/task/task_runner/standard_task_runner.py:61: DeprecationWarning: This process (pid=763) is multi-threaded, use of fork() may lead to deadlocks in the child.
  pid = os.fork()

[2026-04-27T02:01:40.618+0000] {standard_task_runner.py:90} INFO - Running: ['***', 'tasks', 'run', 'job_intelligent_pipeline', 'wait_scraping', 'manual__2026-04-27T01:59:37.749730+00:00', '--job-id', '95', '--raw', '--subdir', 'DAGS_FOLDER/dag_job_intelligent.py', '--cfg-path', '/tmp/tmpiykf4rpc']
[2026-04-27T02:01:40.674+0000] {standard_task_runner.py:91} INFO - Job 95: Subtask wait_scraping
[2026-04-27T02:01:40.614+0000] {standard_task_runner.py:63} INFO - Started process 771 to run task
[2026-04-27T02:01:41.362+0000] {task_command.py:426} INFO - Running <TaskInstance: job_intelligent_pipeline.wait_scraping manual__2026-04-27T01:59:37.749730+00:00 [running]> on host 29da1de14b83
[2026-04-27T02:01:42.276+0000] {taskinstance.py:2648} INFO - Exporting env vars: AIRFLOW_CTX_DAG_OWNER='job_intelligent' AIRFLOW_CTX_DAG_ID='job_intelligent_pipeline' AIRFLOW_CTX_TASK_ID='wait_scraping' AIRFLOW_CTX_EXECUTION_DATE='2026-04-27T01:59:37.749730+00:00' AIRFLOW_CTX_TRY_NUMBER='1' AIRFLOW_CTX_DAG_RUN_ID='manual__2026-04-27T01:59:37.749730+00:00'
[2026-04-27T02:01:42.299+0000] {taskinstance.py:430} INFO - ::endgroup::
[2026-04-27T02:01:42.480+0000] {logging_mixin.py:188} INFO - [Wait] Attente de 60s pour laisser le scraping se terminer...
[2026-04-27T02:02:42.474+0000] {logging_mixin.py:188} INFO - [Wait] Scraping suppose termine.
[2026-04-27T02:02:42.477+0000] {python.py:237} INFO - Done. Returned value was: None
[2026-04-27T02:02:42.484+0000] {taskinstance.py:441} INFO - ::group::Post task execution logs
[2026-04-27T02:02:42.671+0000] {taskinstance.py:1206} INFO - Marking task as SUCCESS. dag_id=job_intelligent_pipeline, task_id=wait_scraping, run_id=manual__2026-04-27T01:59:37.749730+00:00, execution_date=20260427T015937, start_date=20260427T020140, end_date=20260427T020242
[2026-04-27T02:02:42.775+0000] {local_task_job_runner.py:240} INFO - Task exited with return code 0
[2026-04-27T02:02:42.828+0000] {local_task_job_runner.py:222} INFO - ::endgroup::
