[2026-04-27T11:53:22.308+0000] {local_task_job_runner.py:120} INFO - ::group::Pre task execution logs
[2026-04-27T11:53:23.058+0000] {taskinstance.py:2076} INFO - Dependencies all met for dep_context=non-requeueable deps ti=<TaskInstance: job_intelligent_pipeline.scrape_rekrute manual__2026-04-27T11:53:12.128524+00:00 [queued]>
[2026-04-27T11:53:23.251+0000] {taskinstance.py:2076} INFO - Dependencies all met for dep_context=requeueable deps ti=<TaskInstance: job_intelligent_pipeline.scrape_rekrute manual__2026-04-27T11:53:12.128524+00:00 [queued]>
[2026-04-27T11:53:23.253+0000] {taskinstance.py:2306} INFO - Starting attempt 1 of 3
[2026-04-27T11:53:23.545+0000] {taskinstance.py:2330} INFO - Executing <Task(PythonOperator): scrape_rekrute> on 2026-04-27 11:53:12.128524+00:00
[2026-04-27T11:53:23.609+0000] {warnings.py:112} WARNING - /home/***/.local/lib/python3.12/site-packages/***/task/task_runner/standard_task_runner.py:61: DeprecationWarning: This process (pid=2675) is multi-threaded, use of fork() may lead to deadlocks in the child.
  pid = os.fork()

[2026-04-27T11:53:23.616+0000] {standard_task_runner.py:63} INFO - Started process 2683 to run task
[2026-04-27T11:53:23.658+0000] {standard_task_runner.py:90} INFO - Running: ['***', 'tasks', 'run', 'job_intelligent_pipeline', 'scrape_rekrute', 'manual__2026-04-27T11:53:12.128524+00:00', '--job-id', '120', '--raw', '--subdir', 'DAGS_FOLDER/dag_job_intelligent.py', '--cfg-path', '/tmp/tmpksybkido']
[2026-04-27T11:53:23.743+0000] {standard_task_runner.py:91} INFO - Job 120: Subtask scrape_rekrute
[2026-04-27T11:53:24.906+0000] {task_command.py:426} INFO - Running <TaskInstance: job_intelligent_pipeline.scrape_rekrute manual__2026-04-27T11:53:12.128524+00:00 [running]> on host 29da1de14b83
[2026-04-27T11:53:26.044+0000] {taskinstance.py:2648} INFO - Exporting env vars: AIRFLOW_CTX_DAG_OWNER='job_intelligent' AIRFLOW_CTX_DAG_ID='job_intelligent_pipeline' AIRFLOW_CTX_TASK_ID='scrape_rekrute' AIRFLOW_CTX_EXECUTION_DATE='2026-04-27T11:53:12.128524+00:00' AIRFLOW_CTX_TRY_NUMBER='1' AIRFLOW_CTX_DAG_RUN_ID='manual__2026-04-27T11:53:12.128524+00:00'
[2026-04-27T11:53:26.059+0000] {taskinstance.py:430} INFO - ::endgroup::
[2026-04-27T11:53:26.681+0000] {logging_mixin.py:188} INFO - [Scraping] POST http://scraper_api:8000/scrape/rekrute
[2026-04-27T11:53:30.205+0000] {logging_mixin.py:188} INFO - [Scraping] Rekrute erreur : HTTPConnectionPool(host='scraper_api', port=8000): Max retries exceeded with url: /scrape/rekrute (Caused by NameResolutionError("<urllib3.connection.HTTPConnection object at 0x7fdc8b4977a0>: Failed to resolve 'scraper_api' ([Errno -2] Name or service not known)"))
[2026-04-27T11:53:30.262+0000] {logging_mixin.py:188} INFO - [Scraping] Rekrute : {'status': 'erreur', 'message': 'HTTPConnectionPool(host=\'scraper_api\', port=8000): Max retries exceeded with url: /scrape/rekrute (Caused by NameResolutionError("<urllib3.connection.HTTPConnection object at 0x7fdc8b4977a0>: Failed to resolve \'scraper_api\' ([Errno -2] Name or service not known)"))'}
[2026-04-27T11:53:31.390+0000] {python.py:237} INFO - Done. Returned value was: {'status': 'erreur', 'message': 'HTTPConnectionPool(host=\'scraper_api\', port=8000): Max retries exceeded with url: /scrape/rekrute (Caused by NameResolutionError("<urllib3.connection.HTTPConnection object at 0x7fdc8b4977a0>: Failed to resolve \'scraper_api\' ([Errno -2] Name or service not known)"))'}
[2026-04-27T11:53:31.428+0000] {taskinstance.py:441} INFO - ::group::Post task execution logs
[2026-04-27T11:53:32.103+0000] {taskinstance.py:1206} INFO - Marking task as SUCCESS. dag_id=job_intelligent_pipeline, task_id=scrape_rekrute, run_id=manual__2026-04-27T11:53:12.128524+00:00, execution_date=20260427T115312, start_date=20260427T115323, end_date=20260427T115332
[2026-04-27T11:53:32.249+0000] {local_task_job_runner.py:240} INFO - Task exited with return code 0
[2026-04-27T11:53:32.978+0000] {taskinstance.py:3503} INFO - 0 downstream tasks scheduled from follow-on schedule check
[2026-04-27T11:53:33.055+0000] {local_task_job_runner.py:222} INFO - ::endgroup::
