[2026-04-26T23:49:11.971+0000] {local_task_job_runner.py:120} INFO - ::group::Pre task execution logs
[2026-04-26T23:49:12.211+0000] {taskinstance.py:2076} INFO - Dependencies all met for dep_context=non-requeueable deps ti=<TaskInstance: job_intelligent_pipeline.wait_scraping manual__2026-04-26T23:48:42.746969+00:00 [queued]>
[2026-04-26T23:49:12.413+0000] {taskinstance.py:2076} INFO - Dependencies all met for dep_context=requeueable deps ti=<TaskInstance: job_intelligent_pipeline.wait_scraping manual__2026-04-26T23:48:42.746969+00:00 [queued]>
[2026-04-26T23:49:12.466+0000] {taskinstance.py:2306} INFO - Starting attempt 1 of 3
[2026-04-26T23:49:12.557+0000] {taskinstance.py:2330} INFO - Executing <Task(PythonOperator): wait_scraping> on 2026-04-26 23:48:42.746969+00:00
[2026-04-26T23:49:12.579+0000] {warnings.py:112} WARNING - /home/***/.local/lib/python3.12/site-packages/***/task/task_runner/standard_task_runner.py:61: DeprecationWarning: This process (pid=1644) is multi-threaded, use of fork() may lead to deadlocks in the child.
  pid = os.fork()

[2026-04-26T23:49:12.582+0000] {standard_task_runner.py:63} INFO - Started process 1645 to run task
[2026-04-26T23:49:12.618+0000] {standard_task_runner.py:90} INFO - Running: ['***', 'tasks', 'run', 'job_intelligent_pipeline', 'wait_scraping', 'manual__2026-04-26T23:48:42.746969+00:00', '--job-id', '52', '--raw', '--subdir', 'DAGS_FOLDER/dag_job_intelligent.py', '--cfg-path', '/tmp/tmp67xxfwnv']
[2026-04-26T23:49:12.639+0000] {standard_task_runner.py:91} INFO - Job 52: Subtask wait_scraping
[2026-04-26T23:49:13.042+0000] {task_command.py:426} INFO - Running <TaskInstance: job_intelligent_pipeline.wait_scraping manual__2026-04-26T23:48:42.746969+00:00 [running]> on host 31133b84880c
[2026-04-26T23:49:14.167+0000] {taskinstance.py:2648} INFO - Exporting env vars: AIRFLOW_CTX_DAG_OWNER='job_intelligent' AIRFLOW_CTX_DAG_ID='job_intelligent_pipeline' AIRFLOW_CTX_TASK_ID='wait_scraping' AIRFLOW_CTX_EXECUTION_DATE='2026-04-26T23:48:42.746969+00:00' AIRFLOW_CTX_TRY_NUMBER='1' AIRFLOW_CTX_DAG_RUN_ID='manual__2026-04-26T23:48:42.746969+00:00'
[2026-04-26T23:49:14.184+0000] {taskinstance.py:430} INFO - ::endgroup::
[2026-04-26T23:49:14.476+0000] {logging_mixin.py:188} INFO - [Wait] Attente de 60s pour laisser le scraping se terminer...
[2026-04-26T23:50:14.476+0000] {logging_mixin.py:188} INFO - [Wait] Scraping suppose termine.
[2026-04-26T23:50:14.478+0000] {python.py:237} INFO - Done. Returned value was: None
[2026-04-26T23:50:14.487+0000] {taskinstance.py:441} INFO - ::group::Post task execution logs
[2026-04-26T23:50:14.668+0000] {taskinstance.py:1206} INFO - Marking task as SUCCESS. dag_id=job_intelligent_pipeline, task_id=wait_scraping, run_id=manual__2026-04-26T23:48:42.746969+00:00, execution_date=20260426T234842, start_date=20260426T234912, end_date=20260426T235014
[2026-04-26T23:50:14.926+0000] {local_task_job_runner.py:240} INFO - Task exited with return code 0
[2026-04-26T23:50:15.264+0000] {taskinstance.py:3503} INFO - 1 downstream tasks scheduled from follow-on schedule check
[2026-04-26T23:50:15.296+0000] {local_task_job_runner.py:222} INFO - ::endgroup::
