[2026-05-11T17:54:28.466+0000] {local_task_job_runner.py:120} INFO - ::group::Pre task execution logs
[2026-05-11T17:54:28.583+0000] {taskinstance.py:2076} INFO - Dependencies all met for dep_context=non-requeueable deps ti=<TaskInstance: job_intelligent_pipeline_simplified.scrape_rekrute manual__2026-05-11T17:54:19.305492+00:00 [queued]>
[2026-05-11T17:54:28.609+0000] {taskinstance.py:2076} INFO - Dependencies all met for dep_context=requeueable deps ti=<TaskInstance: job_intelligent_pipeline_simplified.scrape_rekrute manual__2026-05-11T17:54:19.305492+00:00 [queued]>
[2026-05-11T17:54:28.612+0000] {taskinstance.py:2306} INFO - Starting attempt 1 of 3
[2026-05-11T17:54:28.683+0000] {taskinstance.py:2330} INFO - Executing <Task(PythonOperator): scrape_rekrute> on 2026-05-11 17:54:19.305492+00:00
[2026-05-11T17:54:28.705+0000] {warnings.py:110} WARNING - /home/***/.local/lib/python3.12/site-packages/***/task/task_runner/standard_task_runner.py:61: DeprecationWarning: This process (pid=151) is multi-threaded, use of fork() may lead to deadlocks in the child.
  pid = os.fork()

[2026-05-11T17:54:28.711+0000] {standard_task_runner.py:63} INFO - Started process 154 to run task
[2026-05-11T17:54:28.712+0000] {standard_task_runner.py:90} INFO - Running: ['***', 'tasks', 'run', 'job_intelligent_pipeline_simplified', 'scrape_rekrute', 'manual__2026-05-11T17:54:19.305492+00:00', '--job-id', '54', '--raw', '--subdir', 'DAGS_FOLDER/__pycache__/job_intelligent_pipeline.py', '--cfg-path', '/tmp/tmprwn4wk_s']
[2026-05-11T17:54:28.716+0000] {standard_task_runner.py:91} INFO - Job 54: Subtask scrape_rekrute
[2026-05-11T17:54:29.027+0000] {task_command.py:426} INFO - Running <TaskInstance: job_intelligent_pipeline_simplified.scrape_rekrute manual__2026-05-11T17:54:19.305492+00:00 [running]> on host 3d6dc2445e84
[2026-05-11T17:54:29.593+0000] {taskinstance.py:2648} INFO - Exporting env vars: AIRFLOW_CTX_DAG_OWNER='job_intelligent' AIRFLOW_CTX_DAG_ID='job_intelligent_pipeline_simplified' AIRFLOW_CTX_TASK_ID='scrape_rekrute' AIRFLOW_CTX_EXECUTION_DATE='2026-05-11T17:54:19.305492+00:00' AIRFLOW_CTX_TRY_NUMBER='1' AIRFLOW_CTX_DAG_RUN_ID='manual__2026-05-11T17:54:19.305492+00:00'
[2026-05-11T17:54:29.599+0000] {taskinstance.py:430} INFO - ::endgroup::
[2026-05-11T17:54:29.737+0000] {logging_mixin.py:188} INFO - [Scraping] POST http://scraper-api:8000/scrape/rekrute
[2026-05-11T17:54:29.978+0000] {logging_mixin.py:188} INFO - [Scraping] Rekrute : {'status': 'lancé en arrière-plan', 'source': 'rekrute.com', 'keywords': 'data engineer', 'filtre': 'Data Engineering uniquement'}
[2026-05-11T17:54:30.306+0000] {python.py:237} INFO - Done. Returned value was: {'status': 'lancé en arrière-plan', 'source': 'rekrute.com', 'keywords': 'data engineer', 'filtre': 'Data Engineering uniquement'}
[2026-05-11T17:54:30.334+0000] {taskinstance.py:441} INFO - ::group::Post task execution logs
[2026-05-11T17:54:30.792+0000] {taskinstance.py:1206} INFO - Marking task as SUCCESS. dag_id=job_intelligent_pipeline_simplified, task_id=scrape_rekrute, run_id=manual__2026-05-11T17:54:19.305492+00:00, execution_date=20260511T175419, start_date=20260511T175428, end_date=20260511T175430
[2026-05-11T17:54:30.933+0000] {local_task_job_runner.py:240} INFO - Task exited with return code 0
[2026-05-11T17:54:31.333+0000] {local_task_job_runner.py:222} INFO - ::endgroup::
