[2026-05-01T07:18:34.052+0000] {local_task_job_runner.py:120} INFO - ::group::Pre task execution logs
[2026-05-01T07:18:34.173+0000] {taskinstance.py:2076} INFO - Dependencies all met for dep_context=non-requeueable deps ti=<TaskInstance: job_intelligent_pipeline.check_quality manual__2026-04-29T21:04:44.852569+00:00 [queued]>
[2026-05-01T07:18:34.201+0000] {taskinstance.py:2076} INFO - Dependencies all met for dep_context=requeueable deps ti=<TaskInstance: job_intelligent_pipeline.check_quality manual__2026-04-29T21:04:44.852569+00:00 [queued]>
[2026-05-01T07:18:34.209+0000] {taskinstance.py:2306} INFO - Starting attempt 2 of 3
[2026-05-01T07:18:34.281+0000] {taskinstance.py:2330} INFO - Executing <Task(PythonOperator): check_quality> on 2026-04-29 21:04:44.852569+00:00
[2026-05-01T07:18:34.312+0000] {standard_task_runner.py:90} INFO - Running: ['***', 'tasks', 'run', 'job_intelligent_pipeline', 'check_quality', 'manual__2026-04-29T21:04:44.852569+00:00', '--job-id', '251', '--raw', '--subdir', 'DAGS_FOLDER/dag_job_intelligent.py', '--cfg-path', '/tmp/tmpdp6fvthv']
[2026-05-01T07:18:34.293+0000] {warnings.py:112} WARNING - /home/***/.local/lib/python3.12/site-packages/***/task/task_runner/standard_task_runner.py:61: DeprecationWarning: This process (pid=133) is multi-threaded, use of fork() may lead to deadlocks in the child.
  pid = os.fork()

[2026-05-01T07:18:34.320+0000] {standard_task_runner.py:91} INFO - Job 251: Subtask check_quality
[2026-05-01T07:18:34.321+0000] {standard_task_runner.py:63} INFO - Started process 134 to run task
[2026-05-01T07:18:34.722+0000] {task_command.py:426} INFO - Running <TaskInstance: job_intelligent_pipeline.check_quality manual__2026-04-29T21:04:44.852569+00:00 [running]> on host d93ea64f61e7
[2026-05-01T07:18:35.361+0000] {taskinstance.py:2648} INFO - Exporting env vars: AIRFLOW_CTX_DAG_OWNER='job_intelligent' AIRFLOW_CTX_DAG_ID='job_intelligent_pipeline' AIRFLOW_CTX_TASK_ID='check_quality' AIRFLOW_CTX_EXECUTION_DATE='2026-04-29T21:04:44.852569+00:00' AIRFLOW_CTX_TRY_NUMBER='2' AIRFLOW_CTX_DAG_RUN_ID='manual__2026-04-29T21:04:44.852569+00:00'
[2026-05-01T07:18:35.364+0000] {taskinstance.py:430} INFO - ::endgroup::
[2026-05-01T07:18:35.995+0000] {logging_mixin.py:188} INFO - =======================================================
[2026-05-01T07:18:36.005+0000] {logging_mixin.py:188} INFO -   RAPPORT PIPELINE JOB INTELLIGENT
[2026-05-01T07:18:36.032+0000] {logging_mixin.py:188} INFO - =======================================================
[2026-05-01T07:18:36.046+0000] {logging_mixin.py:188} INFO -   Rekrute        : None
[2026-05-01T07:18:36.048+0000] {logging_mixin.py:188} INFO -   France Travail : None
[2026-05-01T07:18:36.054+0000] {logging_mixin.py:188} INFO -   Adzuna         : None
[2026-05-01T07:18:36.066+0000] {logging_mixin.py:188} INFO -   Kafka lus      : 0
[2026-05-01T07:18:36.069+0000] {logging_mixin.py:188} INFO -   ETL transformes: 0
[2026-05-01T07:18:36.071+0000] {logging_mixin.py:188} INFO -   MySQL charges  : 0
[2026-05-01T07:18:36.074+0000] {logging_mixin.py:188} INFO -   Doublons       : 0
[2026-05-01T07:18:36.075+0000] {logging_mixin.py:188} INFO -   Erreurs        : 0
[2026-05-01T07:18:36.077+0000] {logging_mixin.py:188} INFO - =======================================================
[2026-05-01T07:18:36.079+0000] {logging_mixin.py:188} INFO - [Qualite] Verification OK
[2026-05-01T07:18:36.080+0000] {python.py:237} INFO - Done. Returned value was: {'kafka_lus': 0, 'etl_transformes': 0, 'mysql_charges': 0, 'doublons': 0, 'erreurs': 0}
[2026-05-01T07:18:36.081+0000] {taskinstance.py:441} INFO - ::group::Post task execution logs
[2026-05-01T07:18:36.317+0000] {taskinstance.py:1206} INFO - Marking task as SUCCESS. dag_id=job_intelligent_pipeline, task_id=check_quality, run_id=manual__2026-04-29T21:04:44.852569+00:00, execution_date=20260429T210444, start_date=20260501T071834, end_date=20260501T071836
[2026-05-01T07:18:36.436+0000] {local_task_job_runner.py:240} INFO - Task exited with return code 0
[2026-05-01T07:18:36.582+0000] {taskinstance.py:3503} INFO - 0 downstream tasks scheduled from follow-on schedule check
[2026-05-01T07:18:36.604+0000] {local_task_job_runner.py:222} INFO - ::endgroup::
