[2026-05-17T15:26:01.606+0000] {local_task_job_runner.py:120} INFO - ::group::Pre task execution logs
[2026-05-17T15:26:01.738+0000] {taskinstance.py:2076} INFO - Dependencies all met for dep_context=non-requeueable deps ti=<TaskInstance: send_job_notifications.send_emails manual__2026-05-17T15:20:42.310028+00:00 [queued]>
[2026-05-17T15:26:01.802+0000] {taskinstance.py:2076} INFO - Dependencies all met for dep_context=requeueable deps ti=<TaskInstance: send_job_notifications.send_emails manual__2026-05-17T15:20:42.310028+00:00 [queued]>
[2026-05-17T15:26:01.804+0000] {taskinstance.py:2306} INFO - Starting attempt 2 of 2
[2026-05-17T15:26:01.917+0000] {taskinstance.py:2330} INFO - Executing <Task(BashOperator): send_emails> on 2026-05-17 15:20:42.310028+00:00
[2026-05-17T15:26:01.957+0000] {warnings.py:110} WARNING - /home/***/.local/lib/python3.12/site-packages/***/task/task_runner/standard_task_runner.py:61: DeprecationWarning: This process (pid=1165) is multi-threaded, use of fork() may lead to deadlocks in the child.
  pid = os.fork()

[2026-05-17T15:26:01.971+0000] {standard_task_runner.py:63} INFO - Started process 1166 to run task
[2026-05-17T15:26:01.969+0000] {standard_task_runner.py:90} INFO - Running: ['***', 'tasks', 'run', 'send_job_notifications', 'send_emails', 'manual__2026-05-17T15:20:42.310028+00:00', '--job-id', '46', '--raw', '--subdir', 'DAGS_FOLDER/send_job_notifications.py', '--cfg-path', '/tmp/tmpgg172v7y']
[2026-05-17T15:26:01.981+0000] {standard_task_runner.py:91} INFO - Job 46: Subtask send_emails
[2026-05-17T15:26:02.335+0000] {task_command.py:426} INFO - Running <TaskInstance: send_job_notifications.send_emails manual__2026-05-17T15:20:42.310028+00:00 [running]> on host ad622d0a1964
[2026-05-17T15:26:03.318+0000] {taskinstance.py:2648} INFO - Exporting env vars: AIRFLOW_CTX_DAG_OWNER='***' AIRFLOW_CTX_DAG_ID='send_job_notifications' AIRFLOW_CTX_TASK_ID='send_emails' AIRFLOW_CTX_EXECUTION_DATE='2026-05-17T15:20:42.310028+00:00' AIRFLOW_CTX_TRY_NUMBER='2' AIRFLOW_CTX_DAG_RUN_ID='manual__2026-05-17T15:20:42.310028+00:00'
[2026-05-17T15:26:03.321+0000] {taskinstance.py:430} INFO - ::endgroup::
[2026-05-17T15:26:03.497+0000] {subprocess.py:63} INFO - Tmp dir root location: /tmp
[2026-05-17T15:26:03.577+0000] {subprocess.py:75} INFO - Running command: ['/usr/bin/bash', '-c', 'python /opt/***/scripts/send_notifications.py']
[2026-05-17T15:26:03.722+0000] {subprocess.py:86} INFO - Output:
[2026-05-17T15:26:10.984+0000] {subprocess.py:93} INFO - Traceback (most recent call last):
[2026-05-17T15:26:10.990+0000] {subprocess.py:93} INFO -   File "/opt/***/scripts/send_notifications.py", line 24, in send_email
[2026-05-17T15:26:11.011+0000] {subprocess.py:93} INFO -     server.login(SMTP_USER, SMTP_PASSWORD)
[2026-05-17T15:26:11.012+0000] {subprocess.py:93} INFO -   File "/usr/local/lib/python3.12/smtplib.py", line 739, in login
[2026-05-17T15:26:11.013+0000] {subprocess.py:93} INFO -     (code, resp) = self.auth(
[2026-05-17T15:26:11.014+0000] {subprocess.py:93} INFO -                    ^^^^^^^^^^
[2026-05-17T15:26:11.016+0000] {subprocess.py:93} INFO -   File "/usr/local/lib/python3.12/smtplib.py", line 652, in auth
[2026-05-17T15:26:11.017+0000] {subprocess.py:93} INFO -     authobject(challenge).encode('ascii'), eol='')
[2026-05-17T15:26:11.018+0000] {subprocess.py:93} INFO -     ^^^^^^^^^^^^^^^^^^^^^^^^^^^^
[2026-05-17T15:26:11.019+0000] {subprocess.py:93} INFO - AttributeError: 'NoneType' object has no attribute 'encode'
[2026-05-17T15:26:11.025+0000] {subprocess.py:93} INFO - 
[2026-05-17T15:26:11.029+0000] {subprocess.py:93} INFO - During handling of the above exception, another exception occurred:
[2026-05-17T15:26:11.030+0000] {subprocess.py:93} INFO - 
[2026-05-17T15:26:11.032+0000] {subprocess.py:93} INFO - Traceback (most recent call last):
[2026-05-17T15:26:11.033+0000] {subprocess.py:93} INFO -   File "/opt/***/scripts/send_notifications.py", line 65, in <module>
[2026-05-17T15:26:11.040+0000] {subprocess.py:93} INFO -     main()
[2026-05-17T15:26:11.043+0000] {subprocess.py:93} INFO -   File "/opt/***/scripts/send_notifications.py", line 60, in main
[2026-05-17T15:26:11.056+0000] {subprocess.py:93} INFO -     send_email(user["email"], "Nouvelles offres data correspondant à votre profil", html)
[2026-05-17T15:26:11.062+0000] {subprocess.py:93} INFO -   File "/opt/***/scripts/send_notifications.py", line 22, in send_email
[2026-05-17T15:26:11.082+0000] {subprocess.py:93} INFO -     with smtplib.SMTP(SMTP_SERVER, SMTP_PORT) as server:
[2026-05-17T15:26:11.086+0000] {subprocess.py:93} INFO -   File "/usr/local/lib/python3.12/smtplib.py", line 284, in __exit__
[2026-05-17T15:26:11.087+0000] {subprocess.py:93} INFO -     raise SMTPResponseException(code, message)
[2026-05-17T15:26:11.088+0000] {subprocess.py:93} INFO - smtplib.SMTPResponseException: (334, b'UGFzc3dvcmQ6')
[2026-05-17T15:26:11.407+0000] {subprocess.py:97} INFO - Command exited with return code 1
[2026-05-17T15:26:11.415+0000] {taskinstance.py:441} INFO - ::group::Post task execution logs
[2026-05-17T15:26:11.519+0000] {taskinstance.py:2905} ERROR - Task failed with exception
Traceback (most recent call last):
  File "/home/airflow/.local/lib/python3.12/site-packages/airflow/models/taskinstance.py", line 465, in _execute_task
    result = _execute_callable(context=context, **execute_callable_kwargs)
             ^^^^^^^^^^^^^^^^^^^^^^^^^^^^^^^^^^^^^^^^^^^^^^^^^^^^^^^^^^^^^
  File "/home/airflow/.local/lib/python3.12/site-packages/airflow/models/taskinstance.py", line 432, in _execute_callable
    return execute_callable(context=context, **execute_callable_kwargs)
           ^^^^^^^^^^^^^^^^^^^^^^^^^^^^^^^^^^^^^^^^^^^^^^^^^^^^^^^^^^^^
  File "/home/airflow/.local/lib/python3.12/site-packages/airflow/models/baseoperator.py", line 400, in wrapper
    return func(self, *args, **kwargs)
           ^^^^^^^^^^^^^^^^^^^^^^^^^^^
  File "/home/airflow/.local/lib/python3.12/site-packages/airflow/operators/bash.py", line 243, in execute
    raise AirflowException(
airflow.exceptions.AirflowException: Bash command failed. The command returned a non-zero exit code 1.
[2026-05-17T15:26:11.563+0000] {taskinstance.py:1206} INFO - Marking task as FAILED. dag_id=send_job_notifications, task_id=send_emails, run_id=manual__2026-05-17T15:20:42.310028+00:00, execution_date=20260517T152042, start_date=20260517T152601, end_date=20260517T152611
[2026-05-17T15:26:11.731+0000] {standard_task_runner.py:110} ERROR - Failed to execute job 46 for task send_emails (Bash command failed. The command returned a non-zero exit code 1.; 1166)
[2026-05-17T15:26:11.865+0000] {local_task_job_runner.py:240} INFO - Task exited with return code 1
[2026-05-17T15:26:11.930+0000] {taskinstance.py:3498} INFO - 0 downstream tasks scheduled from follow-on schedule check
[2026-05-17T15:26:11.945+0000] {local_task_job_runner.py:222} INFO - ::endgroup::
