[2026-04-29T21:05:19.070+0000] {local_task_job_runner.py:120} INFO - ::group::Pre task execution logs
[2026-04-29T21:05:19.255+0000] {taskinstance.py:2076} INFO - Dependencies all met for dep_context=non-requeueable deps ti=<TaskInstance: job_intelligent_pipeline.scrape_france_travail manual__2026-04-29T18:52:49.881525+00:00 [queued]>
[2026-04-29T21:05:19.360+0000] {taskinstance.py:2076} INFO - Dependencies all met for dep_context=requeueable deps ti=<TaskInstance: job_intelligent_pipeline.scrape_france_travail manual__2026-04-29T18:52:49.881525+00:00 [queued]>
[2026-04-29T21:05:19.377+0000] {taskinstance.py:2306} INFO - Starting attempt 1 of 3
[2026-04-29T21:05:19.508+0000] {taskinstance.py:2330} INFO - Executing <Task(PythonOperator): scrape_france_travail> on 2026-04-29 18:52:49.881525+00:00
[2026-04-29T21:05:19.526+0000] {warnings.py:112} WARNING - /home/***/.local/lib/python3.12/site-packages/***/task/task_runner/standard_task_runner.py:61: DeprecationWarning: This process (pid=2576) is multi-threaded, use of fork() may lead to deadlocks in the child.
  pid = os.fork()

[2026-04-29T21:05:19.544+0000] {standard_task_runner.py:63} INFO - Started process 2579 to run task
[2026-04-29T21:05:19.547+0000] {standard_task_runner.py:90} INFO - Running: ['***', 'tasks', 'run', 'job_intelligent_pipeline', 'scrape_france_travail', 'manual__2026-04-29T18:52:49.881525+00:00', '--job-id', '157', '--raw', '--subdir', 'DAGS_FOLDER/dag_job_intelligent.py', '--cfg-path', '/tmp/tmp9fn5syuu']
[2026-04-29T21:05:19.618+0000] {standard_task_runner.py:91} INFO - Job 157: Subtask scrape_france_travail
[2026-04-29T21:05:19.978+0000] {task_command.py:426} INFO - Running <TaskInstance: job_intelligent_pipeline.scrape_france_travail manual__2026-04-29T18:52:49.881525+00:00 [running]> on host 00190f46936a
[2026-04-29T21:05:20.407+0000] {taskinstance.py:2648} INFO - Exporting env vars: AIRFLOW_CTX_DAG_OWNER='job_intelligent' AIRFLOW_CTX_DAG_ID='job_intelligent_pipeline' AIRFLOW_CTX_TASK_ID='scrape_france_travail' AIRFLOW_CTX_EXECUTION_DATE='2026-04-29T18:52:49.881525+00:00' AIRFLOW_CTX_TRY_NUMBER='1' AIRFLOW_CTX_DAG_RUN_ID='manual__2026-04-29T18:52:49.881525+00:00'
[2026-04-29T21:05:20.416+0000] {taskinstance.py:430} INFO - ::endgroup::
[2026-04-29T21:05:20.539+0000] {logging_mixin.py:188} INFO - [Scraping] POST http://scraper_api:8000/scraper/france_travail
[2026-04-29T21:05:24.042+0000] {logging_mixin.py:188} INFO - [Scraping] FranceTravail erreur : HTTPConnectionPool(host='scraper_api', port=8000): Max retries exceeded with url: /scraper/france_travail (Caused by NameResolutionError("<urllib3.connection.HTTPConnection object at 0x7f5d35a61f10>: Failed to resolve 'scraper_api' ([Errno -2] Name or service not known)"))
[2026-04-29T21:05:24.072+0000] {logging_mixin.py:188} INFO - [Scraping] FranceTravail : {'status': 'erreur', 'message': 'HTTPConnectionPool(host=\'scraper_api\', port=8000): Max retries exceeded with url: /scraper/france_travail (Caused by NameResolutionError("<urllib3.connection.HTTPConnection object at 0x7f5d35a61f10>: Failed to resolve \'scraper_api\' ([Errno -2] Name or service not known)"))'}
[2026-04-29T21:05:24.395+0000] {python.py:237} INFO - Done. Returned value was: {'status': 'erreur', 'message': 'HTTPConnectionPool(host=\'scraper_api\', port=8000): Max retries exceeded with url: /scraper/france_travail (Caused by NameResolutionError("<urllib3.connection.HTTPConnection object at 0x7f5d35a61f10>: Failed to resolve \'scraper_api\' ([Errno -2] Name or service not known)"))'}
[2026-04-29T21:05:24.399+0000] {taskinstance.py:441} INFO - ::group::Post task execution logs
[2026-04-29T21:05:24.931+0000] {taskinstance.py:1206} INFO - Marking task as SUCCESS. dag_id=job_intelligent_pipeline, task_id=scrape_france_travail, run_id=manual__2026-04-29T18:52:49.881525+00:00, execution_date=20260429T185249, start_date=20260429T210519, end_date=20260429T210524
[2026-04-29T21:05:25.263+0000] {local_task_job_runner.py:240} INFO - Task exited with return code 0
[2026-04-29T21:05:25.406+0000] {taskinstance.py:3503} INFO - 1 downstream tasks scheduled from follow-on schedule check
[2026-04-29T21:05:25.418+0000] {local_task_job_runner.py:222} INFO - ::endgroup::
