[2026-05-08T18:15:42.398+0000] {local_task_job_runner.py:120} INFO - ::group::Pre task execution logs
[2026-05-08T18:15:42.597+0000] {taskinstance.py:2076} INFO - Dependencies all met for dep_context=non-requeueable deps ti=<TaskInstance: job_intelligent_pipeline.etl_kafka manual__2026-05-08T18:14:02.409886+00:00 [queued]>
[2026-05-08T18:15:42.657+0000] {taskinstance.py:2076} INFO - Dependencies all met for dep_context=requeueable deps ti=<TaskInstance: job_intelligent_pipeline.etl_kafka manual__2026-05-08T18:14:02.409886+00:00 [queued]>
[2026-05-08T18:15:42.658+0000] {taskinstance.py:2306} INFO - Starting attempt 1 of 3
[2026-05-08T18:15:42.727+0000] {taskinstance.py:2330} INFO - Executing <Task(PythonOperator): etl_kafka> on 2026-05-08 18:14:02.409886+00:00
[2026-05-08T18:15:42.736+0000] {warnings.py:112} WARNING - /home/***/.local/lib/python3.12/site-packages/***/task/task_runner/standard_task_runner.py:61: DeprecationWarning: This process (pid=1400) is multi-threaded, use of fork() may lead to deadlocks in the child.
  pid = os.fork()

[2026-05-08T18:15:42.745+0000] {standard_task_runner.py:63} INFO - Started process 1401 to run task
[2026-05-08T18:15:42.749+0000] {standard_task_runner.py:90} INFO - Running: ['***', 'tasks', 'run', 'job_intelligent_pipeline', 'etl_kafka', 'manual__2026-05-08T18:14:02.409886+00:00', '--job-id', '438', '--raw', '--subdir', 'DAGS_FOLDER/dag_job_intelligent .py', '--cfg-path', '/tmp/tmphmhtc28l']
[2026-05-08T18:15:42.754+0000] {standard_task_runner.py:91} INFO - Job 438: Subtask etl_kafka
[2026-05-08T18:15:42.927+0000] {task_command.py:426} INFO - Running <TaskInstance: job_intelligent_pipeline.etl_kafka manual__2026-05-08T18:14:02.409886+00:00 [running]> on host 82bd505ce5dd
[2026-05-08T18:15:43.414+0000] {taskinstance.py:2648} INFO - Exporting env vars: AIRFLOW_CTX_DAG_OWNER='job_intelligent' AIRFLOW_CTX_DAG_ID='job_intelligent_pipeline' AIRFLOW_CTX_TASK_ID='etl_kafka' AIRFLOW_CTX_EXECUTION_DATE='2026-05-08T18:14:02.409886+00:00' AIRFLOW_CTX_TRY_NUMBER='1' AIRFLOW_CTX_DAG_RUN_ID='manual__2026-05-08T18:14:02.409886+00:00'
[2026-05-08T18:15:43.417+0000] {taskinstance.py:430} INFO - ::endgroup::
[2026-05-08T18:15:43.484+0000] {taskinstance.py:441} INFO - ::group::Post task execution logs
[2026-05-08T18:15:43.488+0000] {taskinstance.py:2905} ERROR - Task failed with exception
Traceback (most recent call last):
  File "/home/airflow/.local/lib/python3.12/site-packages/airflow/models/taskinstance.py", line 460, in _execute_task
    result = _execute_callable(context=context, **execute_callable_kwargs)
             ^^^^^^^^^^^^^^^^^^^^^^^^^^^^^^^^^^^^^^^^^^^^^^^^^^^^^^^^^^^^^
  File "/home/airflow/.local/lib/python3.12/site-packages/airflow/models/taskinstance.py", line 432, in _execute_callable
    return execute_callable(context=context, **execute_callable_kwargs)
           ^^^^^^^^^^^^^^^^^^^^^^^^^^^^^^^^^^^^^^^^^^^^^^^^^^^^^^^^^^^^
  File "/home/airflow/.local/lib/python3.12/site-packages/airflow/models/baseoperator.py", line 401, in wrapper
    return func(self, *args, **kwargs)
           ^^^^^^^^^^^^^^^^^^^^^^^^^^^
  File "/home/airflow/.local/lib/python3.12/site-packages/airflow/operators/python.py", line 235, in execute
    return_value = self.execute_callable()
                   ^^^^^^^^^^^^^^^^^^^^^^^
  File "/home/airflow/.local/lib/python3.12/site-packages/airflow/operators/python.py", line 252, in execute_callable
    return self.python_callable(*self.op_args, **self.op_kwargs)
           ^^^^^^^^^^^^^^^^^^^^^^^^^^^^^^^^^^^^^^^^^^^^^^^^^^^^^
  File "/opt/airflow/dags/dag_job_intelligent .py", line 149, in task_etl_kafka
    from confluent_kafka import Consumer, KafkaError
ModuleNotFoundError: No module named 'confluent_kafka'
[2026-05-08T18:15:43.542+0000] {taskinstance.py:1206} INFO - Marking task as UP_FOR_RETRY. dag_id=job_intelligent_pipeline, task_id=etl_kafka, run_id=manual__2026-05-08T18:14:02.409886+00:00, execution_date=20260508T181402, start_date=20260508T181542, end_date=20260508T181543
[2026-05-08T18:15:43.597+0000] {standard_task_runner.py:110} ERROR - Failed to execute job 438 for task etl_kafka (No module named 'confluent_kafka'; 1401)
[2026-05-08T18:15:43.647+0000] {local_task_job_runner.py:240} INFO - Task exited with return code 1
[2026-05-08T18:15:43.844+0000] {taskinstance.py:3503} INFO - 0 downstream tasks scheduled from follow-on schedule check
[2026-05-08T18:15:43.869+0000] {local_task_job_runner.py:222} INFO - ::endgroup::
