[2026-04-26T22:23:46.140+0000] {local_task_job_runner.py:120} INFO - ::group::Pre task execution logs
[2026-04-26T22:23:46.396+0000] {taskinstance.py:2076} INFO - Dependencies all met for dep_context=non-requeueable deps ti=<TaskInstance: job_intelligent_pipeline.scrape_france_travail manual__2026-04-26T22:11:54.784706+00:00 [queued]>
[2026-04-26T22:23:46.546+0000] {taskinstance.py:2076} INFO - Dependencies all met for dep_context=requeueable deps ti=<TaskInstance: job_intelligent_pipeline.scrape_france_travail manual__2026-04-26T22:11:54.784706+00:00 [queued]>
[2026-04-26T22:23:46.654+0000] {taskinstance.py:2306} INFO - Starting attempt 1 of 3
[2026-04-26T22:23:46.971+0000] {taskinstance.py:2330} INFO - Executing <Task(PythonOperator): scrape_france_travail> on 2026-04-26 22:11:54.784706+00:00
[2026-04-26T22:23:47.040+0000] {warnings.py:112} WARNING - /home/***/.local/lib/python3.12/site-packages/***/task/task_runner/standard_task_runner.py:61: DeprecationWarning: This process (pid=261) is multi-threaded, use of fork() may lead to deadlocks in the child.
  pid = os.fork()

[2026-04-26T22:23:47.059+0000] {standard_task_runner.py:63} INFO - Started process 269 to run task
[2026-04-26T22:23:47.057+0000] {standard_task_runner.py:90} INFO - Running: ['***', 'tasks', 'run', 'job_intelligent_pipeline', 'scrape_france_travail', 'manual__2026-04-26T22:11:54.784706+00:00', '--job-id', '41', '--raw', '--subdir', 'DAGS_FOLDER/dag_job_intelligent.py', '--cfg-path', '/tmp/tmpie9x0hbi']
[2026-04-26T22:23:47.172+0000] {standard_task_runner.py:91} INFO - Job 41: Subtask scrape_france_travail
[2026-04-26T22:23:47.820+0000] {task_command.py:426} INFO - Running <TaskInstance: job_intelligent_pipeline.scrape_france_travail manual__2026-04-26T22:11:54.784706+00:00 [running]> on host 31133b84880c
[2026-04-26T22:23:49.211+0000] {taskinstance.py:2648} INFO - Exporting env vars: AIRFLOW_CTX_DAG_OWNER='job_intelligent' AIRFLOW_CTX_DAG_ID='job_intelligent_pipeline' AIRFLOW_CTX_TASK_ID='scrape_france_travail' AIRFLOW_CTX_EXECUTION_DATE='2026-04-26T22:11:54.784706+00:00' AIRFLOW_CTX_TRY_NUMBER='1' AIRFLOW_CTX_DAG_RUN_ID='manual__2026-04-26T22:11:54.784706+00:00'
[2026-04-26T22:23:49.314+0000] {taskinstance.py:430} INFO - ::endgroup::
[2026-04-26T22:23:49.477+0000] {logging_mixin.py:188} INFO - [Scraping] POST http://scraper_api:8000/scrape/france_travail
[2026-04-26T22:23:53.531+0000] {logging_mixin.py:188} INFO - [Scraping] FranceTravail erreur : HTTPConnectionPool(host='scraper_api', port=8000): Max retries exceeded with url: /scrape/france_travail (Caused by NameResolutionError("<urllib3.connection.HTTPConnection object at 0x7ffbcf911760>: Failed to resolve 'scraper_api' ([Errno -5] No address associated with hostname)"))
[2026-04-26T22:23:53.541+0000] {logging_mixin.py:188} INFO - [Scraping] FranceTravail : {'status': 'erreur', 'message': 'HTTPConnectionPool(host=\'scraper_api\', port=8000): Max retries exceeded with url: /scrape/france_travail (Caused by NameResolutionError("<urllib3.connection.HTTPConnection object at 0x7ffbcf911760>: Failed to resolve \'scraper_api\' ([Errno -5] No address associated with hostname)"))'}
[2026-04-26T22:23:54.022+0000] {python.py:237} INFO - Done. Returned value was: {'status': 'erreur', 'message': 'HTTPConnectionPool(host=\'scraper_api\', port=8000): Max retries exceeded with url: /scrape/france_travail (Caused by NameResolutionError("<urllib3.connection.HTTPConnection object at 0x7ffbcf911760>: Failed to resolve \'scraper_api\' ([Errno -5] No address associated with hostname)"))'}
[2026-04-26T22:23:54.101+0000] {taskinstance.py:441} INFO - ::group::Post task execution logs
[2026-04-26T22:23:54.627+0000] {taskinstance.py:1206} INFO - Marking task as SUCCESS. dag_id=job_intelligent_pipeline, task_id=scrape_france_travail, run_id=manual__2026-04-26T22:11:54.784706+00:00, execution_date=20260426T221154, start_date=20260426T222346, end_date=20260426T222354
[2026-04-26T22:23:54.976+0000] {local_task_job_runner.py:240} INFO - Task exited with return code 0
[2026-04-26T22:23:55.430+0000] {local_task_job_runner.py:222} INFO - ::endgroup::
