[2026-04-27T01:34:57.344+0000] {local_task_job_runner.py:120} INFO - ::group::Pre task execution logs
[2026-04-27T01:34:58.025+0000] {taskinstance.py:2076} INFO - Dependencies all met for dep_context=non-requeueable deps ti=<TaskInstance: job_intelligent_pipeline.scrape_france_travail manual__2026-04-27T01:34:41.436277+00:00 [queued]>
[2026-04-27T01:34:58.221+0000] {taskinstance.py:2076} INFO - Dependencies all met for dep_context=requeueable deps ti=<TaskInstance: job_intelligent_pipeline.scrape_france_travail manual__2026-04-27T01:34:41.436277+00:00 [queued]>
[2026-04-27T01:34:58.248+0000] {taskinstance.py:2306} INFO - Starting attempt 1 of 3
[2026-04-27T01:34:58.364+0000] {taskinstance.py:2330} INFO - Executing <Task(PythonOperator): scrape_france_travail> on 2026-04-27 01:34:41.436277+00:00
[2026-04-27T01:34:58.414+0000] {warnings.py:112} WARNING - /home/***/.local/lib/python3.12/site-packages/***/task/task_runner/standard_task_runner.py:61: DeprecationWarning: This process (pid=344) is multi-threaded, use of fork() may lead to deadlocks in the child.
  pid = os.fork()

[2026-04-27T01:34:58.457+0000] {standard_task_runner.py:63} INFO - Started process 352 to run task
[2026-04-27T01:34:58.440+0000] {standard_task_runner.py:90} INFO - Running: ['***', 'tasks', 'run', 'job_intelligent_pipeline', 'scrape_france_travail', 'manual__2026-04-27T01:34:41.436277+00:00', '--job-id', '75', '--raw', '--subdir', 'DAGS_FOLDER/dag_job_intelligent.py', '--cfg-path', '/tmp/tmpznaaf2uu']
[2026-04-27T01:34:58.469+0000] {standard_task_runner.py:91} INFO - Job 75: Subtask scrape_france_travail
[2026-04-27T01:34:59.706+0000] {task_command.py:426} INFO - Running <TaskInstance: job_intelligent_pipeline.scrape_france_travail manual__2026-04-27T01:34:41.436277+00:00 [running]> on host 29da1de14b83
[2026-04-27T01:35:02.766+0000] {taskinstance.py:2648} INFO - Exporting env vars: AIRFLOW_CTX_DAG_OWNER='job_intelligent' AIRFLOW_CTX_DAG_ID='job_intelligent_pipeline' AIRFLOW_CTX_TASK_ID='scrape_france_travail' AIRFLOW_CTX_EXECUTION_DATE='2026-04-27T01:34:41.436277+00:00' AIRFLOW_CTX_TRY_NUMBER='1' AIRFLOW_CTX_DAG_RUN_ID='manual__2026-04-27T01:34:41.436277+00:00'
[2026-04-27T01:35:02.846+0000] {taskinstance.py:430} INFO - ::endgroup::
[2026-04-27T01:35:03.928+0000] {logging_mixin.py:188} INFO - [Scraping] POST http://scraper_api:8000/scrape/france_travail
[2026-04-27T01:35:07.459+0000] {logging_mixin.py:188} INFO - [Scraping] FranceTravail erreur : HTTPConnectionPool(host='scraper_api', port=8000): Max retries exceeded with url: /scrape/france_travail (Caused by NameResolutionError("<urllib3.connection.HTTPConnection object at 0x7fdc8b5ca390>: Failed to resolve 'scraper_api' ([Errno -2] Name or service not known)"))
[2026-04-27T01:35:07.478+0000] {logging_mixin.py:188} INFO - [Scraping] FranceTravail : {'status': 'erreur', 'message': 'HTTPConnectionPool(host=\'scraper_api\', port=8000): Max retries exceeded with url: /scrape/france_travail (Caused by NameResolutionError("<urllib3.connection.HTTPConnection object at 0x7fdc8b5ca390>: Failed to resolve \'scraper_api\' ([Errno -2] Name or service not known)"))'}
[2026-04-27T01:35:08.434+0000] {python.py:237} INFO - Done. Returned value was: {'status': 'erreur', 'message': 'HTTPConnectionPool(host=\'scraper_api\', port=8000): Max retries exceeded with url: /scrape/france_travail (Caused by NameResolutionError("<urllib3.connection.HTTPConnection object at 0x7fdc8b5ca390>: Failed to resolve \'scraper_api\' ([Errno -2] Name or service not known)"))'}
[2026-04-27T01:35:08.482+0000] {taskinstance.py:441} INFO - ::group::Post task execution logs
[2026-04-27T01:35:09.575+0000] {taskinstance.py:1206} INFO - Marking task as SUCCESS. dag_id=job_intelligent_pipeline, task_id=scrape_france_travail, run_id=manual__2026-04-27T01:34:41.436277+00:00, execution_date=20260427T013441, start_date=20260427T013458, end_date=20260427T013509
[2026-04-27T01:35:09.975+0000] {local_task_job_runner.py:240} INFO - Task exited with return code 0
[2026-04-27T01:35:11.057+0000] {taskinstance.py:3503} INFO - 0 downstream tasks scheduled from follow-on schedule check
[2026-04-27T01:35:11.247+0000] {local_task_job_runner.py:222} INFO - ::endgroup::
