[2026-04-29T18:22:57.410+0000] {local_task_job_runner.py:120} INFO - ::group::Pre task execution logs
[2026-04-29T18:22:57.543+0000] {taskinstance.py:2076} INFO - Dependencies all met for dep_context=non-requeueable deps ti=<TaskInstance: job_intelligent_pipeline.scrape_rekrute scheduled__2026-04-28T06:00:00+00:00 [queued]>
[2026-04-29T18:22:57.613+0000] {taskinstance.py:2076} INFO - Dependencies all met for dep_context=requeueable deps ti=<TaskInstance: job_intelligent_pipeline.scrape_rekrute scheduled__2026-04-28T06:00:00+00:00 [queued]>
[2026-04-29T18:22:57.622+0000] {taskinstance.py:2306} INFO - Starting attempt 1 of 3
[2026-04-29T18:22:57.679+0000] {taskinstance.py:2330} INFO - Executing <Task(PythonOperator): scrape_rekrute> on 2026-04-28 06:00:00+00:00
[2026-04-29T18:22:57.692+0000] {warnings.py:112} WARNING - /home/***/.local/lib/python3.12/site-packages/***/task/task_runner/standard_task_runner.py:61: DeprecationWarning: This process (pid=62) is multi-threaded, use of fork() may lead to deadlocks in the child.
  pid = os.fork()

[2026-04-29T18:22:57.699+0000] {standard_task_runner.py:63} INFO - Started process 67 to run task
[2026-04-29T18:22:57.713+0000] {standard_task_runner.py:90} INFO - Running: ['***', 'tasks', 'run', 'job_intelligent_pipeline', 'scrape_rekrute', 'scheduled__2026-04-28T06:00:00+00:00', '--job-id', '132', '--raw', '--subdir', 'DAGS_FOLDER/dag_job_intelligent.py', '--cfg-path', '/tmp/tmpawn2mzgp']
[2026-04-29T18:22:57.717+0000] {standard_task_runner.py:91} INFO - Job 132: Subtask scrape_rekrute
[2026-04-29T18:22:57.975+0000] {task_command.py:426} INFO - Running <TaskInstance: job_intelligent_pipeline.scrape_rekrute scheduled__2026-04-28T06:00:00+00:00 [running]> on host 00190f46936a
[2026-04-29T18:22:58.260+0000] {taskinstance.py:2648} INFO - Exporting env vars: AIRFLOW_CTX_DAG_OWNER='job_intelligent' AIRFLOW_CTX_DAG_ID='job_intelligent_pipeline' AIRFLOW_CTX_TASK_ID='scrape_rekrute' AIRFLOW_CTX_EXECUTION_DATE='2026-04-28T06:00:00+00:00' AIRFLOW_CTX_TRY_NUMBER='1' AIRFLOW_CTX_DAG_RUN_ID='scheduled__2026-04-28T06:00:00+00:00'
[2026-04-29T18:22:58.261+0000] {taskinstance.py:430} INFO - ::endgroup::
[2026-04-29T18:22:58.281+0000] {logging_mixin.py:188} INFO - [Scraping] POST http://scraper_api:8000/scraper/rekrute
[2026-04-29T18:23:01.601+0000] {logging_mixin.py:188} INFO - [Scraping] Rekrute erreur : HTTPConnectionPool(host='scraper_api', port=8000): Max retries exceeded with url: /scraper/rekrute (Caused by NameResolutionError("<urllib3.connection.HTTPConnection object at 0x7f5d35ad5790>: Failed to resolve 'scraper_api' ([Errno -2] Name or service not known)"))
[2026-04-29T18:23:01.602+0000] {logging_mixin.py:188} INFO - [Scraping] Rekrute : {'status': 'erreur', 'message': 'HTTPConnectionPool(host=\'scraper_api\', port=8000): Max retries exceeded with url: /scraper/rekrute (Caused by NameResolutionError("<urllib3.connection.HTTPConnection object at 0x7f5d35ad5790>: Failed to resolve \'scraper_api\' ([Errno -2] Name or service not known)"))'}
[2026-04-29T18:23:01.636+0000] {python.py:237} INFO - Done. Returned value was: {'status': 'erreur', 'message': 'HTTPConnectionPool(host=\'scraper_api\', port=8000): Max retries exceeded with url: /scraper/rekrute (Caused by NameResolutionError("<urllib3.connection.HTTPConnection object at 0x7f5d35ad5790>: Failed to resolve \'scraper_api\' ([Errno -2] Name or service not known)"))'}
[2026-04-29T18:23:01.638+0000] {taskinstance.py:441} INFO - ::group::Post task execution logs
[2026-04-29T18:23:01.688+0000] {taskinstance.py:1206} INFO - Marking task as SUCCESS. dag_id=job_intelligent_pipeline, task_id=scrape_rekrute, run_id=scheduled__2026-04-28T06:00:00+00:00, execution_date=20260428T060000, start_date=20260429T182257, end_date=20260429T182301
[2026-04-29T18:23:01.724+0000] {local_task_job_runner.py:240} INFO - Task exited with return code 0
[2026-04-29T18:23:01.787+0000] {taskinstance.py:3503} INFO - 0 downstream tasks scheduled from follow-on schedule check
[2026-04-29T18:23:01.790+0000] {local_task_job_runner.py:222} INFO - ::endgroup::
