[2026-05-17T12:58:18.967+0000] {local_task_job_runner.py:120} INFO - ::group::Pre task execution logs
[2026-05-17T12:58:19.515+0000] {taskinstance.py:2076} INFO - Dependencies all met for dep_context=non-requeueable deps ti=<TaskInstance: job_intelligent_pipeline_simplified.scrape_france_travail scheduled__2026-05-16T06:00:00+00:00 [queued]>
[2026-05-17T12:58:19.698+0000] {taskinstance.py:2076} INFO - Dependencies all met for dep_context=requeueable deps ti=<TaskInstance: job_intelligent_pipeline_simplified.scrape_france_travail scheduled__2026-05-16T06:00:00+00:00 [queued]>
[2026-05-17T12:58:19.710+0000] {taskinstance.py:2306} INFO - Starting attempt 1 of 3
[2026-05-17T12:58:20.102+0000] {taskinstance.py:2330} INFO - Executing <Task(PythonOperator): scrape_france_travail> on 2026-05-16 06:00:00+00:00
[2026-05-17T12:58:20.228+0000] {warnings.py:110} WARNING - /home/***/.local/lib/python3.12/site-packages/***/task/task_runner/standard_task_runner.py:61: DeprecationWarning: This process (pid=59) is multi-threaded, use of fork() may lead to deadlocks in the child.
  pid = os.fork()

[2026-05-17T12:58:20.335+0000] {standard_task_runner.py:63} INFO - Started process 63 to run task
[2026-05-17T12:58:20.303+0000] {standard_task_runner.py:90} INFO - Running: ['***', 'tasks', 'run', 'job_intelligent_pipeline_simplified', 'scrape_france_travail', 'scheduled__2026-05-16T06:00:00+00:00', '--job-id', '34', '--raw', '--subdir', 'DAGS_FOLDER/__pycache__/job_intelligent_pipeline.py', '--cfg-path', '/tmp/tmpdoe05y3l']
[2026-05-17T12:58:20.414+0000] {standard_task_runner.py:91} INFO - Job 34: Subtask scrape_france_travail
[2026-05-17T12:58:21.622+0000] {task_command.py:426} INFO - Running <TaskInstance: job_intelligent_pipeline_simplified.scrape_france_travail scheduled__2026-05-16T06:00:00+00:00 [running]> on host 0be46cde340b
[2026-05-17T12:58:23.235+0000] {taskinstance.py:2648} INFO - Exporting env vars: AIRFLOW_CTX_DAG_OWNER='job_intelligent' AIRFLOW_CTX_DAG_ID='job_intelligent_pipeline_simplified' AIRFLOW_CTX_TASK_ID='scrape_france_travail' AIRFLOW_CTX_EXECUTION_DATE='2026-05-16T06:00:00+00:00' AIRFLOW_CTX_TRY_NUMBER='1' AIRFLOW_CTX_DAG_RUN_ID='scheduled__2026-05-16T06:00:00+00:00'
[2026-05-17T12:58:23.237+0000] {taskinstance.py:430} INFO - ::endgroup::
[2026-05-17T12:58:23.778+0000] {logging_mixin.py:188} INFO - [Scraping] POST http://scraper-api:8000/scrape/france_travail
[2026-05-17T12:58:46.706+0000] {logging_mixin.py:188} INFO - [Scraping] FranceTravail : {'status': 'success', 'data': {'scraped': 500, 'minio_path': 'france_travail/2026-05-17/94fcb101-295d-4721-8064-7d2ce9444533.json'}}
[2026-05-17T12:58:47.282+0000] {python.py:237} INFO - Done. Returned value was: {'status': 'success', 'data': {'scraped': 500, 'minio_path': 'france_travail/2026-05-17/94fcb101-295d-4721-8064-7d2ce9444533.json'}}
[2026-05-17T12:58:47.329+0000] {taskinstance.py:441} INFO - ::group::Post task execution logs
[2026-05-17T12:58:48.239+0000] {taskinstance.py:1206} INFO - Marking task as SUCCESS. dag_id=job_intelligent_pipeline_simplified, task_id=scrape_france_travail, run_id=scheduled__2026-05-16T06:00:00+00:00, execution_date=20260516T060000, start_date=20260517T125819, end_date=20260517T125848
[2026-05-17T12:58:48.721+0000] {local_task_job_runner.py:240} INFO - Task exited with return code 0
[2026-05-17T12:58:49.451+0000] {taskinstance.py:3498} INFO - 0 downstream tasks scheduled from follow-on schedule check
[2026-05-17T12:58:49.555+0000] {local_task_job_runner.py:222} INFO - ::endgroup::
