[2026-05-01T09:18:23.761+0000] {local_task_job_runner.py:120} INFO - ::group::Pre task execution logs
[2026-05-01T09:18:23.852+0000] {taskinstance.py:2076} INFO - Dependencies all met for dep_context=non-requeueable deps ti=<TaskInstance: job_intelligent_pipeline.wait_scraping scheduled__2026-04-30T06:00:00+00:00 [queued]>
[2026-05-01T09:18:23.876+0000] {taskinstance.py:2076} INFO - Dependencies all met for dep_context=requeueable deps ti=<TaskInstance: job_intelligent_pipeline.wait_scraping scheduled__2026-04-30T06:00:00+00:00 [queued]>
[2026-05-01T09:18:23.882+0000] {taskinstance.py:2306} INFO - Starting attempt 1 of 3
[2026-05-01T09:18:23.915+0000] {taskinstance.py:2330} INFO - Executing <Task(PythonOperator): wait_scraping> on 2026-04-30 06:00:00+00:00
[2026-05-01T09:18:23.923+0000] {warnings.py:112} WARNING - /home/***/.local/lib/python3.12/site-packages/***/task/task_runner/standard_task_runner.py:61: DeprecationWarning: This process (pid=1798) is multi-threaded, use of fork() may lead to deadlocks in the child.
  pid = os.fork()

[2026-05-01T09:18:23.927+0000] {standard_task_runner.py:90} INFO - Running: ['***', 'tasks', 'run', 'job_intelligent_pipeline', 'wait_scraping', 'scheduled__2026-04-30T06:00:00+00:00', '--job-id', '393', '--raw', '--subdir', 'DAGS_FOLDER/dag_job_intelligent.py', '--cfg-path', '/tmp/tmpj9zmw0hu']
[2026-05-01T09:18:23.932+0000] {standard_task_runner.py:63} INFO - Started process 1799 to run task
[2026-05-01T09:18:23.935+0000] {standard_task_runner.py:91} INFO - Job 393: Subtask wait_scraping
[2026-05-01T09:18:24.076+0000] {task_command.py:426} INFO - Running <TaskInstance: job_intelligent_pipeline.wait_scraping scheduled__2026-04-30T06:00:00+00:00 [running]> on host d93ea64f61e7
[2026-05-01T09:18:24.445+0000] {taskinstance.py:2648} INFO - Exporting env vars: AIRFLOW_CTX_DAG_OWNER='job_intelligent' AIRFLOW_CTX_DAG_ID='job_intelligent_pipeline' AIRFLOW_CTX_TASK_ID='wait_scraping' AIRFLOW_CTX_EXECUTION_DATE='2026-04-30T06:00:00+00:00' AIRFLOW_CTX_TRY_NUMBER='1' AIRFLOW_CTX_DAG_RUN_ID='scheduled__2026-04-30T06:00:00+00:00'
[2026-05-01T09:18:24.450+0000] {taskinstance.py:430} INFO - ::endgroup::
[2026-05-01T09:18:24.520+0000] {logging_mixin.py:188} INFO - [Wait] Attente de 60s pour laisser le scraping se terminer...
[2026-05-01T09:19:24.523+0000] {logging_mixin.py:188} INFO - [Wait] Scraping suppose termine.
[2026-05-01T09:19:24.526+0000] {python.py:237} INFO - Done. Returned value was: None
[2026-05-01T09:19:24.535+0000] {taskinstance.py:441} INFO - ::group::Post task execution logs
[2026-05-01T09:19:24.615+0000] {taskinstance.py:1206} INFO - Marking task as SUCCESS. dag_id=job_intelligent_pipeline, task_id=wait_scraping, run_id=scheduled__2026-04-30T06:00:00+00:00, execution_date=20260430T060000, start_date=20260501T091823, end_date=20260501T091924
[2026-05-01T09:19:24.730+0000] {local_task_job_runner.py:240} INFO - Task exited with return code 0
[2026-05-01T09:19:24.944+0000] {taskinstance.py:3503} INFO - 1 downstream tasks scheduled from follow-on schedule check
[2026-05-01T09:19:25.076+0000] {local_task_job_runner.py:222} INFO - ::endgroup::
