[2026-04-22T09:12:09.426+0000] {processor.py:161} INFO - Started process (PID=85) to work on /opt/airflow/dags/DagScraper.py
[2026-04-22T09:12:09.430+0000] {processor.py:830} INFO - Processing file /opt/airflow/dags/DagScraper.py for tasks to queue
[2026-04-22T09:12:09.446+0000] {logging_mixin.py:188} INFO - [2026-04-22T09:12:09.446+0000] {dagbag.py:545} INFO - Filling up the DagBag from /opt/airflow/dags/DagScraper.py
[2026-04-22T09:12:09.644+0000] {processor.py:840} INFO - DAG(s) 'dag_scraping_offres_emploi' retrieved from /opt/airflow/dags/DagScraper.py
[2026-04-22T09:12:11.783+0000] {logging_mixin.py:188} INFO - [2026-04-22T09:12:11.782+0000] {dag.py:3096} INFO - Sync 1 DAGs
[2026-04-22T09:12:11.910+0000] {logging_mixin.py:188} INFO - [2026-04-22T09:12:11.909+0000] {dag.py:3954} INFO - Setting next_dagrun for dag_scraping_offres_emploi to 2026-04-22 00:00:00+00:00, run_after=2026-04-22 06:00:00+00:00
[2026-04-22T09:12:11.999+0000] {processor.py:183} INFO - Processing /opt/airflow/dags/DagScraper.py took 2.611 seconds
[2026-04-22T09:12:42.610+0000] {processor.py:161} INFO - Started process (PID=100) to work on /opt/airflow/dags/DagScraper.py
[2026-04-22T09:12:42.617+0000] {processor.py:830} INFO - Processing file /opt/airflow/dags/DagScraper.py for tasks to queue
[2026-04-22T09:12:42.624+0000] {logging_mixin.py:188} INFO - [2026-04-22T09:12:42.623+0000] {dagbag.py:545} INFO - Filling up the DagBag from /opt/airflow/dags/DagScraper.py
[2026-04-22T09:12:42.739+0000] {processor.py:840} INFO - DAG(s) 'dag_scraping_offres_emploi' retrieved from /opt/airflow/dags/DagScraper.py
[2026-04-22T09:12:42.914+0000] {logging_mixin.py:188} INFO - [2026-04-22T09:12:42.914+0000] {dag.py:3096} INFO - Sync 1 DAGs
[2026-04-22T09:12:43.037+0000] {logging_mixin.py:188} INFO - [2026-04-22T09:12:43.036+0000] {dag.py:3954} INFO - Setting next_dagrun for dag_scraping_offres_emploi to 2026-04-22 00:00:00+00:00, run_after=2026-04-22 06:00:00+00:00
[2026-04-22T09:12:43.178+0000] {processor.py:183} INFO - Processing /opt/airflow/dags/DagScraper.py took 0.583 seconds
[2026-04-22T09:13:14.233+0000] {processor.py:161} INFO - Started process (PID=108) to work on /opt/airflow/dags/DagScraper.py
[2026-04-22T09:13:14.246+0000] {processor.py:830} INFO - Processing file /opt/airflow/dags/DagScraper.py for tasks to queue
[2026-04-22T09:13:14.261+0000] {logging_mixin.py:188} INFO - [2026-04-22T09:13:14.251+0000] {dagbag.py:545} INFO - Filling up the DagBag from /opt/airflow/dags/DagScraper.py
[2026-04-22T09:13:14.480+0000] {processor.py:840} INFO - DAG(s) 'dag_scraping_offres_emploi' retrieved from /opt/airflow/dags/DagScraper.py
[2026-04-22T09:13:14.756+0000] {logging_mixin.py:188} INFO - [2026-04-22T09:13:14.755+0000] {dag.py:3096} INFO - Sync 1 DAGs
[2026-04-22T09:13:14.887+0000] {logging_mixin.py:188} INFO - [2026-04-22T09:13:14.879+0000] {dag.py:3954} INFO - Setting next_dagrun for dag_scraping_offres_emploi to 2026-04-22 00:00:00+00:00, run_after=2026-04-22 06:00:00+00:00
[2026-04-22T09:13:15.073+0000] {processor.py:183} INFO - Processing /opt/airflow/dags/DagScraper.py took 0.867 seconds
[2026-04-22T09:13:45.813+0000] {processor.py:161} INFO - Started process (PID=122) to work on /opt/airflow/dags/DagScraper.py
[2026-04-22T09:13:45.828+0000] {processor.py:830} INFO - Processing file /opt/airflow/dags/DagScraper.py for tasks to queue
[2026-04-22T09:13:45.835+0000] {logging_mixin.py:188} INFO - [2026-04-22T09:13:45.834+0000] {dagbag.py:545} INFO - Filling up the DagBag from /opt/airflow/dags/DagScraper.py
[2026-04-22T09:13:45.989+0000] {processor.py:840} INFO - DAG(s) 'dag_scraping_offres_emploi' retrieved from /opt/airflow/dags/DagScraper.py
[2026-04-22T09:13:46.145+0000] {logging_mixin.py:188} INFO - [2026-04-22T09:13:46.144+0000] {dag.py:3096} INFO - Sync 1 DAGs
[2026-04-22T09:13:46.209+0000] {logging_mixin.py:188} INFO - [2026-04-22T09:13:46.208+0000] {dag.py:3954} INFO - Setting next_dagrun for dag_scraping_offres_emploi to 2026-04-22 00:00:00+00:00, run_after=2026-04-22 06:00:00+00:00
[2026-04-22T09:13:46.262+0000] {processor.py:183} INFO - Processing /opt/airflow/dags/DagScraper.py took 0.486 seconds
[2026-04-22T09:14:16.806+0000] {processor.py:161} INFO - Started process (PID=130) to work on /opt/airflow/dags/DagScraper.py
[2026-04-22T09:14:16.811+0000] {processor.py:830} INFO - Processing file /opt/airflow/dags/DagScraper.py for tasks to queue
[2026-04-22T09:14:16.815+0000] {logging_mixin.py:188} INFO - [2026-04-22T09:14:16.814+0000] {dagbag.py:545} INFO - Filling up the DagBag from /opt/airflow/dags/DagScraper.py
[2026-04-22T09:14:16.934+0000] {processor.py:840} INFO - DAG(s) 'dag_scraping_offres_emploi' retrieved from /opt/airflow/dags/DagScraper.py
[2026-04-22T09:14:17.142+0000] {logging_mixin.py:188} INFO - [2026-04-22T09:14:17.142+0000] {dag.py:3096} INFO - Sync 1 DAGs
[2026-04-22T09:14:17.293+0000] {logging_mixin.py:188} INFO - [2026-04-22T09:14:17.292+0000] {dag.py:3954} INFO - Setting next_dagrun for dag_scraping_offres_emploi to 2026-04-22 00:00:00+00:00, run_after=2026-04-22 06:00:00+00:00
[2026-04-22T09:14:17.457+0000] {processor.py:183} INFO - Processing /opt/airflow/dags/DagScraper.py took 0.666 seconds
[2026-04-22T09:14:47.792+0000] {processor.py:161} INFO - Started process (PID=143) to work on /opt/airflow/dags/DagScraper.py
[2026-04-22T09:14:47.811+0000] {processor.py:830} INFO - Processing file /opt/airflow/dags/DagScraper.py for tasks to queue
[2026-04-22T09:14:47.836+0000] {logging_mixin.py:188} INFO - [2026-04-22T09:14:47.834+0000] {dagbag.py:545} INFO - Filling up the DagBag from /opt/airflow/dags/DagScraper.py
[2026-04-22T09:14:48.013+0000] {processor.py:840} INFO - DAG(s) 'dag_scraping_offres_emploi' retrieved from /opt/airflow/dags/DagScraper.py
[2026-04-22T09:14:48.328+0000] {logging_mixin.py:188} INFO - [2026-04-22T09:14:48.321+0000] {dag.py:3096} INFO - Sync 1 DAGs
[2026-04-22T09:14:48.487+0000] {logging_mixin.py:188} INFO - [2026-04-22T09:14:48.487+0000] {dag.py:3954} INFO - Setting next_dagrun for dag_scraping_offres_emploi to 2026-04-22 00:00:00+00:00, run_after=2026-04-22 06:00:00+00:00
[2026-04-22T09:14:48.646+0000] {processor.py:183} INFO - Processing /opt/airflow/dags/DagScraper.py took 0.898 seconds
[2026-04-22T09:15:19.383+0000] {processor.py:161} INFO - Started process (PID=151) to work on /opt/airflow/dags/DagScraper.py
[2026-04-22T09:15:19.387+0000] {processor.py:830} INFO - Processing file /opt/airflow/dags/DagScraper.py for tasks to queue
[2026-04-22T09:15:19.394+0000] {logging_mixin.py:188} INFO - [2026-04-22T09:15:19.393+0000] {dagbag.py:545} INFO - Filling up the DagBag from /opt/airflow/dags/DagScraper.py
[2026-04-22T09:15:19.464+0000] {processor.py:840} INFO - DAG(s) 'dag_scraping_offres_emploi' retrieved from /opt/airflow/dags/DagScraper.py
[2026-04-22T09:15:19.603+0000] {logging_mixin.py:188} INFO - [2026-04-22T09:15:19.603+0000] {dag.py:3096} INFO - Sync 1 DAGs
[2026-04-22T09:15:19.657+0000] {logging_mixin.py:188} INFO - [2026-04-22T09:15:19.657+0000] {dag.py:3954} INFO - Setting next_dagrun for dag_scraping_offres_emploi to 2026-04-22 00:00:00+00:00, run_after=2026-04-22 06:00:00+00:00
[2026-04-22T09:15:19.694+0000] {processor.py:183} INFO - Processing /opt/airflow/dags/DagScraper.py took 0.336 seconds
[2026-04-22T09:15:50.223+0000] {processor.py:161} INFO - Started process (PID=164) to work on /opt/airflow/dags/DagScraper.py
[2026-04-22T09:15:50.226+0000] {processor.py:830} INFO - Processing file /opt/airflow/dags/DagScraper.py for tasks to queue
[2026-04-22T09:15:50.231+0000] {logging_mixin.py:188} INFO - [2026-04-22T09:15:50.230+0000] {dagbag.py:545} INFO - Filling up the DagBag from /opt/airflow/dags/DagScraper.py
[2026-04-22T09:15:50.294+0000] {processor.py:840} INFO - DAG(s) 'dag_scraping_offres_emploi' retrieved from /opt/airflow/dags/DagScraper.py
[2026-04-22T09:15:50.484+0000] {logging_mixin.py:188} INFO - [2026-04-22T09:15:50.481+0000] {dag.py:3096} INFO - Sync 1 DAGs
[2026-04-22T09:15:50.780+0000] {logging_mixin.py:188} INFO - [2026-04-22T09:15:50.780+0000] {dag.py:3954} INFO - Setting next_dagrun for dag_scraping_offres_emploi to 2026-04-22 00:00:00+00:00, run_after=2026-04-22 06:00:00+00:00
[2026-04-22T09:15:50.854+0000] {processor.py:183} INFO - Processing /opt/airflow/dags/DagScraper.py took 0.654 seconds
[2026-04-22T09:16:22.692+0000] {processor.py:161} INFO - Started process (PID=178) to work on /opt/airflow/dags/DagScraper.py
[2026-04-22T09:16:22.715+0000] {processor.py:830} INFO - Processing file /opt/airflow/dags/DagScraper.py for tasks to queue
[2026-04-22T09:16:22.747+0000] {logging_mixin.py:188} INFO - [2026-04-22T09:16:22.747+0000] {dagbag.py:545} INFO - Filling up the DagBag from /opt/airflow/dags/DagScraper.py
[2026-04-22T09:16:23.240+0000] {processor.py:840} INFO - DAG(s) 'dag_scraping_offres_emploi' retrieved from /opt/airflow/dags/DagScraper.py
[2026-04-22T09:16:23.750+0000] {logging_mixin.py:188} INFO - [2026-04-22T09:16:23.749+0000] {dag.py:3096} INFO - Sync 1 DAGs
[2026-04-22T09:16:24.204+0000] {logging_mixin.py:188} INFO - [2026-04-22T09:16:24.203+0000] {dag.py:3954} INFO - Setting next_dagrun for dag_scraping_offres_emploi to 2026-04-22 00:00:00+00:00, run_after=2026-04-22 06:00:00+00:00
[2026-04-22T09:16:24.650+0000] {processor.py:183} INFO - Processing /opt/airflow/dags/DagScraper.py took 2.077 seconds
[2026-04-22T09:16:55.481+0000] {processor.py:161} INFO - Started process (PID=186) to work on /opt/airflow/dags/DagScraper.py
[2026-04-22T09:16:55.484+0000] {processor.py:830} INFO - Processing file /opt/airflow/dags/DagScraper.py for tasks to queue
[2026-04-22T09:16:55.497+0000] {logging_mixin.py:188} INFO - [2026-04-22T09:16:55.496+0000] {dagbag.py:545} INFO - Filling up the DagBag from /opt/airflow/dags/DagScraper.py
[2026-04-22T09:16:55.880+0000] {processor.py:840} INFO - DAG(s) 'dag_scraping_offres_emploi' retrieved from /opt/airflow/dags/DagScraper.py
[2026-04-22T09:16:56.336+0000] {logging_mixin.py:188} INFO - [2026-04-22T09:16:56.335+0000] {dag.py:3096} INFO - Sync 1 DAGs
[2026-04-22T09:16:56.799+0000] {logging_mixin.py:188} INFO - [2026-04-22T09:16:56.799+0000] {dag.py:3954} INFO - Setting next_dagrun for dag_scraping_offres_emploi to 2026-04-22 00:00:00+00:00, run_after=2026-04-22 06:00:00+00:00
[2026-04-22T09:16:57.298+0000] {processor.py:183} INFO - Processing /opt/airflow/dags/DagScraper.py took 1.850 seconds
[2026-04-22T09:17:28.058+0000] {processor.py:161} INFO - Started process (PID=200) to work on /opt/airflow/dags/DagScraper.py
[2026-04-22T09:17:28.060+0000] {processor.py:830} INFO - Processing file /opt/airflow/dags/DagScraper.py for tasks to queue
[2026-04-22T09:17:28.064+0000] {logging_mixin.py:188} INFO - [2026-04-22T09:17:28.064+0000] {dagbag.py:545} INFO - Filling up the DagBag from /opt/airflow/dags/DagScraper.py
[2026-04-22T09:17:28.126+0000] {processor.py:840} INFO - DAG(s) 'dag_scraping_offres_emploi' retrieved from /opt/airflow/dags/DagScraper.py
[2026-04-22T09:17:28.236+0000] {logging_mixin.py:188} INFO - [2026-04-22T09:17:28.236+0000] {dag.py:3096} INFO - Sync 1 DAGs
[2026-04-22T09:17:28.287+0000] {logging_mixin.py:188} INFO - [2026-04-22T09:17:28.287+0000] {dag.py:3954} INFO - Setting next_dagrun for dag_scraping_offres_emploi to 2026-04-22 00:00:00+00:00, run_after=2026-04-22 06:00:00+00:00
[2026-04-22T09:17:28.346+0000] {processor.py:183} INFO - Processing /opt/airflow/dags/DagScraper.py took 0.306 seconds
[2026-04-22T09:17:58.600+0000] {processor.py:161} INFO - Started process (PID=208) to work on /opt/airflow/dags/DagScraper.py
[2026-04-22T09:17:58.606+0000] {processor.py:830} INFO - Processing file /opt/airflow/dags/DagScraper.py for tasks to queue
[2026-04-22T09:17:58.610+0000] {logging_mixin.py:188} INFO - [2026-04-22T09:17:58.609+0000] {dagbag.py:545} INFO - Filling up the DagBag from /opt/airflow/dags/DagScraper.py
[2026-04-22T09:17:58.656+0000] {processor.py:840} INFO - DAG(s) 'dag_scraping_offres_emploi' retrieved from /opt/airflow/dags/DagScraper.py
[2026-04-22T09:17:58.736+0000] {logging_mixin.py:188} INFO - [2026-04-22T09:17:58.735+0000] {dag.py:3096} INFO - Sync 1 DAGs
[2026-04-22T09:17:58.793+0000] {logging_mixin.py:188} INFO - [2026-04-22T09:17:58.792+0000] {dag.py:3954} INFO - Setting next_dagrun for dag_scraping_offres_emploi to 2026-04-22 00:00:00+00:00, run_after=2026-04-22 06:00:00+00:00
[2026-04-22T09:17:58.841+0000] {processor.py:183} INFO - Processing /opt/airflow/dags/DagScraper.py took 0.262 seconds
[2026-04-22T09:18:29.230+0000] {processor.py:161} INFO - Started process (PID=222) to work on /opt/airflow/dags/DagScraper.py
[2026-04-22T09:18:29.231+0000] {processor.py:830} INFO - Processing file /opt/airflow/dags/DagScraper.py for tasks to queue
[2026-04-22T09:18:29.234+0000] {logging_mixin.py:188} INFO - [2026-04-22T09:18:29.234+0000] {dagbag.py:545} INFO - Filling up the DagBag from /opt/airflow/dags/DagScraper.py
[2026-04-22T09:18:29.284+0000] {processor.py:840} INFO - DAG(s) 'dag_scraping_offres_emploi' retrieved from /opt/airflow/dags/DagScraper.py
[2026-04-22T09:18:29.368+0000] {logging_mixin.py:188} INFO - [2026-04-22T09:18:29.367+0000] {dag.py:3096} INFO - Sync 1 DAGs
[2026-04-22T09:18:29.418+0000] {logging_mixin.py:188} INFO - [2026-04-22T09:18:29.417+0000] {dag.py:3954} INFO - Setting next_dagrun for dag_scraping_offres_emploi to 2026-04-22 00:00:00+00:00, run_after=2026-04-22 06:00:00+00:00
[2026-04-22T09:18:29.453+0000] {processor.py:183} INFO - Processing /opt/airflow/dags/DagScraper.py took 0.234 seconds
[2026-04-22T09:18:59.964+0000] {processor.py:161} INFO - Started process (PID=230) to work on /opt/airflow/dags/DagScraper.py
[2026-04-22T09:18:59.966+0000] {processor.py:830} INFO - Processing file /opt/airflow/dags/DagScraper.py for tasks to queue
[2026-04-22T09:18:59.969+0000] {logging_mixin.py:188} INFO - [2026-04-22T09:18:59.969+0000] {dagbag.py:545} INFO - Filling up the DagBag from /opt/airflow/dags/DagScraper.py
[2026-04-22T09:19:00.015+0000] {processor.py:840} INFO - DAG(s) 'dag_scraping_offres_emploi' retrieved from /opt/airflow/dags/DagScraper.py
[2026-04-22T09:19:00.132+0000] {logging_mixin.py:188} INFO - [2026-04-22T09:19:00.132+0000] {dag.py:3096} INFO - Sync 1 DAGs
[2026-04-22T09:19:00.204+0000] {logging_mixin.py:188} INFO - [2026-04-22T09:19:00.204+0000] {dag.py:3954} INFO - Setting next_dagrun for dag_scraping_offres_emploi to 2026-04-22 00:00:00+00:00, run_after=2026-04-22 06:00:00+00:00
[2026-04-22T09:19:00.265+0000] {processor.py:183} INFO - Processing /opt/airflow/dags/DagScraper.py took 0.317 seconds
[2026-04-22T09:19:30.558+0000] {processor.py:161} INFO - Started process (PID=244) to work on /opt/airflow/dags/DagScraper.py
[2026-04-22T09:19:30.561+0000] {processor.py:830} INFO - Processing file /opt/airflow/dags/DagScraper.py for tasks to queue
[2026-04-22T09:19:30.565+0000] {logging_mixin.py:188} INFO - [2026-04-22T09:19:30.564+0000] {dagbag.py:545} INFO - Filling up the DagBag from /opt/airflow/dags/DagScraper.py
[2026-04-22T09:19:30.735+0000] {processor.py:840} INFO - DAG(s) 'dag_scraping_offres_emploi' retrieved from /opt/airflow/dags/DagScraper.py
[2026-04-22T09:19:30.958+0000] {logging_mixin.py:188} INFO - [2026-04-22T09:19:30.951+0000] {dag.py:3096} INFO - Sync 1 DAGs
[2026-04-22T09:19:31.124+0000] {logging_mixin.py:188} INFO - [2026-04-22T09:19:31.124+0000] {dag.py:3954} INFO - Setting next_dagrun for dag_scraping_offres_emploi to 2026-04-22 00:00:00+00:00, run_after=2026-04-22 06:00:00+00:00
[2026-04-22T09:19:31.193+0000] {processor.py:183} INFO - Processing /opt/airflow/dags/DagScraper.py took 0.653 seconds
[2026-04-22T09:20:01.281+0000] {processor.py:161} INFO - Started process (PID=252) to work on /opt/airflow/dags/DagScraper.py
[2026-04-22T09:20:01.284+0000] {processor.py:830} INFO - Processing file /opt/airflow/dags/DagScraper.py for tasks to queue
[2026-04-22T09:20:01.294+0000] {logging_mixin.py:188} INFO - [2026-04-22T09:20:01.293+0000] {dagbag.py:545} INFO - Filling up the DagBag from /opt/airflow/dags/DagScraper.py
[2026-04-22T09:20:01.349+0000] {processor.py:840} INFO - DAG(s) 'dag_scraping_offres_emploi' retrieved from /opt/airflow/dags/DagScraper.py
[2026-04-22T09:20:01.454+0000] {logging_mixin.py:188} INFO - [2026-04-22T09:20:01.453+0000] {dag.py:3096} INFO - Sync 1 DAGs
[2026-04-22T09:20:01.504+0000] {logging_mixin.py:188} INFO - [2026-04-22T09:20:01.503+0000] {dag.py:3954} INFO - Setting next_dagrun for dag_scraping_offres_emploi to 2026-04-22 00:00:00+00:00, run_after=2026-04-22 06:00:00+00:00
[2026-04-22T09:20:01.543+0000] {processor.py:183} INFO - Processing /opt/airflow/dags/DagScraper.py took 0.280 seconds
[2026-04-22T09:20:31.879+0000] {processor.py:161} INFO - Started process (PID=266) to work on /opt/airflow/dags/DagScraper.py
[2026-04-22T09:20:31.882+0000] {processor.py:830} INFO - Processing file /opt/airflow/dags/DagScraper.py for tasks to queue
[2026-04-22T09:20:31.887+0000] {logging_mixin.py:188} INFO - [2026-04-22T09:20:31.886+0000] {dagbag.py:545} INFO - Filling up the DagBag from /opt/airflow/dags/DagScraper.py
[2026-04-22T09:20:32.013+0000] {processor.py:840} INFO - DAG(s) 'dag_scraping_offres_emploi' retrieved from /opt/airflow/dags/DagScraper.py
[2026-04-22T09:20:32.218+0000] {logging_mixin.py:188} INFO - [2026-04-22T09:20:32.217+0000] {dag.py:3096} INFO - Sync 1 DAGs
[2026-04-22T09:20:32.420+0000] {logging_mixin.py:188} INFO - [2026-04-22T09:20:32.420+0000] {dag.py:3954} INFO - Setting next_dagrun for dag_scraping_offres_emploi to 2026-04-22 00:00:00+00:00, run_after=2026-04-22 06:00:00+00:00
[2026-04-22T09:20:32.516+0000] {processor.py:183} INFO - Processing /opt/airflow/dags/DagScraper.py took 0.668 seconds
[2026-04-22T09:21:03.168+0000] {processor.py:161} INFO - Started process (PID=274) to work on /opt/airflow/dags/DagScraper.py
[2026-04-22T09:21:03.170+0000] {processor.py:830} INFO - Processing file /opt/airflow/dags/DagScraper.py for tasks to queue
[2026-04-22T09:21:03.186+0000] {logging_mixin.py:188} INFO - [2026-04-22T09:21:03.185+0000] {dagbag.py:545} INFO - Filling up the DagBag from /opt/airflow/dags/DagScraper.py
[2026-04-22T09:21:03.421+0000] {processor.py:840} INFO - DAG(s) 'dag_scraping_offres_emploi' retrieved from /opt/airflow/dags/DagScraper.py
[2026-04-22T09:21:03.497+0000] {logging_mixin.py:188} INFO - [2026-04-22T09:21:03.496+0000] {dag.py:3096} INFO - Sync 1 DAGs
[2026-04-22T09:21:03.553+0000] {logging_mixin.py:188} INFO - [2026-04-22T09:21:03.553+0000] {dag.py:3954} INFO - Setting next_dagrun for dag_scraping_offres_emploi to 2026-04-22 00:00:00+00:00, run_after=2026-04-22 06:00:00+00:00
[2026-04-22T09:21:03.606+0000] {processor.py:183} INFO - Processing /opt/airflow/dags/DagScraper.py took 0.465 seconds
[2026-04-22T09:21:34.595+0000] {processor.py:161} INFO - Started process (PID=288) to work on /opt/airflow/dags/DagScraper.py
[2026-04-22T09:21:34.642+0000] {processor.py:830} INFO - Processing file /opt/airflow/dags/DagScraper.py for tasks to queue
[2026-04-22T09:21:34.703+0000] {logging_mixin.py:188} INFO - [2026-04-22T09:21:34.702+0000] {dagbag.py:545} INFO - Filling up the DagBag from /opt/airflow/dags/DagScraper.py
[2026-04-22T09:21:35.482+0000] {processor.py:840} INFO - DAG(s) 'dag_scraping_offres_emploi' retrieved from /opt/airflow/dags/DagScraper.py
[2026-04-22T09:21:35.630+0000] {logging_mixin.py:188} INFO - [2026-04-22T09:21:35.629+0000] {dag.py:3096} INFO - Sync 1 DAGs
[2026-04-22T09:21:35.704+0000] {logging_mixin.py:188} INFO - [2026-04-22T09:21:35.703+0000] {dag.py:3954} INFO - Setting next_dagrun for dag_scraping_offres_emploi to 2026-04-22 00:00:00+00:00, run_after=2026-04-22 06:00:00+00:00
[2026-04-22T09:21:35.797+0000] {processor.py:183} INFO - Processing /opt/airflow/dags/DagScraper.py took 1.237 seconds
[2026-04-22T09:22:06.718+0000] {processor.py:161} INFO - Started process (PID=303) to work on /opt/airflow/dags/DagScraper.py
[2026-04-22T09:22:06.721+0000] {processor.py:830} INFO - Processing file /opt/airflow/dags/DagScraper.py for tasks to queue
[2026-04-22T09:22:06.725+0000] {logging_mixin.py:188} INFO - [2026-04-22T09:22:06.724+0000] {dagbag.py:545} INFO - Filling up the DagBag from /opt/airflow/dags/DagScraper.py
[2026-04-22T09:22:06.906+0000] {processor.py:840} INFO - DAG(s) 'dag_scraping_offres_emploi' retrieved from /opt/airflow/dags/DagScraper.py
[2026-04-22T09:22:07.141+0000] {logging_mixin.py:188} INFO - [2026-04-22T09:22:07.141+0000] {dag.py:3096} INFO - Sync 1 DAGs
[2026-04-22T09:22:07.415+0000] {logging_mixin.py:188} INFO - [2026-04-22T09:22:07.415+0000] {dag.py:3954} INFO - Setting next_dagrun for dag_scraping_offres_emploi to 2026-04-22 00:00:00+00:00, run_after=2026-04-22 06:00:00+00:00
[2026-04-22T09:22:07.578+0000] {processor.py:183} INFO - Processing /opt/airflow/dags/DagScraper.py took 0.882 seconds
[2026-04-22T09:22:38.073+0000] {processor.py:161} INFO - Started process (PID=311) to work on /opt/airflow/dags/DagScraper.py
[2026-04-22T09:22:38.075+0000] {processor.py:830} INFO - Processing file /opt/airflow/dags/DagScraper.py for tasks to queue
[2026-04-22T09:22:38.078+0000] {logging_mixin.py:188} INFO - [2026-04-22T09:22:38.078+0000] {dagbag.py:545} INFO - Filling up the DagBag from /opt/airflow/dags/DagScraper.py
[2026-04-22T09:22:38.118+0000] {processor.py:840} INFO - DAG(s) 'dag_scraping_offres_emploi' retrieved from /opt/airflow/dags/DagScraper.py
[2026-04-22T09:22:38.193+0000] {logging_mixin.py:188} INFO - [2026-04-22T09:22:38.192+0000] {dag.py:3096} INFO - Sync 1 DAGs
[2026-04-22T09:22:38.248+0000] {logging_mixin.py:188} INFO - [2026-04-22T09:22:38.247+0000] {dag.py:3954} INFO - Setting next_dagrun for dag_scraping_offres_emploi to 2026-04-22 00:00:00+00:00, run_after=2026-04-22 06:00:00+00:00
[2026-04-22T09:22:38.304+0000] {processor.py:183} INFO - Processing /opt/airflow/dags/DagScraper.py took 0.244 seconds
[2026-04-22T09:23:08.759+0000] {processor.py:161} INFO - Started process (PID=325) to work on /opt/airflow/dags/DagScraper.py
[2026-04-22T09:23:08.761+0000] {processor.py:830} INFO - Processing file /opt/airflow/dags/DagScraper.py for tasks to queue
[2026-04-22T09:23:08.765+0000] {logging_mixin.py:188} INFO - [2026-04-22T09:23:08.764+0000] {dagbag.py:545} INFO - Filling up the DagBag from /opt/airflow/dags/DagScraper.py
[2026-04-22T09:23:08.808+0000] {processor.py:840} INFO - DAG(s) 'dag_scraping_offres_emploi' retrieved from /opt/airflow/dags/DagScraper.py
[2026-04-22T09:23:08.888+0000] {logging_mixin.py:188} INFO - [2026-04-22T09:23:08.888+0000] {dag.py:3096} INFO - Sync 1 DAGs
[2026-04-22T09:23:08.948+0000] {logging_mixin.py:188} INFO - [2026-04-22T09:23:08.947+0000] {dag.py:3954} INFO - Setting next_dagrun for dag_scraping_offres_emploi to 2026-04-22 00:00:00+00:00, run_after=2026-04-22 06:00:00+00:00
[2026-04-22T09:23:08.996+0000] {processor.py:183} INFO - Processing /opt/airflow/dags/DagScraper.py took 0.249 seconds
[2026-04-22T09:23:39.804+0000] {processor.py:161} INFO - Started process (PID=333) to work on /opt/airflow/dags/DagScraper.py
[2026-04-22T09:23:39.809+0000] {processor.py:830} INFO - Processing file /opt/airflow/dags/DagScraper.py for tasks to queue
[2026-04-22T09:23:39.852+0000] {logging_mixin.py:188} INFO - [2026-04-22T09:23:39.826+0000] {dagbag.py:545} INFO - Filling up the DagBag from /opt/airflow/dags/DagScraper.py
[2026-04-22T09:23:40.310+0000] {processor.py:840} INFO - DAG(s) 'dag_scraping_offres_emploi' retrieved from /opt/airflow/dags/DagScraper.py
[2026-04-22T09:23:40.538+0000] {logging_mixin.py:188} INFO - [2026-04-22T09:23:40.537+0000] {dag.py:3096} INFO - Sync 1 DAGs
[2026-04-22T09:23:40.778+0000] {logging_mixin.py:188} INFO - [2026-04-22T09:23:40.777+0000] {dag.py:3954} INFO - Setting next_dagrun for dag_scraping_offres_emploi to 2026-04-22 00:00:00+00:00, run_after=2026-04-22 06:00:00+00:00
[2026-04-22T09:23:40.913+0000] {processor.py:183} INFO - Processing /opt/airflow/dags/DagScraper.py took 1.152 seconds
[2026-04-22T09:24:11.511+0000] {processor.py:161} INFO - Started process (PID=346) to work on /opt/airflow/dags/DagScraper.py
[2026-04-22T09:24:11.515+0000] {processor.py:830} INFO - Processing file /opt/airflow/dags/DagScraper.py for tasks to queue
[2026-04-22T09:24:11.529+0000] {logging_mixin.py:188} INFO - [2026-04-22T09:24:11.529+0000] {dagbag.py:545} INFO - Filling up the DagBag from /opt/airflow/dags/DagScraper.py
[2026-04-22T09:24:11.687+0000] {processor.py:840} INFO - DAG(s) 'dag_scraping_offres_emploi' retrieved from /opt/airflow/dags/DagScraper.py
[2026-04-22T09:24:12.107+0000] {logging_mixin.py:188} INFO - [2026-04-22T09:24:12.106+0000] {dag.py:3096} INFO - Sync 1 DAGs
[2026-04-22T09:24:12.535+0000] {logging_mixin.py:188} INFO - [2026-04-22T09:24:12.524+0000] {dag.py:3954} INFO - Setting next_dagrun for dag_scraping_offres_emploi to 2026-04-22 00:00:00+00:00, run_after=2026-04-22 06:00:00+00:00
[2026-04-22T09:24:12.704+0000] {processor.py:183} INFO - Processing /opt/airflow/dags/DagScraper.py took 1.232 seconds
[2026-04-22T09:24:43.096+0000] {processor.py:161} INFO - Started process (PID=355) to work on /opt/airflow/dags/DagScraper.py
[2026-04-22T09:24:43.098+0000] {processor.py:830} INFO - Processing file /opt/airflow/dags/DagScraper.py for tasks to queue
[2026-04-22T09:24:43.102+0000] {logging_mixin.py:188} INFO - [2026-04-22T09:24:43.101+0000] {dagbag.py:545} INFO - Filling up the DagBag from /opt/airflow/dags/DagScraper.py
[2026-04-22T09:24:43.162+0000] {processor.py:840} INFO - DAG(s) 'dag_scraping_offres_emploi' retrieved from /opt/airflow/dags/DagScraper.py
[2026-04-22T09:24:43.382+0000] {logging_mixin.py:188} INFO - [2026-04-22T09:24:43.381+0000] {dag.py:3096} INFO - Sync 1 DAGs
[2026-04-22T09:24:43.449+0000] {logging_mixin.py:188} INFO - [2026-04-22T09:24:43.448+0000] {dag.py:3954} INFO - Setting next_dagrun for dag_scraping_offres_emploi to 2026-04-22 00:00:00+00:00, run_after=2026-04-22 06:00:00+00:00
[2026-04-22T09:24:43.498+0000] {processor.py:183} INFO - Processing /opt/airflow/dags/DagScraper.py took 0.414 seconds
[2026-04-22T09:25:14.092+0000] {processor.py:161} INFO - Started process (PID=367) to work on /opt/airflow/dags/DagScraper.py
[2026-04-22T09:25:14.094+0000] {processor.py:830} INFO - Processing file /opt/airflow/dags/DagScraper.py for tasks to queue
[2026-04-22T09:25:14.098+0000] {logging_mixin.py:188} INFO - [2026-04-22T09:25:14.097+0000] {dagbag.py:545} INFO - Filling up the DagBag from /opt/airflow/dags/DagScraper.py
[2026-04-22T09:25:14.152+0000] {processor.py:840} INFO - DAG(s) 'dag_scraping_offres_emploi' retrieved from /opt/airflow/dags/DagScraper.py
[2026-04-22T09:25:14.239+0000] {logging_mixin.py:188} INFO - [2026-04-22T09:25:14.238+0000] {dag.py:3096} INFO - Sync 1 DAGs
[2026-04-22T09:25:14.292+0000] {logging_mixin.py:188} INFO - [2026-04-22T09:25:14.292+0000] {dag.py:3954} INFO - Setting next_dagrun for dag_scraping_offres_emploi to 2026-04-22 00:00:00+00:00, run_after=2026-04-22 06:00:00+00:00
[2026-04-22T09:25:14.338+0000] {processor.py:183} INFO - Processing /opt/airflow/dags/DagScraper.py took 0.258 seconds
[2026-04-22T09:25:45.487+0000] {processor.py:161} INFO - Started process (PID=375) to work on /opt/airflow/dags/DagScraper.py
[2026-04-22T09:25:45.493+0000] {processor.py:830} INFO - Processing file /opt/airflow/dags/DagScraper.py for tasks to queue
[2026-04-22T09:25:45.514+0000] {logging_mixin.py:188} INFO - [2026-04-22T09:25:45.513+0000] {dagbag.py:545} INFO - Filling up the DagBag from /opt/airflow/dags/DagScraper.py
[2026-04-22T09:25:45.571+0000] {processor.py:840} INFO - DAG(s) 'dag_scraping_offres_emploi' retrieved from /opt/airflow/dags/DagScraper.py
[2026-04-22T09:25:45.831+0000] {logging_mixin.py:188} INFO - [2026-04-22T09:25:45.830+0000] {dag.py:3096} INFO - Sync 1 DAGs
[2026-04-22T09:25:46.331+0000] {logging_mixin.py:188} INFO - [2026-04-22T09:25:46.330+0000] {dag.py:3954} INFO - Setting next_dagrun for dag_scraping_offres_emploi to 2026-04-22 00:00:00+00:00, run_after=2026-04-22 06:00:00+00:00
[2026-04-22T09:25:46.472+0000] {processor.py:183} INFO - Processing /opt/airflow/dags/DagScraper.py took 1.011 seconds
[2026-04-22T09:26:16.655+0000] {processor.py:161} INFO - Started process (PID=388) to work on /opt/airflow/dags/DagScraper.py
[2026-04-22T09:26:16.657+0000] {processor.py:830} INFO - Processing file /opt/airflow/dags/DagScraper.py for tasks to queue
[2026-04-22T09:26:16.662+0000] {logging_mixin.py:188} INFO - [2026-04-22T09:26:16.661+0000] {dagbag.py:545} INFO - Filling up the DagBag from /opt/airflow/dags/DagScraper.py
[2026-04-22T09:26:16.707+0000] {processor.py:840} INFO - DAG(s) 'dag_scraping_offres_emploi' retrieved from /opt/airflow/dags/DagScraper.py
[2026-04-22T09:26:16.788+0000] {logging_mixin.py:188} INFO - [2026-04-22T09:26:16.788+0000] {dag.py:3096} INFO - Sync 1 DAGs
[2026-04-22T09:26:16.858+0000] {logging_mixin.py:188} INFO - [2026-04-22T09:26:16.857+0000] {dag.py:3954} INFO - Setting next_dagrun for dag_scraping_offres_emploi to 2026-04-22 00:00:00+00:00, run_after=2026-04-22 06:00:00+00:00
[2026-04-22T09:26:16.947+0000] {processor.py:183} INFO - Processing /opt/airflow/dags/DagScraper.py took 0.314 seconds
[2026-04-22T09:26:47.639+0000] {processor.py:161} INFO - Started process (PID=396) to work on /opt/airflow/dags/DagScraper.py
[2026-04-22T09:26:47.673+0000] {processor.py:830} INFO - Processing file /opt/airflow/dags/DagScraper.py for tasks to queue
[2026-04-22T09:26:47.787+0000] {logging_mixin.py:188} INFO - [2026-04-22T09:26:47.786+0000] {dagbag.py:545} INFO - Filling up the DagBag from /opt/airflow/dags/DagScraper.py
[2026-04-22T09:26:49.000+0000] {processor.py:840} INFO - DAG(s) 'dag_scraping_offres_emploi' retrieved from /opt/airflow/dags/DagScraper.py
[2026-04-22T09:26:49.463+0000] {logging_mixin.py:188} INFO - [2026-04-22T09:26:49.463+0000] {dag.py:3096} INFO - Sync 1 DAGs
[2026-04-22T09:26:49.807+0000] {logging_mixin.py:188} INFO - [2026-04-22T09:26:49.806+0000] {dag.py:3954} INFO - Setting next_dagrun for dag_scraping_offres_emploi to 2026-04-22 00:00:00+00:00, run_after=2026-04-22 06:00:00+00:00
[2026-04-22T09:26:50.043+0000] {processor.py:183} INFO - Processing /opt/airflow/dags/DagScraper.py took 2.467 seconds
[2026-04-22T09:27:20.485+0000] {processor.py:161} INFO - Started process (PID=411) to work on /opt/airflow/dags/DagScraper.py
[2026-04-22T09:27:20.518+0000] {processor.py:830} INFO - Processing file /opt/airflow/dags/DagScraper.py for tasks to queue
[2026-04-22T09:27:20.536+0000] {logging_mixin.py:188} INFO - [2026-04-22T09:27:20.535+0000] {dagbag.py:545} INFO - Filling up the DagBag from /opt/airflow/dags/DagScraper.py
[2026-04-22T09:27:20.814+0000] {processor.py:840} INFO - DAG(s) 'dag_scraping_offres_emploi' retrieved from /opt/airflow/dags/DagScraper.py
[2026-04-22T09:27:20.989+0000] {logging_mixin.py:188} INFO - [2026-04-22T09:27:20.988+0000] {dag.py:3096} INFO - Sync 1 DAGs
[2026-04-22T09:27:21.084+0000] {logging_mixin.py:188} INFO - [2026-04-22T09:27:21.083+0000] {dag.py:3954} INFO - Setting next_dagrun for dag_scraping_offres_emploi to 2026-04-22 00:00:00+00:00, run_after=2026-04-22 06:00:00+00:00
[2026-04-22T09:27:21.186+0000] {processor.py:183} INFO - Processing /opt/airflow/dags/DagScraper.py took 0.721 seconds
[2026-04-22T09:27:51.780+0000] {processor.py:161} INFO - Started process (PID=427) to work on /opt/airflow/dags/DagScraper.py
[2026-04-22T09:27:51.783+0000] {processor.py:830} INFO - Processing file /opt/airflow/dags/DagScraper.py for tasks to queue
[2026-04-22T09:27:51.794+0000] {logging_mixin.py:188} INFO - [2026-04-22T09:27:51.794+0000] {dagbag.py:545} INFO - Filling up the DagBag from /opt/airflow/dags/DagScraper.py
[2026-04-22T09:27:51.846+0000] {processor.py:840} INFO - DAG(s) 'dag_scraping_offres_emploi' retrieved from /opt/airflow/dags/DagScraper.py
[2026-04-22T09:27:51.933+0000] {logging_mixin.py:188} INFO - [2026-04-22T09:27:51.932+0000] {dag.py:3096} INFO - Sync 1 DAGs
[2026-04-22T09:27:51.989+0000] {logging_mixin.py:188} INFO - [2026-04-22T09:27:51.986+0000] {dag.py:3954} INFO - Setting next_dagrun for dag_scraping_offres_emploi to 2026-04-22 00:00:00+00:00, run_after=2026-04-22 06:00:00+00:00
[2026-04-22T09:27:52.061+0000] {processor.py:183} INFO - Processing /opt/airflow/dags/DagScraper.py took 0.304 seconds
[2026-04-22T09:28:22.930+0000] {processor.py:161} INFO - Started process (PID=434) to work on /opt/airflow/dags/DagScraper.py
[2026-04-22T09:28:22.933+0000] {processor.py:830} INFO - Processing file /opt/airflow/dags/DagScraper.py for tasks to queue
[2026-04-22T09:28:22.939+0000] {logging_mixin.py:188} INFO - [2026-04-22T09:28:22.938+0000] {dagbag.py:545} INFO - Filling up the DagBag from /opt/airflow/dags/DagScraper.py
[2026-04-22T09:28:23.003+0000] {processor.py:840} INFO - DAG(s) 'dag_scraping_offres_emploi' retrieved from /opt/airflow/dags/DagScraper.py
[2026-04-22T09:28:23.103+0000] {logging_mixin.py:188} INFO - [2026-04-22T09:28:23.103+0000] {dag.py:3096} INFO - Sync 1 DAGs
[2026-04-22T09:28:23.151+0000] {logging_mixin.py:188} INFO - [2026-04-22T09:28:23.151+0000] {dag.py:3954} INFO - Setting next_dagrun for dag_scraping_offres_emploi to 2026-04-22 00:00:00+00:00, run_after=2026-04-22 06:00:00+00:00
[2026-04-22T09:28:23.198+0000] {processor.py:183} INFO - Processing /opt/airflow/dags/DagScraper.py took 0.291 seconds
[2026-04-22T09:28:53.412+0000] {processor.py:161} INFO - Started process (PID=448) to work on /opt/airflow/dags/DagScraper.py
[2026-04-22T09:28:53.415+0000] {processor.py:830} INFO - Processing file /opt/airflow/dags/DagScraper.py for tasks to queue
[2026-04-22T09:28:53.420+0000] {logging_mixin.py:188} INFO - [2026-04-22T09:28:53.419+0000] {dagbag.py:545} INFO - Filling up the DagBag from /opt/airflow/dags/DagScraper.py
[2026-04-22T09:28:53.506+0000] {processor.py:840} INFO - DAG(s) 'dag_scraping_offres_emploi' retrieved from /opt/airflow/dags/DagScraper.py
[2026-04-22T09:28:53.597+0000] {logging_mixin.py:188} INFO - [2026-04-22T09:28:53.596+0000] {dag.py:3096} INFO - Sync 1 DAGs
[2026-04-22T09:28:53.683+0000] {logging_mixin.py:188} INFO - [2026-04-22T09:28:53.683+0000] {dag.py:3954} INFO - Setting next_dagrun for dag_scraping_offres_emploi to 2026-04-22 00:00:00+00:00, run_after=2026-04-22 06:00:00+00:00
[2026-04-22T09:28:53.873+0000] {processor.py:183} INFO - Processing /opt/airflow/dags/DagScraper.py took 0.510 seconds
[2026-04-22T09:29:24.518+0000] {processor.py:161} INFO - Started process (PID=456) to work on /opt/airflow/dags/DagScraper.py
[2026-04-22T09:29:24.520+0000] {processor.py:830} INFO - Processing file /opt/airflow/dags/DagScraper.py for tasks to queue
[2026-04-22T09:29:24.523+0000] {logging_mixin.py:188} INFO - [2026-04-22T09:29:24.522+0000] {dagbag.py:545} INFO - Filling up the DagBag from /opt/airflow/dags/DagScraper.py
[2026-04-22T09:29:24.565+0000] {processor.py:840} INFO - DAG(s) 'dag_scraping_offres_emploi' retrieved from /opt/airflow/dags/DagScraper.py
[2026-04-22T09:29:24.712+0000] {logging_mixin.py:188} INFO - [2026-04-22T09:29:24.711+0000] {dag.py:3096} INFO - Sync 1 DAGs
[2026-04-22T09:29:24.778+0000] {logging_mixin.py:188} INFO - [2026-04-22T09:29:24.777+0000] {dag.py:3954} INFO - Setting next_dagrun for dag_scraping_offres_emploi to 2026-04-22 00:00:00+00:00, run_after=2026-04-22 06:00:00+00:00
[2026-04-22T09:29:24.939+0000] {processor.py:183} INFO - Processing /opt/airflow/dags/DagScraper.py took 0.435 seconds
[2026-04-22T09:29:55.435+0000] {processor.py:161} INFO - Started process (PID=469) to work on /opt/airflow/dags/DagScraper.py
[2026-04-22T09:29:55.443+0000] {processor.py:830} INFO - Processing file /opt/airflow/dags/DagScraper.py for tasks to queue
[2026-04-22T09:29:55.450+0000] {logging_mixin.py:188} INFO - [2026-04-22T09:29:55.449+0000] {dagbag.py:545} INFO - Filling up the DagBag from /opt/airflow/dags/DagScraper.py
[2026-04-22T09:29:55.502+0000] {processor.py:840} INFO - DAG(s) 'dag_scraping_offres_emploi' retrieved from /opt/airflow/dags/DagScraper.py
[2026-04-22T09:29:55.637+0000] {logging_mixin.py:188} INFO - [2026-04-22T09:29:55.637+0000] {dag.py:3096} INFO - Sync 1 DAGs
[2026-04-22T09:29:55.732+0000] {logging_mixin.py:188} INFO - [2026-04-22T09:29:55.731+0000] {dag.py:3954} INFO - Setting next_dagrun for dag_scraping_offres_emploi to 2026-04-22 00:00:00+00:00, run_after=2026-04-22 06:00:00+00:00
[2026-04-22T09:29:55.791+0000] {processor.py:183} INFO - Processing /opt/airflow/dags/DagScraper.py took 0.374 seconds
[2026-04-22T09:30:25.907+0000] {processor.py:161} INFO - Started process (PID=476) to work on /opt/airflow/dags/DagScraper.py
[2026-04-22T09:30:25.909+0000] {processor.py:830} INFO - Processing file /opt/airflow/dags/DagScraper.py for tasks to queue
[2026-04-22T09:30:25.915+0000] {logging_mixin.py:188} INFO - [2026-04-22T09:30:25.914+0000] {dagbag.py:545} INFO - Filling up the DagBag from /opt/airflow/dags/DagScraper.py
[2026-04-22T09:30:26.002+0000] {processor.py:840} INFO - DAG(s) 'dag_scraping_offres_emploi' retrieved from /opt/airflow/dags/DagScraper.py
[2026-04-22T09:30:26.092+0000] {logging_mixin.py:188} INFO - [2026-04-22T09:30:26.092+0000] {dag.py:3096} INFO - Sync 1 DAGs
[2026-04-22T09:30:26.144+0000] {logging_mixin.py:188} INFO - [2026-04-22T09:30:26.143+0000] {dag.py:3954} INFO - Setting next_dagrun for dag_scraping_offres_emploi to 2026-04-22 00:00:00+00:00, run_after=2026-04-22 06:00:00+00:00
[2026-04-22T09:30:26.190+0000] {processor.py:183} INFO - Processing /opt/airflow/dags/DagScraper.py took 0.306 seconds
[2026-04-22T09:30:56.360+0000] {processor.py:161} INFO - Started process (PID=490) to work on /opt/airflow/dags/DagScraper.py
[2026-04-22T09:30:56.377+0000] {processor.py:830} INFO - Processing file /opt/airflow/dags/DagScraper.py for tasks to queue
[2026-04-22T09:30:56.390+0000] {logging_mixin.py:188} INFO - [2026-04-22T09:30:56.389+0000] {dagbag.py:545} INFO - Filling up the DagBag from /opt/airflow/dags/DagScraper.py
[2026-04-22T09:30:56.494+0000] {processor.py:840} INFO - DAG(s) 'dag_scraping_offres_emploi' retrieved from /opt/airflow/dags/DagScraper.py
[2026-04-22T09:30:56.634+0000] {logging_mixin.py:188} INFO - [2026-04-22T09:30:56.634+0000] {dag.py:3096} INFO - Sync 1 DAGs
[2026-04-22T09:30:56.695+0000] {logging_mixin.py:188} INFO - [2026-04-22T09:30:56.695+0000] {dag.py:3954} INFO - Setting next_dagrun for dag_scraping_offres_emploi to 2026-04-22 00:00:00+00:00, run_after=2026-04-22 06:00:00+00:00
[2026-04-22T09:30:56.754+0000] {processor.py:183} INFO - Processing /opt/airflow/dags/DagScraper.py took 0.417 seconds
[2026-04-22T09:31:27.144+0000] {processor.py:161} INFO - Started process (PID=498) to work on /opt/airflow/dags/DagScraper.py
[2026-04-22T09:31:27.160+0000] {processor.py:830} INFO - Processing file /opt/airflow/dags/DagScraper.py for tasks to queue
[2026-04-22T09:31:27.177+0000] {logging_mixin.py:188} INFO - [2026-04-22T09:31:27.176+0000] {dagbag.py:545} INFO - Filling up the DagBag from /opt/airflow/dags/DagScraper.py
[2026-04-22T09:31:27.295+0000] {processor.py:840} INFO - DAG(s) 'dag_scraping_offres_emploi' retrieved from /opt/airflow/dags/DagScraper.py
[2026-04-22T09:31:27.462+0000] {logging_mixin.py:188} INFO - [2026-04-22T09:31:27.461+0000] {dag.py:3096} INFO - Sync 1 DAGs
[2026-04-22T09:31:27.641+0000] {logging_mixin.py:188} INFO - [2026-04-22T09:31:27.641+0000] {dag.py:3954} INFO - Setting next_dagrun for dag_scraping_offres_emploi to 2026-04-22 00:00:00+00:00, run_after=2026-04-22 06:00:00+00:00
[2026-04-22T09:31:27.839+0000] {processor.py:183} INFO - Processing /opt/airflow/dags/DagScraper.py took 0.728 seconds
[2026-04-22T09:31:58.876+0000] {processor.py:161} INFO - Started process (PID=512) to work on /opt/airflow/dags/DagScraper.py
[2026-04-22T09:31:58.880+0000] {processor.py:830} INFO - Processing file /opt/airflow/dags/DagScraper.py for tasks to queue
[2026-04-22T09:31:58.894+0000] {logging_mixin.py:188} INFO - [2026-04-22T09:31:58.893+0000] {dagbag.py:545} INFO - Filling up the DagBag from /opt/airflow/dags/DagScraper.py
[2026-04-22T09:31:59.148+0000] {processor.py:840} INFO - DAG(s) 'dag_scraping_offres_emploi' retrieved from /opt/airflow/dags/DagScraper.py
[2026-04-22T09:31:59.355+0000] {logging_mixin.py:188} INFO - [2026-04-22T09:31:59.355+0000] {dag.py:3096} INFO - Sync 1 DAGs
[2026-04-22T09:31:59.456+0000] {logging_mixin.py:188} INFO - [2026-04-22T09:31:59.455+0000] {dag.py:3954} INFO - Setting next_dagrun for dag_scraping_offres_emploi to 2026-04-22 00:00:00+00:00, run_after=2026-04-22 06:00:00+00:00
[2026-04-22T09:31:59.545+0000] {processor.py:183} INFO - Processing /opt/airflow/dags/DagScraper.py took 0.696 seconds
[2026-04-22T09:32:29.766+0000] {processor.py:161} INFO - Started process (PID=519) to work on /opt/airflow/dags/DagScraper.py
[2026-04-22T09:32:29.768+0000] {processor.py:830} INFO - Processing file /opt/airflow/dags/DagScraper.py for tasks to queue
[2026-04-22T09:32:29.772+0000] {logging_mixin.py:188} INFO - [2026-04-22T09:32:29.771+0000] {dagbag.py:545} INFO - Filling up the DagBag from /opt/airflow/dags/DagScraper.py
[2026-04-22T09:32:29.816+0000] {processor.py:840} INFO - DAG(s) 'dag_scraping_offres_emploi' retrieved from /opt/airflow/dags/DagScraper.py
[2026-04-22T09:32:29.900+0000] {logging_mixin.py:188} INFO - [2026-04-22T09:32:29.899+0000] {dag.py:3096} INFO - Sync 1 DAGs
[2026-04-22T09:32:30.004+0000] {logging_mixin.py:188} INFO - [2026-04-22T09:32:30.003+0000] {dag.py:3954} INFO - Setting next_dagrun for dag_scraping_offres_emploi to 2026-04-22 00:00:00+00:00, run_after=2026-04-22 06:00:00+00:00
[2026-04-22T09:32:30.102+0000] {processor.py:183} INFO - Processing /opt/airflow/dags/DagScraper.py took 0.351 seconds
[2026-04-22T09:33:00.803+0000] {processor.py:161} INFO - Started process (PID=533) to work on /opt/airflow/dags/DagScraper.py
[2026-04-22T09:33:00.825+0000] {processor.py:830} INFO - Processing file /opt/airflow/dags/DagScraper.py for tasks to queue
[2026-04-22T09:33:00.831+0000] {logging_mixin.py:188} INFO - [2026-04-22T09:33:00.830+0000] {dagbag.py:545} INFO - Filling up the DagBag from /opt/airflow/dags/DagScraper.py
[2026-04-22T09:33:00.922+0000] {processor.py:840} INFO - DAG(s) 'dag_scraping_offres_emploi' retrieved from /opt/airflow/dags/DagScraper.py
[2026-04-22T09:33:01.054+0000] {logging_mixin.py:188} INFO - [2026-04-22T09:33:01.053+0000] {dag.py:3096} INFO - Sync 1 DAGs
[2026-04-22T09:33:01.157+0000] {logging_mixin.py:188} INFO - [2026-04-22T09:33:01.157+0000] {dag.py:3954} INFO - Setting next_dagrun for dag_scraping_offres_emploi to 2026-04-22 00:00:00+00:00, run_after=2026-04-22 06:00:00+00:00
[2026-04-22T09:33:01.307+0000] {processor.py:183} INFO - Processing /opt/airflow/dags/DagScraper.py took 0.542 seconds
[2026-04-22T09:33:31.851+0000] {processor.py:161} INFO - Started process (PID=541) to work on /opt/airflow/dags/DagScraper.py
[2026-04-22T09:33:31.860+0000] {processor.py:830} INFO - Processing file /opt/airflow/dags/DagScraper.py for tasks to queue
[2026-04-22T09:33:31.873+0000] {logging_mixin.py:188} INFO - [2026-04-22T09:33:31.872+0000] {dagbag.py:545} INFO - Filling up the DagBag from /opt/airflow/dags/DagScraper.py
[2026-04-22T09:33:32.072+0000] {processor.py:840} INFO - DAG(s) 'dag_scraping_offres_emploi' retrieved from /opt/airflow/dags/DagScraper.py
[2026-04-22T09:33:32.291+0000] {logging_mixin.py:188} INFO - [2026-04-22T09:33:32.290+0000] {dag.py:3096} INFO - Sync 1 DAGs
[2026-04-22T09:33:32.404+0000] {logging_mixin.py:188} INFO - [2026-04-22T09:33:32.404+0000] {dag.py:3954} INFO - Setting next_dagrun for dag_scraping_offres_emploi to 2026-04-22 00:00:00+00:00, run_after=2026-04-22 06:00:00+00:00
[2026-04-22T09:33:32.465+0000] {processor.py:183} INFO - Processing /opt/airflow/dags/DagScraper.py took 0.641 seconds
[2026-04-22T09:34:03.679+0000] {processor.py:161} INFO - Started process (PID=554) to work on /opt/airflow/dags/DagScraper.py
[2026-04-22T09:34:03.707+0000] {processor.py:830} INFO - Processing file /opt/airflow/dags/DagScraper.py for tasks to queue
[2026-04-22T09:34:03.739+0000] {logging_mixin.py:188} INFO - [2026-04-22T09:34:03.712+0000] {dagbag.py:545} INFO - Filling up the DagBag from /opt/airflow/dags/DagScraper.py
[2026-04-22T09:34:03.966+0000] {processor.py:840} INFO - DAG(s) 'dag_scraping_offres_emploi' retrieved from /opt/airflow/dags/DagScraper.py
[2026-04-22T09:34:04.397+0000] {logging_mixin.py:188} INFO - [2026-04-22T09:34:04.396+0000] {dag.py:3096} INFO - Sync 1 DAGs
[2026-04-22T09:34:04.755+0000] {logging_mixin.py:188} INFO - [2026-04-22T09:34:04.724+0000] {dag.py:3954} INFO - Setting next_dagrun for dag_scraping_offres_emploi to 2026-04-22 00:00:00+00:00, run_after=2026-04-22 06:00:00+00:00
[2026-04-22T09:34:05.260+0000] {processor.py:183} INFO - Processing /opt/airflow/dags/DagScraper.py took 1.625 seconds
[2026-04-22T09:34:40.431+0000] {processor.py:161} INFO - Started process (PID=567) to work on /opt/airflow/dags/DagScraper.py
[2026-04-22T09:34:40.433+0000] {processor.py:830} INFO - Processing file /opt/airflow/dags/DagScraper.py for tasks to queue
[2026-04-22T09:34:40.461+0000] {logging_mixin.py:188} INFO - [2026-04-22T09:34:40.460+0000] {dagbag.py:545} INFO - Filling up the DagBag from /opt/airflow/dags/DagScraper.py
[2026-04-22T09:34:40.604+0000] {processor.py:840} INFO - DAG(s) 'dag_scraping_offres_emploi' retrieved from /opt/airflow/dags/DagScraper.py
[2026-04-22T09:34:41.074+0000] {logging_mixin.py:188} INFO - [2026-04-22T09:34:41.073+0000] {dag.py:3096} INFO - Sync 1 DAGs
[2026-04-22T09:34:41.477+0000] {logging_mixin.py:188} INFO - [2026-04-22T09:34:41.476+0000] {dag.py:3954} INFO - Setting next_dagrun for dag_scraping_offres_emploi to 2026-04-22 00:00:00+00:00, run_after=2026-04-22 06:00:00+00:00
[2026-04-22T09:34:41.784+0000] {processor.py:183} INFO - Processing /opt/airflow/dags/DagScraper.py took 1.377 seconds
[2026-04-22T09:35:12.134+0000] {processor.py:161} INFO - Started process (PID=575) to work on /opt/airflow/dags/DagScraper.py
[2026-04-22T09:35:12.136+0000] {processor.py:830} INFO - Processing file /opt/airflow/dags/DagScraper.py for tasks to queue
[2026-04-22T09:35:12.153+0000] {logging_mixin.py:188} INFO - [2026-04-22T09:35:12.152+0000] {dagbag.py:545} INFO - Filling up the DagBag from /opt/airflow/dags/DagScraper.py
[2026-04-22T09:35:12.228+0000] {processor.py:840} INFO - DAG(s) 'dag_scraping_offres_emploi' retrieved from /opt/airflow/dags/DagScraper.py
[2026-04-22T09:35:12.323+0000] {logging_mixin.py:188} INFO - [2026-04-22T09:35:12.322+0000] {dag.py:3096} INFO - Sync 1 DAGs
[2026-04-22T09:35:12.391+0000] {logging_mixin.py:188} INFO - [2026-04-22T09:35:12.391+0000] {dag.py:3954} INFO - Setting next_dagrun for dag_scraping_offres_emploi to 2026-04-22 00:00:00+00:00, run_after=2026-04-22 06:00:00+00:00
[2026-04-22T09:35:12.442+0000] {processor.py:183} INFO - Processing /opt/airflow/dags/DagScraper.py took 0.331 seconds
[2026-04-22T09:35:42.819+0000] {processor.py:161} INFO - Started process (PID=588) to work on /opt/airflow/dags/DagScraper.py
[2026-04-22T09:35:42.821+0000] {processor.py:830} INFO - Processing file /opt/airflow/dags/DagScraper.py for tasks to queue
[2026-04-22T09:35:42.826+0000] {logging_mixin.py:188} INFO - [2026-04-22T09:35:42.825+0000] {dagbag.py:545} INFO - Filling up the DagBag from /opt/airflow/dags/DagScraper.py
[2026-04-22T09:35:42.871+0000] {processor.py:840} INFO - DAG(s) 'dag_scraping_offres_emploi' retrieved from /opt/airflow/dags/DagScraper.py
[2026-04-22T09:35:42.958+0000] {logging_mixin.py:188} INFO - [2026-04-22T09:35:42.957+0000] {dag.py:3096} INFO - Sync 1 DAGs
[2026-04-22T09:35:43.016+0000] {logging_mixin.py:188} INFO - [2026-04-22T09:35:43.015+0000] {dag.py:3954} INFO - Setting next_dagrun for dag_scraping_offres_emploi to 2026-04-22 00:00:00+00:00, run_after=2026-04-22 06:00:00+00:00
[2026-04-22T09:35:43.052+0000] {processor.py:183} INFO - Processing /opt/airflow/dags/DagScraper.py took 0.246 seconds
[2026-04-22T09:36:13.231+0000] {processor.py:161} INFO - Started process (PID=597) to work on /opt/airflow/dags/DagScraper.py
[2026-04-22T09:36:13.233+0000] {processor.py:830} INFO - Processing file /opt/airflow/dags/DagScraper.py for tasks to queue
[2026-04-22T09:36:13.239+0000] {logging_mixin.py:188} INFO - [2026-04-22T09:36:13.236+0000] {dagbag.py:545} INFO - Filling up the DagBag from /opt/airflow/dags/DagScraper.py
[2026-04-22T09:36:13.292+0000] {processor.py:840} INFO - DAG(s) 'dag_scraping_offres_emploi' retrieved from /opt/airflow/dags/DagScraper.py
[2026-04-22T09:36:13.363+0000] {logging_mixin.py:188} INFO - [2026-04-22T09:36:13.362+0000] {dag.py:3096} INFO - Sync 1 DAGs
[2026-04-22T09:36:13.416+0000] {logging_mixin.py:188} INFO - [2026-04-22T09:36:13.416+0000] {dag.py:3954} INFO - Setting next_dagrun for dag_scraping_offres_emploi to 2026-04-22 00:00:00+00:00, run_after=2026-04-22 06:00:00+00:00
[2026-04-22T09:36:13.460+0000] {processor.py:183} INFO - Processing /opt/airflow/dags/DagScraper.py took 0.247 seconds
[2026-04-22T09:36:43.765+0000] {processor.py:161} INFO - Started process (PID=611) to work on /opt/airflow/dags/DagScraper.py
[2026-04-22T09:36:43.781+0000] {processor.py:830} INFO - Processing file /opt/airflow/dags/DagScraper.py for tasks to queue
[2026-04-22T09:36:43.790+0000] {logging_mixin.py:188} INFO - [2026-04-22T09:36:43.789+0000] {dagbag.py:545} INFO - Filling up the DagBag from /opt/airflow/dags/DagScraper.py
[2026-04-22T09:36:44.012+0000] {processor.py:840} INFO - DAG(s) 'dag_scraping_offres_emploi' retrieved from /opt/airflow/dags/DagScraper.py
[2026-04-22T09:36:44.493+0000] {logging_mixin.py:188} INFO - [2026-04-22T09:36:44.491+0000] {dag.py:3096} INFO - Sync 1 DAGs
[2026-04-22T09:36:44.719+0000] {logging_mixin.py:188} INFO - [2026-04-22T09:36:44.719+0000] {dag.py:3954} INFO - Setting next_dagrun for dag_scraping_offres_emploi to 2026-04-22 00:00:00+00:00, run_after=2026-04-22 06:00:00+00:00
[2026-04-22T09:36:44.932+0000] {processor.py:183} INFO - Processing /opt/airflow/dags/DagScraper.py took 1.187 seconds
[2026-04-22T09:37:15.670+0000] {processor.py:161} INFO - Started process (PID=618) to work on /opt/airflow/dags/DagScraper.py
[2026-04-22T09:37:15.672+0000] {processor.py:830} INFO - Processing file /opt/airflow/dags/DagScraper.py for tasks to queue
[2026-04-22T09:37:15.676+0000] {logging_mixin.py:188} INFO - [2026-04-22T09:37:15.676+0000] {dagbag.py:545} INFO - Filling up the DagBag from /opt/airflow/dags/DagScraper.py
[2026-04-22T09:37:15.762+0000] {processor.py:840} INFO - DAG(s) 'dag_scraping_offres_emploi' retrieved from /opt/airflow/dags/DagScraper.py
[2026-04-22T09:37:15.965+0000] {logging_mixin.py:188} INFO - [2026-04-22T09:37:15.965+0000] {dag.py:3096} INFO - Sync 1 DAGs
[2026-04-22T09:37:16.153+0000] {logging_mixin.py:188} INFO - [2026-04-22T09:37:16.151+0000] {dag.py:3954} INFO - Setting next_dagrun for dag_scraping_offres_emploi to 2026-04-22 00:00:00+00:00, run_after=2026-04-22 06:00:00+00:00
[2026-04-22T09:37:16.299+0000] {processor.py:183} INFO - Processing /opt/airflow/dags/DagScraper.py took 0.655 seconds
[2026-04-22T09:37:47.294+0000] {processor.py:161} INFO - Started process (PID=632) to work on /opt/airflow/dags/DagScraper.py
[2026-04-22T09:37:47.296+0000] {processor.py:830} INFO - Processing file /opt/airflow/dags/DagScraper.py for tasks to queue
[2026-04-22T09:37:47.299+0000] {logging_mixin.py:188} INFO - [2026-04-22T09:37:47.299+0000] {dagbag.py:545} INFO - Filling up the DagBag from /opt/airflow/dags/DagScraper.py
[2026-04-22T09:37:47.357+0000] {processor.py:840} INFO - DAG(s) 'dag_scraping_offres_emploi' retrieved from /opt/airflow/dags/DagScraper.py
[2026-04-22T09:37:47.489+0000] {logging_mixin.py:188} INFO - [2026-04-22T09:37:47.488+0000] {dag.py:3096} INFO - Sync 1 DAGs
[2026-04-22T09:37:47.547+0000] {logging_mixin.py:188} INFO - [2026-04-22T09:37:47.547+0000] {dag.py:3954} INFO - Setting next_dagrun for dag_scraping_offres_emploi to 2026-04-22 00:00:00+00:00, run_after=2026-04-22 06:00:00+00:00
[2026-04-22T09:37:47.613+0000] {processor.py:183} INFO - Processing /opt/airflow/dags/DagScraper.py took 0.334 seconds
[2026-04-22T09:38:17.830+0000] {processor.py:161} INFO - Started process (PID=639) to work on /opt/airflow/dags/DagScraper.py
[2026-04-22T09:38:17.832+0000] {processor.py:830} INFO - Processing file /opt/airflow/dags/DagScraper.py for tasks to queue
[2026-04-22T09:38:17.835+0000] {logging_mixin.py:188} INFO - [2026-04-22T09:38:17.835+0000] {dagbag.py:545} INFO - Filling up the DagBag from /opt/airflow/dags/DagScraper.py
[2026-04-22T09:38:17.876+0000] {processor.py:840} INFO - DAG(s) 'dag_scraping_offres_emploi' retrieved from /opt/airflow/dags/DagScraper.py
[2026-04-22T09:38:17.971+0000] {logging_mixin.py:188} INFO - [2026-04-22T09:38:17.970+0000] {dag.py:3096} INFO - Sync 1 DAGs
[2026-04-22T09:38:18.066+0000] {logging_mixin.py:188} INFO - [2026-04-22T09:38:18.065+0000] {dag.py:3954} INFO - Setting next_dagrun for dag_scraping_offres_emploi to 2026-04-22 00:00:00+00:00, run_after=2026-04-22 06:00:00+00:00
[2026-04-22T09:38:18.148+0000] {processor.py:183} INFO - Processing /opt/airflow/dags/DagScraper.py took 0.329 seconds
[2026-04-22T09:38:48.650+0000] {processor.py:161} INFO - Started process (PID=653) to work on /opt/airflow/dags/DagScraper.py
[2026-04-22T09:38:48.666+0000] {processor.py:830} INFO - Processing file /opt/airflow/dags/DagScraper.py for tasks to queue
[2026-04-22T09:38:48.672+0000] {logging_mixin.py:188} INFO - [2026-04-22T09:38:48.671+0000] {dagbag.py:545} INFO - Filling up the DagBag from /opt/airflow/dags/DagScraper.py
[2026-04-22T09:38:49.014+0000] {processor.py:840} INFO - DAG(s) 'dag_scraping_offres_emploi' retrieved from /opt/airflow/dags/DagScraper.py
[2026-04-22T09:38:49.226+0000] {logging_mixin.py:188} INFO - [2026-04-22T09:38:49.225+0000] {dag.py:3096} INFO - Sync 1 DAGs
[2026-04-22T09:38:49.331+0000] {logging_mixin.py:188} INFO - [2026-04-22T09:38:49.330+0000] {dag.py:3954} INFO - Setting next_dagrun for dag_scraping_offres_emploi to 2026-04-22 00:00:00+00:00, run_after=2026-04-22 06:00:00+00:00
[2026-04-22T09:38:49.440+0000] {processor.py:183} INFO - Processing /opt/airflow/dags/DagScraper.py took 0.828 seconds
[2026-04-22T09:39:19.646+0000] {processor.py:161} INFO - Started process (PID=667) to work on /opt/airflow/dags/DagScraper.py
[2026-04-22T09:39:19.649+0000] {processor.py:830} INFO - Processing file /opt/airflow/dags/DagScraper.py for tasks to queue
[2026-04-22T09:39:19.654+0000] {logging_mixin.py:188} INFO - [2026-04-22T09:39:19.653+0000] {dagbag.py:545} INFO - Filling up the DagBag from /opt/airflow/dags/DagScraper.py
[2026-04-22T09:39:19.708+0000] {processor.py:840} INFO - DAG(s) 'dag_scraping_offres_emploi' retrieved from /opt/airflow/dags/DagScraper.py
[2026-04-22T09:39:19.795+0000] {logging_mixin.py:188} INFO - [2026-04-22T09:39:19.795+0000] {dag.py:3096} INFO - Sync 1 DAGs
[2026-04-22T09:39:19.936+0000] {logging_mixin.py:188} INFO - [2026-04-22T09:39:19.935+0000] {dag.py:3954} INFO - Setting next_dagrun for dag_scraping_offres_emploi to 2026-04-22 00:00:00+00:00, run_after=2026-04-22 06:00:00+00:00
[2026-04-22T09:39:20.045+0000] {processor.py:183} INFO - Processing /opt/airflow/dags/DagScraper.py took 0.415 seconds
[2026-04-22T09:39:50.562+0000] {processor.py:161} INFO - Started process (PID=675) to work on /opt/airflow/dags/DagScraper.py
[2026-04-22T09:39:50.579+0000] {processor.py:830} INFO - Processing file /opt/airflow/dags/DagScraper.py for tasks to queue
[2026-04-22T09:39:50.586+0000] {logging_mixin.py:188} INFO - [2026-04-22T09:39:50.585+0000] {dagbag.py:545} INFO - Filling up the DagBag from /opt/airflow/dags/DagScraper.py
[2026-04-22T09:39:50.705+0000] {processor.py:840} INFO - DAG(s) 'dag_scraping_offres_emploi' retrieved from /opt/airflow/dags/DagScraper.py
[2026-04-22T09:39:50.891+0000] {logging_mixin.py:188} INFO - [2026-04-22T09:39:50.882+0000] {dag.py:3096} INFO - Sync 1 DAGs
[2026-04-22T09:39:50.982+0000] {logging_mixin.py:188} INFO - [2026-04-22T09:39:50.982+0000] {dag.py:3954} INFO - Setting next_dagrun for dag_scraping_offres_emploi to 2026-04-22 00:00:00+00:00, run_after=2026-04-22 06:00:00+00:00
[2026-04-22T09:39:51.076+0000] {processor.py:183} INFO - Processing /opt/airflow/dags/DagScraper.py took 0.548 seconds
[2026-04-22T09:40:21.862+0000] {processor.py:161} INFO - Started process (PID=689) to work on /opt/airflow/dags/DagScraper.py
[2026-04-22T09:40:21.864+0000] {processor.py:830} INFO - Processing file /opt/airflow/dags/DagScraper.py for tasks to queue
[2026-04-22T09:40:21.868+0000] {logging_mixin.py:188} INFO - [2026-04-22T09:40:21.867+0000] {dagbag.py:545} INFO - Filling up the DagBag from /opt/airflow/dags/DagScraper.py
[2026-04-22T09:40:21.927+0000] {processor.py:840} INFO - DAG(s) 'dag_scraping_offres_emploi' retrieved from /opt/airflow/dags/DagScraper.py
[2026-04-22T09:40:22.037+0000] {logging_mixin.py:188} INFO - [2026-04-22T09:40:22.036+0000] {dag.py:3096} INFO - Sync 1 DAGs
[2026-04-22T09:40:22.209+0000] {logging_mixin.py:188} INFO - [2026-04-22T09:40:22.208+0000] {dag.py:3954} INFO - Setting next_dagrun for dag_scraping_offres_emploi to 2026-04-22 00:00:00+00:00, run_after=2026-04-22 06:00:00+00:00
[2026-04-22T09:40:22.290+0000] {processor.py:183} INFO - Processing /opt/airflow/dags/DagScraper.py took 0.446 seconds
[2026-04-22T09:40:52.675+0000] {processor.py:161} INFO - Started process (PID=697) to work on /opt/airflow/dags/DagScraper.py
[2026-04-22T09:40:52.680+0000] {processor.py:830} INFO - Processing file /opt/airflow/dags/DagScraper.py for tasks to queue
[2026-04-22T09:40:52.685+0000] {logging_mixin.py:188} INFO - [2026-04-22T09:40:52.684+0000] {dagbag.py:545} INFO - Filling up the DagBag from /opt/airflow/dags/DagScraper.py
[2026-04-22T09:40:52.754+0000] {processor.py:840} INFO - DAG(s) 'dag_scraping_offres_emploi' retrieved from /opt/airflow/dags/DagScraper.py
[2026-04-22T09:40:52.907+0000] {logging_mixin.py:188} INFO - [2026-04-22T09:40:52.906+0000] {dag.py:3096} INFO - Sync 1 DAGs
[2026-04-22T09:40:53.036+0000] {logging_mixin.py:188} INFO - [2026-04-22T09:40:53.035+0000] {dag.py:3954} INFO - Setting next_dagrun for dag_scraping_offres_emploi to 2026-04-22 00:00:00+00:00, run_after=2026-04-22 06:00:00+00:00
[2026-04-22T09:40:53.097+0000] {processor.py:183} INFO - Processing /opt/airflow/dags/DagScraper.py took 0.447 seconds
[2026-04-22T09:41:23.323+0000] {processor.py:161} INFO - Started process (PID=711) to work on /opt/airflow/dags/DagScraper.py
[2026-04-22T09:41:23.325+0000] {processor.py:830} INFO - Processing file /opt/airflow/dags/DagScraper.py for tasks to queue
[2026-04-22T09:41:23.338+0000] {logging_mixin.py:188} INFO - [2026-04-22T09:41:23.337+0000] {dagbag.py:545} INFO - Filling up the DagBag from /opt/airflow/dags/DagScraper.py
[2026-04-22T09:41:23.405+0000] {processor.py:840} INFO - DAG(s) 'dag_scraping_offres_emploi' retrieved from /opt/airflow/dags/DagScraper.py
[2026-04-22T09:41:23.509+0000] {logging_mixin.py:188} INFO - [2026-04-22T09:41:23.508+0000] {dag.py:3096} INFO - Sync 1 DAGs
[2026-04-22T09:41:23.618+0000] {logging_mixin.py:188} INFO - [2026-04-22T09:41:23.617+0000] {dag.py:3954} INFO - Setting next_dagrun for dag_scraping_offres_emploi to 2026-04-22 00:00:00+00:00, run_after=2026-04-22 06:00:00+00:00
[2026-04-22T09:41:23.744+0000] {processor.py:183} INFO - Processing /opt/airflow/dags/DagScraper.py took 0.443 seconds
[2026-04-22T09:41:54.430+0000] {processor.py:161} INFO - Started process (PID=719) to work on /opt/airflow/dags/DagScraper.py
[2026-04-22T09:41:54.434+0000] {processor.py:830} INFO - Processing file /opt/airflow/dags/DagScraper.py for tasks to queue
[2026-04-22T09:41:54.442+0000] {logging_mixin.py:188} INFO - [2026-04-22T09:41:54.441+0000] {dagbag.py:545} INFO - Filling up the DagBag from /opt/airflow/dags/DagScraper.py
[2026-04-22T09:41:57.418+0000] {processor.py:840} INFO - DAG(s) 'dag_scraping_offres_emploi' retrieved from /opt/airflow/dags/DagScraper.py
[2026-04-22T09:41:57.806+0000] {logging_mixin.py:188} INFO - [2026-04-22T09:41:57.805+0000] {dag.py:3096} INFO - Sync 1 DAGs
[2026-04-22T09:41:58.140+0000] {logging_mixin.py:188} INFO - [2026-04-22T09:41:58.139+0000] {dag.py:3954} INFO - Setting next_dagrun for dag_scraping_offres_emploi to 2026-04-22 00:00:00+00:00, run_after=2026-04-22 06:00:00+00:00
[2026-04-22T09:41:58.429+0000] {processor.py:183} INFO - Processing /opt/airflow/dags/DagScraper.py took 4.057 seconds
[2026-04-22T09:42:28.660+0000] {processor.py:161} INFO - Started process (PID=733) to work on /opt/airflow/dags/DagScraper.py
[2026-04-22T09:42:28.662+0000] {processor.py:830} INFO - Processing file /opt/airflow/dags/DagScraper.py for tasks to queue
[2026-04-22T09:42:28.666+0000] {logging_mixin.py:188} INFO - [2026-04-22T09:42:28.665+0000] {dagbag.py:545} INFO - Filling up the DagBag from /opt/airflow/dags/DagScraper.py
[2026-04-22T09:42:28.716+0000] {processor.py:840} INFO - DAG(s) 'dag_scraping_offres_emploi' retrieved from /opt/airflow/dags/DagScraper.py
[2026-04-22T09:42:28.783+0000] {logging_mixin.py:188} INFO - [2026-04-22T09:42:28.782+0000] {dag.py:3096} INFO - Sync 1 DAGs
[2026-04-22T09:42:28.820+0000] {logging_mixin.py:188} INFO - [2026-04-22T09:42:28.819+0000] {dag.py:3954} INFO - Setting next_dagrun for dag_scraping_offres_emploi to 2026-04-22 00:00:00+00:00, run_after=2026-04-22 06:00:00+00:00
[2026-04-22T09:42:28.859+0000] {processor.py:183} INFO - Processing /opt/airflow/dags/DagScraper.py took 0.216 seconds
[2026-04-22T09:42:59.290+0000] {processor.py:161} INFO - Started process (PID=741) to work on /opt/airflow/dags/DagScraper.py
[2026-04-22T09:42:59.293+0000] {processor.py:830} INFO - Processing file /opt/airflow/dags/DagScraper.py for tasks to queue
[2026-04-22T09:42:59.297+0000] {logging_mixin.py:188} INFO - [2026-04-22T09:42:59.296+0000] {dagbag.py:545} INFO - Filling up the DagBag from /opt/airflow/dags/DagScraper.py
[2026-04-22T09:42:59.370+0000] {processor.py:840} INFO - DAG(s) 'dag_scraping_offres_emploi' retrieved from /opt/airflow/dags/DagScraper.py
[2026-04-22T09:42:59.478+0000] {logging_mixin.py:188} INFO - [2026-04-22T09:42:59.478+0000] {dag.py:3096} INFO - Sync 1 DAGs
[2026-04-22T09:42:59.524+0000] {logging_mixin.py:188} INFO - [2026-04-22T09:42:59.523+0000] {dag.py:3954} INFO - Setting next_dagrun for dag_scraping_offres_emploi to 2026-04-22 00:00:00+00:00, run_after=2026-04-22 06:00:00+00:00
[2026-04-22T09:42:59.575+0000] {processor.py:183} INFO - Processing /opt/airflow/dags/DagScraper.py took 0.299 seconds
[2026-04-22T09:43:31.085+0000] {processor.py:161} INFO - Started process (PID=755) to work on /opt/airflow/dags/DagScraper.py
[2026-04-22T09:43:31.095+0000] {processor.py:830} INFO - Processing file /opt/airflow/dags/DagScraper.py for tasks to queue
[2026-04-22T09:43:31.118+0000] {logging_mixin.py:188} INFO - [2026-04-22T09:43:31.104+0000] {dagbag.py:545} INFO - Filling up the DagBag from /opt/airflow/dags/DagScraper.py
[2026-04-22T09:43:31.397+0000] {processor.py:840} INFO - DAG(s) 'dag_scraping_offres_emploi' retrieved from /opt/airflow/dags/DagScraper.py
[2026-04-22T09:43:31.598+0000] {logging_mixin.py:188} INFO - [2026-04-22T09:43:31.597+0000] {dag.py:3096} INFO - Sync 1 DAGs
[2026-04-22T09:43:31.782+0000] {logging_mixin.py:188} INFO - [2026-04-22T09:43:31.781+0000] {dag.py:3954} INFO - Setting next_dagrun for dag_scraping_offres_emploi to 2026-04-22 00:00:00+00:00, run_after=2026-04-22 06:00:00+00:00
[2026-04-22T09:43:31.953+0000] {processor.py:183} INFO - Processing /opt/airflow/dags/DagScraper.py took 0.921 seconds
[2026-04-22T09:44:02.795+0000] {processor.py:161} INFO - Started process (PID=769) to work on /opt/airflow/dags/DagScraper.py
[2026-04-22T09:44:02.811+0000] {processor.py:830} INFO - Processing file /opt/airflow/dags/DagScraper.py for tasks to queue
[2026-04-22T09:44:02.815+0000] {logging_mixin.py:188} INFO - [2026-04-22T09:44:02.814+0000] {dagbag.py:545} INFO - Filling up the DagBag from /opt/airflow/dags/DagScraper.py
[2026-04-22T09:44:02.925+0000] {processor.py:840} INFO - DAG(s) 'dag_scraping_offres_emploi' retrieved from /opt/airflow/dags/DagScraper.py
[2026-04-22T09:44:03.262+0000] {logging_mixin.py:188} INFO - [2026-04-22T09:44:03.261+0000] {dag.py:3096} INFO - Sync 1 DAGs
[2026-04-22T09:44:03.453+0000] {logging_mixin.py:188} INFO - [2026-04-22T09:44:03.453+0000] {dag.py:3954} INFO - Setting next_dagrun for dag_scraping_offres_emploi to 2026-04-22 00:00:00+00:00, run_after=2026-04-22 06:00:00+00:00
[2026-04-22T09:44:03.604+0000] {processor.py:183} INFO - Processing /opt/airflow/dags/DagScraper.py took 0.836 seconds
[2026-04-22T09:44:34.713+0000] {processor.py:161} INFO - Started process (PID=777) to work on /opt/airflow/dags/DagScraper.py
[2026-04-22T09:44:34.726+0000] {processor.py:830} INFO - Processing file /opt/airflow/dags/DagScraper.py for tasks to queue
[2026-04-22T09:44:34.743+0000] {logging_mixin.py:188} INFO - [2026-04-22T09:44:34.742+0000] {dagbag.py:545} INFO - Filling up the DagBag from /opt/airflow/dags/DagScraper.py
[2026-04-22T09:44:35.348+0000] {processor.py:840} INFO - DAG(s) 'dag_scraping_offres_emploi' retrieved from /opt/airflow/dags/DagScraper.py
[2026-04-22T09:44:35.605+0000] {logging_mixin.py:188} INFO - [2026-04-22T09:44:35.605+0000] {dag.py:3096} INFO - Sync 1 DAGs
[2026-04-22T09:44:35.869+0000] {logging_mixin.py:188} INFO - [2026-04-22T09:44:35.869+0000] {dag.py:3954} INFO - Setting next_dagrun for dag_scraping_offres_emploi to 2026-04-22 00:00:00+00:00, run_after=2026-04-22 06:00:00+00:00
[2026-04-22T09:44:36.113+0000] {processor.py:183} INFO - Processing /opt/airflow/dags/DagScraper.py took 1.461 seconds
[2026-04-22T09:45:06.653+0000] {processor.py:161} INFO - Started process (PID=791) to work on /opt/airflow/dags/DagScraper.py
[2026-04-22T09:45:06.656+0000] {processor.py:830} INFO - Processing file /opt/airflow/dags/DagScraper.py for tasks to queue
[2026-04-22T09:45:06.671+0000] {logging_mixin.py:188} INFO - [2026-04-22T09:45:06.661+0000] {dagbag.py:545} INFO - Filling up the DagBag from /opt/airflow/dags/DagScraper.py
[2026-04-22T09:45:06.959+0000] {processor.py:840} INFO - DAG(s) 'dag_scraping_offres_emploi' retrieved from /opt/airflow/dags/DagScraper.py
[2026-04-22T09:45:07.196+0000] {logging_mixin.py:188} INFO - [2026-04-22T09:45:07.195+0000] {dag.py:3096} INFO - Sync 1 DAGs
[2026-04-22T09:45:07.343+0000] {logging_mixin.py:188} INFO - [2026-04-22T09:45:07.342+0000] {dag.py:3954} INFO - Setting next_dagrun for dag_scraping_offres_emploi to 2026-04-22 00:00:00+00:00, run_after=2026-04-22 06:00:00+00:00
[2026-04-22T09:45:07.438+0000] {processor.py:183} INFO - Processing /opt/airflow/dags/DagScraper.py took 0.817 seconds
[2026-04-22T09:45:38.107+0000] {processor.py:161} INFO - Started process (PID=799) to work on /opt/airflow/dags/DagScraper.py
[2026-04-22T09:45:38.219+0000] {processor.py:830} INFO - Processing file /opt/airflow/dags/DagScraper.py for tasks to queue
[2026-04-22T09:45:38.227+0000] {logging_mixin.py:188} INFO - [2026-04-22T09:45:38.226+0000] {dagbag.py:545} INFO - Filling up the DagBag from /opt/airflow/dags/DagScraper.py
[2026-04-22T09:45:38.380+0000] {processor.py:840} INFO - DAG(s) 'dag_scraping_offres_emploi' retrieved from /opt/airflow/dags/DagScraper.py
[2026-04-22T09:45:38.599+0000] {logging_mixin.py:188} INFO - [2026-04-22T09:45:38.598+0000] {dag.py:3096} INFO - Sync 1 DAGs
[2026-04-22T09:45:38.782+0000] {logging_mixin.py:188} INFO - [2026-04-22T09:45:38.781+0000] {dag.py:3954} INFO - Setting next_dagrun for dag_scraping_offres_emploi to 2026-04-22 00:00:00+00:00, run_after=2026-04-22 06:00:00+00:00
[2026-04-22T09:45:39.005+0000] {processor.py:183} INFO - Processing /opt/airflow/dags/DagScraper.py took 0.946 seconds
[2026-04-22T09:46:09.473+0000] {processor.py:161} INFO - Started process (PID=814) to work on /opt/airflow/dags/DagScraper.py
[2026-04-22T09:46:09.475+0000] {processor.py:830} INFO - Processing file /opt/airflow/dags/DagScraper.py for tasks to queue
[2026-04-22T09:46:09.478+0000] {logging_mixin.py:188} INFO - [2026-04-22T09:46:09.477+0000] {dagbag.py:545} INFO - Filling up the DagBag from /opt/airflow/dags/DagScraper.py
[2026-04-22T09:46:09.514+0000] {processor.py:840} INFO - DAG(s) 'dag_scraping_offres_emploi' retrieved from /opt/airflow/dags/DagScraper.py
[2026-04-22T09:46:09.584+0000] {logging_mixin.py:188} INFO - [2026-04-22T09:46:09.583+0000] {dag.py:3096} INFO - Sync 1 DAGs
[2026-04-22T09:46:09.684+0000] {logging_mixin.py:188} INFO - [2026-04-22T09:46:09.683+0000] {dag.py:3954} INFO - Setting next_dagrun for dag_scraping_offres_emploi to 2026-04-22 00:00:00+00:00, run_after=2026-04-22 06:00:00+00:00
[2026-04-22T09:46:09.778+0000] {processor.py:183} INFO - Processing /opt/airflow/dags/DagScraper.py took 0.316 seconds
[2026-04-22T09:46:39.906+0000] {processor.py:161} INFO - Started process (PID=823) to work on /opt/airflow/dags/DagScraper.py
[2026-04-22T09:46:39.908+0000] {processor.py:830} INFO - Processing file /opt/airflow/dags/DagScraper.py for tasks to queue
[2026-04-22T09:46:39.914+0000] {logging_mixin.py:188} INFO - [2026-04-22T09:46:39.913+0000] {dagbag.py:545} INFO - Filling up the DagBag from /opt/airflow/dags/DagScraper.py
[2026-04-22T09:46:40.015+0000] {processor.py:840} INFO - DAG(s) 'dag_scraping_offres_emploi' retrieved from /opt/airflow/dags/DagScraper.py
[2026-04-22T09:46:40.122+0000] {logging_mixin.py:188} INFO - [2026-04-22T09:46:40.121+0000] {dag.py:3096} INFO - Sync 1 DAGs
[2026-04-22T09:46:40.206+0000] {logging_mixin.py:188} INFO - [2026-04-22T09:46:40.205+0000] {dag.py:3954} INFO - Setting next_dagrun for dag_scraping_offres_emploi to 2026-04-22 00:00:00+00:00, run_after=2026-04-22 06:00:00+00:00
[2026-04-22T09:46:40.278+0000] {processor.py:183} INFO - Processing /opt/airflow/dags/DagScraper.py took 0.391 seconds
[2026-04-22T09:47:10.529+0000] {processor.py:161} INFO - Started process (PID=835) to work on /opt/airflow/dags/DagScraper.py
[2026-04-22T09:47:10.531+0000] {processor.py:830} INFO - Processing file /opt/airflow/dags/DagScraper.py for tasks to queue
[2026-04-22T09:47:10.534+0000] {logging_mixin.py:188} INFO - [2026-04-22T09:47:10.533+0000] {dagbag.py:545} INFO - Filling up the DagBag from /opt/airflow/dags/DagScraper.py
[2026-04-22T09:47:10.564+0000] {processor.py:840} INFO - DAG(s) 'dag_scraping_offres_emploi' retrieved from /opt/airflow/dags/DagScraper.py
[2026-04-22T09:47:10.633+0000] {logging_mixin.py:188} INFO - [2026-04-22T09:47:10.632+0000] {dag.py:3096} INFO - Sync 1 DAGs
[2026-04-22T09:47:10.681+0000] {logging_mixin.py:188} INFO - [2026-04-22T09:47:10.680+0000] {dag.py:3954} INFO - Setting next_dagrun for dag_scraping_offres_emploi to 2026-04-22 00:00:00+00:00, run_after=2026-04-22 06:00:00+00:00
[2026-04-22T09:47:10.724+0000] {processor.py:183} INFO - Processing /opt/airflow/dags/DagScraper.py took 0.204 seconds
[2026-04-22T09:47:41.069+0000] {processor.py:161} INFO - Started process (PID=842) to work on /opt/airflow/dags/DagScraper.py
[2026-04-22T09:47:41.071+0000] {processor.py:830} INFO - Processing file /opt/airflow/dags/DagScraper.py for tasks to queue
[2026-04-22T09:47:41.089+0000] {logging_mixin.py:188} INFO - [2026-04-22T09:47:41.087+0000] {dagbag.py:545} INFO - Filling up the DagBag from /opt/airflow/dags/DagScraper.py
[2026-04-22T09:47:41.320+0000] {processor.py:840} INFO - DAG(s) 'dag_scraping_offres_emploi' retrieved from /opt/airflow/dags/DagScraper.py
[2026-04-22T09:47:41.510+0000] {logging_mixin.py:188} INFO - [2026-04-22T09:47:41.509+0000] {dag.py:3096} INFO - Sync 1 DAGs
[2026-04-22T09:47:41.577+0000] {logging_mixin.py:188} INFO - [2026-04-22T09:47:41.577+0000] {dag.py:3954} INFO - Setting next_dagrun for dag_scraping_offres_emploi to 2026-04-22 00:00:00+00:00, run_after=2026-04-22 06:00:00+00:00
[2026-04-22T09:47:41.712+0000] {processor.py:183} INFO - Processing /opt/airflow/dags/DagScraper.py took 0.697 seconds
[2026-04-22T09:48:11.999+0000] {processor.py:161} INFO - Started process (PID=856) to work on /opt/airflow/dags/DagScraper.py
[2026-04-22T09:48:12.003+0000] {processor.py:830} INFO - Processing file /opt/airflow/dags/DagScraper.py for tasks to queue
[2026-04-22T09:48:12.007+0000] {logging_mixin.py:188} INFO - [2026-04-22T09:48:12.006+0000] {dagbag.py:545} INFO - Filling up the DagBag from /opt/airflow/dags/DagScraper.py
[2026-04-22T09:48:12.069+0000] {processor.py:840} INFO - DAG(s) 'dag_scraping_offres_emploi' retrieved from /opt/airflow/dags/DagScraper.py
[2026-04-22T09:48:12.192+0000] {logging_mixin.py:188} INFO - [2026-04-22T09:48:12.192+0000] {dag.py:3096} INFO - Sync 1 DAGs
[2026-04-22T09:48:12.297+0000] {logging_mixin.py:188} INFO - [2026-04-22T09:48:12.286+0000] {dag.py:3954} INFO - Setting next_dagrun for dag_scraping_offres_emploi to 2026-04-22 00:00:00+00:00, run_after=2026-04-22 06:00:00+00:00
[2026-04-22T09:48:12.415+0000] {processor.py:183} INFO - Processing /opt/airflow/dags/DagScraper.py took 0.433 seconds
[2026-04-22T09:48:42.672+0000] {processor.py:161} INFO - Started process (PID=863) to work on /opt/airflow/dags/DagScraper.py
[2026-04-22T09:48:42.685+0000] {processor.py:830} INFO - Processing file /opt/airflow/dags/DagScraper.py for tasks to queue
[2026-04-22T09:48:42.698+0000] {logging_mixin.py:188} INFO - [2026-04-22T09:48:42.693+0000] {dagbag.py:545} INFO - Filling up the DagBag from /opt/airflow/dags/DagScraper.py
[2026-04-22T09:48:42.820+0000] {processor.py:840} INFO - DAG(s) 'dag_scraping_offres_emploi' retrieved from /opt/airflow/dags/DagScraper.py
[2026-04-22T09:48:42.954+0000] {logging_mixin.py:188} INFO - [2026-04-22T09:48:42.952+0000] {dag.py:3096} INFO - Sync 1 DAGs
[2026-04-22T09:48:43.016+0000] {logging_mixin.py:188} INFO - [2026-04-22T09:48:43.015+0000] {dag.py:3954} INFO - Setting next_dagrun for dag_scraping_offres_emploi to 2026-04-22 00:00:00+00:00, run_after=2026-04-22 06:00:00+00:00
[2026-04-22T09:48:43.098+0000] {processor.py:183} INFO - Processing /opt/airflow/dags/DagScraper.py took 0.453 seconds
[2026-04-22T09:49:13.541+0000] {processor.py:161} INFO - Started process (PID=877) to work on /opt/airflow/dags/DagScraper.py
[2026-04-22T09:49:13.544+0000] {processor.py:830} INFO - Processing file /opt/airflow/dags/DagScraper.py for tasks to queue
[2026-04-22T09:49:13.550+0000] {logging_mixin.py:188} INFO - [2026-04-22T09:49:13.548+0000] {dagbag.py:545} INFO - Filling up the DagBag from /opt/airflow/dags/DagScraper.py
[2026-04-22T09:49:13.647+0000] {processor.py:840} INFO - DAG(s) 'dag_scraping_offres_emploi' retrieved from /opt/airflow/dags/DagScraper.py
[2026-04-22T09:49:13.801+0000] {logging_mixin.py:188} INFO - [2026-04-22T09:49:13.800+0000] {dag.py:3096} INFO - Sync 1 DAGs
[2026-04-22T09:49:13.946+0000] {logging_mixin.py:188} INFO - [2026-04-22T09:49:13.945+0000] {dag.py:3954} INFO - Setting next_dagrun for dag_scraping_offres_emploi to 2026-04-22 00:00:00+00:00, run_after=2026-04-22 06:00:00+00:00
[2026-04-22T09:49:14.035+0000] {processor.py:183} INFO - Processing /opt/airflow/dags/DagScraper.py took 0.514 seconds
[2026-04-22T09:49:44.471+0000] {processor.py:161} INFO - Started process (PID=885) to work on /opt/airflow/dags/DagScraper.py
[2026-04-22T09:49:44.474+0000] {processor.py:830} INFO - Processing file /opt/airflow/dags/DagScraper.py for tasks to queue
[2026-04-22T09:49:44.486+0000] {logging_mixin.py:188} INFO - [2026-04-22T09:49:44.485+0000] {dagbag.py:545} INFO - Filling up the DagBag from /opt/airflow/dags/DagScraper.py
[2026-04-22T09:49:44.586+0000] {processor.py:840} INFO - DAG(s) 'dag_scraping_offres_emploi' retrieved from /opt/airflow/dags/DagScraper.py
[2026-04-22T09:49:44.786+0000] {logging_mixin.py:188} INFO - [2026-04-22T09:49:44.786+0000] {dag.py:3096} INFO - Sync 1 DAGs
[2026-04-22T09:49:44.930+0000] {logging_mixin.py:188} INFO - [2026-04-22T09:49:44.929+0000] {dag.py:3954} INFO - Setting next_dagrun for dag_scraping_offres_emploi to 2026-04-22 00:00:00+00:00, run_after=2026-04-22 06:00:00+00:00
[2026-04-22T09:49:45.118+0000] {processor.py:183} INFO - Processing /opt/airflow/dags/DagScraper.py took 0.662 seconds
[2026-04-22T09:50:15.764+0000] {processor.py:161} INFO - Started process (PID=898) to work on /opt/airflow/dags/DagScraper.py
[2026-04-22T09:50:15.773+0000] {processor.py:830} INFO - Processing file /opt/airflow/dags/DagScraper.py for tasks to queue
[2026-04-22T09:50:15.803+0000] {logging_mixin.py:188} INFO - [2026-04-22T09:50:15.801+0000] {dagbag.py:545} INFO - Filling up the DagBag from /opt/airflow/dags/DagScraper.py
[2026-04-22T09:50:16.087+0000] {processor.py:840} INFO - DAG(s) 'dag_scraping_offres_emploi' retrieved from /opt/airflow/dags/DagScraper.py
[2026-04-22T09:50:16.544+0000] {logging_mixin.py:188} INFO - [2026-04-22T09:50:16.543+0000] {dag.py:3096} INFO - Sync 1 DAGs
[2026-04-22T09:50:16.685+0000] {logging_mixin.py:188} INFO - [2026-04-22T09:50:16.673+0000] {dag.py:3954} INFO - Setting next_dagrun for dag_scraping_offres_emploi to 2026-04-22 00:00:00+00:00, run_after=2026-04-22 06:00:00+00:00
[2026-04-22T09:50:16.919+0000] {processor.py:183} INFO - Processing /opt/airflow/dags/DagScraper.py took 1.204 seconds
[2026-04-22T09:50:47.597+0000] {processor.py:161} INFO - Started process (PID=912) to work on /opt/airflow/dags/DagScraper.py
[2026-04-22T09:50:47.599+0000] {processor.py:830} INFO - Processing file /opt/airflow/dags/DagScraper.py for tasks to queue
[2026-04-22T09:50:47.604+0000] {logging_mixin.py:188} INFO - [2026-04-22T09:50:47.603+0000] {dagbag.py:545} INFO - Filling up the DagBag from /opt/airflow/dags/DagScraper.py
[2026-04-22T09:50:47.660+0000] {processor.py:840} INFO - DAG(s) 'dag_scraping_offres_emploi' retrieved from /opt/airflow/dags/DagScraper.py
[2026-04-22T09:50:47.749+0000] {logging_mixin.py:188} INFO - [2026-04-22T09:50:47.749+0000] {dag.py:3096} INFO - Sync 1 DAGs
[2026-04-22T09:50:47.804+0000] {logging_mixin.py:188} INFO - [2026-04-22T09:50:47.803+0000] {dag.py:3954} INFO - Setting next_dagrun for dag_scraping_offres_emploi to 2026-04-22 00:00:00+00:00, run_after=2026-04-22 06:00:00+00:00
[2026-04-22T09:50:47.859+0000] {processor.py:183} INFO - Processing /opt/airflow/dags/DagScraper.py took 0.278 seconds
[2026-04-22T09:51:18.291+0000] {processor.py:161} INFO - Started process (PID=919) to work on /opt/airflow/dags/DagScraper.py
[2026-04-22T09:51:18.295+0000] {processor.py:830} INFO - Processing file /opt/airflow/dags/DagScraper.py for tasks to queue
[2026-04-22T09:51:18.302+0000] {logging_mixin.py:188} INFO - [2026-04-22T09:51:18.301+0000] {dagbag.py:545} INFO - Filling up the DagBag from /opt/airflow/dags/DagScraper.py
[2026-04-22T09:51:18.387+0000] {processor.py:840} INFO - DAG(s) 'dag_scraping_offres_emploi' retrieved from /opt/airflow/dags/DagScraper.py
[2026-04-22T09:51:18.628+0000] {logging_mixin.py:188} INFO - [2026-04-22T09:51:18.628+0000] {dag.py:3096} INFO - Sync 1 DAGs
[2026-04-22T09:51:18.806+0000] {logging_mixin.py:188} INFO - [2026-04-22T09:51:18.805+0000] {dag.py:3954} INFO - Setting next_dagrun for dag_scraping_offres_emploi to 2026-04-22 00:00:00+00:00, run_after=2026-04-22 06:00:00+00:00
[2026-04-22T09:51:18.869+0000] {processor.py:183} INFO - Processing /opt/airflow/dags/DagScraper.py took 0.597 seconds
[2026-04-22T09:51:50.098+0000] {processor.py:161} INFO - Started process (PID=933) to work on /opt/airflow/dags/DagScraper.py
[2026-04-22T09:51:50.102+0000] {processor.py:830} INFO - Processing file /opt/airflow/dags/DagScraper.py for tasks to queue
[2026-04-22T09:51:50.146+0000] {logging_mixin.py:188} INFO - [2026-04-22T09:51:50.115+0000] {dagbag.py:545} INFO - Filling up the DagBag from /opt/airflow/dags/DagScraper.py
[2026-04-22T09:51:50.465+0000] {processor.py:840} INFO - DAG(s) 'dag_scraping_offres_emploi' retrieved from /opt/airflow/dags/DagScraper.py
[2026-04-22T09:51:50.916+0000] {logging_mixin.py:188} INFO - [2026-04-22T09:51:50.904+0000] {dag.py:3096} INFO - Sync 1 DAGs
[2026-04-22T09:51:51.447+0000] {logging_mixin.py:188} INFO - [2026-04-22T09:51:51.447+0000] {dag.py:3954} INFO - Setting next_dagrun for dag_scraping_offres_emploi to 2026-04-22 00:00:00+00:00, run_after=2026-04-22 06:00:00+00:00
[2026-04-22T09:51:51.822+0000] {processor.py:183} INFO - Processing /opt/airflow/dags/DagScraper.py took 1.760 seconds
[2026-04-22T09:52:22.340+0000] {processor.py:161} INFO - Started process (PID=941) to work on /opt/airflow/dags/DagScraper.py
[2026-04-22T09:52:22.346+0000] {processor.py:830} INFO - Processing file /opt/airflow/dags/DagScraper.py for tasks to queue
[2026-04-22T09:52:22.351+0000] {logging_mixin.py:188} INFO - [2026-04-22T09:52:22.350+0000] {dagbag.py:545} INFO - Filling up the DagBag from /opt/airflow/dags/DagScraper.py
[2026-04-22T09:52:22.429+0000] {processor.py:840} INFO - DAG(s) 'dag_scraping_offres_emploi' retrieved from /opt/airflow/dags/DagScraper.py
[2026-04-22T09:52:22.580+0000] {logging_mixin.py:188} INFO - [2026-04-22T09:52:22.574+0000] {dag.py:3096} INFO - Sync 1 DAGs
[2026-04-22T09:52:22.687+0000] {logging_mixin.py:188} INFO - [2026-04-22T09:52:22.687+0000] {dag.py:3954} INFO - Setting next_dagrun for dag_scraping_offres_emploi to 2026-04-22 00:00:00+00:00, run_after=2026-04-22 06:00:00+00:00
[2026-04-22T09:52:22.745+0000] {processor.py:183} INFO - Processing /opt/airflow/dags/DagScraper.py took 0.446 seconds
[2026-04-22T09:52:53.029+0000] {processor.py:161} INFO - Started process (PID=955) to work on /opt/airflow/dags/DagScraper.py
[2026-04-22T09:52:53.033+0000] {processor.py:830} INFO - Processing file /opt/airflow/dags/DagScraper.py for tasks to queue
[2026-04-22T09:52:53.040+0000] {logging_mixin.py:188} INFO - [2026-04-22T09:52:53.038+0000] {dagbag.py:545} INFO - Filling up the DagBag from /opt/airflow/dags/DagScraper.py
[2026-04-22T09:52:53.136+0000] {processor.py:840} INFO - DAG(s) 'dag_scraping_offres_emploi' retrieved from /opt/airflow/dags/DagScraper.py
[2026-04-22T09:52:53.296+0000] {logging_mixin.py:188} INFO - [2026-04-22T09:52:53.296+0000] {dag.py:3096} INFO - Sync 1 DAGs
[2026-04-22T09:52:53.384+0000] {logging_mixin.py:188} INFO - [2026-04-22T09:52:53.384+0000] {dag.py:3954} INFO - Setting next_dagrun for dag_scraping_offres_emploi to 2026-04-22 00:00:00+00:00, run_after=2026-04-22 06:00:00+00:00
[2026-04-22T09:52:53.474+0000] {processor.py:183} INFO - Processing /opt/airflow/dags/DagScraper.py took 0.463 seconds
[2026-04-22T09:53:23.665+0000] {processor.py:161} INFO - Started process (PID=964) to work on /opt/airflow/dags/DagScraper.py
[2026-04-22T09:53:23.666+0000] {processor.py:830} INFO - Processing file /opt/airflow/dags/DagScraper.py for tasks to queue
[2026-04-22T09:53:23.669+0000] {logging_mixin.py:188} INFO - [2026-04-22T09:53:23.669+0000] {dagbag.py:545} INFO - Filling up the DagBag from /opt/airflow/dags/DagScraper.py
[2026-04-22T09:53:23.717+0000] {processor.py:840} INFO - DAG(s) 'dag_scraping_offres_emploi' retrieved from /opt/airflow/dags/DagScraper.py
[2026-04-22T09:53:23.779+0000] {logging_mixin.py:188} INFO - [2026-04-22T09:53:23.778+0000] {dag.py:3096} INFO - Sync 1 DAGs
[2026-04-22T09:53:23.822+0000] {logging_mixin.py:188} INFO - [2026-04-22T09:53:23.821+0000] {dag.py:3954} INFO - Setting next_dagrun for dag_scraping_offres_emploi to 2026-04-22 00:00:00+00:00, run_after=2026-04-22 06:00:00+00:00
[2026-04-22T09:53:23.857+0000] {processor.py:183} INFO - Processing /opt/airflow/dags/DagScraper.py took 0.205 seconds
[2026-04-22T09:53:54.135+0000] {processor.py:161} INFO - Started process (PID=978) to work on /opt/airflow/dags/DagScraper.py
[2026-04-22T09:53:54.136+0000] {processor.py:830} INFO - Processing file /opt/airflow/dags/DagScraper.py for tasks to queue
[2026-04-22T09:53:54.144+0000] {logging_mixin.py:188} INFO - [2026-04-22T09:53:54.143+0000] {dagbag.py:545} INFO - Filling up the DagBag from /opt/airflow/dags/DagScraper.py
[2026-04-22T09:53:54.187+0000] {processor.py:840} INFO - DAG(s) 'dag_scraping_offres_emploi' retrieved from /opt/airflow/dags/DagScraper.py
[2026-04-22T09:53:54.312+0000] {logging_mixin.py:188} INFO - [2026-04-22T09:53:54.311+0000] {dag.py:3096} INFO - Sync 1 DAGs
[2026-04-22T09:53:54.400+0000] {logging_mixin.py:188} INFO - [2026-04-22T09:53:54.400+0000] {dag.py:3954} INFO - Setting next_dagrun for dag_scraping_offres_emploi to 2026-04-22 00:00:00+00:00, run_after=2026-04-22 06:00:00+00:00
[2026-04-22T09:53:54.450+0000] {processor.py:183} INFO - Processing /opt/airflow/dags/DagScraper.py took 0.337 seconds
[2026-04-22T09:54:24.654+0000] {processor.py:161} INFO - Started process (PID=987) to work on /opt/airflow/dags/DagScraper.py
[2026-04-22T09:54:24.656+0000] {processor.py:830} INFO - Processing file /opt/airflow/dags/DagScraper.py for tasks to queue
[2026-04-22T09:54:24.659+0000] {logging_mixin.py:188} INFO - [2026-04-22T09:54:24.659+0000] {dagbag.py:545} INFO - Filling up the DagBag from /opt/airflow/dags/DagScraper.py
[2026-04-22T09:54:24.699+0000] {processor.py:840} INFO - DAG(s) 'dag_scraping_offres_emploi' retrieved from /opt/airflow/dags/DagScraper.py
[2026-04-22T09:54:24.785+0000] {logging_mixin.py:188} INFO - [2026-04-22T09:54:24.784+0000] {dag.py:3096} INFO - Sync 1 DAGs
[2026-04-22T09:54:24.882+0000] {logging_mixin.py:188} INFO - [2026-04-22T09:54:24.881+0000] {dag.py:3954} INFO - Setting next_dagrun for dag_scraping_offres_emploi to 2026-04-22 00:00:00+00:00, run_after=2026-04-22 06:00:00+00:00
[2026-04-22T09:54:24.944+0000] {processor.py:183} INFO - Processing /opt/airflow/dags/DagScraper.py took 0.302 seconds
