[2026-05-08T12:26:12.428+0000] {local_task_job_runner.py:120} INFO - ::group::Pre task execution logs
[2026-05-08T12:26:12.591+0000] {taskinstance.py:2076} INFO - Dependencies all met for dep_context=non-requeueable deps ti=<TaskInstance: job_intelligent_pipeline.etl_kafka scheduled__2026-05-07T06:00:00+00:00 [queued]>
[2026-05-08T12:26:12.659+0000] {taskinstance.py:2076} INFO - Dependencies all met for dep_context=requeueable deps ti=<TaskInstance: job_intelligent_pipeline.etl_kafka scheduled__2026-05-07T06:00:00+00:00 [queued]>
[2026-05-08T12:26:12.682+0000] {taskinstance.py:2306} INFO - Starting attempt 2 of 3
[2026-05-08T12:26:12.773+0000] {taskinstance.py:2330} INFO - Executing <Task(PythonOperator): etl_kafka> on 2026-05-07 06:00:00+00:00
[2026-05-08T12:26:12.787+0000] {warnings.py:112} WARNING - /home/***/.local/lib/python3.12/site-packages/***/task/task_runner/standard_task_runner.py:61: DeprecationWarning: This process (pid=192) is multi-threaded, use of fork() may lead to deadlocks in the child.
  pid = os.fork()

[2026-05-08T12:26:12.791+0000] {standard_task_runner.py:63} INFO - Started process 193 to run task
[2026-05-08T12:26:12.798+0000] {standard_task_runner.py:90} INFO - Running: ['***', 'tasks', 'run', 'job_intelligent_pipeline', 'etl_kafka', 'scheduled__2026-05-07T06:00:00+00:00', '--job-id', '405', '--raw', '--subdir', 'DAGS_FOLDER/dag_job_intelligent.py', '--cfg-path', '/tmp/tmp77eyzf8j']
[2026-05-08T12:26:12.802+0000] {standard_task_runner.py:91} INFO - Job 405: Subtask etl_kafka
[2026-05-08T12:26:12.931+0000] {task_command.py:426} INFO - Running <TaskInstance: job_intelligent_pipeline.etl_kafka scheduled__2026-05-07T06:00:00+00:00 [running]> on host 82bd505ce5dd
[2026-05-08T12:26:13.244+0000] {taskinstance.py:2648} INFO - Exporting env vars: AIRFLOW_CTX_DAG_OWNER='job_intelligent' AIRFLOW_CTX_DAG_ID='job_intelligent_pipeline' AIRFLOW_CTX_TASK_ID='etl_kafka' AIRFLOW_CTX_EXECUTION_DATE='2026-05-07T06:00:00+00:00' AIRFLOW_CTX_TRY_NUMBER='2' AIRFLOW_CTX_DAG_RUN_ID='scheduled__2026-05-07T06:00:00+00:00'
[2026-05-08T12:26:13.246+0000] {taskinstance.py:430} INFO - ::endgroup::
[2026-05-08T12:26:13.333+0000] {taskinstance.py:441} INFO - ::group::Post task execution logs
[2026-05-08T12:26:13.334+0000] {taskinstance.py:2905} ERROR - Task failed with exception
Traceback (most recent call last):
  File "/home/airflow/.local/lib/python3.12/site-packages/airflow/models/taskinstance.py", line 460, in _execute_task
    result = _execute_callable(context=context, **execute_callable_kwargs)
             ^^^^^^^^^^^^^^^^^^^^^^^^^^^^^^^^^^^^^^^^^^^^^^^^^^^^^^^^^^^^^
  File "/home/airflow/.local/lib/python3.12/site-packages/airflow/models/taskinstance.py", line 432, in _execute_callable
    return execute_callable(context=context, **execute_callable_kwargs)
           ^^^^^^^^^^^^^^^^^^^^^^^^^^^^^^^^^^^^^^^^^^^^^^^^^^^^^^^^^^^^
  File "/home/airflow/.local/lib/python3.12/site-packages/airflow/models/baseoperator.py", line 401, in wrapper
    return func(self, *args, **kwargs)
           ^^^^^^^^^^^^^^^^^^^^^^^^^^^
  File "/home/airflow/.local/lib/python3.12/site-packages/airflow/operators/python.py", line 235, in execute
    return_value = self.execute_callable()
                   ^^^^^^^^^^^^^^^^^^^^^^^
  File "/home/airflow/.local/lib/python3.12/site-packages/airflow/operators/python.py", line 252, in execute_callable
    return self.python_callable(*self.op_args, **self.op_kwargs)
           ^^^^^^^^^^^^^^^^^^^^^^^^^^^^^^^^^^^^^^^^^^^^^^^^^^^^^
  File "/opt/airflow/dags/dag_job_intelligent.py", line 152, in task_etl_kafka
    from kafka import KafkaConsumer
  File "/home/airflow/.local/lib/python3.12/site-packages/kafka/__init__.py", line 23, in <module>
    from kafka.consumer import KafkaConsumer
  File "/home/airflow/.local/lib/python3.12/site-packages/kafka/consumer/__init__.py", line 3, in <module>
    from kafka.consumer.group import KafkaConsumer
  File "/home/airflow/.local/lib/python3.12/site-packages/kafka/consumer/group.py", line 13, in <module>
    from kafka.consumer.fetcher import Fetcher
  File "/home/airflow/.local/lib/python3.12/site-packages/kafka/consumer/fetcher.py", line 19, in <module>
    from kafka.record import MemoryRecords
  File "/home/airflow/.local/lib/python3.12/site-packages/kafka/record/__init__.py", line 1, in <module>
    from kafka.record.memory_records import MemoryRecords, MemoryRecordsBuilder
  File "/home/airflow/.local/lib/python3.12/site-packages/kafka/record/memory_records.py", line 27, in <module>
    from kafka.record.legacy_records import LegacyRecordBatch, LegacyRecordBatchBuilder
  File "/home/airflow/.local/lib/python3.12/site-packages/kafka/record/legacy_records.py", line 50, in <module>
    from kafka.codec import (
  File "/home/airflow/.local/lib/python3.12/site-packages/kafka/codec.py", line 9, in <module>
    from kafka.vendor.six.moves import range
ModuleNotFoundError: No module named 'kafka.vendor.six.moves'
[2026-05-08T12:26:13.363+0000] {taskinstance.py:1206} INFO - Marking task as UP_FOR_RETRY. dag_id=job_intelligent_pipeline, task_id=etl_kafka, run_id=scheduled__2026-05-07T06:00:00+00:00, execution_date=20260507T060000, start_date=20260508T122612, end_date=20260508T122613
[2026-05-08T12:26:13.412+0000] {standard_task_runner.py:110} ERROR - Failed to execute job 405 for task etl_kafka (No module named 'kafka.vendor.six.moves'; 193)
[2026-05-08T12:26:13.453+0000] {local_task_job_runner.py:240} INFO - Task exited with return code 1
[2026-05-08T12:26:13.558+0000] {taskinstance.py:3503} INFO - 0 downstream tasks scheduled from follow-on schedule check
[2026-05-08T12:26:13.565+0000] {local_task_job_runner.py:222} INFO - ::endgroup::
[2026-05-08T23:18:33.243+0000] {local_task_job_runner.py:120} INFO - ::group::Pre task execution logs
[2026-05-08T23:18:33.336+0000] {taskinstance.py:2076} INFO - Dependencies all met for dep_context=non-requeueable deps ti=<TaskInstance: job_intelligent_pipeline.etl_kafka scheduled__2026-05-07T06:00:00+00:00 [queued]>
[2026-05-08T23:18:33.364+0000] {taskinstance.py:2076} INFO - Dependencies all met for dep_context=requeueable deps ti=<TaskInstance: job_intelligent_pipeline.etl_kafka scheduled__2026-05-07T06:00:00+00:00 [queued]>
[2026-05-08T23:18:33.365+0000] {taskinstance.py:2306} INFO - Starting attempt 2 of 3
[2026-05-08T23:18:33.416+0000] {taskinstance.py:2330} INFO - Executing <Task(PythonOperator): etl_kafka> on 2026-05-07 06:00:00+00:00
[2026-05-08T23:18:33.429+0000] {standard_task_runner.py:90} INFO - Running: ['***', 'tasks', 'run', 'job_intelligent_pipeline', 'etl_kafka', 'scheduled__2026-05-07T06:00:00+00:00', '--job-id', '455', '--raw', '--subdir', 'DAGS_FOLDER/dag_job_intelligent .py', '--cfg-path', '/tmp/tmp8_c_f6_b']
[2026-05-08T23:18:33.430+0000] {warnings.py:112} WARNING - /home/***/.local/lib/python3.12/site-packages/***/task/task_runner/standard_task_runner.py:61: DeprecationWarning: This process (pid=5174) is multi-threaded, use of fork() may lead to deadlocks in the child.
  pid = os.fork()

[2026-05-08T23:18:33.433+0000] {standard_task_runner.py:91} INFO - Job 455: Subtask etl_kafka
[2026-05-08T23:18:33.433+0000] {standard_task_runner.py:63} INFO - Started process 5175 to run task
[2026-05-08T23:18:33.555+0000] {task_command.py:426} INFO - Running <TaskInstance: job_intelligent_pipeline.etl_kafka scheduled__2026-05-07T06:00:00+00:00 [running]> on host 82bd505ce5dd
[2026-05-08T23:18:33.854+0000] {taskinstance.py:2648} INFO - Exporting env vars: AIRFLOW_CTX_DAG_OWNER='job_intelligent' AIRFLOW_CTX_DAG_ID='job_intelligent_pipeline' AIRFLOW_CTX_TASK_ID='etl_kafka' AIRFLOW_CTX_EXECUTION_DATE='2026-05-07T06:00:00+00:00' AIRFLOW_CTX_TRY_NUMBER='2' AIRFLOW_CTX_DAG_RUN_ID='scheduled__2026-05-07T06:00:00+00:00'
[2026-05-08T23:18:33.861+0000] {taskinstance.py:430} INFO - ::endgroup::
[2026-05-08T23:18:33.982+0000] {taskinstance.py:441} INFO - ::group::Post task execution logs
[2026-05-08T23:18:33.983+0000] {taskinstance.py:2905} ERROR - Task failed with exception
Traceback (most recent call last):
  File "/home/airflow/.local/lib/python3.12/site-packages/airflow/models/taskinstance.py", line 460, in _execute_task
    result = _execute_callable(context=context, **execute_callable_kwargs)
             ^^^^^^^^^^^^^^^^^^^^^^^^^^^^^^^^^^^^^^^^^^^^^^^^^^^^^^^^^^^^^
  File "/home/airflow/.local/lib/python3.12/site-packages/airflow/models/taskinstance.py", line 432, in _execute_callable
    return execute_callable(context=context, **execute_callable_kwargs)
           ^^^^^^^^^^^^^^^^^^^^^^^^^^^^^^^^^^^^^^^^^^^^^^^^^^^^^^^^^^^^
  File "/home/airflow/.local/lib/python3.12/site-packages/airflow/models/baseoperator.py", line 401, in wrapper
    return func(self, *args, **kwargs)
           ^^^^^^^^^^^^^^^^^^^^^^^^^^^
  File "/home/airflow/.local/lib/python3.12/site-packages/airflow/operators/python.py", line 235, in execute
    return_value = self.execute_callable()
                   ^^^^^^^^^^^^^^^^^^^^^^^
  File "/home/airflow/.local/lib/python3.12/site-packages/airflow/operators/python.py", line 252, in execute_callable
    return self.python_callable(*self.op_args, **self.op_kwargs)
           ^^^^^^^^^^^^^^^^^^^^^^^^^^^^^^^^^^^^^^^^^^^^^^^^^^^^^
  File "/opt/airflow/dags/dag_job_intelligent .py", line 81, in task_etl_kafka
    from scripts.kafka_pipeline import run_etl_batch
ModuleNotFoundError: No module named 'scripts.kafka_pipeline'
[2026-05-08T23:18:34.038+0000] {taskinstance.py:1206} INFO - Marking task as UP_FOR_RETRY. dag_id=job_intelligent_pipeline, task_id=etl_kafka, run_id=scheduled__2026-05-07T06:00:00+00:00, execution_date=20260507T060000, start_date=20260508T231833, end_date=20260508T231834
[2026-05-08T23:18:34.086+0000] {standard_task_runner.py:110} ERROR - Failed to execute job 455 for task etl_kafka (No module named 'scripts.kafka_pipeline'; 5175)
[2026-05-08T23:18:34.109+0000] {local_task_job_runner.py:240} INFO - Task exited with return code 1
[2026-05-08T23:18:34.171+0000] {taskinstance.py:3503} INFO - 0 downstream tasks scheduled from follow-on schedule check
[2026-05-08T23:18:34.183+0000] {local_task_job_runner.py:222} INFO - ::endgroup::
