[2026-04-26T22:23:32.880+0000] {local_task_job_runner.py:120} INFO - ::group::Pre task execution logs
[2026-04-26T22:23:33.010+0000] {taskinstance.py:2076} INFO - Dependencies all met for dep_context=non-requeueable deps ti=<TaskInstance: job_intelligent_pipeline.check_quality scheduled__2026-04-25T06:00:00+00:00 [queued]>
[2026-04-26T22:23:33.117+0000] {taskinstance.py:2076} INFO - Dependencies all met for dep_context=requeueable deps ti=<TaskInstance: job_intelligent_pipeline.check_quality scheduled__2026-04-25T06:00:00+00:00 [queued]>
[2026-04-26T22:23:33.119+0000] {taskinstance.py:2306} INFO - Starting attempt 1 of 3
[2026-04-26T22:23:33.278+0000] {taskinstance.py:2330} INFO - Executing <Task(PythonOperator): check_quality> on 2026-04-25 06:00:00+00:00
[2026-04-26T22:23:33.294+0000] {warnings.py:112} WARNING - /home/***/.local/lib/python3.12/site-packages/***/task/task_runner/standard_task_runner.py:61: DeprecationWarning: This process (pid=257) is multi-threaded, use of fork() may lead to deadlocks in the child.
  pid = os.fork()

[2026-04-26T22:23:33.298+0000] {standard_task_runner.py:63} INFO - Started process 258 to run task
[2026-04-26T22:23:33.309+0000] {standard_task_runner.py:90} INFO - Running: ['***', 'tasks', 'run', 'job_intelligent_pipeline', 'check_quality', 'scheduled__2026-04-25T06:00:00+00:00', '--job-id', '40', '--raw', '--subdir', 'DAGS_FOLDER/dag_job_intelligent.py', '--cfg-path', '/tmp/tmpwsche720']
[2026-04-26T22:23:33.312+0000] {standard_task_runner.py:91} INFO - Job 40: Subtask check_quality
[2026-04-26T22:23:33.841+0000] {task_command.py:426} INFO - Running <TaskInstance: job_intelligent_pipeline.check_quality scheduled__2026-04-25T06:00:00+00:00 [running]> on host 31133b84880c
[2026-04-26T22:23:34.941+0000] {taskinstance.py:2648} INFO - Exporting env vars: AIRFLOW_CTX_DAG_OWNER='job_intelligent' AIRFLOW_CTX_DAG_ID='job_intelligent_pipeline' AIRFLOW_CTX_TASK_ID='check_quality' AIRFLOW_CTX_EXECUTION_DATE='2026-04-25T06:00:00+00:00' AIRFLOW_CTX_TRY_NUMBER='1' AIRFLOW_CTX_DAG_RUN_ID='scheduled__2026-04-25T06:00:00+00:00'
[2026-04-26T22:23:34.958+0000] {taskinstance.py:430} INFO - ::endgroup::
[2026-04-26T22:23:35.534+0000] {logging_mixin.py:188} INFO - =======================================================
[2026-04-26T22:23:35.537+0000] {logging_mixin.py:188} INFO -   RAPPORT PIPELINE JOB INTELLIGENT
[2026-04-26T22:23:35.539+0000] {logging_mixin.py:188} INFO - =======================================================
[2026-04-26T22:23:35.544+0000] {logging_mixin.py:188} INFO -   Rekrute        : {'status': 'erreur', 'message': 'HTTPConnectionPool(host=\'scraper_api\', port=8000): Max retries exceeded with url: /scrape/rekrute (Caused by NameResolutionError("<urllib3.connection.HTTPConnection object at 0x7ffbcf9c3a40>: Failed to resolve \'scraper_api\' ([Errno -2] Name or service not known)"))'}
[2026-04-26T22:23:35.550+0000] {logging_mixin.py:188} INFO -   France Travail : {'status': 'erreur', 'message': 'HTTPConnectionPool(host=\'scraper_api\', port=8000): Max retries exceeded with url: /scrape/france_travail (Caused by NameResolutionError("<urllib3.connection.HTTPConnection object at 0x7ffbcf9cba40>: Failed to resolve \'scraper_api\' ([Errno -2] Name or service not known)"))'}
[2026-04-26T22:23:35.553+0000] {logging_mixin.py:188} INFO -   Adzuna         : {'status': 'erreur', 'message': 'HTTPConnectionPool(host=\'scraper_api\', port=8000): Max retries exceeded with url: /scrape/adzuna (Caused by NameResolutionError("<urllib3.connection.HTTPConnection object at 0x7ffbcf9111f0>: Failed to resolve \'scraper_api\' ([Errno -2] Name or service not known)"))'}
[2026-04-26T22:23:35.555+0000] {logging_mixin.py:188} INFO -   Kafka lus      : 0
[2026-04-26T22:23:35.556+0000] {logging_mixin.py:188} INFO -   ETL transformes: 0
[2026-04-26T22:23:35.559+0000] {logging_mixin.py:188} INFO -   MySQL charges  : 0
[2026-04-26T22:23:35.563+0000] {logging_mixin.py:188} INFO -   Doublons       : 0
[2026-04-26T22:23:35.564+0000] {logging_mixin.py:188} INFO -   Erreurs        : 0
[2026-04-26T22:23:35.565+0000] {logging_mixin.py:188} INFO - =======================================================
[2026-04-26T22:23:35.566+0000] {logging_mixin.py:188} INFO - [Qualite] Verification OK
[2026-04-26T22:23:35.573+0000] {python.py:237} INFO - Done. Returned value was: {'kafka_lus': 0, 'etl_transformes': 0, 'mysql_charges': 0, 'doublons': 0, 'erreurs': 0}
[2026-04-26T22:23:35.586+0000] {taskinstance.py:441} INFO - ::group::Post task execution logs
[2026-04-26T22:23:35.886+0000] {taskinstance.py:1206} INFO - Marking task as SUCCESS. dag_id=job_intelligent_pipeline, task_id=check_quality, run_id=scheduled__2026-04-25T06:00:00+00:00, execution_date=20260425T060000, start_date=20260426T222333, end_date=20260426T222335
[2026-04-26T22:23:36.067+0000] {local_task_job_runner.py:240} INFO - Task exited with return code 0
[2026-04-26T22:23:36.171+0000] {taskinstance.py:3503} INFO - 0 downstream tasks scheduled from follow-on schedule check
[2026-04-26T22:23:36.221+0000] {local_task_job_runner.py:222} INFO - ::endgroup::
