[2026-05-11T11:04:43.866+0000] {local_task_job_runner.py:120} INFO - ::group::Pre task execution logs
[2026-05-11T11:04:44.113+0000] {taskinstance.py:2076} INFO - Dependencies all met for dep_context=non-requeueable deps ti=<TaskInstance: job_intelligent_pipeline_simplified.check_quality manual__2026-05-11T10:42:53.206022+00:00 [queued]>
[2026-05-11T11:04:44.223+0000] {taskinstance.py:2076} INFO - Dependencies all met for dep_context=requeueable deps ti=<TaskInstance: job_intelligent_pipeline_simplified.check_quality manual__2026-05-11T10:42:53.206022+00:00 [queued]>
[2026-05-11T11:04:44.238+0000] {taskinstance.py:2306} INFO - Starting attempt 1 of 3
[2026-05-11T11:04:44.396+0000] {taskinstance.py:2330} INFO - Executing <Task(PythonOperator): check_quality> on 2026-05-11 10:42:53.206022+00:00
[2026-05-11T11:04:44.421+0000] {warnings.py:112} WARNING - /home/***/.local/lib/python3.12/site-packages/***/task/task_runner/standard_task_runner.py:61: DeprecationWarning: This process (pid=767) is multi-threaded, use of fork() may lead to deadlocks in the child.
  pid = os.fork()

[2026-05-11T11:04:44.428+0000] {standard_task_runner.py:63} INFO - Started process 768 to run task
[2026-05-11T11:04:44.451+0000] {standard_task_runner.py:90} INFO - Running: ['***', 'tasks', 'run', 'job_intelligent_pipeline_simplified', 'check_quality', 'manual__2026-05-11T10:42:53.206022+00:00', '--job-id', '514', '--raw', '--subdir', 'DAGS_FOLDER/__pycache__/job_intelligent_pipeline.py', '--cfg-path', '/tmp/tmp1iten_zn']
[2026-05-11T11:04:44.465+0000] {standard_task_runner.py:91} INFO - Job 514: Subtask check_quality
[2026-05-11T11:04:45.077+0000] {task_command.py:426} INFO - Running <TaskInstance: job_intelligent_pipeline_simplified.check_quality manual__2026-05-11T10:42:53.206022+00:00 [running]> on host 895ca0ce75a2
[2026-05-11T11:04:46.541+0000] {taskinstance.py:2648} INFO - Exporting env vars: AIRFLOW_CTX_DAG_OWNER='job_intelligent' AIRFLOW_CTX_DAG_ID='job_intelligent_pipeline_simplified' AIRFLOW_CTX_TASK_ID='check_quality' AIRFLOW_CTX_EXECUTION_DATE='2026-05-11T10:42:53.206022+00:00' AIRFLOW_CTX_TRY_NUMBER='1' AIRFLOW_CTX_DAG_RUN_ID='manual__2026-05-11T10:42:53.206022+00:00'
[2026-05-11T11:04:46.558+0000] {taskinstance.py:430} INFO - ::endgroup::
[2026-05-11T11:04:47.179+0000] {logging_mixin.py:188} INFO - =======================================================
[2026-05-11T11:04:47.180+0000] {logging_mixin.py:188} INFO -   RAPPORT PIPELINE JOB INTELLIGENT
[2026-05-11T11:04:47.182+0000] {logging_mixin.py:188} INFO - =======================================================
[2026-05-11T11:04:47.295+0000] {logging_mixin.py:188} INFO -   Rekrute        : {'status': 'erreur', 'message': 'HTTPConnectionPool(host=\'scraper_api\', port=8000): Max retries exceeded with url: /scrape/rekrute (Caused by NameResolutionError("<urllib3.connection.HTTPConnection object at 0x7fd2d33adc40>: Failed to resolve \'scraper_api\' ([Errno -2] Name or service not known)"))'}
[2026-05-11T11:04:47.434+0000] {logging_mixin.py:188} INFO -   France Travail : {'status': 'erreur', 'message': 'HTTPConnectionPool(host=\'scraper_api\', port=8000): Max retries exceeded with url: /scrape/france_travail (Caused by NameResolutionError("<urllib3.connection.HTTPConnection object at 0x7fd2d346ac00>: Failed to resolve \'scraper_api\' ([Errno -2] Name or service not known)"))'}
[2026-05-11T11:04:47.782+0000] {logging_mixin.py:188} INFO -   Adzuna         : {'status': 'erreur', 'message': 'HTTPConnectionPool(host=\'scraper_api\', port=8000): Max retries exceeded with url: /scrape/adzuna (Caused by NameResolutionError("<urllib3.connection.HTTPConnection object at 0x7fd2d3584d10>: Failed to resolve \'scraper_api\' ([Errno -2] Name or service not known)"))'}
[2026-05-11T11:04:47.801+0000] {logging_mixin.py:188} INFO -   Offres brutes lues depuis MinIO : 0
[2026-05-11T11:04:47.817+0000] {logging_mixin.py:188} INFO -   ETL transformés : 0
[2026-05-11T11:04:47.833+0000] {logging_mixin.py:188} INFO -   MySQL chargées  : 0
[2026-05-11T11:04:47.849+0000] {logging_mixin.py:188} INFO -   Doublons        : 0
[2026-05-11T11:04:47.869+0000] {logging_mixin.py:188} INFO -   Erreurs         : 0
[2026-05-11T11:04:47.885+0000] {logging_mixin.py:188} INFO - =======================================================
[2026-05-11T11:04:47.900+0000] {python.py:237} INFO - Done. Returned value was: {'status': 'success'}
[2026-05-11T11:04:47.916+0000] {taskinstance.py:441} INFO - ::group::Post task execution logs
[2026-05-11T11:04:48.347+0000] {taskinstance.py:1206} INFO - Marking task as SUCCESS. dag_id=job_intelligent_pipeline_simplified, task_id=check_quality, run_id=manual__2026-05-11T10:42:53.206022+00:00, execution_date=20260511T104253, start_date=20260511T110444, end_date=20260511T110448
[2026-05-11T11:04:48.548+0000] {local_task_job_runner.py:240} INFO - Task exited with return code 0
[2026-05-11T11:04:48.643+0000] {taskinstance.py:3503} INFO - 0 downstream tasks scheduled from follow-on schedule check
[2026-05-11T11:04:48.697+0000] {local_task_job_runner.py:222} INFO - ::endgroup::
