[2026-04-27T09:20:49.836+0000] {local_task_job_runner.py:120} INFO - ::group::Pre task execution logs
[2026-04-27T09:20:50.742+0000] {taskinstance.py:2076} INFO - Dependencies all met for dep_context=non-requeueable deps ti=<TaskInstance: job_intelligent_pipeline.wait_scraping scheduled__2026-04-26T06:00:00+00:00 [queued]>
[2026-04-27T09:20:51.203+0000] {taskinstance.py:2076} INFO - Dependencies all met for dep_context=requeueable deps ti=<TaskInstance: job_intelligent_pipeline.wait_scraping scheduled__2026-04-26T06:00:00+00:00 [queued]>
[2026-04-27T09:20:51.205+0000] {taskinstance.py:2306} INFO - Starting attempt 1 of 3
[2026-04-27T09:20:51.580+0000] {taskinstance.py:2330} INFO - Executing <Task(PythonOperator): wait_scraping> on 2026-04-26 06:00:00+00:00
[2026-04-27T09:20:51.720+0000] {warnings.py:112} WARNING - /home/***/.local/lib/python3.12/site-packages/***/task/task_runner/standard_task_runner.py:61: DeprecationWarning: This process (pid=959) is multi-threaded, use of fork() may lead to deadlocks in the child.
  pid = os.fork()

[2026-04-27T09:20:51.861+0000] {standard_task_runner.py:63} INFO - Started process 960 to run task
[2026-04-27T09:20:51.944+0000] {standard_task_runner.py:90} INFO - Running: ['***', 'tasks', 'run', 'job_intelligent_pipeline', 'wait_scraping', 'scheduled__2026-04-26T06:00:00+00:00', '--job-id', '116', '--raw', '--subdir', 'DAGS_FOLDER/dag_job_intelligent.py', '--cfg-path', '/tmp/tmp18uwa1zl']
[2026-04-27T09:20:51.959+0000] {standard_task_runner.py:91} INFO - Job 116: Subtask wait_scraping
[2026-04-27T09:20:54.071+0000] {task_command.py:426} INFO - Running <TaskInstance: job_intelligent_pipeline.wait_scraping scheduled__2026-04-26T06:00:00+00:00 [running]> on host 29da1de14b83
[2026-04-27T09:20:56.985+0000] {taskinstance.py:2648} INFO - Exporting env vars: AIRFLOW_CTX_DAG_OWNER='job_intelligent' AIRFLOW_CTX_DAG_ID='job_intelligent_pipeline' AIRFLOW_CTX_TASK_ID='wait_scraping' AIRFLOW_CTX_EXECUTION_DATE='2026-04-26T06:00:00+00:00' AIRFLOW_CTX_TRY_NUMBER='1' AIRFLOW_CTX_DAG_RUN_ID='scheduled__2026-04-26T06:00:00+00:00'
[2026-04-27T09:20:57.067+0000] {taskinstance.py:430} INFO - ::endgroup::
[2026-04-27T09:20:57.941+0000] {logging_mixin.py:188} INFO - [Wait] Attente de 60s pour laisser le scraping se terminer...
[2026-04-27T09:21:57.961+0000] {logging_mixin.py:188} INFO - [Wait] Scraping suppose termine.
[2026-04-27T09:21:58.020+0000] {python.py:237} INFO - Done. Returned value was: None
[2026-04-27T09:21:58.037+0000] {taskinstance.py:441} INFO - ::group::Post task execution logs
[2026-04-27T09:21:58.284+0000] {taskinstance.py:1206} INFO - Marking task as SUCCESS. dag_id=job_intelligent_pipeline, task_id=wait_scraping, run_id=scheduled__2026-04-26T06:00:00+00:00, execution_date=20260426T060000, start_date=20260427T092050, end_date=20260427T092158
[2026-04-27T09:21:58.517+0000] {local_task_job_runner.py:240} INFO - Task exited with return code 0
[2026-04-27T09:21:58.800+0000] {taskinstance.py:3503} INFO - 1 downstream tasks scheduled from follow-on schedule check
[2026-04-27T09:21:58.822+0000] {local_task_job_runner.py:222} INFO - ::endgroup::
