[2026-05-11T20:27:12.198+0000] {local_task_job_runner.py:120} INFO - ::group::Pre task execution logs
[2026-05-11T20:27:12.335+0000] {taskinstance.py:2076} INFO - Dependencies all met for dep_context=non-requeueable deps ti=<TaskInstance: job_intelligent_pipeline_simplified.load_star_schema scheduled__2026-05-10T06:00:00+00:00 [queued]>
[2026-05-11T20:27:12.373+0000] {taskinstance.py:2076} INFO - Dependencies all met for dep_context=requeueable deps ti=<TaskInstance: job_intelligent_pipeline_simplified.load_star_schema scheduled__2026-05-10T06:00:00+00:00 [queued]>
[2026-05-11T20:27:12.382+0000] {taskinstance.py:2306} INFO - Starting attempt 1 of 3
[2026-05-11T20:27:12.433+0000] {taskinstance.py:2330} INFO - Executing <Task(PythonOperator): load_star_schema> on 2026-05-10 06:00:00+00:00
[2026-05-11T20:27:12.449+0000] {warnings.py:110} WARNING - /home/***/.local/lib/python3.12/site-packages/***/task/task_runner/standard_task_runner.py:61: DeprecationWarning: This process (pid=119) is multi-threaded, use of fork() may lead to deadlocks in the child.
  pid = os.fork()

[2026-05-11T20:27:12.454+0000] {standard_task_runner.py:63} INFO - Started process 120 to run task
[2026-05-11T20:27:12.462+0000] {standard_task_runner.py:90} INFO - Running: ['***', 'tasks', 'run', 'job_intelligent_pipeline_simplified', 'load_star_schema', 'scheduled__2026-05-10T06:00:00+00:00', '--job-id', '8', '--raw', '--subdir', 'DAGS_FOLDER/__pycache__/job_intelligent_pipeline.py', '--cfg-path', '/tmp/tmppgxxrmed']
[2026-05-11T20:27:12.469+0000] {standard_task_runner.py:91} INFO - Job 8: Subtask load_star_schema
[2026-05-11T20:27:12.695+0000] {task_command.py:426} INFO - Running <TaskInstance: job_intelligent_pipeline_simplified.load_star_schema scheduled__2026-05-10T06:00:00+00:00 [running]> on host aafb6b060567
[2026-05-11T20:27:13.170+0000] {taskinstance.py:2648} INFO - Exporting env vars: AIRFLOW_CTX_DAG_OWNER='job_intelligent' AIRFLOW_CTX_DAG_ID='job_intelligent_pipeline_simplified' AIRFLOW_CTX_TASK_ID='load_star_schema' AIRFLOW_CTX_EXECUTION_DATE='2026-05-10T06:00:00+00:00' AIRFLOW_CTX_TRY_NUMBER='1' AIRFLOW_CTX_DAG_RUN_ID='scheduled__2026-05-10T06:00:00+00:00'
[2026-05-11T20:27:13.172+0000] {taskinstance.py:430} INFO - ::endgroup::
[2026-05-11T20:27:13.866+0000] {logging_mixin.py:188} INFO - [Load] 0 offres lues depuis MinIO gold
[2026-05-11T20:27:13.919+0000] {python.py:237} INFO - Done. Returned value was: {'charge': 0}
[2026-05-11T20:27:13.921+0000] {taskinstance.py:441} INFO - ::group::Post task execution logs
[2026-05-11T20:27:14.000+0000] {taskinstance.py:1206} INFO - Marking task as SUCCESS. dag_id=job_intelligent_pipeline_simplified, task_id=load_star_schema, run_id=scheduled__2026-05-10T06:00:00+00:00, execution_date=20260510T060000, start_date=20260511T202712, end_date=20260511T202714
[2026-05-11T20:27:14.074+0000] {local_task_job_runner.py:240} INFO - Task exited with return code 0
[2026-05-11T20:27:14.186+0000] {taskinstance.py:3498} INFO - 1 downstream tasks scheduled from follow-on schedule check
[2026-05-11T20:27:14.200+0000] {local_task_job_runner.py:222} INFO - ::endgroup::
