[2026-05-11T15:47:36.297+0000] {local_task_job_runner.py:120} INFO - ::group::Pre task execution logs
[2026-05-11T15:47:36.862+0000] {taskinstance.py:2076} INFO - Dependencies all met for dep_context=non-requeueable deps ti=<TaskInstance: job_intelligent_pipeline_simplified.check_quality manual__2026-05-11T15:36:06.864342+00:00 [queued]>
[2026-05-11T15:47:36.932+0000] {taskinstance.py:2076} INFO - Dependencies all met for dep_context=requeueable deps ti=<TaskInstance: job_intelligent_pipeline_simplified.check_quality manual__2026-05-11T15:36:06.864342+00:00 [queued]>
[2026-05-11T15:47:36.934+0000] {taskinstance.py:2306} INFO - Starting attempt 1 of 3
[2026-05-11T15:47:37.074+0000] {taskinstance.py:2330} INFO - Executing <Task(PythonOperator): check_quality> on 2026-05-11 15:36:06.864342+00:00
[2026-05-11T15:47:37.127+0000] {warnings.py:110} WARNING - /home/***/.local/lib/python3.12/site-packages/***/task/task_runner/standard_task_runner.py:61: DeprecationWarning: This process (pid=326) is multi-threaded, use of fork() may lead to deadlocks in the child.
  pid = os.fork()

[2026-05-11T15:47:37.146+0000] {standard_task_runner.py:63} INFO - Started process 334 to run task
[2026-05-11T15:47:37.155+0000] {standard_task_runner.py:90} INFO - Running: ['***', 'tasks', 'run', 'job_intelligent_pipeline_simplified', 'check_quality', 'manual__2026-05-11T15:36:06.864342+00:00', '--job-id', '30', '--raw', '--subdir', 'DAGS_FOLDER/__pycache__/job_intelligent_pipeline.py', '--cfg-path', '/tmp/tmpv277gov8']
[2026-05-11T15:47:37.170+0000] {standard_task_runner.py:91} INFO - Job 30: Subtask check_quality
[2026-05-11T15:47:37.793+0000] {task_command.py:426} INFO - Running <TaskInstance: job_intelligent_pipeline_simplified.check_quality manual__2026-05-11T15:36:06.864342+00:00 [running]> on host 0cb8c084b239
[2026-05-11T15:47:38.766+0000] {taskinstance.py:2648} INFO - Exporting env vars: AIRFLOW_CTX_DAG_OWNER='job_intelligent' AIRFLOW_CTX_DAG_ID='job_intelligent_pipeline_simplified' AIRFLOW_CTX_TASK_ID='check_quality' AIRFLOW_CTX_EXECUTION_DATE='2026-05-11T15:36:06.864342+00:00' AIRFLOW_CTX_TRY_NUMBER='1' AIRFLOW_CTX_DAG_RUN_ID='manual__2026-05-11T15:36:06.864342+00:00'
[2026-05-11T15:47:38.779+0000] {taskinstance.py:430} INFO - ::endgroup::
[2026-05-11T15:47:39.701+0000] {logging_mixin.py:188} INFO - =======================================================
[2026-05-11T15:47:39.785+0000] {logging_mixin.py:188} INFO -   RAPPORT PIPELINE JOB INTELLIGENT
[2026-05-11T15:47:39.849+0000] {logging_mixin.py:188} INFO - =======================================================
[2026-05-11T15:47:40.046+0000] {logging_mixin.py:188} INFO -   Rekrute        : {'status': 'erreur', 'message': 'HTTPConnectionPool(host=\'scraper_api\', port=8000): Max retries exceeded with url: /scrape/rekrute (Caused by NameResolutionError("<urllib3.connection.HTTPConnection object at 0x70b96bf64f20>: Failed to resolve \'scraper_api\' ([Errno -2] Name or service not known)"))'}
[2026-05-11T15:47:40.141+0000] {logging_mixin.py:188} INFO -   France Travail : {'status': 'erreur', 'message': 'HTTPConnectionPool(host=\'scraper_api\', port=8000): Max retries exceeded with url: /scrape/france_travail (Caused by NameResolutionError("<urllib3.connection.HTTPConnection object at 0x70b96bb17380>: Failed to resolve \'scraper_api\' ([Errno -2] Name or service not known)"))'}
[2026-05-11T15:47:40.221+0000] {logging_mixin.py:188} INFO -   Adzuna         : {'status': 'erreur', 'message': 'HTTPConnectionPool(host=\'scraper_api\', port=8000): Max retries exceeded with url: /scrape/adzuna (Caused by NameResolutionError("<urllib3.connection.HTTPConnection object at 0x70b96b88e060>: Failed to resolve \'scraper_api\' ([Errno -2] Name or service not known)"))'}
[2026-05-11T15:47:40.225+0000] {logging_mixin.py:188} INFO -   Offres brutes lues depuis MinIO : 0
[2026-05-11T15:47:40.229+0000] {logging_mixin.py:188} INFO -   ETL transformés : 0
[2026-05-11T15:47:40.231+0000] {logging_mixin.py:188} INFO -   MySQL chargées  : 0
[2026-05-11T15:47:40.232+0000] {logging_mixin.py:188} INFO -   Doublons        : 0
[2026-05-11T15:47:40.237+0000] {logging_mixin.py:188} INFO -   Erreurs         : 0
[2026-05-11T15:47:40.240+0000] {logging_mixin.py:188} INFO - =======================================================
[2026-05-11T15:47:40.241+0000] {python.py:237} INFO - Done. Returned value was: {'status': 'success'}
[2026-05-11T15:47:40.245+0000] {taskinstance.py:441} INFO - ::group::Post task execution logs
[2026-05-11T15:47:40.525+0000] {taskinstance.py:1206} INFO - Marking task as SUCCESS. dag_id=job_intelligent_pipeline_simplified, task_id=check_quality, run_id=manual__2026-05-11T15:36:06.864342+00:00, execution_date=20260511T153606, start_date=20260511T154736, end_date=20260511T154740
[2026-05-11T15:47:40.659+0000] {local_task_job_runner.py:240} INFO - Task exited with return code 0
[2026-05-11T15:47:41.015+0000] {taskinstance.py:3498} INFO - 0 downstream tasks scheduled from follow-on schedule check
[2026-05-11T15:47:41.034+0000] {local_task_job_runner.py:222} INFO - ::endgroup::
