[2026-05-08T17:47:19.906+0000] {local_task_job_runner.py:120} INFO - ::group::Pre task execution logs
[2026-05-08T17:47:20.101+0000] {taskinstance.py:2076} INFO - Dependencies all met for dep_context=non-requeueable deps ti=<TaskInstance: job_intelligent_pipeline.scrape_france_travail manual__2026-05-08T17:47:16.019511+00:00 [queued]>
[2026-05-08T17:47:20.175+0000] {taskinstance.py:2076} INFO - Dependencies all met for dep_context=requeueable deps ti=<TaskInstance: job_intelligent_pipeline.scrape_france_travail manual__2026-05-08T17:47:16.019511+00:00 [queued]>
[2026-05-08T17:47:20.176+0000] {taskinstance.py:2306} INFO - Starting attempt 1 of 3
[2026-05-08T17:47:20.383+0000] {taskinstance.py:2330} INFO - Executing <Task(PythonOperator): scrape_france_travail> on 2026-05-08 17:47:16.019511+00:00
[2026-05-08T17:47:20.408+0000] {warnings.py:112} WARNING - /home/***/.local/lib/python3.12/site-packages/***/task/task_runner/standard_task_runner.py:61: DeprecationWarning: This process (pid=945) is multi-threaded, use of fork() may lead to deadlocks in the child.
  pid = os.fork()

[2026-05-08T17:47:20.412+0000] {standard_task_runner.py:63} INFO - Started process 948 to run task
[2026-05-08T17:47:20.405+0000] {standard_task_runner.py:90} INFO - Running: ['***', 'tasks', 'run', 'job_intelligent_pipeline', 'scrape_france_travail', 'manual__2026-05-08T17:47:16.019511+00:00', '--job-id', '420', '--raw', '--subdir', 'DAGS_FOLDER/dag_job_intelligent .py', '--cfg-path', '/tmp/tmps0qj3xp9']
[2026-05-08T17:47:20.426+0000] {standard_task_runner.py:91} INFO - Job 420: Subtask scrape_france_travail
[2026-05-08T17:47:20.657+0000] {task_command.py:426} INFO - Running <TaskInstance: job_intelligent_pipeline.scrape_france_travail manual__2026-05-08T17:47:16.019511+00:00 [running]> on host 82bd505ce5dd
[2026-05-08T17:47:21.591+0000] {taskinstance.py:2648} INFO - Exporting env vars: AIRFLOW_CTX_DAG_OWNER='job_intelligent' AIRFLOW_CTX_DAG_ID='job_intelligent_pipeline' AIRFLOW_CTX_TASK_ID='scrape_france_travail' AIRFLOW_CTX_EXECUTION_DATE='2026-05-08T17:47:16.019511+00:00' AIRFLOW_CTX_TRY_NUMBER='1' AIRFLOW_CTX_DAG_RUN_ID='manual__2026-05-08T17:47:16.019511+00:00'
[2026-05-08T17:47:21.594+0000] {taskinstance.py:430} INFO - ::endgroup::
[2026-05-08T17:47:21.728+0000] {logging_mixin.py:188} INFO - [Scraping] POST http://scraper_api:8000/scrape/france_travail
[2026-05-08T17:47:25.203+0000] {logging_mixin.py:188} INFO - [Scraping] FranceTravail erreur : HTTPConnectionPool(host='scraper_api', port=8000): Max retries exceeded with url: /scrape/france_travail (Caused by NameResolutionError("<urllib3.connection.HTTPConnection object at 0x7fba05d97770>: Failed to resolve 'scraper_api' ([Errno -2] Name or service not known)"))
[2026-05-08T17:47:25.208+0000] {logging_mixin.py:188} INFO - [Scraping] FranceTravail : {'status': 'erreur', 'message': 'HTTPConnectionPool(host=\'scraper_api\', port=8000): Max retries exceeded with url: /scrape/france_travail (Caused by NameResolutionError("<urllib3.connection.HTTPConnection object at 0x7fba05d97770>: Failed to resolve \'scraper_api\' ([Errno -2] Name or service not known)"))'}
[2026-05-08T17:47:25.362+0000] {python.py:237} INFO - Done. Returned value was: {'status': 'erreur', 'message': 'HTTPConnectionPool(host=\'scraper_api\', port=8000): Max retries exceeded with url: /scrape/france_travail (Caused by NameResolutionError("<urllib3.connection.HTTPConnection object at 0x7fba05d97770>: Failed to resolve \'scraper_api\' ([Errno -2] Name or service not known)"))'}
[2026-05-08T17:47:25.365+0000] {taskinstance.py:441} INFO - ::group::Post task execution logs
[2026-05-08T17:47:25.763+0000] {taskinstance.py:1206} INFO - Marking task as SUCCESS. dag_id=job_intelligent_pipeline, task_id=scrape_france_travail, run_id=manual__2026-05-08T17:47:16.019511+00:00, execution_date=20260508T174716, start_date=20260508T174720, end_date=20260508T174725
[2026-05-08T17:47:25.923+0000] {local_task_job_runner.py:240} INFO - Task exited with return code 0
[2026-05-08T17:47:26.092+0000] {taskinstance.py:3503} INFO - 0 downstream tasks scheduled from follow-on schedule check
[2026-05-08T17:47:26.113+0000] {local_task_job_runner.py:222} INFO - ::endgroup::
