[2026-05-01T07:56:09.416+0000] {local_task_job_runner.py:120} INFO - ::group::Pre task execution logs
[2026-05-01T07:56:10.127+0000] {taskinstance.py:2076} INFO - Dependencies all met for dep_context=non-requeueable deps ti=<TaskInstance: job_intelligent_pipeline.scrape_adzuna manual__2026-04-30T21:21:32.547273+00:00 [queued]>
[2026-05-01T07:56:10.342+0000] {taskinstance.py:2076} INFO - Dependencies all met for dep_context=requeueable deps ti=<TaskInstance: job_intelligent_pipeline.scrape_adzuna manual__2026-04-30T21:21:32.547273+00:00 [queued]>
[2026-05-01T07:56:10.349+0000] {taskinstance.py:2306} INFO - Starting attempt 1 of 3
[2026-05-01T07:56:11.369+0000] {taskinstance.py:2330} INFO - Executing <Task(PythonOperator): scrape_adzuna> on 2026-04-30 21:21:32.547273+00:00
[2026-05-01T07:56:11.530+0000] {warnings.py:112} WARNING - /home/***/.local/lib/python3.12/site-packages/***/task/task_runner/standard_task_runner.py:61: DeprecationWarning: This process (pid=445) is multi-threaded, use of fork() may lead to deadlocks in the child.
  pid = os.fork()

[2026-05-01T07:56:11.727+0000] {standard_task_runner.py:63} INFO - Started process 454 to run task
[2026-05-01T07:56:11.658+0000] {standard_task_runner.py:90} INFO - Running: ['***', 'tasks', 'run', 'job_intelligent_pipeline', 'scrape_adzuna', 'manual__2026-04-30T21:21:32.547273+00:00', '--job-id', '334', '--raw', '--subdir', 'DAGS_FOLDER/dag_job_intelligent.py', '--cfg-path', '/tmp/tmpuy2y1sf4']
[2026-05-01T07:56:11.881+0000] {standard_task_runner.py:91} INFO - Job 334: Subtask scrape_adzuna
[2026-05-01T07:56:13.864+0000] {task_command.py:426} INFO - Running <TaskInstance: job_intelligent_pipeline.scrape_adzuna manual__2026-04-30T21:21:32.547273+00:00 [running]> on host d93ea64f61e7
[2026-05-01T07:56:17.147+0000] {taskinstance.py:2648} INFO - Exporting env vars: AIRFLOW_CTX_DAG_OWNER='job_intelligent' AIRFLOW_CTX_DAG_ID='job_intelligent_pipeline' AIRFLOW_CTX_TASK_ID='scrape_adzuna' AIRFLOW_CTX_EXECUTION_DATE='2026-04-30T21:21:32.547273+00:00' AIRFLOW_CTX_TRY_NUMBER='1' AIRFLOW_CTX_DAG_RUN_ID='manual__2026-04-30T21:21:32.547273+00:00'
[2026-05-01T07:56:17.211+0000] {taskinstance.py:430} INFO - ::endgroup::
[2026-05-01T07:56:18.573+0000] {logging_mixin.py:188} INFO - [Scraping] POST http://scraper_api:8000/scraper/adzuna
[2026-05-01T07:56:22.578+0000] {logging_mixin.py:188} INFO - [Scraping] Adzuna erreur : HTTPConnectionPool(host='scraper_api', port=8000): Max retries exceeded with url: /scraper/adzuna (Caused by NameResolutionError("<urllib3.connection.HTTPConnection object at 0x7fc2ac2d2cf0>: Failed to resolve 'scraper_api' ([Errno -2] Name or service not known)"))
[2026-05-01T07:56:22.582+0000] {logging_mixin.py:188} INFO - [Scraping] Adzuna : {'status': 'erreur', 'message': 'HTTPConnectionPool(host=\'scraper_api\', port=8000): Max retries exceeded with url: /scraper/adzuna (Caused by NameResolutionError("<urllib3.connection.HTTPConnection object at 0x7fc2ac2d2cf0>: Failed to resolve \'scraper_api\' ([Errno -2] Name or service not known)"))'}
[2026-05-01T07:56:23.022+0000] {python.py:237} INFO - Done. Returned value was: {'status': 'erreur', 'message': 'HTTPConnectionPool(host=\'scraper_api\', port=8000): Max retries exceeded with url: /scraper/adzuna (Caused by NameResolutionError("<urllib3.connection.HTTPConnection object at 0x7fc2ac2d2cf0>: Failed to resolve \'scraper_api\' ([Errno -2] Name or service not known)"))'}
[2026-05-01T07:56:23.029+0000] {taskinstance.py:441} INFO - ::group::Post task execution logs
[2026-05-01T07:56:23.704+0000] {taskinstance.py:1206} INFO - Marking task as SUCCESS. dag_id=job_intelligent_pipeline, task_id=scrape_adzuna, run_id=manual__2026-04-30T21:21:32.547273+00:00, execution_date=20260430T212132, start_date=20260501T075610, end_date=20260501T075623
[2026-05-01T07:56:24.547+0000] {local_task_job_runner.py:240} INFO - Task exited with return code 0
[2026-05-01T07:56:25.517+0000] {taskinstance.py:3503} INFO - 0 downstream tasks scheduled from follow-on schedule check
[2026-05-01T07:56:25.555+0000] {local_task_job_runner.py:222} INFO - ::endgroup::
