[2026-04-26T22:35:33.824+0000] {local_task_job_runner.py:120} INFO - ::group::Pre task execution logs
[2026-04-26T22:35:33.916+0000] {taskinstance.py:2076} INFO - Dependencies all met for dep_context=non-requeueable deps ti=<TaskInstance: job_intelligent_pipeline.check_quality manual__2026-04-26T22:11:54.784706+00:00 [queued]>
[2026-04-26T22:35:33.946+0000] {taskinstance.py:2076} INFO - Dependencies all met for dep_context=requeueable deps ti=<TaskInstance: job_intelligent_pipeline.check_quality manual__2026-04-26T22:11:54.784706+00:00 [queued]>
[2026-04-26T22:35:33.949+0000] {taskinstance.py:2306} INFO - Starting attempt 1 of 3
[2026-04-26T22:35:34.001+0000] {taskinstance.py:2330} INFO - Executing <Task(PythonOperator): check_quality> on 2026-04-26 22:11:54.784706+00:00
[2026-04-26T22:35:34.014+0000] {warnings.py:112} WARNING - /home/***/.local/lib/python3.12/site-packages/***/task/task_runner/standard_task_runner.py:61: DeprecationWarning: This process (pid=441) is multi-threaded, use of fork() may lead to deadlocks in the child.
  pid = os.fork()

[2026-04-26T22:35:34.017+0000] {standard_task_runner.py:63} INFO - Started process 442 to run task
[2026-04-26T22:35:34.018+0000] {standard_task_runner.py:90} INFO - Running: ['***', 'tasks', 'run', 'job_intelligent_pipeline', 'check_quality', 'manual__2026-04-26T22:11:54.784706+00:00', '--job-id', '48', '--raw', '--subdir', 'DAGS_FOLDER/dag_job_intelligent.py', '--cfg-path', '/tmp/tmpkr1f144d']
[2026-04-26T22:35:34.020+0000] {standard_task_runner.py:91} INFO - Job 48: Subtask check_quality
[2026-04-26T22:35:34.157+0000] {task_command.py:426} INFO - Running <TaskInstance: job_intelligent_pipeline.check_quality manual__2026-04-26T22:11:54.784706+00:00 [running]> on host 31133b84880c
[2026-04-26T22:35:34.730+0000] {taskinstance.py:2648} INFO - Exporting env vars: AIRFLOW_CTX_DAG_OWNER='job_intelligent' AIRFLOW_CTX_DAG_ID='job_intelligent_pipeline' AIRFLOW_CTX_TASK_ID='check_quality' AIRFLOW_CTX_EXECUTION_DATE='2026-04-26T22:11:54.784706+00:00' AIRFLOW_CTX_TRY_NUMBER='1' AIRFLOW_CTX_DAG_RUN_ID='manual__2026-04-26T22:11:54.784706+00:00'
[2026-04-26T22:35:34.734+0000] {taskinstance.py:430} INFO - ::endgroup::
[2026-04-26T22:35:35.177+0000] {logging_mixin.py:188} INFO - =======================================================
[2026-04-26T22:35:35.180+0000] {logging_mixin.py:188} INFO -   RAPPORT PIPELINE JOB INTELLIGENT
[2026-04-26T22:35:35.181+0000] {logging_mixin.py:188} INFO - =======================================================
[2026-04-26T22:35:35.182+0000] {logging_mixin.py:188} INFO -   Rekrute        : {'status': 'erreur', 'message': 'HTTPConnectionPool(host=\'scraper_api\', port=8000): Max retries exceeded with url: /scrape/rekrute (Caused by NameResolutionError("<urllib3.connection.HTTPConnection object at 0x7ffbcf7a5850>: Failed to resolve \'scraper_api\' ([Errno -5] No address associated with hostname)"))'}
[2026-04-26T22:35:35.184+0000] {logging_mixin.py:188} INFO -   France Travail : {'status': 'erreur', 'message': 'HTTPConnectionPool(host=\'scraper_api\', port=8000): Max retries exceeded with url: /scrape/france_travail (Caused by NameResolutionError("<urllib3.connection.HTTPConnection object at 0x7ffbcf911760>: Failed to resolve \'scraper_api\' ([Errno -5] No address associated with hostname)"))'}
[2026-04-26T22:35:35.185+0000] {logging_mixin.py:188} INFO -   Adzuna         : {'status': 'erreur', 'message': 'HTTPConnectionPool(host=\'scraper_api\', port=8000): Max retries exceeded with url: /scrape/adzuna (Caused by NameResolutionError("<urllib3.connection.HTTPConnection object at 0x7ffbcf51ff50>: Failed to resolve \'scraper_api\' ([Errno -2] Name or service not known)"))'}
[2026-04-26T22:35:35.186+0000] {logging_mixin.py:188} INFO -   Kafka lus      : 0
[2026-04-26T22:35:35.187+0000] {logging_mixin.py:188} INFO -   ETL transformes: 0
[2026-04-26T22:35:35.189+0000] {logging_mixin.py:188} INFO -   MySQL charges  : 0
[2026-04-26T22:35:35.191+0000] {logging_mixin.py:188} INFO -   Doublons       : 0
[2026-04-26T22:35:35.192+0000] {logging_mixin.py:188} INFO -   Erreurs        : 0
[2026-04-26T22:35:35.193+0000] {logging_mixin.py:188} INFO - =======================================================
[2026-04-26T22:35:35.195+0000] {logging_mixin.py:188} INFO - [Qualite] Verification OK
[2026-04-26T22:35:35.196+0000] {python.py:237} INFO - Done. Returned value was: {'kafka_lus': 0, 'etl_transformes': 0, 'mysql_charges': 0, 'doublons': 0, 'erreurs': 0}
[2026-04-26T22:35:35.197+0000] {taskinstance.py:441} INFO - ::group::Post task execution logs
[2026-04-26T22:35:35.285+0000] {taskinstance.py:1206} INFO - Marking task as SUCCESS. dag_id=job_intelligent_pipeline, task_id=check_quality, run_id=manual__2026-04-26T22:11:54.784706+00:00, execution_date=20260426T221154, start_date=20260426T223533, end_date=20260426T223535
[2026-04-26T22:35:35.413+0000] {local_task_job_runner.py:240} INFO - Task exited with return code 0
[2026-04-26T22:35:35.485+0000] {taskinstance.py:3503} INFO - 0 downstream tasks scheduled from follow-on schedule check
[2026-04-26T22:35:35.493+0000] {local_task_job_runner.py:222} INFO - ::endgroup::
