[2026-05-08T12:20:05.363+0000] {local_task_job_runner.py:120} INFO - ::group::Pre task execution logs
[2026-05-08T12:20:05.639+0000] {taskinstance.py:2076} INFO - Dependencies all met for dep_context=non-requeueable deps ti=<TaskInstance: job_intelligent_pipeline.wait_scraping scheduled__2026-05-07T06:00:00+00:00 [queued]>
[2026-05-08T12:20:05.697+0000] {taskinstance.py:2076} INFO - Dependencies all met for dep_context=requeueable deps ti=<TaskInstance: job_intelligent_pipeline.wait_scraping scheduled__2026-05-07T06:00:00+00:00 [queued]>
[2026-05-08T12:20:05.706+0000] {taskinstance.py:2306} INFO - Starting attempt 1 of 3
[2026-05-08T12:20:05.799+0000] {taskinstance.py:2330} INFO - Executing <Task(PythonOperator): wait_scraping> on 2026-05-07 06:00:00+00:00
[2026-05-08T12:20:05.848+0000] {standard_task_runner.py:90} INFO - Running: ['***', 'tasks', 'run', 'job_intelligent_pipeline', 'wait_scraping', 'scheduled__2026-05-07T06:00:00+00:00', '--job-id', '403', '--raw', '--subdir', 'DAGS_FOLDER/dag_job_intelligent.py', '--cfg-path', '/tmp/tmpbeznc_t8']
[2026-05-08T12:20:05.851+0000] {standard_task_runner.py:91} INFO - Job 403: Subtask wait_scraping
[2026-05-08T12:20:05.838+0000] {warnings.py:112} WARNING - /home/***/.local/lib/python3.12/site-packages/***/task/task_runner/standard_task_runner.py:61: DeprecationWarning: This process (pid=97) is multi-threaded, use of fork() may lead to deadlocks in the child.
  pid = os.fork()

[2026-05-08T12:20:05.862+0000] {standard_task_runner.py:63} INFO - Started process 98 to run task
[2026-05-08T12:20:06.117+0000] {task_command.py:426} INFO - Running <TaskInstance: job_intelligent_pipeline.wait_scraping scheduled__2026-05-07T06:00:00+00:00 [running]> on host 82bd505ce5dd
[2026-05-08T12:20:06.409+0000] {taskinstance.py:2648} INFO - Exporting env vars: AIRFLOW_CTX_DAG_OWNER='job_intelligent' AIRFLOW_CTX_DAG_ID='job_intelligent_pipeline' AIRFLOW_CTX_TASK_ID='wait_scraping' AIRFLOW_CTX_EXECUTION_DATE='2026-05-07T06:00:00+00:00' AIRFLOW_CTX_TRY_NUMBER='1' AIRFLOW_CTX_DAG_RUN_ID='scheduled__2026-05-07T06:00:00+00:00'
[2026-05-08T12:20:06.413+0000] {taskinstance.py:430} INFO - ::endgroup::
[2026-05-08T12:20:06.492+0000] {logging_mixin.py:188} INFO - [Wait] Attente de 60s pour laisser le scraping se terminer...
[2026-05-08T12:21:06.485+0000] {logging_mixin.py:188} INFO - [Wait] Scraping suppose termine.
[2026-05-08T12:21:06.487+0000] {python.py:237} INFO - Done. Returned value was: None
[2026-05-08T12:21:06.491+0000] {taskinstance.py:441} INFO - ::group::Post task execution logs
[2026-05-08T12:21:06.536+0000] {taskinstance.py:1206} INFO - Marking task as SUCCESS. dag_id=job_intelligent_pipeline, task_id=wait_scraping, run_id=scheduled__2026-05-07T06:00:00+00:00, execution_date=20260507T060000, start_date=20260508T122005, end_date=20260508T122106
[2026-05-08T12:21:06.582+0000] {local_task_job_runner.py:240} INFO - Task exited with return code 0
[2026-05-08T12:21:06.783+0000] {taskinstance.py:3503} INFO - 1 downstream tasks scheduled from follow-on schedule check
[2026-05-08T12:21:06.791+0000] {local_task_job_runner.py:222} INFO - ::endgroup::
[2026-05-08T23:12:26.396+0000] {local_task_job_runner.py:120} INFO - ::group::Pre task execution logs
[2026-05-08T23:12:26.508+0000] {taskinstance.py:2076} INFO - Dependencies all met for dep_context=non-requeueable deps ti=<TaskInstance: job_intelligent_pipeline.wait_scraping scheduled__2026-05-07T06:00:00+00:00 [queued]>
[2026-05-08T23:12:26.568+0000] {taskinstance.py:2076} INFO - Dependencies all met for dep_context=requeueable deps ti=<TaskInstance: job_intelligent_pipeline.wait_scraping scheduled__2026-05-07T06:00:00+00:00 [queued]>
[2026-05-08T23:12:26.572+0000] {taskinstance.py:2306} INFO - Starting attempt 1 of 3
[2026-05-08T23:12:26.648+0000] {taskinstance.py:2330} INFO - Executing <Task(PythonOperator): wait_scraping> on 2026-05-07 06:00:00+00:00
[2026-05-08T23:12:26.675+0000] {warnings.py:112} WARNING - /home/***/.local/lib/python3.12/site-packages/***/task/task_runner/standard_task_runner.py:61: DeprecationWarning: This process (pid=5076) is multi-threaded, use of fork() may lead to deadlocks in the child.
  pid = os.fork()

[2026-05-08T23:12:26.682+0000] {standard_task_runner.py:63} INFO - Started process 5078 to run task
[2026-05-08T23:12:26.679+0000] {standard_task_runner.py:90} INFO - Running: ['***', 'tasks', 'run', 'job_intelligent_pipeline', 'wait_scraping', 'scheduled__2026-05-07T06:00:00+00:00', '--job-id', '453', '--raw', '--subdir', 'DAGS_FOLDER/dag_job_intelligent .py', '--cfg-path', '/tmp/tmp9_nix7yr']
[2026-05-08T23:12:26.687+0000] {standard_task_runner.py:91} INFO - Job 453: Subtask wait_scraping
[2026-05-08T23:12:26.971+0000] {task_command.py:426} INFO - Running <TaskInstance: job_intelligent_pipeline.wait_scraping scheduled__2026-05-07T06:00:00+00:00 [running]> on host 82bd505ce5dd
[2026-05-08T23:12:27.724+0000] {taskinstance.py:2648} INFO - Exporting env vars: AIRFLOW_CTX_DAG_OWNER='job_intelligent' AIRFLOW_CTX_DAG_ID='job_intelligent_pipeline' AIRFLOW_CTX_TASK_ID='wait_scraping' AIRFLOW_CTX_EXECUTION_DATE='2026-05-07T06:00:00+00:00' AIRFLOW_CTX_TRY_NUMBER='1' AIRFLOW_CTX_DAG_RUN_ID='scheduled__2026-05-07T06:00:00+00:00'
[2026-05-08T23:12:27.736+0000] {taskinstance.py:430} INFO - ::endgroup::
[2026-05-08T23:12:27.871+0000] {logging_mixin.py:188} INFO - [Wait] Attente 60s pour laisser Kafka se remplir...
[2026-05-08T23:13:27.866+0000] {python.py:237} INFO - Done. Returned value was: None
[2026-05-08T23:13:27.870+0000] {taskinstance.py:441} INFO - ::group::Post task execution logs
[2026-05-08T23:13:27.901+0000] {taskinstance.py:1206} INFO - Marking task as SUCCESS. dag_id=job_intelligent_pipeline, task_id=wait_scraping, run_id=scheduled__2026-05-07T06:00:00+00:00, execution_date=20260507T060000, start_date=20260508T231226, end_date=20260508T231327
[2026-05-08T23:13:27.951+0000] {local_task_job_runner.py:240} INFO - Task exited with return code 0
[2026-05-08T23:13:28.045+0000] {taskinstance.py:3503} INFO - 1 downstream tasks scheduled from follow-on schedule check
[2026-05-08T23:13:28.052+0000] {local_task_job_runner.py:222} INFO - ::endgroup::
