[2026-05-11T18:38:33.560+0000] {local_task_job_runner.py:120} INFO - ::group::Pre task execution logs
[2026-05-11T18:38:33.840+0000] {taskinstance.py:2076} INFO - Dependencies all met for dep_context=non-requeueable deps ti=<TaskInstance: job_intelligent_pipeline_simplified.wait_scraping manual__2026-05-11T18:37:34.790911+00:00 [queued]>
[2026-05-11T18:38:33.940+0000] {taskinstance.py:2076} INFO - Dependencies all met for dep_context=requeueable deps ti=<TaskInstance: job_intelligent_pipeline_simplified.wait_scraping manual__2026-05-11T18:37:34.790911+00:00 [queued]>
[2026-05-11T18:38:33.957+0000] {taskinstance.py:2306} INFO - Starting attempt 1 of 3
[2026-05-11T18:38:34.250+0000] {taskinstance.py:2330} INFO - Executing <Task(PythonOperator): wait_scraping> on 2026-05-11 18:37:34.790911+00:00
[2026-05-11T18:38:34.352+0000] {standard_task_runner.py:90} INFO - Running: ['***', 'tasks', 'run', 'job_intelligent_pipeline_simplified', 'wait_scraping', 'manual__2026-05-11T18:37:34.790911+00:00', '--job-id', '74', '--raw', '--subdir', 'DAGS_FOLDER/__pycache__/job_intelligent_pipeline.py', '--cfg-path', '/tmp/tmp02pee8nw']
[2026-05-11T18:38:34.408+0000] {standard_task_runner.py:91} INFO - Job 74: Subtask wait_scraping
[2026-05-11T18:38:34.394+0000] {warnings.py:110} WARNING - /home/***/.local/lib/python3.12/site-packages/***/task/task_runner/standard_task_runner.py:61: DeprecationWarning: This process (pid=449) is multi-threaded, use of fork() may lead to deadlocks in the child.
  pid = os.fork()

[2026-05-11T18:38:34.489+0000] {standard_task_runner.py:63} INFO - Started process 456 to run task
[2026-05-11T18:38:35.477+0000] {task_command.py:426} INFO - Running <TaskInstance: job_intelligent_pipeline_simplified.wait_scraping manual__2026-05-11T18:37:34.790911+00:00 [running]> on host 3d6dc2445e84
[2026-05-11T18:38:36.270+0000] {taskinstance.py:2648} INFO - Exporting env vars: AIRFLOW_CTX_DAG_OWNER='job_intelligent' AIRFLOW_CTX_DAG_ID='job_intelligent_pipeline_simplified' AIRFLOW_CTX_TASK_ID='wait_scraping' AIRFLOW_CTX_EXECUTION_DATE='2026-05-11T18:37:34.790911+00:00' AIRFLOW_CTX_TRY_NUMBER='1' AIRFLOW_CTX_DAG_RUN_ID='manual__2026-05-11T18:37:34.790911+00:00'
[2026-05-11T18:38:36.279+0000] {taskinstance.py:430} INFO - ::endgroup::
[2026-05-11T18:38:36.360+0000] {logging_mixin.py:188} INFO - [Wait] Attente 10s pour laisser les scrapers écrire dans MinIO...
[2026-05-11T18:38:46.369+0000] {python.py:237} INFO - Done. Returned value was: None
[2026-05-11T18:38:46.373+0000] {taskinstance.py:441} INFO - ::group::Post task execution logs
[2026-05-11T18:38:46.443+0000] {taskinstance.py:1206} INFO - Marking task as SUCCESS. dag_id=job_intelligent_pipeline_simplified, task_id=wait_scraping, run_id=manual__2026-05-11T18:37:34.790911+00:00, execution_date=20260511T183734, start_date=20260511T183833, end_date=20260511T183846
[2026-05-11T18:38:46.527+0000] {local_task_job_runner.py:240} INFO - Task exited with return code 0
[2026-05-11T18:38:46.698+0000] {taskinstance.py:3498} INFO - 1 downstream tasks scheduled from follow-on schedule check
[2026-05-11T18:38:46.704+0000] {local_task_job_runner.py:222} INFO - ::endgroup::
