[2026-05-08T23:57:38.674+0000] {local_task_job_runner.py:120} INFO - ::group::Pre task execution logs
[2026-05-08T23:57:38.913+0000] {taskinstance.py:2076} INFO - Dependencies all met for dep_context=non-requeueable deps ti=<TaskInstance: job_intelligent_pipeline.wait_scraping manual__2026-05-08T23:57:17.831259+00:00 [queued]>
[2026-05-08T23:57:38.995+0000] {taskinstance.py:2076} INFO - Dependencies all met for dep_context=requeueable deps ti=<TaskInstance: job_intelligent_pipeline.wait_scraping manual__2026-05-08T23:57:17.831259+00:00 [queued]>
[2026-05-08T23:57:39.010+0000] {taskinstance.py:2306} INFO - Starting attempt 1 of 3
[2026-05-08T23:57:39.234+0000] {taskinstance.py:2330} INFO - Executing <Task(PythonOperator): wait_scraping> on 2026-05-08 23:57:17.831259+00:00
[2026-05-08T23:57:39.250+0000] {warnings.py:112} WARNING - /home/***/.local/lib/python3.12/site-packages/***/task/task_runner/standard_task_runner.py:61: DeprecationWarning: This process (pid=5764) is multi-threaded, use of fork() may lead to deadlocks in the child.
  pid = os.fork()

[2026-05-08T23:57:39.255+0000] {standard_task_runner.py:63} INFO - Started process 5765 to run task
[2026-05-08T23:57:39.262+0000] {standard_task_runner.py:90} INFO - Running: ['***', 'tasks', 'run', 'job_intelligent_pipeline', 'wait_scraping', 'manual__2026-05-08T23:57:17.831259+00:00', '--job-id', '469', '--raw', '--subdir', 'DAGS_FOLDER/dag_job_intelligent .py', '--cfg-path', '/tmp/tmpwpnzh5m0']
[2026-05-08T23:57:39.265+0000] {standard_task_runner.py:91} INFO - Job 469: Subtask wait_scraping
[2026-05-08T23:57:39.433+0000] {task_command.py:426} INFO - Running <TaskInstance: job_intelligent_pipeline.wait_scraping manual__2026-05-08T23:57:17.831259+00:00 [running]> on host 82bd505ce5dd
[2026-05-08T23:57:39.872+0000] {taskinstance.py:2648} INFO - Exporting env vars: AIRFLOW_CTX_DAG_OWNER='job_intelligent' AIRFLOW_CTX_DAG_ID='job_intelligent_pipeline' AIRFLOW_CTX_TASK_ID='wait_scraping' AIRFLOW_CTX_EXECUTION_DATE='2026-05-08T23:57:17.831259+00:00' AIRFLOW_CTX_TRY_NUMBER='1' AIRFLOW_CTX_DAG_RUN_ID='manual__2026-05-08T23:57:17.831259+00:00'
[2026-05-08T23:57:39.874+0000] {taskinstance.py:430} INFO - ::endgroup::
[2026-05-08T23:57:39.912+0000] {logging_mixin.py:188} INFO - [Wait] Attente 60s pour laisser Kafka se remplir...
[2026-05-08T23:58:39.908+0000] {python.py:237} INFO - Done. Returned value was: None
[2026-05-08T23:58:39.917+0000] {taskinstance.py:441} INFO - ::group::Post task execution logs
[2026-05-08T23:58:40.058+0000] {taskinstance.py:1206} INFO - Marking task as SUCCESS. dag_id=job_intelligent_pipeline, task_id=wait_scraping, run_id=manual__2026-05-08T23:57:17.831259+00:00, execution_date=20260508T235717, start_date=20260508T235738, end_date=20260508T235840
[2026-05-08T23:58:40.148+0000] {local_task_job_runner.py:240} INFO - Task exited with return code 0
[2026-05-08T23:58:40.235+0000] {taskinstance.py:3503} INFO - 1 downstream tasks scheduled from follow-on schedule check
[2026-05-08T23:58:40.241+0000] {local_task_job_runner.py:222} INFO - ::endgroup::
