[2026-04-29T21:51:28.782+0000] {local_task_job_runner.py:120} INFO - ::group::Pre task execution logs
[2026-04-29T21:51:28.932+0000] {taskinstance.py:2076} INFO - Dependencies all met for dep_context=non-requeueable deps ti=<TaskInstance: job_intelligent_pipeline.check_quality manual__2026-04-29T19:33:10.679035+00:00 [queued]>
[2026-04-29T21:51:28.991+0000] {taskinstance.py:2076} INFO - Dependencies all met for dep_context=requeueable deps ti=<TaskInstance: job_intelligent_pipeline.check_quality manual__2026-04-29T19:33:10.679035+00:00 [queued]>
[2026-04-29T21:51:29.004+0000] {taskinstance.py:2306} INFO - Starting attempt 1 of 3
[2026-04-29T21:51:29.125+0000] {taskinstance.py:2330} INFO - Executing <Task(PythonOperator): check_quality> on 2026-04-29 19:33:10.679035+00:00
[2026-04-29T21:51:29.163+0000] {warnings.py:112} WARNING - /home/***/.local/lib/python3.12/site-packages/***/task/task_runner/standard_task_runner.py:61: DeprecationWarning: This process (pid=3292) is multi-threaded, use of fork() may lead to deadlocks in the child.
  pid = os.fork()

[2026-04-29T21:51:29.195+0000] {standard_task_runner.py:63} INFO - Started process 3293 to run task
[2026-04-29T21:51:29.223+0000] {standard_task_runner.py:90} INFO - Running: ['***', 'tasks', 'run', 'job_intelligent_pipeline', 'check_quality', 'manual__2026-04-29T19:33:10.679035+00:00', '--job-id', '186', '--raw', '--subdir', 'DAGS_FOLDER/dag_job_intelligent.py', '--cfg-path', '/tmp/tmp9n4lgx_r']
[2026-04-29T21:51:29.238+0000] {standard_task_runner.py:91} INFO - Job 186: Subtask check_quality
[2026-04-29T21:51:29.656+0000] {task_command.py:426} INFO - Running <TaskInstance: job_intelligent_pipeline.check_quality manual__2026-04-29T19:33:10.679035+00:00 [running]> on host 00190f46936a
[2026-04-29T21:51:30.221+0000] {taskinstance.py:2648} INFO - Exporting env vars: AIRFLOW_CTX_DAG_OWNER='job_intelligent' AIRFLOW_CTX_DAG_ID='job_intelligent_pipeline' AIRFLOW_CTX_TASK_ID='check_quality' AIRFLOW_CTX_EXECUTION_DATE='2026-04-29T19:33:10.679035+00:00' AIRFLOW_CTX_TRY_NUMBER='1' AIRFLOW_CTX_DAG_RUN_ID='manual__2026-04-29T19:33:10.679035+00:00'
[2026-04-29T21:51:30.226+0000] {taskinstance.py:430} INFO - ::endgroup::
[2026-04-29T21:51:30.850+0000] {logging_mixin.py:188} INFO - =======================================================
[2026-04-29T21:51:30.851+0000] {logging_mixin.py:188} INFO -   RAPPORT PIPELINE JOB INTELLIGENT
[2026-04-29T21:51:30.852+0000] {logging_mixin.py:188} INFO - =======================================================
[2026-04-29T21:51:30.853+0000] {logging_mixin.py:188} INFO -   Rekrute        : {'status': 'erreur', 'message': 'HTTPConnectionPool(host=\'scraper_api\', port=8000): Max retries exceeded with url: /scraper/rekrute (Caused by NameResolutionError("<urllib3.connection.HTTPConnection object at 0x7f5d35983e90>: Failed to resolve \'scraper_api\' ([Errno -2] Name or service not known)"))'}
[2026-04-29T21:51:30.854+0000] {logging_mixin.py:188} INFO -   France Travail : {'status': 'erreur', 'message': 'HTTPConnectionPool(host=\'scraper_api\', port=8000): Max retries exceeded with url: /scraper/france_travail (Caused by NameResolutionError("<urllib3.connection.HTTPConnection object at 0x7f5d3571fec0>: Failed to resolve \'scraper_api\' ([Errno -2] Name or service not known)"))'}
[2026-04-29T21:51:30.857+0000] {logging_mixin.py:188} INFO -   Adzuna         : {'status': 'erreur', 'message': 'HTTPConnectionPool(host=\'scraper_api\', port=8000): Max retries exceeded with url: /scraper/adzuna (Caused by NameResolutionError("<urllib3.connection.HTTPConnection object at 0x7f5d356f1490>: Failed to resolve \'scraper_api\' ([Errno -2] Name or service not known)"))'}
[2026-04-29T21:51:30.859+0000] {logging_mixin.py:188} INFO -   Kafka lus      : 0
[2026-04-29T21:51:30.860+0000] {logging_mixin.py:188} INFO -   ETL transformes: 0
[2026-04-29T21:51:30.861+0000] {logging_mixin.py:188} INFO -   MySQL charges  : 0
[2026-04-29T21:51:30.863+0000] {logging_mixin.py:188} INFO -   Doublons       : 0
[2026-04-29T21:51:30.864+0000] {logging_mixin.py:188} INFO -   Erreurs        : 0
[2026-04-29T21:51:30.865+0000] {logging_mixin.py:188} INFO - =======================================================
[2026-04-29T21:51:30.867+0000] {logging_mixin.py:188} INFO - [Qualite] Verification OK
[2026-04-29T21:51:30.873+0000] {python.py:237} INFO - Done. Returned value was: {'kafka_lus': 0, 'etl_transformes': 0, 'mysql_charges': 0, 'doublons': 0, 'erreurs': 0}
[2026-04-29T21:51:30.874+0000] {taskinstance.py:441} INFO - ::group::Post task execution logs
[2026-04-29T21:51:31.063+0000] {taskinstance.py:1206} INFO - Marking task as SUCCESS. dag_id=job_intelligent_pipeline, task_id=check_quality, run_id=manual__2026-04-29T19:33:10.679035+00:00, execution_date=20260429T193310, start_date=20260429T215128, end_date=20260429T215131
[2026-04-29T21:51:31.200+0000] {local_task_job_runner.py:240} INFO - Task exited with return code 0
[2026-04-29T21:51:31.341+0000] {taskinstance.py:3503} INFO - 0 downstream tasks scheduled from follow-on schedule check
[2026-04-29T21:51:31.359+0000] {local_task_job_runner.py:222} INFO - ::endgroup::
