[2026-04-26T22:12:01.554+0000] {local_task_job_runner.py:120} INFO - ::group::Pre task execution logs
[2026-04-26T22:12:01.791+0000] {taskinstance.py:2076} INFO - Dependencies all met for dep_context=non-requeueable deps ti=<TaskInstance: job_intelligent_pipeline.scrape_rekrute scheduled__2026-04-25T06:00:00+00:00 [queued]>
[2026-04-26T22:12:01.920+0000] {taskinstance.py:2076} INFO - Dependencies all met for dep_context=requeueable deps ti=<TaskInstance: job_intelligent_pipeline.scrape_rekrute scheduled__2026-04-25T06:00:00+00:00 [queued]>
[2026-04-26T22:12:01.964+0000] {taskinstance.py:2306} INFO - Starting attempt 1 of 3
[2026-04-26T22:12:02.337+0000] {taskinstance.py:2330} INFO - Executing <Task(PythonOperator): scrape_rekrute> on 2026-04-25 06:00:00+00:00
[2026-04-26T22:12:02.366+0000] {warnings.py:112} WARNING - /home/***/.local/lib/python3.12/site-packages/***/task/task_runner/standard_task_runner.py:61: DeprecationWarning: This process (pid=80) is multi-threaded, use of fork() may lead to deadlocks in the child.
  pid = os.fork()

[2026-04-26T22:12:02.424+0000] {standard_task_runner.py:63} INFO - Started process 85 to run task
[2026-04-26T22:12:02.453+0000] {standard_task_runner.py:90} INFO - Running: ['***', 'tasks', 'run', 'job_intelligent_pipeline', 'scrape_rekrute', 'scheduled__2026-04-25T06:00:00+00:00', '--job-id', '33', '--raw', '--subdir', 'DAGS_FOLDER/dag_job_intelligent.py', '--cfg-path', '/tmp/tmpg76ecmuh']
[2026-04-26T22:12:02.490+0000] {standard_task_runner.py:91} INFO - Job 33: Subtask scrape_rekrute
[2026-04-26T22:12:03.434+0000] {task_command.py:426} INFO - Running <TaskInstance: job_intelligent_pipeline.scrape_rekrute scheduled__2026-04-25T06:00:00+00:00 [running]> on host 31133b84880c
[2026-04-26T22:12:04.661+0000] {taskinstance.py:2648} INFO - Exporting env vars: AIRFLOW_CTX_DAG_OWNER='job_intelligent' AIRFLOW_CTX_DAG_ID='job_intelligent_pipeline' AIRFLOW_CTX_TASK_ID='scrape_rekrute' AIRFLOW_CTX_EXECUTION_DATE='2026-04-25T06:00:00+00:00' AIRFLOW_CTX_TRY_NUMBER='1' AIRFLOW_CTX_DAG_RUN_ID='scheduled__2026-04-25T06:00:00+00:00'
[2026-04-26T22:12:04.662+0000] {taskinstance.py:430} INFO - ::endgroup::
[2026-04-26T22:12:04.742+0000] {logging_mixin.py:188} INFO - [Scraping] POST http://scraper_api:8000/scrape/rekrute
[2026-04-26T22:12:08.195+0000] {logging_mixin.py:188} INFO - [Scraping] Rekrute erreur : HTTPConnectionPool(host='scraper_api', port=8000): Max retries exceeded with url: /scrape/rekrute (Caused by NameResolutionError("<urllib3.connection.HTTPConnection object at 0x7ffbcf9c3a40>: Failed to resolve 'scraper_api' ([Errno -2] Name or service not known)"))
[2026-04-26T22:12:08.199+0000] {logging_mixin.py:188} INFO - [Scraping] Rekrute : {'status': 'erreur', 'message': 'HTTPConnectionPool(host=\'scraper_api\', port=8000): Max retries exceeded with url: /scrape/rekrute (Caused by NameResolutionError("<urllib3.connection.HTTPConnection object at 0x7ffbcf9c3a40>: Failed to resolve \'scraper_api\' ([Errno -2] Name or service not known)"))'}
[2026-04-26T22:12:08.374+0000] {python.py:237} INFO - Done. Returned value was: {'status': 'erreur', 'message': 'HTTPConnectionPool(host=\'scraper_api\', port=8000): Max retries exceeded with url: /scrape/rekrute (Caused by NameResolutionError("<urllib3.connection.HTTPConnection object at 0x7ffbcf9c3a40>: Failed to resolve \'scraper_api\' ([Errno -2] Name or service not known)"))'}
[2026-04-26T22:12:08.375+0000] {taskinstance.py:441} INFO - ::group::Post task execution logs
[2026-04-26T22:12:08.735+0000] {taskinstance.py:1206} INFO - Marking task as SUCCESS. dag_id=job_intelligent_pipeline, task_id=scrape_rekrute, run_id=scheduled__2026-04-25T06:00:00+00:00, execution_date=20260425T060000, start_date=20260426T221201, end_date=20260426T221208
[2026-04-26T22:12:08.955+0000] {local_task_job_runner.py:240} INFO - Task exited with return code 0
[2026-04-26T22:12:09.172+0000] {local_task_job_runner.py:222} INFO - ::endgroup::
