[2026-04-29T21:34:34.750+0000] {local_task_job_runner.py:120} INFO - ::group::Pre task execution logs
[2026-04-29T21:34:34.871+0000] {taskinstance.py:2076} INFO - Dependencies all met for dep_context=non-requeueable deps ti=<TaskInstance: job_intelligent_pipeline.etl_kafka manual__2026-04-29T19:16:31.199514+00:00 [queued]>
[2026-04-29T21:34:34.959+0000] {taskinstance.py:2076} INFO - Dependencies all met for dep_context=requeueable deps ti=<TaskInstance: job_intelligent_pipeline.etl_kafka manual__2026-04-29T19:16:31.199514+00:00 [queued]>
[2026-04-29T21:34:34.977+0000] {taskinstance.py:2306} INFO - Starting attempt 2 of 3
[2026-04-29T21:34:35.077+0000] {taskinstance.py:2330} INFO - Executing <Task(PythonOperator): etl_kafka> on 2026-04-29 19:16:31.199514+00:00
[2026-04-29T21:34:35.094+0000] {warnings.py:112} WARNING - /home/***/.local/lib/python3.12/site-packages/***/task/task_runner/standard_task_runner.py:61: DeprecationWarning: This process (pid=3034) is multi-threaded, use of fork() may lead to deadlocks in the child.
  pid = os.fork()

[2026-04-29T21:34:35.099+0000] {standard_task_runner.py:63} INFO - Started process 3042 to run task
[2026-04-29T21:34:35.098+0000] {standard_task_runner.py:90} INFO - Running: ['***', 'tasks', 'run', 'job_intelligent_pipeline', 'etl_kafka', 'manual__2026-04-29T19:16:31.199514+00:00', '--job-id', '176', '--raw', '--subdir', 'DAGS_FOLDER/dag_job_intelligent.py', '--cfg-path', '/tmp/tmpcncvyurd']
[2026-04-29T21:34:35.102+0000] {standard_task_runner.py:91} INFO - Job 176: Subtask etl_kafka
[2026-04-29T21:34:35.591+0000] {task_command.py:426} INFO - Running <TaskInstance: job_intelligent_pipeline.etl_kafka manual__2026-04-29T19:16:31.199514+00:00 [running]> on host 00190f46936a
[2026-04-29T21:34:35.877+0000] {taskinstance.py:2648} INFO - Exporting env vars: AIRFLOW_CTX_DAG_OWNER='job_intelligent' AIRFLOW_CTX_DAG_ID='job_intelligent_pipeline' AIRFLOW_CTX_TASK_ID='etl_kafka' AIRFLOW_CTX_EXECUTION_DATE='2026-04-29T19:16:31.199514+00:00' AIRFLOW_CTX_TRY_NUMBER='2' AIRFLOW_CTX_DAG_RUN_ID='manual__2026-04-29T19:16:31.199514+00:00'
[2026-04-29T21:34:35.879+0000] {taskinstance.py:430} INFO - ::endgroup::
[2026-04-29T21:34:35.927+0000] {taskinstance.py:441} INFO - ::group::Post task execution logs
[2026-04-29T21:34:35.929+0000] {taskinstance.py:2905} ERROR - Task failed with exception
Traceback (most recent call last):
  File "/home/airflow/.local/lib/python3.12/site-packages/airflow/models/taskinstance.py", line 460, in _execute_task
    result = _execute_callable(context=context, **execute_callable_kwargs)
             ^^^^^^^^^^^^^^^^^^^^^^^^^^^^^^^^^^^^^^^^^^^^^^^^^^^^^^^^^^^^^
  File "/home/airflow/.local/lib/python3.12/site-packages/airflow/models/taskinstance.py", line 432, in _execute_callable
    return execute_callable(context=context, **execute_callable_kwargs)
           ^^^^^^^^^^^^^^^^^^^^^^^^^^^^^^^^^^^^^^^^^^^^^^^^^^^^^^^^^^^^
  File "/home/airflow/.local/lib/python3.12/site-packages/airflow/models/baseoperator.py", line 401, in wrapper
    return func(self, *args, **kwargs)
           ^^^^^^^^^^^^^^^^^^^^^^^^^^^
  File "/home/airflow/.local/lib/python3.12/site-packages/airflow/operators/python.py", line 235, in execute
    return_value = self.execute_callable()
                   ^^^^^^^^^^^^^^^^^^^^^^^
  File "/home/airflow/.local/lib/python3.12/site-packages/airflow/operators/python.py", line 252, in execute_callable
    return self.python_callable(*self.op_args, **self.op_kwargs)
           ^^^^^^^^^^^^^^^^^^^^^^^^^^^^^^^^^^^^^^^^^^^^^^^^^^^^^
  File "/opt/airflow/dags/dag_job_intelligent.py", line 152, in task_etl_kafka
    from kafka import KafkaConsumer
ModuleNotFoundError: No module named 'kafka'
[2026-04-29T21:34:35.978+0000] {taskinstance.py:1206} INFO - Marking task as UP_FOR_RETRY. dag_id=job_intelligent_pipeline, task_id=etl_kafka, run_id=manual__2026-04-29T19:16:31.199514+00:00, execution_date=20260429T191631, start_date=20260429T213434, end_date=20260429T213435
[2026-04-29T21:34:36.021+0000] {standard_task_runner.py:110} ERROR - Failed to execute job 176 for task etl_kafka (No module named 'kafka'; 3042)
[2026-04-29T21:34:36.058+0000] {local_task_job_runner.py:240} INFO - Task exited with return code 1
[2026-04-29T21:34:36.161+0000] {taskinstance.py:3503} INFO - 0 downstream tasks scheduled from follow-on schedule check
[2026-04-29T21:34:36.188+0000] {local_task_job_runner.py:222} INFO - ::endgroup::
