[2026-05-11T10:43:13.095+0000] {local_task_job_runner.py:120} INFO - ::group::Pre task execution logs
[2026-05-11T10:43:13.211+0000] {taskinstance.py:2076} INFO - Dependencies all met for dep_context=non-requeueable deps ti=<TaskInstance: job_intelligent_pipeline_simplified.wait_scraping scheduled__2026-05-10T06:00:00+00:00 [queued]>
[2026-05-11T10:43:13.240+0000] {taskinstance.py:2076} INFO - Dependencies all met for dep_context=requeueable deps ti=<TaskInstance: job_intelligent_pipeline_simplified.wait_scraping scheduled__2026-05-10T06:00:00+00:00 [queued]>
[2026-05-11T10:43:13.242+0000] {taskinstance.py:2306} INFO - Starting attempt 1 of 3
[2026-05-11T10:43:13.289+0000] {taskinstance.py:2330} INFO - Executing <Task(PythonOperator): wait_scraping> on 2026-05-10 06:00:00+00:00
[2026-05-11T10:43:13.304+0000] {standard_task_runner.py:90} INFO - Running: ['***', 'tasks', 'run', 'job_intelligent_pipeline_simplified', 'wait_scraping', 'scheduled__2026-05-10T06:00:00+00:00', '--job-id', '502', '--raw', '--subdir', 'DAGS_FOLDER/__pycache__/job_intelligent_pipeline.py', '--cfg-path', '/tmp/tmpfr771pci']
[2026-05-11T10:43:13.307+0000] {standard_task_runner.py:91} INFO - Job 502: Subtask wait_scraping
[2026-05-11T10:43:13.299+0000] {warnings.py:112} WARNING - /home/***/.local/lib/python3.12/site-packages/***/task/task_runner/standard_task_runner.py:61: DeprecationWarning: This process (pid=445) is multi-threaded, use of fork() may lead to deadlocks in the child.
  pid = os.fork()

[2026-05-11T10:43:13.312+0000] {standard_task_runner.py:63} INFO - Started process 446 to run task
[2026-05-11T10:43:13.533+0000] {task_command.py:426} INFO - Running <TaskInstance: job_intelligent_pipeline_simplified.wait_scraping scheduled__2026-05-10T06:00:00+00:00 [running]> on host 895ca0ce75a2
[2026-05-11T10:43:14.275+0000] {taskinstance.py:2648} INFO - Exporting env vars: AIRFLOW_CTX_DAG_OWNER='job_intelligent' AIRFLOW_CTX_DAG_ID='job_intelligent_pipeline_simplified' AIRFLOW_CTX_TASK_ID='wait_scraping' AIRFLOW_CTX_EXECUTION_DATE='2026-05-10T06:00:00+00:00' AIRFLOW_CTX_TRY_NUMBER='1' AIRFLOW_CTX_DAG_RUN_ID='scheduled__2026-05-10T06:00:00+00:00'
[2026-05-11T10:43:14.277+0000] {taskinstance.py:430} INFO - ::endgroup::
[2026-05-11T10:43:14.321+0000] {logging_mixin.py:188} INFO - [Wait] Attente 10s pour laisser les scrapers écrire dans MinIO...
[2026-05-11T10:43:24.322+0000] {python.py:237} INFO - Done. Returned value was: None
[2026-05-11T10:43:24.330+0000] {taskinstance.py:441} INFO - ::group::Post task execution logs
[2026-05-11T10:43:24.367+0000] {taskinstance.py:1206} INFO - Marking task as SUCCESS. dag_id=job_intelligent_pipeline_simplified, task_id=wait_scraping, run_id=scheduled__2026-05-10T06:00:00+00:00, execution_date=20260510T060000, start_date=20260511T104313, end_date=20260511T104324
[2026-05-11T10:43:24.433+0000] {local_task_job_runner.py:240} INFO - Task exited with return code 0
[2026-05-11T10:43:24.564+0000] {taskinstance.py:3503} INFO - 1 downstream tasks scheduled from follow-on schedule check
[2026-05-11T10:43:24.576+0000] {local_task_job_runner.py:222} INFO - ::endgroup::
[2026-05-11T15:04:20.938+0000] {local_task_job_runner.py:120} INFO - ::group::Pre task execution logs
[2026-05-11T15:04:21.030+0000] {taskinstance.py:2076} INFO - Dependencies all met for dep_context=non-requeueable deps ti=<TaskInstance: job_intelligent_pipeline_simplified.wait_scraping scheduled__2026-05-10T06:00:00+00:00 [queued]>
[2026-05-11T15:04:21.053+0000] {taskinstance.py:2076} INFO - Dependencies all met for dep_context=requeueable deps ti=<TaskInstance: job_intelligent_pipeline_simplified.wait_scraping scheduled__2026-05-10T06:00:00+00:00 [queued]>
[2026-05-11T15:04:21.054+0000] {taskinstance.py:2306} INFO - Starting attempt 1 of 3
[2026-05-11T15:04:21.099+0000] {taskinstance.py:2330} INFO - Executing <Task(PythonOperator): wait_scraping> on 2026-05-10 06:00:00+00:00
[2026-05-11T15:04:21.112+0000] {warnings.py:110} WARNING - /home/***/.local/lib/python3.12/site-packages/***/task/task_runner/standard_task_runner.py:61: DeprecationWarning: This process (pid=1397) is multi-threaded, use of fork() may lead to deadlocks in the child.
  pid = os.fork()

[2026-05-11T15:04:21.116+0000] {standard_task_runner.py:63} INFO - Started process 1398 to run task
[2026-05-11T15:04:21.117+0000] {standard_task_runner.py:90} INFO - Running: ['***', 'tasks', 'run', 'job_intelligent_pipeline_simplified', 'wait_scraping', 'scheduled__2026-05-10T06:00:00+00:00', '--job-id', '8', '--raw', '--subdir', 'DAGS_FOLDER/__pycache__/job_intelligent_pipeline.py', '--cfg-path', '/tmp/tmp3fnqi60n']
[2026-05-11T15:04:21.120+0000] {standard_task_runner.py:91} INFO - Job 8: Subtask wait_scraping
[2026-05-11T15:04:21.351+0000] {task_command.py:426} INFO - Running <TaskInstance: job_intelligent_pipeline_simplified.wait_scraping scheduled__2026-05-10T06:00:00+00:00 [running]> on host 7282f04bb408
[2026-05-11T15:04:21.822+0000] {taskinstance.py:2648} INFO - Exporting env vars: AIRFLOW_CTX_DAG_OWNER='job_intelligent' AIRFLOW_CTX_DAG_ID='job_intelligent_pipeline_simplified' AIRFLOW_CTX_TASK_ID='wait_scraping' AIRFLOW_CTX_EXECUTION_DATE='2026-05-10T06:00:00+00:00' AIRFLOW_CTX_TRY_NUMBER='1' AIRFLOW_CTX_DAG_RUN_ID='scheduled__2026-05-10T06:00:00+00:00'
[2026-05-11T15:04:21.826+0000] {taskinstance.py:430} INFO - ::endgroup::
[2026-05-11T15:04:21.860+0000] {logging_mixin.py:188} INFO - [Wait] Attente 10s pour laisser les scrapers écrire dans MinIO...
[2026-05-11T15:04:31.861+0000] {python.py:237} INFO - Done. Returned value was: None
[2026-05-11T15:04:31.864+0000] {taskinstance.py:441} INFO - ::group::Post task execution logs
[2026-05-11T15:04:31.912+0000] {taskinstance.py:1206} INFO - Marking task as SUCCESS. dag_id=job_intelligent_pipeline_simplified, task_id=wait_scraping, run_id=scheduled__2026-05-10T06:00:00+00:00, execution_date=20260510T060000, start_date=20260511T150421, end_date=20260511T150431
[2026-05-11T15:04:31.976+0000] {local_task_job_runner.py:240} INFO - Task exited with return code 0
[2026-05-11T15:04:32.066+0000] {taskinstance.py:3498} INFO - 1 downstream tasks scheduled from follow-on schedule check
[2026-05-11T15:04:32.074+0000] {local_task_job_runner.py:222} INFO - ::endgroup::
[2026-05-11T20:26:01.082+0000] {local_task_job_runner.py:120} INFO - ::group::Pre task execution logs
[2026-05-11T20:26:01.275+0000] {taskinstance.py:2076} INFO - Dependencies all met for dep_context=non-requeueable deps ti=<TaskInstance: job_intelligent_pipeline_simplified.wait_scraping scheduled__2026-05-10T06:00:00+00:00 [queued]>
[2026-05-11T20:26:01.296+0000] {taskinstance.py:2076} INFO - Dependencies all met for dep_context=requeueable deps ti=<TaskInstance: job_intelligent_pipeline_simplified.wait_scraping scheduled__2026-05-10T06:00:00+00:00 [queued]>
[2026-05-11T20:26:01.296+0000] {taskinstance.py:2306} INFO - Starting attempt 1 of 3
[2026-05-11T20:26:01.338+0000] {taskinstance.py:2330} INFO - Executing <Task(PythonOperator): wait_scraping> on 2026-05-10 06:00:00+00:00
[2026-05-11T20:26:01.346+0000] {warnings.py:110} WARNING - /home/***/.local/lib/python3.12/site-packages/***/task/task_runner/standard_task_runner.py:61: DeprecationWarning: This process (pid=94) is multi-threaded, use of fork() may lead to deadlocks in the child.
  pid = os.fork()

[2026-05-11T20:26:01.349+0000] {standard_task_runner.py:63} INFO - Started process 102 to run task
[2026-05-11T20:26:01.349+0000] {standard_task_runner.py:90} INFO - Running: ['***', 'tasks', 'run', 'job_intelligent_pipeline_simplified', 'wait_scraping', 'scheduled__2026-05-10T06:00:00+00:00', '--job-id', '6', '--raw', '--subdir', 'DAGS_FOLDER/__pycache__/job_intelligent_pipeline.py', '--cfg-path', '/tmp/tmpiw20_bs1']
[2026-05-11T20:26:01.352+0000] {standard_task_runner.py:91} INFO - Job 6: Subtask wait_scraping
[2026-05-11T20:26:01.495+0000] {task_command.py:426} INFO - Running <TaskInstance: job_intelligent_pipeline_simplified.wait_scraping scheduled__2026-05-10T06:00:00+00:00 [running]> on host aafb6b060567
[2026-05-11T20:26:01.951+0000] {taskinstance.py:2648} INFO - Exporting env vars: AIRFLOW_CTX_DAG_OWNER='job_intelligent' AIRFLOW_CTX_DAG_ID='job_intelligent_pipeline_simplified' AIRFLOW_CTX_TASK_ID='wait_scraping' AIRFLOW_CTX_EXECUTION_DATE='2026-05-10T06:00:00+00:00' AIRFLOW_CTX_TRY_NUMBER='1' AIRFLOW_CTX_DAG_RUN_ID='scheduled__2026-05-10T06:00:00+00:00'
[2026-05-11T20:26:01.954+0000] {taskinstance.py:430} INFO - ::endgroup::
[2026-05-11T20:26:01.989+0000] {logging_mixin.py:188} INFO - [Wait] Attente 10s pour laisser les scrapers écrire dans MinIO...
[2026-05-11T20:26:11.991+0000] {python.py:237} INFO - Done. Returned value was: None
[2026-05-11T20:26:12.020+0000] {taskinstance.py:441} INFO - ::group::Post task execution logs
[2026-05-11T20:26:12.193+0000] {taskinstance.py:1206} INFO - Marking task as SUCCESS. dag_id=job_intelligent_pipeline_simplified, task_id=wait_scraping, run_id=scheduled__2026-05-10T06:00:00+00:00, execution_date=20260510T060000, start_date=20260511T202601, end_date=20260511T202612
[2026-05-11T20:26:12.271+0000] {local_task_job_runner.py:240} INFO - Task exited with return code 0
[2026-05-11T20:26:12.557+0000] {taskinstance.py:3498} INFO - 1 downstream tasks scheduled from follow-on schedule check
[2026-05-11T20:26:12.573+0000] {local_task_job_runner.py:222} INFO - ::endgroup::
