[2026-05-08T23:35:07.863+0000] {local_task_job_runner.py:120} INFO - ::group::Pre task execution logs
[2026-05-08T23:35:07.934+0000] {taskinstance.py:2076} INFO - Dependencies all met for dep_context=non-requeueable deps ti=<TaskInstance: job_intelligent_pipeline.check_quality manual__2026-05-08T23:12:10.101482+00:00 [queued]>
[2026-05-08T23:35:07.953+0000] {taskinstance.py:2076} INFO - Dependencies all met for dep_context=requeueable deps ti=<TaskInstance: job_intelligent_pipeline.check_quality manual__2026-05-08T23:12:10.101482+00:00 [queued]>
[2026-05-08T23:35:07.958+0000] {taskinstance.py:2306} INFO - Starting attempt 1 of 3
[2026-05-08T23:35:07.993+0000] {taskinstance.py:2330} INFO - Executing <Task(PythonOperator): check_quality> on 2026-05-08 23:12:10.101482+00:00
[2026-05-08T23:35:08.014+0000] {standard_task_runner.py:90} INFO - Running: ['***', 'tasks', 'run', 'job_intelligent_pipeline', 'check_quality', 'manual__2026-05-08T23:12:10.101482+00:00', '--job-id', '465', '--raw', '--subdir', 'DAGS_FOLDER/dag_job_intelligent .py', '--cfg-path', '/tmp/tmpx8b16o36']
[2026-05-08T23:35:08.017+0000] {standard_task_runner.py:91} INFO - Job 465: Subtask check_quality
[2026-05-08T23:35:08.007+0000] {warnings.py:112} WARNING - /home/***/.local/lib/python3.12/site-packages/***/task/task_runner/standard_task_runner.py:61: DeprecationWarning: This process (pid=5433) is multi-threaded, use of fork() may lead to deadlocks in the child.
  pid = os.fork()

[2026-05-08T23:35:08.026+0000] {standard_task_runner.py:63} INFO - Started process 5434 to run task
[2026-05-08T23:35:08.231+0000] {task_command.py:426} INFO - Running <TaskInstance: job_intelligent_pipeline.check_quality manual__2026-05-08T23:12:10.101482+00:00 [running]> on host 82bd505ce5dd
[2026-05-08T23:35:08.414+0000] {taskinstance.py:2648} INFO - Exporting env vars: AIRFLOW_CTX_DAG_OWNER='job_intelligent' AIRFLOW_CTX_DAG_ID='job_intelligent_pipeline' AIRFLOW_CTX_TASK_ID='check_quality' AIRFLOW_CTX_EXECUTION_DATE='2026-05-08T23:12:10.101482+00:00' AIRFLOW_CTX_TRY_NUMBER='1' AIRFLOW_CTX_DAG_RUN_ID='manual__2026-05-08T23:12:10.101482+00:00'
[2026-05-08T23:35:08.416+0000] {taskinstance.py:430} INFO - ::endgroup::
[2026-05-08T23:35:08.573+0000] {logging_mixin.py:188} INFO - =======================================================
[2026-05-08T23:35:08.574+0000] {logging_mixin.py:188} INFO -   RAPPORT PIPELINE JOB INTELLIGENT
[2026-05-08T23:35:08.575+0000] {logging_mixin.py:188} INFO - =======================================================
[2026-05-08T23:35:08.594+0000] {logging_mixin.py:188} INFO -   Rekrute        : {'status': 'erreur', 'message': 'HTTPConnectionPool(host=\'scraper_api\', port=8000): Max retries exceeded with url: /scrape/rekrute (Caused by NameResolutionError("<urllib3.connection.HTTPConnection object at 0x7fba05eddf10>: Failed to resolve \'scraper_api\' ([Errno -2] Name or service not known)"))'}
[2026-05-08T23:35:08.616+0000] {logging_mixin.py:188} INFO -   France Travail : {'status': 'erreur', 'message': 'HTTPConnectionPool(host=\'scraper_api\', port=8000): Max retries exceeded with url: /scrape/france_travail (Caused by NameResolutionError("<urllib3.connection.HTTPConnection object at 0x7fba05f14800>: Failed to resolve \'scraper_api\' ([Errno -2] Name or service not known)"))'}
[2026-05-08T23:35:08.644+0000] {logging_mixin.py:188} INFO -   Adzuna         : {'status': 'erreur', 'message': 'HTTPConnectionPool(host=\'scraper_api\', port=8000): Max retries exceeded with url: /scrape/adzuna (Caused by NameResolutionError("<urllib3.connection.HTTPConnection object at 0x7fba05f4ae40>: Failed to resolve \'scraper_api\' ([Errno -2] Name or service not known)"))'}
[2026-05-08T23:35:08.645+0000] {logging_mixin.py:188} INFO -   Kafka lus      : 0
[2026-05-08T23:35:08.646+0000] {logging_mixin.py:188} INFO -   ETL transformés: 0
[2026-05-08T23:35:08.647+0000] {logging_mixin.py:188} INFO -   MySQL chargées : 0
[2026-05-08T23:35:08.648+0000] {logging_mixin.py:188} INFO -   Doublons       : 0
[2026-05-08T23:35:08.648+0000] {logging_mixin.py:188} INFO -   Erreurs        : 0
[2026-05-08T23:35:08.649+0000] {logging_mixin.py:188} INFO - =======================================================
[2026-05-08T23:35:08.650+0000] {python.py:237} INFO - Done. Returned value was: {'status': 'success'}
[2026-05-08T23:35:08.651+0000] {taskinstance.py:441} INFO - ::group::Post task execution logs
[2026-05-08T23:35:08.724+0000] {taskinstance.py:1206} INFO - Marking task as SUCCESS. dag_id=job_intelligent_pipeline, task_id=check_quality, run_id=manual__2026-05-08T23:12:10.101482+00:00, execution_date=20260508T231210, start_date=20260508T233507, end_date=20260508T233508
[2026-05-08T23:35:08.790+0000] {local_task_job_runner.py:240} INFO - Task exited with return code 0
[2026-05-08T23:35:08.832+0000] {taskinstance.py:3503} INFO - 0 downstream tasks scheduled from follow-on schedule check
[2026-05-08T23:35:08.843+0000] {local_task_job_runner.py:222} INFO - ::endgroup::
