[2026-05-11T15:15:04.047+0000] {local_task_job_runner.py:120} INFO - ::group::Pre task execution logs
[2026-05-11T15:15:04.811+0000] {taskinstance.py:2076} INFO - Dependencies all met for dep_context=non-requeueable deps ti=<TaskInstance: job_intelligent_pipeline_simplified.scrape_adzuna manual__2026-05-11T15:04:00.624542+00:00 [queued]>
[2026-05-11T15:15:05.034+0000] {taskinstance.py:2076} INFO - Dependencies all met for dep_context=requeueable deps ti=<TaskInstance: job_intelligent_pipeline_simplified.scrape_adzuna manual__2026-05-11T15:04:00.624542+00:00 [queued]>
[2026-05-11T15:15:05.050+0000] {taskinstance.py:2306} INFO - Starting attempt 1 of 3
[2026-05-11T15:15:05.302+0000] {taskinstance.py:2330} INFO - Executing <Task(PythonOperator): scrape_adzuna> on 2026-05-11 15:04:00.624542+00:00
[2026-05-11T15:15:05.374+0000] {warnings.py:110} WARNING - /home/***/.local/lib/python3.12/site-packages/***/task/task_runner/standard_task_runner.py:61: DeprecationWarning: This process (pid=1571) is multi-threaded, use of fork() may lead to deadlocks in the child.
  pid = os.fork()

[2026-05-11T15:15:05.408+0000] {standard_task_runner.py:63} INFO - Started process 1583 to run task
[2026-05-11T15:15:05.417+0000] {standard_task_runner.py:90} INFO - Running: ['***', 'tasks', 'run', 'job_intelligent_pipeline_simplified', 'scrape_adzuna', 'manual__2026-05-11T15:04:00.624542+00:00', '--job-id', '15', '--raw', '--subdir', 'DAGS_FOLDER/__pycache__/job_intelligent_pipeline.py', '--cfg-path', '/tmp/tmp9adu0aop']
[2026-05-11T15:15:05.429+0000] {standard_task_runner.py:91} INFO - Job 15: Subtask scrape_adzuna
[2026-05-11T15:15:06.099+0000] {task_command.py:426} INFO - Running <TaskInstance: job_intelligent_pipeline_simplified.scrape_adzuna manual__2026-05-11T15:04:00.624542+00:00 [running]> on host 7282f04bb408
[2026-05-11T15:15:09.094+0000] {taskinstance.py:2648} INFO - Exporting env vars: AIRFLOW_CTX_DAG_OWNER='job_intelligent' AIRFLOW_CTX_DAG_ID='job_intelligent_pipeline_simplified' AIRFLOW_CTX_TASK_ID='scrape_adzuna' AIRFLOW_CTX_EXECUTION_DATE='2026-05-11T15:04:00.624542+00:00' AIRFLOW_CTX_TRY_NUMBER='1' AIRFLOW_CTX_DAG_RUN_ID='manual__2026-05-11T15:04:00.624542+00:00'
[2026-05-11T15:15:09.104+0000] {taskinstance.py:430} INFO - ::endgroup::
[2026-05-11T15:15:09.324+0000] {logging_mixin.py:188} INFO - [Scraping] POST http://scraper_api:8000/scrape/adzuna
[2026-05-11T15:15:12.869+0000] {logging_mixin.py:188} INFO - [Scraping] Adzuna erreur : HTTPConnectionPool(host='scraper_api', port=8000): Max retries exceeded with url: /scrape/adzuna (Caused by NameResolutionError("<urllib3.connection.HTTPConnection object at 0x7be7c11cfec0>: Failed to resolve 'scraper_api' ([Errno -2] Name or service not known)"))
[2026-05-11T15:15:12.934+0000] {logging_mixin.py:188} INFO - [Scraping] Adzuna : {'status': 'erreur', 'message': 'HTTPConnectionPool(host=\'scraper_api\', port=8000): Max retries exceeded with url: /scrape/adzuna (Caused by NameResolutionError("<urllib3.connection.HTTPConnection object at 0x7be7c11cfec0>: Failed to resolve \'scraper_api\' ([Errno -2] Name or service not known)"))'}
[2026-05-11T15:15:13.697+0000] {python.py:237} INFO - Done. Returned value was: {'status': 'erreur', 'message': 'HTTPConnectionPool(host=\'scraper_api\', port=8000): Max retries exceeded with url: /scrape/adzuna (Caused by NameResolutionError("<urllib3.connection.HTTPConnection object at 0x7be7c11cfec0>: Failed to resolve \'scraper_api\' ([Errno -2] Name or service not known)"))'}
[2026-05-11T15:15:13.723+0000] {taskinstance.py:441} INFO - ::group::Post task execution logs
[2026-05-11T15:15:14.222+0000] {taskinstance.py:1206} INFO - Marking task as SUCCESS. dag_id=job_intelligent_pipeline_simplified, task_id=scrape_adzuna, run_id=manual__2026-05-11T15:04:00.624542+00:00, execution_date=20260511T150400, start_date=20260511T151504, end_date=20260511T151514
[2026-05-11T15:15:14.716+0000] {local_task_job_runner.py:240} INFO - Task exited with return code 0
[2026-05-11T15:15:15.565+0000] {taskinstance.py:3498} INFO - 1 downstream tasks scheduled from follow-on schedule check
[2026-05-11T15:15:15.871+0000] {local_task_job_runner.py:222} INFO - ::endgroup::
