[2026-05-17T18:02:20.046+0000] {local_task_job_runner.py:120} INFO - ::group::Pre task execution logs
[2026-05-17T18:02:20.179+0000] {taskinstance.py:2076} INFO - Dependencies all met for dep_context=non-requeueable deps ti=<TaskInstance: send_job_notifications.send_emails manual__2026-05-17T18:02:10.883356+00:00 [queued]>
[2026-05-17T18:02:20.234+0000] {taskinstance.py:2076} INFO - Dependencies all met for dep_context=requeueable deps ti=<TaskInstance: send_job_notifications.send_emails manual__2026-05-17T18:02:10.883356+00:00 [queued]>
[2026-05-17T18:02:20.245+0000] {taskinstance.py:2306} INFO - Starting attempt 1 of 2
[2026-05-17T18:02:20.431+0000] {taskinstance.py:2330} INFO - Executing <Task(BashOperator): send_emails> on 2026-05-17 18:02:10.883356+00:00
[2026-05-17T18:02:20.478+0000] {standard_task_runner.py:90} INFO - Running: ['***', 'tasks', 'run', 'send_job_notifications', 'send_emails', 'manual__2026-05-17T18:02:10.883356+00:00', '--job-id', '52', '--raw', '--subdir', 'DAGS_FOLDER/send_job_notifications.py', '--cfg-path', '/tmp/tmp6a3qse78']
[2026-05-17T18:02:20.505+0000] {standard_task_runner.py:91} INFO - Job 52: Subtask send_emails
[2026-05-17T18:02:20.493+0000] {warnings.py:110} WARNING - /home/***/.local/lib/python3.12/site-packages/***/task/task_runner/standard_task_runner.py:61: DeprecationWarning: This process (pid=121) is multi-threaded, use of fork() may lead to deadlocks in the child.
  pid = os.fork()

[2026-05-17T18:02:20.524+0000] {standard_task_runner.py:63} INFO - Started process 122 to run task
[2026-05-17T18:02:21.176+0000] {task_command.py:426} INFO - Running <TaskInstance: send_job_notifications.send_emails manual__2026-05-17T18:02:10.883356+00:00 [running]> on host d156e5650201
[2026-05-17T18:02:21.607+0000] {taskinstance.py:2648} INFO - Exporting env vars: AIRFLOW_CTX_DAG_OWNER='***' AIRFLOW_CTX_DAG_ID='send_job_notifications' AIRFLOW_CTX_TASK_ID='send_emails' AIRFLOW_CTX_EXECUTION_DATE='2026-05-17T18:02:10.883356+00:00' AIRFLOW_CTX_TRY_NUMBER='1' AIRFLOW_CTX_DAG_RUN_ID='manual__2026-05-17T18:02:10.883356+00:00'
[2026-05-17T18:02:21.610+0000] {taskinstance.py:430} INFO - ::endgroup::
[2026-05-17T18:02:21.715+0000] {subprocess.py:63} INFO - Tmp dir root location: /tmp
[2026-05-17T18:02:21.718+0000] {subprocess.py:75} INFO - Running command: ['/usr/bin/bash', '-c', 'python /opt/***/scripts/send_notifications.py']
[2026-05-17T18:02:21.752+0000] {subprocess.py:86} INFO - Output:
[2026-05-17T18:02:31.251+0000] {subprocess.py:97} INFO - Command exited with return code 0
[2026-05-17T18:02:31.253+0000] {taskinstance.py:441} INFO - ::group::Post task execution logs
[2026-05-17T18:02:31.352+0000] {taskinstance.py:1206} INFO - Marking task as SUCCESS. dag_id=send_job_notifications, task_id=send_emails, run_id=manual__2026-05-17T18:02:10.883356+00:00, execution_date=20260517T180210, start_date=20260517T180220, end_date=20260517T180231
[2026-05-17T18:02:31.438+0000] {local_task_job_runner.py:240} INFO - Task exited with return code 0
[2026-05-17T18:02:31.494+0000] {taskinstance.py:3498} INFO - 0 downstream tasks scheduled from follow-on schedule check
[2026-05-17T18:02:31.500+0000] {local_task_job_runner.py:222} INFO - ::endgroup::
