[2026-04-27T01:47:52.077+0000] {local_task_job_runner.py:120} INFO - ::group::Pre task execution logs
[2026-04-27T01:47:52.716+0000] {taskinstance.py:2076} INFO - Dependencies all met for dep_context=non-requeueable deps ti=<TaskInstance: job_intelligent_pipeline.scrape_rekrute manual__2026-04-27T01:34:43.372816+00:00 [queued]>
[2026-04-27T01:47:53.021+0000] {taskinstance.py:2076} INFO - Dependencies all met for dep_context=requeueable deps ti=<TaskInstance: job_intelligent_pipeline.scrape_rekrute manual__2026-04-27T01:34:43.372816+00:00 [queued]>
[2026-04-27T01:47:53.036+0000] {taskinstance.py:2306} INFO - Starting attempt 1 of 3
[2026-04-27T01:47:53.528+0000] {taskinstance.py:2330} INFO - Executing <Task(PythonOperator): scrape_rekrute> on 2026-04-27 01:34:43.372816+00:00
[2026-04-27T01:47:53.572+0000] {warnings.py:112} WARNING - /home/***/.local/lib/python3.12/site-packages/***/task/task_runner/standard_task_runner.py:61: DeprecationWarning: This process (pid=546) is multi-threaded, use of fork() may lead to deadlocks in the child.
  pid = os.fork()

[2026-04-27T01:47:53.602+0000] {standard_task_runner.py:63} INFO - Started process 549 to run task
[2026-04-27T01:47:53.629+0000] {standard_task_runner.py:90} INFO - Running: ['***', 'tasks', 'run', 'job_intelligent_pipeline', 'scrape_rekrute', 'manual__2026-04-27T01:34:43.372816+00:00', '--job-id', '83', '--raw', '--subdir', 'DAGS_FOLDER/dag_job_intelligent.py', '--cfg-path', '/tmp/tmpih3xxakh']
[2026-04-27T01:47:53.679+0000] {standard_task_runner.py:91} INFO - Job 83: Subtask scrape_rekrute
[2026-04-27T01:47:54.520+0000] {task_command.py:426} INFO - Running <TaskInstance: job_intelligent_pipeline.scrape_rekrute manual__2026-04-27T01:34:43.372816+00:00 [running]> on host 29da1de14b83
[2026-04-27T01:47:57.144+0000] {taskinstance.py:2648} INFO - Exporting env vars: AIRFLOW_CTX_DAG_OWNER='job_intelligent' AIRFLOW_CTX_DAG_ID='job_intelligent_pipeline' AIRFLOW_CTX_TASK_ID='scrape_rekrute' AIRFLOW_CTX_EXECUTION_DATE='2026-04-27T01:34:43.372816+00:00' AIRFLOW_CTX_TRY_NUMBER='1' AIRFLOW_CTX_DAG_RUN_ID='manual__2026-04-27T01:34:43.372816+00:00'
[2026-04-27T01:47:57.179+0000] {taskinstance.py:430} INFO - ::endgroup::
[2026-04-27T01:47:57.601+0000] {logging_mixin.py:188} INFO - [Scraping] POST http://scraper_api:8000/scrape/rekrute
[2026-04-27T01:48:01.044+0000] {logging_mixin.py:188} INFO - [Scraping] Rekrute erreur : HTTPConnectionPool(host='scraper_api', port=8000): Max retries exceeded with url: /scrape/rekrute (Caused by NameResolutionError("<urllib3.connection.HTTPConnection object at 0x7fdc8b26bf20>: Failed to resolve 'scraper_api' ([Errno -2] Name or service not known)"))
[2026-04-27T01:48:01.056+0000] {logging_mixin.py:188} INFO - [Scraping] Rekrute : {'status': 'erreur', 'message': 'HTTPConnectionPool(host=\'scraper_api\', port=8000): Max retries exceeded with url: /scrape/rekrute (Caused by NameResolutionError("<urllib3.connection.HTTPConnection object at 0x7fdc8b26bf20>: Failed to resolve \'scraper_api\' ([Errno -2] Name or service not known)"))'}
[2026-04-27T01:48:01.308+0000] {python.py:237} INFO - Done. Returned value was: {'status': 'erreur', 'message': 'HTTPConnectionPool(host=\'scraper_api\', port=8000): Max retries exceeded with url: /scrape/rekrute (Caused by NameResolutionError("<urllib3.connection.HTTPConnection object at 0x7fdc8b26bf20>: Failed to resolve \'scraper_api\' ([Errno -2] Name or service not known)"))'}
[2026-04-27T01:48:01.311+0000] {taskinstance.py:441} INFO - ::group::Post task execution logs
[2026-04-27T01:48:01.762+0000] {taskinstance.py:1206} INFO - Marking task as SUCCESS. dag_id=job_intelligent_pipeline, task_id=scrape_rekrute, run_id=manual__2026-04-27T01:34:43.372816+00:00, execution_date=20260427T013443, start_date=20260427T014752, end_date=20260427T014801
[2026-04-27T01:48:02.316+0000] {local_task_job_runner.py:240} INFO - Task exited with return code 0
[2026-04-27T01:48:03.951+0000] {taskinstance.py:3503} INFO - 1 downstream tasks scheduled from follow-on schedule check
[2026-04-27T01:48:04.001+0000] {local_task_job_runner.py:222} INFO - ::endgroup::
