[2026-05-19T17:41:41.713+0000] {local_task_job_runner.py:120} INFO - ::group::Pre task execution logs
[2026-05-19T17:41:42.416+0000] {taskinstance.py:2076} INFO - Dependencies all met for dep_context=non-requeueable deps ti=<TaskInstance: job_intelligent_pipeline_simplified.scrape_france_travail scheduled__2026-05-18T06:00:00+00:00 [queued]>
[2026-05-19T17:41:42.657+0000] {taskinstance.py:2076} INFO - Dependencies all met for dep_context=requeueable deps ti=<TaskInstance: job_intelligent_pipeline_simplified.scrape_france_travail scheduled__2026-05-18T06:00:00+00:00 [queued]>
[2026-05-19T17:41:42.671+0000] {taskinstance.py:2306} INFO - Starting attempt 1 of 3
[2026-05-19T17:41:42.890+0000] {taskinstance.py:2330} INFO - Executing <Task(PythonOperator): scrape_france_travail> on 2026-05-18 06:00:00+00:00
[2026-05-19T17:41:42.970+0000] {warnings.py:110} WARNING - /home/***/.local/lib/python3.12/site-packages/***/task/task_runner/standard_task_runner.py:61: DeprecationWarning: This process (pid=82) is multi-threaded, use of fork() may lead to deadlocks in the child.
  pid = os.fork()

[2026-05-19T17:41:42.986+0000] {standard_task_runner.py:63} INFO - Started process 84 to run task
[2026-05-19T17:41:43.102+0000] {standard_task_runner.py:90} INFO - Running: ['***', 'tasks', 'run', 'job_intelligent_pipeline_simplified', 'scrape_france_travail', 'scheduled__2026-05-18T06:00:00+00:00', '--job-id', '109', '--raw', '--subdir', 'DAGS_FOLDER/__pycache__/job_intelligent_pipeline.py', '--cfg-path', '/tmp/tmpaidu5729']
[2026-05-19T17:41:43.116+0000] {standard_task_runner.py:91} INFO - Job 109: Subtask scrape_france_travail
[2026-05-19T17:41:45.456+0000] {task_command.py:426} INFO - Running <TaskInstance: job_intelligent_pipeline_simplified.scrape_france_travail scheduled__2026-05-18T06:00:00+00:00 [running]> on host 023bb09a4b6e
[2026-05-19T17:41:47.887+0000] {taskinstance.py:2648} INFO - Exporting env vars: AIRFLOW_CTX_DAG_OWNER='job_intelligent' AIRFLOW_CTX_DAG_ID='job_intelligent_pipeline_simplified' AIRFLOW_CTX_TASK_ID='scrape_france_travail' AIRFLOW_CTX_EXECUTION_DATE='2026-05-18T06:00:00+00:00' AIRFLOW_CTX_TRY_NUMBER='1' AIRFLOW_CTX_DAG_RUN_ID='scheduled__2026-05-18T06:00:00+00:00'
[2026-05-19T17:41:47.905+0000] {taskinstance.py:430} INFO - ::endgroup::
[2026-05-19T17:41:48.203+0000] {logging_mixin.py:188} INFO - [Scraping] POST http://scraper-api:8000/scrape/france_travail
[2026-05-19T17:42:03.104+0000] {logging_mixin.py:188} INFO - [Scraping] FranceTravail : {'status': 'success', 'data': {'scraped': 500, 'minio_path': 'france_travail/2026-05-19/5db00a03-8d2a-4421-967f-d3e8edb4bf37.json'}}
[2026-05-19T17:42:03.638+0000] {python.py:237} INFO - Done. Returned value was: {'status': 'success', 'data': {'scraped': 500, 'minio_path': 'france_travail/2026-05-19/5db00a03-8d2a-4421-967f-d3e8edb4bf37.json'}}
[2026-05-19T17:42:03.689+0000] {taskinstance.py:441} INFO - ::group::Post task execution logs
[2026-05-19T17:42:04.776+0000] {taskinstance.py:1206} INFO - Marking task as SUCCESS. dag_id=job_intelligent_pipeline_simplified, task_id=scrape_france_travail, run_id=scheduled__2026-05-18T06:00:00+00:00, execution_date=20260518T060000, start_date=20260519T174142, end_date=20260519T174204
[2026-05-19T17:42:05.108+0000] {local_task_job_runner.py:240} INFO - Task exited with return code 0
[2026-05-19T17:42:05.398+0000] {taskinstance.py:3498} INFO - 0 downstream tasks scheduled from follow-on schedule check
[2026-05-19T17:42:05.437+0000] {local_task_job_runner.py:222} INFO - ::endgroup::
