[2026-04-30T20:54:24.617+0000] {local_task_job_runner.py:120} INFO - ::group::Pre task execution logs
[2026-04-30T20:54:24.806+0000] {taskinstance.py:2076} INFO - Dependencies all met for dep_context=non-requeueable deps ti=<TaskInstance: job_intelligent_pipeline.scrape_rekrute manual__2026-04-29T20:19:05.874014+00:00 [queued]>
[2026-04-30T20:54:24.913+0000] {taskinstance.py:2076} INFO - Dependencies all met for dep_context=requeueable deps ti=<TaskInstance: job_intelligent_pipeline.scrape_rekrute manual__2026-04-29T20:19:05.874014+00:00 [queued]>
[2026-04-30T20:54:24.919+0000] {taskinstance.py:2306} INFO - Starting attempt 1 of 3
[2026-04-30T20:54:25.040+0000] {taskinstance.py:2330} INFO - Executing <Task(PythonOperator): scrape_rekrute> on 2026-04-29 20:19:05.874014+00:00
[2026-04-30T20:54:25.050+0000] {warnings.py:112} WARNING - /home/***/.local/lib/python3.12/site-packages/***/task/task_runner/standard_task_runner.py:61: DeprecationWarning: This process (pid=164) is multi-threaded, use of fork() may lead to deadlocks in the child.
  pid = os.fork()

[2026-04-30T20:54:25.062+0000] {standard_task_runner.py:63} INFO - Started process 167 to run task
[2026-04-30T20:54:25.076+0000] {standard_task_runner.py:90} INFO - Running: ['***', 'tasks', 'run', 'job_intelligent_pipeline', 'scrape_rekrute', 'manual__2026-04-29T20:19:05.874014+00:00', '--job-id', '239', '--raw', '--subdir', 'DAGS_FOLDER/dag_job_intelligent.py', '--cfg-path', '/tmp/tmpw7n06g10']
[2026-04-30T20:54:25.083+0000] {standard_task_runner.py:91} INFO - Job 239: Subtask scrape_rekrute
[2026-04-30T20:54:25.288+0000] {task_command.py:426} INFO - Running <TaskInstance: job_intelligent_pipeline.scrape_rekrute manual__2026-04-29T20:19:05.874014+00:00 [running]> on host d03dee3e4b2b
[2026-04-30T20:54:25.831+0000] {taskinstance.py:2648} INFO - Exporting env vars: AIRFLOW_CTX_DAG_OWNER='job_intelligent' AIRFLOW_CTX_DAG_ID='job_intelligent_pipeline' AIRFLOW_CTX_TASK_ID='scrape_rekrute' AIRFLOW_CTX_EXECUTION_DATE='2026-04-29T20:19:05.874014+00:00' AIRFLOW_CTX_TRY_NUMBER='1' AIRFLOW_CTX_DAG_RUN_ID='manual__2026-04-29T20:19:05.874014+00:00'
[2026-04-30T20:54:25.836+0000] {taskinstance.py:430} INFO - ::endgroup::
[2026-04-30T20:54:25.869+0000] {logging_mixin.py:188} INFO - [Scraping] POST http://scraper_api:8000/scraper/rekrute
[2026-04-30T20:54:29.340+0000] {logging_mixin.py:188} INFO - [Scraping] Rekrute erreur : HTTPConnectionPool(host='scraper_api', port=8000): Max retries exceeded with url: /scraper/rekrute (Caused by NameResolutionError("<urllib3.connection.HTTPConnection object at 0x7f7a88581df0>: Failed to resolve 'scraper_api' ([Errno -2] Name or service not known)"))
[2026-04-30T20:54:29.344+0000] {logging_mixin.py:188} INFO - [Scraping] Rekrute : {'status': 'erreur', 'message': 'HTTPConnectionPool(host=\'scraper_api\', port=8000): Max retries exceeded with url: /scraper/rekrute (Caused by NameResolutionError("<urllib3.connection.HTTPConnection object at 0x7f7a88581df0>: Failed to resolve \'scraper_api\' ([Errno -2] Name or service not known)"))'}
[2026-04-30T20:54:29.467+0000] {python.py:237} INFO - Done. Returned value was: {'status': 'erreur', 'message': 'HTTPConnectionPool(host=\'scraper_api\', port=8000): Max retries exceeded with url: /scraper/rekrute (Caused by NameResolutionError("<urllib3.connection.HTTPConnection object at 0x7f7a88581df0>: Failed to resolve \'scraper_api\' ([Errno -2] Name or service not known)"))'}
[2026-04-30T20:54:29.471+0000] {taskinstance.py:441} INFO - ::group::Post task execution logs
[2026-04-30T20:54:29.707+0000] {taskinstance.py:1206} INFO - Marking task as SUCCESS. dag_id=job_intelligent_pipeline, task_id=scrape_rekrute, run_id=manual__2026-04-29T20:19:05.874014+00:00, execution_date=20260429T201905, start_date=20260430T205424, end_date=20260430T205429
[2026-04-30T20:54:29.875+0000] {local_task_job_runner.py:240} INFO - Task exited with return code 0
[2026-04-30T20:54:30.245+0000] {taskinstance.py:3503} INFO - 1 downstream tasks scheduled from follow-on schedule check
[2026-04-30T20:54:30.328+0000] {local_task_job_runner.py:222} INFO - ::endgroup::
