[2026-04-26T19:58:55.646+0000] {local_task_job_runner.py:120} INFO - ::group::Pre task execution logs
[2026-04-26T19:58:55.782+0000] {taskinstance.py:2076} INFO - Dependencies all met for dep_context=non-requeueable deps ti=<TaskInstance: pipeline_job_intelligent_kafka.verifier_kafka scheduled__2026-04-25T06:00:00+00:00 [queued]>
[2026-04-26T19:58:55.819+0000] {taskinstance.py:2076} INFO - Dependencies all met for dep_context=requeueable deps ti=<TaskInstance: pipeline_job_intelligent_kafka.verifier_kafka scheduled__2026-04-25T06:00:00+00:00 [queued]>
[2026-04-26T19:58:55.827+0000] {taskinstance.py:2306} INFO - Starting attempt 1 of 3
[2026-04-26T19:58:55.885+0000] {taskinstance.py:2330} INFO - Executing <Task(PythonOperator): verifier_kafka> on 2026-04-25 06:00:00+00:00
[2026-04-26T19:58:55.904+0000] {warnings.py:112} WARNING - /home/***/.local/lib/python3.12/site-packages/***/task/task_runner/standard_task_runner.py:61: DeprecationWarning: This process (pid=78) is multi-threaded, use of fork() may lead to deadlocks in the child.
  pid = os.fork()

[2026-04-26T19:58:55.943+0000] {standard_task_runner.py:63} INFO - Started process 80 to run task
[2026-04-26T19:58:55.930+0000] {standard_task_runner.py:90} INFO - Running: ['***', 'tasks', 'run', 'pipeline_job_intelligent_kafka', 'verifier_kafka', 'scheduled__2026-04-25T06:00:00+00:00', '--job-id', '26', '--raw', '--subdir', 'DAGS_FOLDER/dag_pipeline_complet.py', '--cfg-path', '/tmp/tmpwzz62tzi']
[2026-04-26T19:58:55.978+0000] {standard_task_runner.py:91} INFO - Job 26: Subtask verifier_kafka
[2026-04-26T19:58:56.984+0000] {task_command.py:426} INFO - Running <TaskInstance: pipeline_job_intelligent_kafka.verifier_kafka scheduled__2026-04-25T06:00:00+00:00 [running]> on host 5ee73420ef4b
[2026-04-26T19:58:58.068+0000] {taskinstance.py:2648} INFO - Exporting env vars: AIRFLOW_CTX_DAG_OWNER='job_intelligent' AIRFLOW_CTX_DAG_ID='pipeline_job_intelligent_kafka' AIRFLOW_CTX_TASK_ID='verifier_kafka' AIRFLOW_CTX_EXECUTION_DATE='2026-04-25T06:00:00+00:00' AIRFLOW_CTX_TRY_NUMBER='1' AIRFLOW_CTX_DAG_RUN_ID='scheduled__2026-04-25T06:00:00+00:00'
[2026-04-26T19:58:58.072+0000] {taskinstance.py:430} INFO - ::endgroup::
[2026-04-26T19:58:58.365+0000] {taskinstance.py:441} INFO - ::group::Post task execution logs
[2026-04-26T19:58:58.366+0000] {taskinstance.py:2905} ERROR - Task failed with exception
Traceback (most recent call last):
  File "/home/airflow/.local/lib/python3.12/site-packages/airflow/models/taskinstance.py", line 465, in _execute_task
    result = _execute_callable(context=context, **execute_callable_kwargs)
             ^^^^^^^^^^^^^^^^^^^^^^^^^^^^^^^^^^^^^^^^^^^^^^^^^^^^^^^^^^^^^
  File "/home/airflow/.local/lib/python3.12/site-packages/airflow/models/taskinstance.py", line 432, in _execute_callable
    return execute_callable(context=context, **execute_callable_kwargs)
           ^^^^^^^^^^^^^^^^^^^^^^^^^^^^^^^^^^^^^^^^^^^^^^^^^^^^^^^^^^^^
  File "/home/airflow/.local/lib/python3.12/site-packages/airflow/models/baseoperator.py", line 401, in wrapper
    return func(self, *args, **kwargs)
           ^^^^^^^^^^^^^^^^^^^^^^^^^^^
  File "/home/airflow/.local/lib/python3.12/site-packages/airflow/operators/python.py", line 235, in execute
    return_value = self.execute_callable()
                   ^^^^^^^^^^^^^^^^^^^^^^^
  File "/home/airflow/.local/lib/python3.12/site-packages/airflow/operators/python.py", line 252, in execute_callable
    return self.python_callable(*self.op_args, **self.op_kwargs)
           ^^^^^^^^^^^^^^^^^^^^^^^^^^^^^^^^^^^^^^^^^^^^^^^^^^^^^
  File "/opt/airflow/dags/dag_pipeline_complet.py", line 22, in verifier_kafka
    from kafka_pipeline import check_kafka_status
ModuleNotFoundError: No module named 'kafka_pipeline'
[2026-04-26T19:58:58.630+0000] {taskinstance.py:1206} INFO - Marking task as UP_FOR_RETRY. dag_id=pipeline_job_intelligent_kafka, task_id=verifier_kafka, run_id=scheduled__2026-04-25T06:00:00+00:00, execution_date=20260425T060000, start_date=20260426T195855, end_date=20260426T195858
[2026-04-26T19:58:58.806+0000] {standard_task_runner.py:110} ERROR - Failed to execute job 26 for task verifier_kafka (No module named 'kafka_pipeline'; 80)
[2026-04-26T19:58:58.858+0000] {local_task_job_runner.py:240} INFO - Task exited with return code 1
[2026-04-26T19:58:58.958+0000] {taskinstance.py:3503} INFO - 0 downstream tasks scheduled from follow-on schedule check
[2026-04-26T19:58:58.971+0000] {local_task_job_runner.py:222} INFO - ::endgroup::
