[2026-04-29T22:03:50.518+0000] {local_task_job_runner.py:120} INFO - ::group::Pre task execution logs
[2026-04-29T22:03:50.776+0000] {taskinstance.py:2076} INFO - Dependencies all met for dep_context=non-requeueable deps ti=<TaskInstance: job_intelligent_pipeline.scrape_france_travail manual__2026-04-29T20:13:37.715317+00:00 [queued]>
[2026-04-29T22:03:50.891+0000] {taskinstance.py:2076} INFO - Dependencies all met for dep_context=requeueable deps ti=<TaskInstance: job_intelligent_pipeline.scrape_france_travail manual__2026-04-29T20:13:37.715317+00:00 [queued]>
[2026-04-29T22:03:50.904+0000] {taskinstance.py:2306} INFO - Starting attempt 1 of 3
[2026-04-29T22:03:51.142+0000] {taskinstance.py:2330} INFO - Executing <Task(PythonOperator): scrape_france_travail> on 2026-04-29 20:13:37.715317+00:00
[2026-04-29T22:03:51.258+0000] {standard_task_runner.py:90} INFO - Running: ['***', 'tasks', 'run', 'job_intelligent_pipeline', 'scrape_france_travail', 'manual__2026-04-29T20:13:37.715317+00:00', '--job-id', '197', '--raw', '--subdir', 'DAGS_FOLDER/dag_job_intelligent.py', '--cfg-path', '/tmp/tmpfv6mteod']
[2026-04-29T22:03:51.283+0000] {standard_task_runner.py:91} INFO - Job 197: Subtask scrape_france_travail
[2026-04-29T22:03:51.211+0000] {warnings.py:112} WARNING - /home/***/.local/lib/python3.12/site-packages/***/task/task_runner/standard_task_runner.py:61: DeprecationWarning: This process (pid=3480) is multi-threaded, use of fork() may lead to deadlocks in the child.
  pid = os.fork()

[2026-04-29T22:03:51.300+0000] {standard_task_runner.py:63} INFO - Started process 3483 to run task
[2026-04-29T22:03:51.691+0000] {task_command.py:426} INFO - Running <TaskInstance: job_intelligent_pipeline.scrape_france_travail manual__2026-04-29T20:13:37.715317+00:00 [running]> on host 00190f46936a
[2026-04-29T22:03:53.617+0000] {taskinstance.py:2648} INFO - Exporting env vars: AIRFLOW_CTX_DAG_OWNER='job_intelligent' AIRFLOW_CTX_DAG_ID='job_intelligent_pipeline' AIRFLOW_CTX_TASK_ID='scrape_france_travail' AIRFLOW_CTX_EXECUTION_DATE='2026-04-29T20:13:37.715317+00:00' AIRFLOW_CTX_TRY_NUMBER='1' AIRFLOW_CTX_DAG_RUN_ID='manual__2026-04-29T20:13:37.715317+00:00'
[2026-04-29T22:03:53.626+0000] {taskinstance.py:430} INFO - ::endgroup::
[2026-04-29T22:03:53.782+0000] {logging_mixin.py:188} INFO - [Scraping] POST http://scraper_api:8000/scraper/france_travail
[2026-04-29T22:03:57.516+0000] {logging_mixin.py:188} INFO - [Scraping] FranceTravail erreur : HTTPConnectionPool(host='scraper_api', port=8000): Max retries exceeded with url: /scraper/france_travail (Caused by NameResolutionError("<urllib3.connection.HTTPConnection object at 0x7f5d35634ef0>: Failed to resolve 'scraper_api' ([Errno -2] Name or service not known)"))
[2026-04-29T22:03:57.535+0000] {logging_mixin.py:188} INFO - [Scraping] FranceTravail : {'status': 'erreur', 'message': 'HTTPConnectionPool(host=\'scraper_api\', port=8000): Max retries exceeded with url: /scraper/france_travail (Caused by NameResolutionError("<urllib3.connection.HTTPConnection object at 0x7f5d35634ef0>: Failed to resolve \'scraper_api\' ([Errno -2] Name or service not known)"))'}
[2026-04-29T22:03:58.505+0000] {python.py:237} INFO - Done. Returned value was: {'status': 'erreur', 'message': 'HTTPConnectionPool(host=\'scraper_api\', port=8000): Max retries exceeded with url: /scraper/france_travail (Caused by NameResolutionError("<urllib3.connection.HTTPConnection object at 0x7f5d35634ef0>: Failed to resolve \'scraper_api\' ([Errno -2] Name or service not known)"))'}
[2026-04-29T22:03:58.520+0000] {taskinstance.py:441} INFO - ::group::Post task execution logs
[2026-04-29T22:03:59.520+0000] {taskinstance.py:1206} INFO - Marking task as SUCCESS. dag_id=job_intelligent_pipeline, task_id=scrape_france_travail, run_id=manual__2026-04-29T20:13:37.715317+00:00, execution_date=20260429T201337, start_date=20260429T220350, end_date=20260429T220359
[2026-04-29T22:03:59.889+0000] {local_task_job_runner.py:240} INFO - Task exited with return code 0
[2026-04-29T22:04:00.607+0000] {taskinstance.py:3503} INFO - 1 downstream tasks scheduled from follow-on schedule check
[2026-04-29T22:04:00.708+0000] {local_task_job_runner.py:222} INFO - ::endgroup::
