[2026-04-26T22:12:01.557+0000] {local_task_job_runner.py:120} INFO - ::group::Pre task execution logs
[2026-04-26T22:12:01.713+0000] {taskinstance.py:2076} INFO - Dependencies all met for dep_context=non-requeueable deps ti=<TaskInstance: job_intelligent_pipeline.scrape_adzuna scheduled__2026-04-25T06:00:00+00:00 [queued]>
[2026-04-26T22:12:01.840+0000] {taskinstance.py:2076} INFO - Dependencies all met for dep_context=requeueable deps ti=<TaskInstance: job_intelligent_pipeline.scrape_adzuna scheduled__2026-04-25T06:00:00+00:00 [queued]>
[2026-04-26T22:12:01.845+0000] {taskinstance.py:2306} INFO - Starting attempt 1 of 3
[2026-04-26T22:12:02.048+0000] {taskinstance.py:2330} INFO - Executing <Task(PythonOperator): scrape_adzuna> on 2026-04-25 06:00:00+00:00
[2026-04-26T22:12:02.080+0000] {standard_task_runner.py:90} INFO - Running: ['***', 'tasks', 'run', 'job_intelligent_pipeline', 'scrape_adzuna', 'scheduled__2026-04-25T06:00:00+00:00', '--job-id', '34', '--raw', '--subdir', 'DAGS_FOLDER/dag_job_intelligent.py', '--cfg-path', '/tmp/tmp38woaeij']
[2026-04-26T22:12:02.095+0000] {standard_task_runner.py:91} INFO - Job 34: Subtask scrape_adzuna
[2026-04-26T22:12:02.113+0000] {warnings.py:112} WARNING - /home/***/.local/lib/python3.12/site-packages/***/task/task_runner/standard_task_runner.py:61: DeprecationWarning: This process (pid=82) is multi-threaded, use of fork() may lead to deadlocks in the child.
  pid = os.fork()

[2026-04-26T22:12:02.164+0000] {standard_task_runner.py:63} INFO - Started process 83 to run task
[2026-04-26T22:12:02.896+0000] {task_command.py:426} INFO - Running <TaskInstance: job_intelligent_pipeline.scrape_adzuna scheduled__2026-04-25T06:00:00+00:00 [running]> on host 31133b84880c
[2026-04-26T22:12:04.584+0000] {taskinstance.py:2648} INFO - Exporting env vars: AIRFLOW_CTX_DAG_OWNER='job_intelligent' AIRFLOW_CTX_DAG_ID='job_intelligent_pipeline' AIRFLOW_CTX_TASK_ID='scrape_adzuna' AIRFLOW_CTX_EXECUTION_DATE='2026-04-25T06:00:00+00:00' AIRFLOW_CTX_TRY_NUMBER='1' AIRFLOW_CTX_DAG_RUN_ID='scheduled__2026-04-25T06:00:00+00:00'
[2026-04-26T22:12:04.588+0000] {taskinstance.py:430} INFO - ::endgroup::
[2026-04-26T22:12:04.732+0000] {logging_mixin.py:188} INFO - [Scraping] POST http://scraper_api:8000/scrape/adzuna
[2026-04-26T22:12:08.195+0000] {logging_mixin.py:188} INFO - [Scraping] Adzuna erreur : HTTPConnectionPool(host='scraper_api', port=8000): Max retries exceeded with url: /scrape/adzuna (Caused by NameResolutionError("<urllib3.connection.HTTPConnection object at 0x7ffbcf9111f0>: Failed to resolve 'scraper_api' ([Errno -2] Name or service not known)"))
[2026-04-26T22:12:08.199+0000] {logging_mixin.py:188} INFO - [Scraping] Adzuna : {'status': 'erreur', 'message': 'HTTPConnectionPool(host=\'scraper_api\', port=8000): Max retries exceeded with url: /scrape/adzuna (Caused by NameResolutionError("<urllib3.connection.HTTPConnection object at 0x7ffbcf9111f0>: Failed to resolve \'scraper_api\' ([Errno -2] Name or service not known)"))'}
[2026-04-26T22:12:08.353+0000] {python.py:237} INFO - Done. Returned value was: {'status': 'erreur', 'message': 'HTTPConnectionPool(host=\'scraper_api\', port=8000): Max retries exceeded with url: /scrape/adzuna (Caused by NameResolutionError("<urllib3.connection.HTTPConnection object at 0x7ffbcf9111f0>: Failed to resolve \'scraper_api\' ([Errno -2] Name or service not known)"))'}
[2026-04-26T22:12:08.354+0000] {taskinstance.py:441} INFO - ::group::Post task execution logs
[2026-04-26T22:12:08.560+0000] {taskinstance.py:1206} INFO - Marking task as SUCCESS. dag_id=job_intelligent_pipeline, task_id=scrape_adzuna, run_id=scheduled__2026-04-25T06:00:00+00:00, execution_date=20260425T060000, start_date=20260426T221201, end_date=20260426T221208
[2026-04-26T22:12:08.767+0000] {local_task_job_runner.py:240} INFO - Task exited with return code 0
[2026-04-26T22:12:09.370+0000] {taskinstance.py:3503} INFO - 1 downstream tasks scheduled from follow-on schedule check
[2026-04-26T22:12:09.480+0000] {local_task_job_runner.py:222} INFO - ::endgroup::
