[2026-05-11T17:54:28.455+0000] {local_task_job_runner.py:120} INFO - ::group::Pre task execution logs
[2026-05-11T17:54:28.577+0000] {taskinstance.py:2076} INFO - Dependencies all met for dep_context=non-requeueable deps ti=<TaskInstance: job_intelligent_pipeline_simplified.scrape_adzuna manual__2026-05-11T17:54:19.305492+00:00 [queued]>
[2026-05-11T17:54:28.602+0000] {taskinstance.py:2076} INFO - Dependencies all met for dep_context=requeueable deps ti=<TaskInstance: job_intelligent_pipeline_simplified.scrape_adzuna manual__2026-05-11T17:54:19.305492+00:00 [queued]>
[2026-05-11T17:54:28.603+0000] {taskinstance.py:2306} INFO - Starting attempt 1 of 3
[2026-05-11T17:54:28.657+0000] {taskinstance.py:2330} INFO - Executing <Task(PythonOperator): scrape_adzuna> on 2026-05-11 17:54:19.305492+00:00
[2026-05-11T17:54:28.675+0000] {warnings.py:110} WARNING - /home/***/.local/lib/python3.12/site-packages/***/task/task_runner/standard_task_runner.py:61: DeprecationWarning: This process (pid=152) is multi-threaded, use of fork() may lead to deadlocks in the child.
  pid = os.fork()

[2026-05-11T17:54:28.681+0000] {standard_task_runner.py:63} INFO - Started process 153 to run task
[2026-05-11T17:54:28.679+0000] {standard_task_runner.py:90} INFO - Running: ['***', 'tasks', 'run', 'job_intelligent_pipeline_simplified', 'scrape_adzuna', 'manual__2026-05-11T17:54:19.305492+00:00', '--job-id', '53', '--raw', '--subdir', 'DAGS_FOLDER/__pycache__/job_intelligent_pipeline.py', '--cfg-path', '/tmp/tmp8fjzno41']
[2026-05-11T17:54:28.684+0000] {standard_task_runner.py:91} INFO - Job 53: Subtask scrape_adzuna
[2026-05-11T17:54:29.000+0000] {task_command.py:426} INFO - Running <TaskInstance: job_intelligent_pipeline_simplified.scrape_adzuna manual__2026-05-11T17:54:19.305492+00:00 [running]> on host 3d6dc2445e84
[2026-05-11T17:54:29.591+0000] {taskinstance.py:2648} INFO - Exporting env vars: AIRFLOW_CTX_DAG_OWNER='job_intelligent' AIRFLOW_CTX_DAG_ID='job_intelligent_pipeline_simplified' AIRFLOW_CTX_TASK_ID='scrape_adzuna' AIRFLOW_CTX_EXECUTION_DATE='2026-05-11T17:54:19.305492+00:00' AIRFLOW_CTX_TRY_NUMBER='1' AIRFLOW_CTX_DAG_RUN_ID='manual__2026-05-11T17:54:19.305492+00:00'
[2026-05-11T17:54:29.593+0000] {taskinstance.py:430} INFO - ::endgroup::
[2026-05-11T17:54:29.737+0000] {logging_mixin.py:188} INFO - [Scraping] POST http://scraper-api:8000/scrape/adzuna
[2026-05-11T17:54:29.972+0000] {logging_mixin.py:188} INFO - [Scraping] Adzuna : {'status': 'lancé en arrière-plan', 'source': 'adzuna', 'keywords': 'data engineer'}
[2026-05-11T17:54:30.287+0000] {python.py:237} INFO - Done. Returned value was: {'status': 'lancé en arrière-plan', 'source': 'adzuna', 'keywords': 'data engineer'}
[2026-05-11T17:54:30.302+0000] {taskinstance.py:441} INFO - ::group::Post task execution logs
[2026-05-11T17:54:30.710+0000] {taskinstance.py:1206} INFO - Marking task as SUCCESS. dag_id=job_intelligent_pipeline_simplified, task_id=scrape_adzuna, run_id=manual__2026-05-11T17:54:19.305492+00:00, execution_date=20260511T175419, start_date=20260511T175428, end_date=20260511T175430
[2026-05-11T17:54:30.840+0000] {local_task_job_runner.py:240} INFO - Task exited with return code 0
[2026-05-11T17:54:31.400+0000] {taskinstance.py:3498} INFO - 0 downstream tasks scheduled from follow-on schedule check
[2026-05-11T17:54:31.413+0000] {local_task_job_runner.py:222} INFO - ::endgroup::
