[2026-05-08T17:58:46.954+0000] {local_task_job_runner.py:120} INFO - ::group::Pre task execution logs
[2026-05-08T17:58:47.015+0000] {taskinstance.py:2076} INFO - Dependencies all met for dep_context=non-requeueable deps ti=<TaskInstance: job_intelligent_pipeline.scrape_adzuna manual__2026-05-08T17:47:23.638968+00:00 [queued]>
[2026-05-08T17:58:47.048+0000] {taskinstance.py:2076} INFO - Dependencies all met for dep_context=requeueable deps ti=<TaskInstance: job_intelligent_pipeline.scrape_adzuna manual__2026-05-08T17:47:23.638968+00:00 [queued]>
[2026-05-08T17:58:47.050+0000] {taskinstance.py:2306} INFO - Starting attempt 1 of 3
[2026-05-08T17:58:47.115+0000] {taskinstance.py:2330} INFO - Executing <Task(PythonOperator): scrape_adzuna> on 2026-05-08 17:47:23.638968+00:00
[2026-05-08T17:58:47.123+0000] {warnings.py:112} WARNING - /home/***/.local/lib/python3.12/site-packages/***/task/task_runner/standard_task_runner.py:61: DeprecationWarning: This process (pid=1127) is multi-threaded, use of fork() may lead to deadlocks in the child.
  pid = os.fork()

[2026-05-08T17:58:47.126+0000] {standard_task_runner.py:90} INFO - Running: ['***', 'tasks', 'run', 'job_intelligent_pipeline', 'scrape_adzuna', 'manual__2026-05-08T17:47:23.638968+00:00', '--job-id', '426', '--raw', '--subdir', 'DAGS_FOLDER/dag_job_intelligent .py', '--cfg-path', '/tmp/tmpjrh7r4qu']
[2026-05-08T17:58:47.133+0000] {standard_task_runner.py:63} INFO - Started process 1130 to run task
[2026-05-08T17:58:47.133+0000] {standard_task_runner.py:91} INFO - Job 426: Subtask scrape_adzuna
[2026-05-08T17:58:47.282+0000] {task_command.py:426} INFO - Running <TaskInstance: job_intelligent_pipeline.scrape_adzuna manual__2026-05-08T17:47:23.638968+00:00 [running]> on host 82bd505ce5dd
[2026-05-08T17:58:47.625+0000] {taskinstance.py:2648} INFO - Exporting env vars: AIRFLOW_CTX_DAG_OWNER='job_intelligent' AIRFLOW_CTX_DAG_ID='job_intelligent_pipeline' AIRFLOW_CTX_TASK_ID='scrape_adzuna' AIRFLOW_CTX_EXECUTION_DATE='2026-05-08T17:47:23.638968+00:00' AIRFLOW_CTX_TRY_NUMBER='1' AIRFLOW_CTX_DAG_RUN_ID='manual__2026-05-08T17:47:23.638968+00:00'
[2026-05-08T17:58:47.627+0000] {taskinstance.py:430} INFO - ::endgroup::
[2026-05-08T17:58:47.659+0000] {logging_mixin.py:188} INFO - [Scraping] POST http://scraper_api:8000/scrape/adzuna
[2026-05-08T17:58:51.020+0000] {logging_mixin.py:188} INFO - [Scraping] Adzuna erreur : HTTPConnectionPool(host='scraper_api', port=8000): Max retries exceeded with url: /scrape/adzuna (Caused by NameResolutionError("<urllib3.connection.HTTPConnection object at 0x7fba176918e0>: Failed to resolve 'scraper_api' ([Errno -2] Name or service not known)"))
[2026-05-08T17:58:51.024+0000] {logging_mixin.py:188} INFO - [Scraping] Adzuna : {'status': 'erreur', 'message': 'HTTPConnectionPool(host=\'scraper_api\', port=8000): Max retries exceeded with url: /scrape/adzuna (Caused by NameResolutionError("<urllib3.connection.HTTPConnection object at 0x7fba176918e0>: Failed to resolve \'scraper_api\' ([Errno -2] Name or service not known)"))'}
[2026-05-08T17:58:51.077+0000] {python.py:237} INFO - Done. Returned value was: {'status': 'erreur', 'message': 'HTTPConnectionPool(host=\'scraper_api\', port=8000): Max retries exceeded with url: /scrape/adzuna (Caused by NameResolutionError("<urllib3.connection.HTTPConnection object at 0x7fba176918e0>: Failed to resolve \'scraper_api\' ([Errno -2] Name or service not known)"))'}
[2026-05-08T17:58:51.078+0000] {taskinstance.py:441} INFO - ::group::Post task execution logs
[2026-05-08T17:58:51.186+0000] {taskinstance.py:1206} INFO - Marking task as SUCCESS. dag_id=job_intelligent_pipeline, task_id=scrape_adzuna, run_id=manual__2026-05-08T17:47:23.638968+00:00, execution_date=20260508T174723, start_date=20260508T175847, end_date=20260508T175851
[2026-05-08T17:58:51.334+0000] {local_task_job_runner.py:240} INFO - Task exited with return code 0
[2026-05-08T17:58:51.473+0000] {local_task_job_runner.py:222} INFO - ::endgroup::
