[2026-05-08T17:05:50.461+0000] {local_task_job_runner.py:120} INFO - ::group::Pre task execution logs
[2026-05-08T17:05:50.516+0000] {taskinstance.py:2076} INFO - Dependencies all met for dep_context=non-requeueable deps ti=<TaskInstance: job_intelligent_pipeline.wait_scraping manual__2026-05-08T17:05:17.311237+00:00 [queued]>
[2026-05-08T17:05:50.537+0000] {taskinstance.py:2076} INFO - Dependencies all met for dep_context=requeueable deps ti=<TaskInstance: job_intelligent_pipeline.wait_scraping manual__2026-05-08T17:05:17.311237+00:00 [queued]>
[2026-05-08T17:05:50.539+0000] {taskinstance.py:2306} INFO - Starting attempt 1 of 3
[2026-05-08T17:05:50.589+0000] {taskinstance.py:2330} INFO - Executing <Task(PythonOperator): wait_scraping> on 2026-05-08 17:05:17.311237+00:00
[2026-05-08T17:05:50.598+0000] {warnings.py:112} WARNING - /home/***/.local/lib/python3.12/site-packages/***/task/task_runner/standard_task_runner.py:61: DeprecationWarning: This process (pid=302) is multi-threaded, use of fork() may lead to deadlocks in the child.
  pid = os.fork()

[2026-05-08T17:05:50.601+0000] {standard_task_runner.py:63} INFO - Started process 303 to run task
[2026-05-08T17:05:50.603+0000] {standard_task_runner.py:90} INFO - Running: ['***', 'tasks', 'run', 'job_intelligent_pipeline', 'wait_scraping', 'manual__2026-05-08T17:05:17.311237+00:00', '--job-id', '413', '--raw', '--subdir', 'DAGS_FOLDER/dag_job_intelligent.py', '--cfg-path', '/tmp/tmpnezcrj_f']
[2026-05-08T17:05:50.606+0000] {standard_task_runner.py:91} INFO - Job 413: Subtask wait_scraping
[2026-05-08T17:05:50.814+0000] {task_command.py:426} INFO - Running <TaskInstance: job_intelligent_pipeline.wait_scraping manual__2026-05-08T17:05:17.311237+00:00 [running]> on host 82bd505ce5dd
[2026-05-08T17:05:51.160+0000] {taskinstance.py:2648} INFO - Exporting env vars: AIRFLOW_CTX_DAG_OWNER='job_intelligent' AIRFLOW_CTX_DAG_ID='job_intelligent_pipeline' AIRFLOW_CTX_TASK_ID='wait_scraping' AIRFLOW_CTX_EXECUTION_DATE='2026-05-08T17:05:17.311237+00:00' AIRFLOW_CTX_TRY_NUMBER='1' AIRFLOW_CTX_DAG_RUN_ID='manual__2026-05-08T17:05:17.311237+00:00'
[2026-05-08T17:05:51.162+0000] {taskinstance.py:430} INFO - ::endgroup::
[2026-05-08T17:05:51.218+0000] {logging_mixin.py:188} INFO - [Wait] Attente de 60s pour laisser le scraping se terminer...
[2026-05-08T17:06:51.206+0000] {logging_mixin.py:188} INFO - [Wait] Scraping suppose termine.
[2026-05-08T17:06:51.207+0000] {python.py:237} INFO - Done. Returned value was: None
[2026-05-08T17:06:51.210+0000] {taskinstance.py:441} INFO - ::group::Post task execution logs
[2026-05-08T17:06:51.239+0000] {taskinstance.py:1206} INFO - Marking task as SUCCESS. dag_id=job_intelligent_pipeline, task_id=wait_scraping, run_id=manual__2026-05-08T17:05:17.311237+00:00, execution_date=20260508T170517, start_date=20260508T170550, end_date=20260508T170651
[2026-05-08T17:06:51.315+0000] {local_task_job_runner.py:240} INFO - Task exited with return code 0
[2026-05-08T17:06:51.382+0000] {taskinstance.py:3503} INFO - 0 downstream tasks scheduled from follow-on schedule check
[2026-05-08T17:06:51.390+0000] {local_task_job_runner.py:222} INFO - ::endgroup::
