[2026-05-08T21:43:03.905+0000] {local_task_job_runner.py:120} INFO - ::group::Pre task execution logs
[2026-05-08T21:43:04.354+0000] {taskinstance.py:2076} INFO - Dependencies all met for dep_context=non-requeueable deps ti=<TaskInstance: job_intelligent_pipeline.scrape_rekrute manual__2026-05-08T21:42:56.231869+00:00 [queued]>
[2026-05-08T21:43:04.477+0000] {taskinstance.py:2076} INFO - Dependencies all met for dep_context=requeueable deps ti=<TaskInstance: job_intelligent_pipeline.scrape_rekrute manual__2026-05-08T21:42:56.231869+00:00 [queued]>
[2026-05-08T21:43:04.483+0000] {taskinstance.py:2306} INFO - Starting attempt 1 of 3
[2026-05-08T21:43:04.688+0000] {taskinstance.py:2330} INFO - Executing <Task(PythonOperator): scrape_rekrute> on 2026-05-08 21:42:56.231869+00:00
[2026-05-08T21:43:04.711+0000] {standard_task_runner.py:90} INFO - Running: ['***', 'tasks', 'run', 'job_intelligent_pipeline', 'scrape_rekrute', 'manual__2026-05-08T21:42:56.231869+00:00', '--job-id', '442', '--raw', '--subdir', 'DAGS_FOLDER/dag_job_intelligent .py', '--cfg-path', '/tmp/tmpqqj0fkyj']
[2026-05-08T21:43:04.716+0000] {standard_task_runner.py:91} INFO - Job 442: Subtask scrape_rekrute
[2026-05-08T21:43:04.719+0000] {warnings.py:112} WARNING - /home/***/.local/lib/python3.12/site-packages/***/task/task_runner/standard_task_runner.py:61: DeprecationWarning: This process (pid=3781) is multi-threaded, use of fork() may lead to deadlocks in the child.
  pid = os.fork()

[2026-05-08T21:43:04.726+0000] {standard_task_runner.py:63} INFO - Started process 3784 to run task
[2026-05-08T21:43:05.136+0000] {task_command.py:426} INFO - Running <TaskInstance: job_intelligent_pipeline.scrape_rekrute manual__2026-05-08T21:42:56.231869+00:00 [running]> on host 82bd505ce5dd
[2026-05-08T21:43:07.324+0000] {taskinstance.py:2648} INFO - Exporting env vars: AIRFLOW_CTX_DAG_OWNER='job_intelligent' AIRFLOW_CTX_DAG_ID='job_intelligent_pipeline' AIRFLOW_CTX_TASK_ID='scrape_rekrute' AIRFLOW_CTX_EXECUTION_DATE='2026-05-08T21:42:56.231869+00:00' AIRFLOW_CTX_TRY_NUMBER='1' AIRFLOW_CTX_DAG_RUN_ID='manual__2026-05-08T21:42:56.231869+00:00'
[2026-05-08T21:43:07.327+0000] {taskinstance.py:430} INFO - ::endgroup::
[2026-05-08T21:43:07.447+0000] {logging_mixin.py:188} INFO - [Scraping] POST http://scraper_api:8000/scrape/rekrute
[2026-05-08T21:43:10.939+0000] {logging_mixin.py:188} INFO - [Scraping] Rekrute erreur : HTTPConnectionPool(host='scraper_api', port=8000): Max retries exceeded with url: /scrape/rekrute (Caused by NameResolutionError("<urllib3.connection.HTTPConnection object at 0x7fba0601aa50>: Failed to resolve 'scraper_api' ([Errno -2] Name or service not known)"))
[2026-05-08T21:43:10.945+0000] {logging_mixin.py:188} INFO - [Scraping] Rekrute : {'status': 'erreur', 'message': 'HTTPConnectionPool(host=\'scraper_api\', port=8000): Max retries exceeded with url: /scrape/rekrute (Caused by NameResolutionError("<urllib3.connection.HTTPConnection object at 0x7fba0601aa50>: Failed to resolve \'scraper_api\' ([Errno -2] Name or service not known)"))'}
[2026-05-08T21:43:11.146+0000] {python.py:237} INFO - Done. Returned value was: {'status': 'erreur', 'message': 'HTTPConnectionPool(host=\'scraper_api\', port=8000): Max retries exceeded with url: /scrape/rekrute (Caused by NameResolutionError("<urllib3.connection.HTTPConnection object at 0x7fba0601aa50>: Failed to resolve \'scraper_api\' ([Errno -2] Name or service not known)"))'}
[2026-05-08T21:43:11.148+0000] {taskinstance.py:441} INFO - ::group::Post task execution logs
[2026-05-08T21:43:11.356+0000] {taskinstance.py:1206} INFO - Marking task as SUCCESS. dag_id=job_intelligent_pipeline, task_id=scrape_rekrute, run_id=manual__2026-05-08T21:42:56.231869+00:00, execution_date=20260508T214256, start_date=20260508T214304, end_date=20260508T214311
[2026-05-08T21:43:11.531+0000] {local_task_job_runner.py:240} INFO - Task exited with return code 0
[2026-05-08T21:43:11.637+0000] {local_task_job_runner.py:222} INFO - ::endgroup::
