[2026-05-11T10:30:20.447+0000] {local_task_job_runner.py:120} INFO - ::group::Pre task execution logs
[2026-05-11T10:30:20.537+0000] {taskinstance.py:2076} INFO - Dependencies all met for dep_context=non-requeueable deps ti=<TaskInstance: job_intelligent_pipeline_simple.scrape_adzuna scheduled__2026-05-10T06:00:00+00:00 [queued]>
[2026-05-11T10:30:20.561+0000] {taskinstance.py:2076} INFO - Dependencies all met for dep_context=requeueable deps ti=<TaskInstance: job_intelligent_pipeline_simple.scrape_adzuna scheduled__2026-05-10T06:00:00+00:00 [queued]>
[2026-05-11T10:30:20.563+0000] {taskinstance.py:2306} INFO - Starting attempt 1 of 3
[2026-05-11T10:30:20.644+0000] {taskinstance.py:2330} INFO - Executing <Task(PythonOperator): scrape_adzuna> on 2026-05-10 06:00:00+00:00
[2026-05-11T10:30:20.658+0000] {warnings.py:112} WARNING - /home/***/.local/lib/python3.12/site-packages/***/task/task_runner/standard_task_runner.py:61: DeprecationWarning: This process (pid=244) is multi-threaded, use of fork() may lead to deadlocks in the child.
  pid = os.fork()

[2026-05-11T10:30:20.658+0000] {standard_task_runner.py:90} INFO - Running: ['***', 'tasks', 'run', 'job_intelligent_pipeline_simple', 'scrape_adzuna', 'scheduled__2026-05-10T06:00:00+00:00', '--job-id', '492', '--raw', '--subdir', 'DAGS_FOLDER/__pycache__/job_intelligent_pipeline.py', '--cfg-path', '/tmp/tmpseppd9zp']
[2026-05-11T10:30:20.662+0000] {standard_task_runner.py:91} INFO - Job 492: Subtask scrape_adzuna
[2026-05-11T10:30:20.663+0000] {standard_task_runner.py:63} INFO - Started process 246 to run task
[2026-05-11T10:30:21.069+0000] {task_command.py:426} INFO - Running <TaskInstance: job_intelligent_pipeline_simple.scrape_adzuna scheduled__2026-05-10T06:00:00+00:00 [running]> on host 895ca0ce75a2
[2026-05-11T10:30:21.790+0000] {taskinstance.py:2648} INFO - Exporting env vars: AIRFLOW_CTX_DAG_OWNER='job_intelligent' AIRFLOW_CTX_DAG_ID='job_intelligent_pipeline_simple' AIRFLOW_CTX_TASK_ID='scrape_adzuna' AIRFLOW_CTX_EXECUTION_DATE='2026-05-10T06:00:00+00:00' AIRFLOW_CTX_TRY_NUMBER='1' AIRFLOW_CTX_DAG_RUN_ID='scheduled__2026-05-10T06:00:00+00:00'
[2026-05-11T10:30:21.793+0000] {taskinstance.py:430} INFO - ::endgroup::
[2026-05-11T10:30:21.827+0000] {logging_mixin.py:188} INFO - [Scraping] POST http://scraper_api:8000/scrape/adzuna
[2026-05-11T10:30:25.197+0000] {logging_mixin.py:188} INFO - [Scraping] Adzuna erreur : HTTPConnectionPool(host='scraper_api', port=8000): Max retries exceeded with url: /scrape/adzuna (Caused by NameResolutionError("<urllib3.connection.HTTPConnection object at 0x7fd2d380f080>: Failed to resolve 'scraper_api' ([Errno -2] Name or service not known)"))
[2026-05-11T10:30:25.214+0000] {logging_mixin.py:188} INFO - [Scraping] Adzuna : {'status': 'erreur', 'message': 'HTTPConnectionPool(host=\'scraper_api\', port=8000): Max retries exceeded with url: /scrape/adzuna (Caused by NameResolutionError("<urllib3.connection.HTTPConnection object at 0x7fd2d380f080>: Failed to resolve \'scraper_api\' ([Errno -2] Name or service not known)"))'}
[2026-05-11T10:30:25.416+0000] {python.py:237} INFO - Done. Returned value was: {'status': 'erreur', 'message': 'HTTPConnectionPool(host=\'scraper_api\', port=8000): Max retries exceeded with url: /scrape/adzuna (Caused by NameResolutionError("<urllib3.connection.HTTPConnection object at 0x7fd2d380f080>: Failed to resolve \'scraper_api\' ([Errno -2] Name or service not known)"))'}
[2026-05-11T10:30:25.418+0000] {taskinstance.py:441} INFO - ::group::Post task execution logs
[2026-05-11T10:30:25.713+0000] {taskinstance.py:1206} INFO - Marking task as SUCCESS. dag_id=job_intelligent_pipeline_simple, task_id=scrape_adzuna, run_id=scheduled__2026-05-10T06:00:00+00:00, execution_date=20260510T060000, start_date=20260511T103020, end_date=20260511T103025
[2026-05-11T10:30:25.878+0000] {local_task_job_runner.py:240} INFO - Task exited with return code 0
[2026-05-11T10:30:26.065+0000] {taskinstance.py:3503} INFO - 1 downstream tasks scheduled from follow-on schedule check
[2026-05-11T10:30:26.089+0000] {local_task_job_runner.py:222} INFO - ::endgroup::
