[2026-05-11T20:28:32.571+0000] {local_task_job_runner.py:120} INFO - ::group::Pre task execution logs
[2026-05-11T20:28:32.886+0000] {taskinstance.py:2076} INFO - Dependencies all met for dep_context=non-requeueable deps ti=<TaskInstance: job_intelligent_pipeline_simplified.load_star_schema manual__2026-05-11T20:25:15.071212+00:00 [queued]>
[2026-05-11T20:28:32.935+0000] {taskinstance.py:2076} INFO - Dependencies all met for dep_context=requeueable deps ti=<TaskInstance: job_intelligent_pipeline_simplified.load_star_schema manual__2026-05-11T20:25:15.071212+00:00 [queued]>
[2026-05-11T20:28:32.937+0000] {taskinstance.py:2306} INFO - Starting attempt 1 of 3
[2026-05-11T20:28:33.037+0000] {taskinstance.py:2330} INFO - Executing <Task(PythonOperator): load_star_schema> on 2026-05-11 20:25:15.071212+00:00
[2026-05-11T20:28:33.049+0000] {warnings.py:110} WARNING - /home/***/.local/lib/python3.12/site-packages/***/task/task_runner/standard_task_runner.py:61: DeprecationWarning: This process (pid=154) is multi-threaded, use of fork() may lead to deadlocks in the child.
  pid = os.fork()

[2026-05-11T20:28:33.056+0000] {standard_task_runner.py:63} INFO - Started process 155 to run task
[2026-05-11T20:28:33.058+0000] {standard_task_runner.py:90} INFO - Running: ['***', 'tasks', 'run', 'job_intelligent_pipeline_simplified', 'load_star_schema', 'manual__2026-05-11T20:25:15.071212+00:00', '--job-id', '15', '--raw', '--subdir', 'DAGS_FOLDER/__pycache__/job_intelligent_pipeline.py', '--cfg-path', '/tmp/tmpycocv_gw']
[2026-05-11T20:28:33.062+0000] {standard_task_runner.py:91} INFO - Job 15: Subtask load_star_schema
[2026-05-11T20:28:33.674+0000] {task_command.py:426} INFO - Running <TaskInstance: job_intelligent_pipeline_simplified.load_star_schema manual__2026-05-11T20:25:15.071212+00:00 [running]> on host aafb6b060567
[2026-05-11T20:28:34.269+0000] {taskinstance.py:2648} INFO - Exporting env vars: AIRFLOW_CTX_DAG_OWNER='job_intelligent' AIRFLOW_CTX_DAG_ID='job_intelligent_pipeline_simplified' AIRFLOW_CTX_TASK_ID='load_star_schema' AIRFLOW_CTX_EXECUTION_DATE='2026-05-11T20:25:15.071212+00:00' AIRFLOW_CTX_TRY_NUMBER='1' AIRFLOW_CTX_DAG_RUN_ID='manual__2026-05-11T20:25:15.071212+00:00'
[2026-05-11T20:28:34.271+0000] {taskinstance.py:430} INFO - ::endgroup::
[2026-05-11T20:28:34.791+0000] {logging_mixin.py:188} INFO - [Load] 0 offres lues depuis MinIO gold
[2026-05-11T20:28:34.849+0000] {python.py:237} INFO - Done. Returned value was: {'charge': 0}
[2026-05-11T20:28:34.852+0000] {taskinstance.py:441} INFO - ::group::Post task execution logs
[2026-05-11T20:28:34.955+0000] {taskinstance.py:1206} INFO - Marking task as SUCCESS. dag_id=job_intelligent_pipeline_simplified, task_id=load_star_schema, run_id=manual__2026-05-11T20:25:15.071212+00:00, execution_date=20260511T202515, start_date=20260511T202832, end_date=20260511T202834
[2026-05-11T20:28:35.033+0000] {local_task_job_runner.py:240} INFO - Task exited with return code 0
[2026-05-11T20:28:35.108+0000] {taskinstance.py:3498} INFO - 1 downstream tasks scheduled from follow-on schedule check
[2026-05-11T20:28:35.148+0000] {local_task_job_runner.py:222} INFO - ::endgroup::
