[2026-05-08T12:19:57.014+0000] {local_task_job_runner.py:120} INFO - ::group::Pre task execution logs
[2026-05-08T12:19:57.081+0000] {taskinstance.py:2076} INFO - Dependencies all met for dep_context=non-requeueable deps ti=<TaskInstance: job_intelligent_pipeline.scrape_france_travail scheduled__2026-05-07T06:00:00+00:00 [queued]>
[2026-05-08T12:19:57.102+0000] {taskinstance.py:2076} INFO - Dependencies all met for dep_context=requeueable deps ti=<TaskInstance: job_intelligent_pipeline.scrape_france_travail scheduled__2026-05-07T06:00:00+00:00 [queued]>
[2026-05-08T12:19:57.104+0000] {taskinstance.py:2306} INFO - Starting attempt 1 of 3
[2026-05-08T12:19:57.239+0000] {taskinstance.py:2330} INFO - Executing <Task(PythonOperator): scrape_france_travail> on 2026-05-07 06:00:00+00:00
[2026-05-08T12:19:57.274+0000] {warnings.py:112} WARNING - /home/***/.local/lib/python3.12/site-packages/***/task/task_runner/standard_task_runner.py:61: DeprecationWarning: This process (pid=92) is multi-threaded, use of fork() may lead to deadlocks in the child.
  pid = os.fork()

[2026-05-08T12:19:57.287+0000] {standard_task_runner.py:63} INFO - Started process 94 to run task
[2026-05-08T12:19:57.278+0000] {standard_task_runner.py:90} INFO - Running: ['***', 'tasks', 'run', 'job_intelligent_pipeline', 'scrape_france_travail', 'scheduled__2026-05-07T06:00:00+00:00', '--job-id', '402', '--raw', '--subdir', 'DAGS_FOLDER/dag_job_intelligent.py', '--cfg-path', '/tmp/tmp91x85vpw']
[2026-05-08T12:19:57.298+0000] {standard_task_runner.py:91} INFO - Job 402: Subtask scrape_france_travail
[2026-05-08T12:19:57.597+0000] {task_command.py:426} INFO - Running <TaskInstance: job_intelligent_pipeline.scrape_france_travail scheduled__2026-05-07T06:00:00+00:00 [running]> on host 82bd505ce5dd
[2026-05-08T12:19:58.120+0000] {taskinstance.py:2648} INFO - Exporting env vars: AIRFLOW_CTX_DAG_OWNER='job_intelligent' AIRFLOW_CTX_DAG_ID='job_intelligent_pipeline' AIRFLOW_CTX_TASK_ID='scrape_france_travail' AIRFLOW_CTX_EXECUTION_DATE='2026-05-07T06:00:00+00:00' AIRFLOW_CTX_TRY_NUMBER='1' AIRFLOW_CTX_DAG_RUN_ID='scheduled__2026-05-07T06:00:00+00:00'
[2026-05-08T12:19:58.124+0000] {taskinstance.py:430} INFO - ::endgroup::
[2026-05-08T12:19:58.206+0000] {logging_mixin.py:188} INFO - [Scraping] POST http://scraper_api:8000/scraper/france_travail
[2026-05-08T12:20:01.629+0000] {logging_mixin.py:188} INFO - [Scraping] FranceTravail erreur : HTTPConnectionPool(host='scraper_api', port=8000): Max retries exceeded with url: /scraper/france_travail (Caused by NameResolutionError("<urllib3.connection.HTTPConnection object at 0x7f3337886390>: Failed to resolve 'scraper_api' ([Errno -2] Name or service not known)"))
[2026-05-08T12:20:01.654+0000] {logging_mixin.py:188} INFO - [Scraping] FranceTravail : {'status': 'erreur', 'message': 'HTTPConnectionPool(host=\'scraper_api\', port=8000): Max retries exceeded with url: /scraper/france_travail (Caused by NameResolutionError("<urllib3.connection.HTTPConnection object at 0x7f3337886390>: Failed to resolve \'scraper_api\' ([Errno -2] Name or service not known)"))'}
[2026-05-08T12:20:01.947+0000] {python.py:237} INFO - Done. Returned value was: {'status': 'erreur', 'message': 'HTTPConnectionPool(host=\'scraper_api\', port=8000): Max retries exceeded with url: /scraper/france_travail (Caused by NameResolutionError("<urllib3.connection.HTTPConnection object at 0x7f3337886390>: Failed to resolve \'scraper_api\' ([Errno -2] Name or service not known)"))'}
[2026-05-08T12:20:01.948+0000] {taskinstance.py:441} INFO - ::group::Post task execution logs
[2026-05-08T12:20:02.202+0000] {taskinstance.py:1206} INFO - Marking task as SUCCESS. dag_id=job_intelligent_pipeline, task_id=scrape_france_travail, run_id=scheduled__2026-05-07T06:00:00+00:00, execution_date=20260507T060000, start_date=20260508T121957, end_date=20260508T122002
[2026-05-08T12:20:02.297+0000] {local_task_job_runner.py:240} INFO - Task exited with return code 0
[2026-05-08T12:20:02.677+0000] {taskinstance.py:3503} INFO - 1 downstream tasks scheduled from follow-on schedule check
[2026-05-08T12:20:02.708+0000] {local_task_job_runner.py:222} INFO - ::endgroup::
[2026-05-08T23:12:18.551+0000] {local_task_job_runner.py:120} INFO - ::group::Pre task execution logs
[2026-05-08T23:12:18.820+0000] {taskinstance.py:2076} INFO - Dependencies all met for dep_context=non-requeueable deps ti=<TaskInstance: job_intelligent_pipeline.scrape_france_travail scheduled__2026-05-07T06:00:00+00:00 [queued]>
[2026-05-08T23:12:18.857+0000] {taskinstance.py:2076} INFO - Dependencies all met for dep_context=requeueable deps ti=<TaskInstance: job_intelligent_pipeline.scrape_france_travail scheduled__2026-05-07T06:00:00+00:00 [queued]>
[2026-05-08T23:12:18.859+0000] {taskinstance.py:2306} INFO - Starting attempt 1 of 3
[2026-05-08T23:12:18.995+0000] {taskinstance.py:2330} INFO - Executing <Task(PythonOperator): scrape_france_travail> on 2026-05-07 06:00:00+00:00
[2026-05-08T23:12:19.038+0000] {warnings.py:112} WARNING - /home/***/.local/lib/python3.12/site-packages/***/task/task_runner/standard_task_runner.py:61: DeprecationWarning: This process (pid=5066) is multi-threaded, use of fork() may lead to deadlocks in the child.
  pid = os.fork()

[2026-05-08T23:12:19.041+0000] {standard_task_runner.py:90} INFO - Running: ['***', 'tasks', 'run', 'job_intelligent_pipeline', 'scrape_france_travail', 'scheduled__2026-05-07T06:00:00+00:00', '--job-id', '452', '--raw', '--subdir', 'DAGS_FOLDER/dag_job_intelligent .py', '--cfg-path', '/tmp/tmpzd7l7why']
[2026-05-08T23:12:19.065+0000] {standard_task_runner.py:91} INFO - Job 452: Subtask scrape_france_travail
[2026-05-08T23:12:19.044+0000] {standard_task_runner.py:63} INFO - Started process 5069 to run task
[2026-05-08T23:12:19.313+0000] {task_command.py:426} INFO - Running <TaskInstance: job_intelligent_pipeline.scrape_france_travail scheduled__2026-05-07T06:00:00+00:00 [running]> on host 82bd505ce5dd
[2026-05-08T23:12:19.603+0000] {taskinstance.py:2648} INFO - Exporting env vars: AIRFLOW_CTX_DAG_OWNER='job_intelligent' AIRFLOW_CTX_DAG_ID='job_intelligent_pipeline' AIRFLOW_CTX_TASK_ID='scrape_france_travail' AIRFLOW_CTX_EXECUTION_DATE='2026-05-07T06:00:00+00:00' AIRFLOW_CTX_TRY_NUMBER='1' AIRFLOW_CTX_DAG_RUN_ID='scheduled__2026-05-07T06:00:00+00:00'
[2026-05-08T23:12:19.606+0000] {taskinstance.py:430} INFO - ::endgroup::
[2026-05-08T23:12:19.654+0000] {logging_mixin.py:188} INFO - [Scraping] POST http://scraper_api:8000/scrape/france_travail
[2026-05-08T23:12:23.291+0000] {logging_mixin.py:188} INFO - [Scraping] FranceTravail erreur : HTTPConnectionPool(host='scraper_api', port=8000): Max retries exceeded with url: /scrape/france_travail (Caused by NameResolutionError("<urllib3.connection.HTTPConnection object at 0x7fba05f8f020>: Failed to resolve 'scraper_api' ([Errno -2] Name or service not known)"))
[2026-05-08T23:12:23.292+0000] {logging_mixin.py:188} INFO - [Scraping] FranceTravail : {'status': 'erreur', 'message': 'HTTPConnectionPool(host=\'scraper_api\', port=8000): Max retries exceeded with url: /scrape/france_travail (Caused by NameResolutionError("<urllib3.connection.HTTPConnection object at 0x7fba05f8f020>: Failed to resolve \'scraper_api\' ([Errno -2] Name or service not known)"))'}
[2026-05-08T23:12:23.348+0000] {python.py:237} INFO - Done. Returned value was: {'status': 'erreur', 'message': 'HTTPConnectionPool(host=\'scraper_api\', port=8000): Max retries exceeded with url: /scrape/france_travail (Caused by NameResolutionError("<urllib3.connection.HTTPConnection object at 0x7fba05f8f020>: Failed to resolve \'scraper_api\' ([Errno -2] Name or service not known)"))'}
[2026-05-08T23:12:23.349+0000] {taskinstance.py:441} INFO - ::group::Post task execution logs
[2026-05-08T23:12:23.412+0000] {taskinstance.py:1206} INFO - Marking task as SUCCESS. dag_id=job_intelligent_pipeline, task_id=scrape_france_travail, run_id=scheduled__2026-05-07T06:00:00+00:00, execution_date=20260507T060000, start_date=20260508T231218, end_date=20260508T231223
[2026-05-08T23:12:23.511+0000] {local_task_job_runner.py:240} INFO - Task exited with return code 0
[2026-05-08T23:12:23.624+0000] {taskinstance.py:3503} INFO - 1 downstream tasks scheduled from follow-on schedule check
[2026-05-08T23:12:23.639+0000] {local_task_job_runner.py:222} INFO - ::endgroup::
