[2026-05-01T09:19:28.688+0000] {local_task_job_runner.py:120} INFO - ::group::Pre task execution logs
[2026-05-01T09:19:28.835+0000] {taskinstance.py:2076} INFO - Dependencies all met for dep_context=non-requeueable deps ti=<TaskInstance: job_intelligent_pipeline.etl_kafka scheduled__2026-04-30T06:00:00+00:00 [queued]>
[2026-05-01T09:19:28.886+0000] {taskinstance.py:2076} INFO - Dependencies all met for dep_context=requeueable deps ti=<TaskInstance: job_intelligent_pipeline.etl_kafka scheduled__2026-04-30T06:00:00+00:00 [queued]>
[2026-05-01T09:19:28.892+0000] {taskinstance.py:2306} INFO - Starting attempt 1 of 3
[2026-05-01T09:19:29.052+0000] {taskinstance.py:2330} INFO - Executing <Task(PythonOperator): etl_kafka> on 2026-04-30 06:00:00+00:00
[2026-05-01T09:19:29.113+0000] {warnings.py:112} WARNING - /home/***/.local/lib/python3.12/site-packages/***/task/task_runner/standard_task_runner.py:61: DeprecationWarning: This process (pid=1814) is multi-threaded, use of fork() may lead to deadlocks in the child.
  pid = os.fork()

[2026-05-01T09:19:29.133+0000] {standard_task_runner.py:63} INFO - Started process 1815 to run task
[2026-05-01T09:19:29.118+0000] {standard_task_runner.py:90} INFO - Running: ['***', 'tasks', 'run', 'job_intelligent_pipeline', 'etl_kafka', 'scheduled__2026-04-30T06:00:00+00:00', '--job-id', '394', '--raw', '--subdir', 'DAGS_FOLDER/dag_job_intelligent.py', '--cfg-path', '/tmp/tmpebcydp_8']
[2026-05-01T09:19:29.197+0000] {standard_task_runner.py:91} INFO - Job 394: Subtask etl_kafka
[2026-05-01T09:19:29.603+0000] {task_command.py:426} INFO - Running <TaskInstance: job_intelligent_pipeline.etl_kafka scheduled__2026-04-30T06:00:00+00:00 [running]> on host d93ea64f61e7
[2026-05-01T09:19:30.241+0000] {taskinstance.py:2648} INFO - Exporting env vars: AIRFLOW_CTX_DAG_OWNER='job_intelligent' AIRFLOW_CTX_DAG_ID='job_intelligent_pipeline' AIRFLOW_CTX_TASK_ID='etl_kafka' AIRFLOW_CTX_EXECUTION_DATE='2026-04-30T06:00:00+00:00' AIRFLOW_CTX_TRY_NUMBER='1' AIRFLOW_CTX_DAG_RUN_ID='scheduled__2026-04-30T06:00:00+00:00'
[2026-05-01T09:19:30.263+0000] {taskinstance.py:430} INFO - ::endgroup::
[2026-05-01T09:19:31.356+0000] {taskinstance.py:441} INFO - ::group::Post task execution logs
[2026-05-01T09:19:31.358+0000] {taskinstance.py:2905} ERROR - Task failed with exception
Traceback (most recent call last):
  File "/home/airflow/.local/lib/python3.12/site-packages/airflow/models/taskinstance.py", line 460, in _execute_task
    result = _execute_callable(context=context, **execute_callable_kwargs)
             ^^^^^^^^^^^^^^^^^^^^^^^^^^^^^^^^^^^^^^^^^^^^^^^^^^^^^^^^^^^^^
  File "/home/airflow/.local/lib/python3.12/site-packages/airflow/models/taskinstance.py", line 432, in _execute_callable
    return execute_callable(context=context, **execute_callable_kwargs)
           ^^^^^^^^^^^^^^^^^^^^^^^^^^^^^^^^^^^^^^^^^^^^^^^^^^^^^^^^^^^^
  File "/home/airflow/.local/lib/python3.12/site-packages/airflow/models/baseoperator.py", line 401, in wrapper
    return func(self, *args, **kwargs)
           ^^^^^^^^^^^^^^^^^^^^^^^^^^^
  File "/home/airflow/.local/lib/python3.12/site-packages/airflow/operators/python.py", line 235, in execute
    return_value = self.execute_callable()
                   ^^^^^^^^^^^^^^^^^^^^^^^
  File "/home/airflow/.local/lib/python3.12/site-packages/airflow/operators/python.py", line 252, in execute_callable
    return self.python_callable(*self.op_args, **self.op_kwargs)
           ^^^^^^^^^^^^^^^^^^^^^^^^^^^^^^^^^^^^^^^^^^^^^^^^^^^^^
  File "/opt/airflow/dags/dag_job_intelligent.py", line 153, in task_etl_kafka
    from config import KAFKA_BOOTSTRAP_SERVERS
ModuleNotFoundError: No module named 'config'
[2026-05-01T09:19:31.411+0000] {taskinstance.py:1206} INFO - Marking task as UP_FOR_RETRY. dag_id=job_intelligent_pipeline, task_id=etl_kafka, run_id=scheduled__2026-04-30T06:00:00+00:00, execution_date=20260430T060000, start_date=20260501T091928, end_date=20260501T091931
[2026-05-01T09:19:31.477+0000] {standard_task_runner.py:110} ERROR - Failed to execute job 394 for task etl_kafka (No module named 'config'; 1815)
[2026-05-01T09:19:31.523+0000] {local_task_job_runner.py:240} INFO - Task exited with return code 1
[2026-05-01T09:19:31.619+0000] {taskinstance.py:3503} INFO - 0 downstream tasks scheduled from follow-on schedule check
[2026-05-01T09:19:31.634+0000] {local_task_job_runner.py:222} INFO - ::endgroup::
