[2026-05-01T08:54:39.399+0000] {local_task_job_runner.py:120} INFO - ::group::Pre task execution logs
[2026-05-01T08:54:40.081+0000] {taskinstance.py:2076} INFO - Dependencies all met for dep_context=non-requeueable deps ti=<TaskInstance: job_intelligent_pipeline.check_quality manual__2026-04-30T21:39:12.377976+00:00 [queued]>
[2026-05-01T08:54:40.143+0000] {taskinstance.py:2076} INFO - Dependencies all met for dep_context=requeueable deps ti=<TaskInstance: job_intelligent_pipeline.check_quality manual__2026-04-30T21:39:12.377976+00:00 [queued]>
[2026-05-01T08:54:40.151+0000] {taskinstance.py:2306} INFO - Starting attempt 1 of 3
[2026-05-01T08:54:40.292+0000] {taskinstance.py:2330} INFO - Executing <Task(PythonOperator): check_quality> on 2026-04-30 21:39:12.377976+00:00
[2026-05-01T08:54:40.340+0000] {warnings.py:112} WARNING - /home/***/.local/lib/python3.12/site-packages/***/task/task_runner/standard_task_runner.py:61: DeprecationWarning: This process (pid=1404) is multi-threaded, use of fork() may lead to deadlocks in the child.
  pid = os.fork()

[2026-05-01T08:54:40.344+0000] {standard_task_runner.py:63} INFO - Started process 1405 to run task
[2026-05-01T08:54:40.362+0000] {standard_task_runner.py:90} INFO - Running: ['***', 'tasks', 'run', 'job_intelligent_pipeline', 'check_quality', 'manual__2026-04-30T21:39:12.377976+00:00', '--job-id', '373', '--raw', '--subdir', 'DAGS_FOLDER/dag_job_intelligent.py', '--cfg-path', '/tmp/tmputxcmakt']
[2026-05-01T08:54:40.377+0000] {standard_task_runner.py:91} INFO - Job 373: Subtask check_quality
[2026-05-01T08:54:41.085+0000] {task_command.py:426} INFO - Running <TaskInstance: job_intelligent_pipeline.check_quality manual__2026-04-30T21:39:12.377976+00:00 [running]> on host d93ea64f61e7
[2026-05-01T08:54:42.458+0000] {taskinstance.py:2648} INFO - Exporting env vars: AIRFLOW_CTX_DAG_OWNER='job_intelligent' AIRFLOW_CTX_DAG_ID='job_intelligent_pipeline' AIRFLOW_CTX_TASK_ID='check_quality' AIRFLOW_CTX_EXECUTION_DATE='2026-04-30T21:39:12.377976+00:00' AIRFLOW_CTX_TRY_NUMBER='1' AIRFLOW_CTX_DAG_RUN_ID='manual__2026-04-30T21:39:12.377976+00:00'
[2026-05-01T08:54:42.461+0000] {taskinstance.py:430} INFO - ::endgroup::
[2026-05-01T08:54:42.953+0000] {logging_mixin.py:188} INFO - =======================================================
[2026-05-01T08:54:42.955+0000] {logging_mixin.py:188} INFO -   RAPPORT PIPELINE JOB INTELLIGENT
[2026-05-01T08:54:42.956+0000] {logging_mixin.py:188} INFO - =======================================================
[2026-05-01T08:54:42.957+0000] {logging_mixin.py:188} INFO -   Rekrute        : {'status': 'erreur', 'message': 'HTTPConnectionPool(host=\'scraper_api\', port=8000): Max retries exceeded with url: /scraper/rekrute (Caused by NameResolutionError("<urllib3.connection.HTTPConnection object at 0x7fc2ac33b8c0>: Failed to resolve \'scraper_api\' ([Errno -2] Name or service not known)"))'}
[2026-05-01T08:54:42.958+0000] {logging_mixin.py:188} INFO -   France Travail : {'status': 'erreur', 'message': 'HTTPConnectionPool(host=\'scraper_api\', port=8000): Max retries exceeded with url: /scraper/france_travail (Caused by NameResolutionError("<urllib3.connection.HTTPConnection object at 0x7fc2ac33a960>: Failed to resolve \'scraper_api\' ([Errno -2] Name or service not known)"))'}
[2026-05-01T08:54:42.959+0000] {logging_mixin.py:188} INFO -   Adzuna         : {'status': 'erreur', 'message': 'HTTPConnectionPool(host=\'scraper_api\', port=8000): Max retries exceeded with url: /scraper/adzuna (Caused by NameResolutionError("<urllib3.connection.HTTPConnection object at 0x7fc2bdc27200>: Failed to resolve \'scraper_api\' ([Errno -2] Name or service not known)"))'}
[2026-05-01T08:54:42.960+0000] {logging_mixin.py:188} INFO -   Kafka lus      : 0
[2026-05-01T08:54:42.961+0000] {logging_mixin.py:188} INFO -   ETL transformes: 0
[2026-05-01T08:54:42.962+0000] {logging_mixin.py:188} INFO -   MySQL charges  : 0
[2026-05-01T08:54:42.963+0000] {logging_mixin.py:188} INFO -   Doublons       : 0
[2026-05-01T08:54:42.964+0000] {logging_mixin.py:188} INFO -   Erreurs        : 0
[2026-05-01T08:54:42.965+0000] {logging_mixin.py:188} INFO - =======================================================
[2026-05-01T08:54:42.970+0000] {logging_mixin.py:188} INFO - [Qualite] Verification OK
[2026-05-01T08:54:42.975+0000] {python.py:237} INFO - Done. Returned value was: {'kafka_lus': 0, 'etl_transformes': 0, 'mysql_charges': 0, 'doublons': 0, 'erreurs': 0}
[2026-05-01T08:54:42.977+0000] {taskinstance.py:441} INFO - ::group::Post task execution logs
[2026-05-01T08:54:43.142+0000] {taskinstance.py:1206} INFO - Marking task as SUCCESS. dag_id=job_intelligent_pipeline, task_id=check_quality, run_id=manual__2026-04-30T21:39:12.377976+00:00, execution_date=20260430T213912, start_date=20260501T085440, end_date=20260501T085443
[2026-05-01T08:54:43.212+0000] {local_task_job_runner.py:240} INFO - Task exited with return code 0
[2026-05-01T08:54:43.393+0000] {taskinstance.py:3503} INFO - 0 downstream tasks scheduled from follow-on schedule check
[2026-05-01T08:54:43.407+0000] {local_task_job_runner.py:222} INFO - ::endgroup::
