[2026-05-11T15:48:29.114+0000] {local_task_job_runner.py:120} INFO - ::group::Pre task execution logs
[2026-05-11T15:48:29.363+0000] {taskinstance.py:2076} INFO - Dependencies all met for dep_context=non-requeueable deps ti=<TaskInstance: job_intelligent_pipeline_simplified.scrape_france_travail manual__2026-05-11T15:48:24.870736+00:00 [queued]>
[2026-05-11T15:48:29.456+0000] {taskinstance.py:2076} INFO - Dependencies all met for dep_context=requeueable deps ti=<TaskInstance: job_intelligent_pipeline_simplified.scrape_france_travail manual__2026-05-11T15:48:24.870736+00:00 [queued]>
[2026-05-11T15:48:29.462+0000] {taskinstance.py:2306} INFO - Starting attempt 1 of 3
[2026-05-11T15:48:29.575+0000] {taskinstance.py:2330} INFO - Executing <Task(PythonOperator): scrape_france_travail> on 2026-05-11 15:48:24.870736+00:00
[2026-05-11T15:48:29.685+0000] {standard_task_runner.py:90} INFO - Running: ['***', 'tasks', 'run', 'job_intelligent_pipeline_simplified', 'scrape_france_travail', 'manual__2026-05-11T15:48:24.870736+00:00', '--job-id', '31', '--raw', '--subdir', 'DAGS_FOLDER/__pycache__/job_intelligent_pipeline.py', '--cfg-path', '/tmp/tmpttw7k4n5']
[2026-05-11T15:48:29.675+0000] {warnings.py:110} WARNING - /home/***/.local/lib/python3.12/site-packages/***/task/task_runner/standard_task_runner.py:61: DeprecationWarning: This process (pid=342) is multi-threaded, use of fork() may lead to deadlocks in the child.
  pid = os.fork()

[2026-05-11T15:48:29.695+0000] {standard_task_runner.py:63} INFO - Started process 345 to run task
[2026-05-11T15:48:29.696+0000] {standard_task_runner.py:91} INFO - Job 31: Subtask scrape_france_travail
[2026-05-11T15:48:30.095+0000] {task_command.py:426} INFO - Running <TaskInstance: job_intelligent_pipeline_simplified.scrape_france_travail manual__2026-05-11T15:48:24.870736+00:00 [running]> on host 0cb8c084b239
[2026-05-11T15:48:30.592+0000] {taskinstance.py:2648} INFO - Exporting env vars: AIRFLOW_CTX_DAG_OWNER='job_intelligent' AIRFLOW_CTX_DAG_ID='job_intelligent_pipeline_simplified' AIRFLOW_CTX_TASK_ID='scrape_france_travail' AIRFLOW_CTX_EXECUTION_DATE='2026-05-11T15:48:24.870736+00:00' AIRFLOW_CTX_TRY_NUMBER='1' AIRFLOW_CTX_DAG_RUN_ID='manual__2026-05-11T15:48:24.870736+00:00'
[2026-05-11T15:48:30.594+0000] {taskinstance.py:430} INFO - ::endgroup::
[2026-05-11T15:48:30.706+0000] {logging_mixin.py:188} INFO - [Scraping] POST http://scraper_api:8000/scrape/france_travail
[2026-05-11T15:48:34.116+0000] {logging_mixin.py:188} INFO - [Scraping] FranceTravail erreur : HTTPConnectionPool(host='scraper_api', port=8000): Max retries exceeded with url: /scrape/france_travail (Caused by NameResolutionError("<urllib3.connection.HTTPConnection object at 0x70b96b902b10>: Failed to resolve 'scraper_api' ([Errno -2] Name or service not known)"))
[2026-05-11T15:48:34.119+0000] {logging_mixin.py:188} INFO - [Scraping] FranceTravail : {'status': 'erreur', 'message': 'HTTPConnectionPool(host=\'scraper_api\', port=8000): Max retries exceeded with url: /scrape/france_travail (Caused by NameResolutionError("<urllib3.connection.HTTPConnection object at 0x70b96b902b10>: Failed to resolve \'scraper_api\' ([Errno -2] Name or service not known)"))'}
[2026-05-11T15:48:34.569+0000] {python.py:237} INFO - Done. Returned value was: {'status': 'erreur', 'message': 'HTTPConnectionPool(host=\'scraper_api\', port=8000): Max retries exceeded with url: /scrape/france_travail (Caused by NameResolutionError("<urllib3.connection.HTTPConnection object at 0x70b96b902b10>: Failed to resolve \'scraper_api\' ([Errno -2] Name or service not known)"))'}
[2026-05-11T15:48:34.578+0000] {taskinstance.py:441} INFO - ::group::Post task execution logs
[2026-05-11T15:48:35.211+0000] {taskinstance.py:1206} INFO - Marking task as SUCCESS. dag_id=job_intelligent_pipeline_simplified, task_id=scrape_france_travail, run_id=manual__2026-05-11T15:48:24.870736+00:00, execution_date=20260511T154824, start_date=20260511T154829, end_date=20260511T154835
[2026-05-11T15:48:35.602+0000] {local_task_job_runner.py:240} INFO - Task exited with return code 0
[2026-05-11T15:48:36.334+0000] {taskinstance.py:3498} INFO - 0 downstream tasks scheduled from follow-on schedule check
[2026-05-11T15:48:36.440+0000] {local_task_job_runner.py:222} INFO - ::endgroup::
