[2026-05-11T15:46:58.303+0000] {local_task_job_runner.py:120} INFO - ::group::Pre task execution logs
[2026-05-11T15:46:58.455+0000] {taskinstance.py:2076} INFO - Dependencies all met for dep_context=non-requeueable deps ti=<TaskInstance: job_intelligent_pipeline_simplified.etl_minio manual__2026-05-11T15:36:06.864342+00:00 [queued]>
[2026-05-11T15:46:58.514+0000] {taskinstance.py:2076} INFO - Dependencies all met for dep_context=requeueable deps ti=<TaskInstance: job_intelligent_pipeline_simplified.etl_minio manual__2026-05-11T15:36:06.864342+00:00 [queued]>
[2026-05-11T15:46:58.717+0000] {taskinstance.py:2306} INFO - Starting attempt 3 of 3
[2026-05-11T15:46:58.923+0000] {taskinstance.py:2330} INFO - Executing <Task(PythonOperator): etl_minio> on 2026-05-11 15:36:06.864342+00:00
[2026-05-11T15:46:58.965+0000] {warnings.py:110} WARNING - /home/***/.local/lib/python3.12/site-packages/***/task/task_runner/standard_task_runner.py:61: DeprecationWarning: This process (pid=316) is multi-threaded, use of fork() may lead to deadlocks in the child.
  pid = os.fork()

[2026-05-11T15:46:58.990+0000] {standard_task_runner.py:90} INFO - Running: ['***', 'tasks', 'run', 'job_intelligent_pipeline_simplified', 'etl_minio', 'manual__2026-05-11T15:36:06.864342+00:00', '--job-id', '29', '--raw', '--subdir', 'DAGS_FOLDER/__pycache__/job_intelligent_pipeline.py', '--cfg-path', '/tmp/tmpuytrfjqe']
[2026-05-11T15:46:59.050+0000] {standard_task_runner.py:91} INFO - Job 29: Subtask etl_minio
[2026-05-11T15:46:59.007+0000] {standard_task_runner.py:63} INFO - Started process 317 to run task
[2026-05-11T15:47:00.091+0000] {task_command.py:426} INFO - Running <TaskInstance: job_intelligent_pipeline_simplified.etl_minio manual__2026-05-11T15:36:06.864342+00:00 [running]> on host 0cb8c084b239
[2026-05-11T15:47:01.289+0000] {taskinstance.py:2648} INFO - Exporting env vars: AIRFLOW_CTX_DAG_OWNER='job_intelligent' AIRFLOW_CTX_DAG_ID='job_intelligent_pipeline_simplified' AIRFLOW_CTX_TASK_ID='etl_minio' AIRFLOW_CTX_EXECUTION_DATE='2026-05-11T15:36:06.864342+00:00' AIRFLOW_CTX_TRY_NUMBER='3' AIRFLOW_CTX_DAG_RUN_ID='manual__2026-05-11T15:36:06.864342+00:00'
[2026-05-11T15:47:01.313+0000] {taskinstance.py:430} INFO - ::endgroup::
[2026-05-11T15:47:26.236+0000] {taskinstance.py:441} INFO - ::group::Post task execution logs
[2026-05-11T15:47:26.252+0000] {taskinstance.py:2905} ERROR - Task failed with exception
Traceback (most recent call last):
  File "/home/airflow/.local/lib/python3.12/site-packages/airflow/models/taskinstance.py", line 460, in _execute_task
    result = _execute_callable(context=context, **execute_callable_kwargs)
             ^^^^^^^^^^^^^^^^^^^^^^^^^^^^^^^^^^^^^^^^^^^^^^^^^^^^^^^^^^^^^
  File "/home/airflow/.local/lib/python3.12/site-packages/airflow/models/taskinstance.py", line 432, in _execute_callable
    return execute_callable(context=context, **execute_callable_kwargs)
           ^^^^^^^^^^^^^^^^^^^^^^^^^^^^^^^^^^^^^^^^^^^^^^^^^^^^^^^^^^^^
  File "/home/airflow/.local/lib/python3.12/site-packages/airflow/models/baseoperator.py", line 400, in wrapper
    return func(self, *args, **kwargs)
           ^^^^^^^^^^^^^^^^^^^^^^^^^^^
  File "/home/airflow/.local/lib/python3.12/site-packages/airflow/operators/python.py", line 235, in execute
    return_value = self.execute_callable()
                   ^^^^^^^^^^^^^^^^^^^^^^^
  File "/home/airflow/.local/lib/python3.12/site-packages/airflow/operators/python.py", line 252, in execute_callable
    return self.python_callable(*self.op_args, **self.op_kwargs)
           ^^^^^^^^^^^^^^^^^^^^^^^^^^^^^^^^^^^^^^^^^^^^^^^^^^^^^
  File "/opt/airflow/dags/__pycache__/job_intelligent_pipeline.py", line 75, in task_etl_minio
    from etl_from_minio import run_etl_from_minio
  File "/opt/airflow/scripts/etl_from_minio.py", line 11, in <module>
    from etl_transform import transformer_offre, dedupliquer, save_silver_minio, save_gold_minio
  File "/opt/airflow/scripts/etl_transform.py", line 12, in <module>
    from clients import get_minio_client
  File "/opt/airflow/scripts/clients.py", line 5, in <module>
    from confluent_kafka import Producer
ModuleNotFoundError: No module named 'confluent_kafka'
[2026-05-11T15:47:26.702+0000] {taskinstance.py:1206} INFO - Marking task as FAILED. dag_id=job_intelligent_pipeline_simplified, task_id=etl_minio, run_id=manual__2026-05-11T15:36:06.864342+00:00, execution_date=20260511T153606, start_date=20260511T154658, end_date=20260511T154726
[2026-05-11T15:47:27.107+0000] {standard_task_runner.py:110} ERROR - Failed to execute job 29 for task etl_minio (No module named 'confluent_kafka'; 317)
[2026-05-11T15:47:27.460+0000] {local_task_job_runner.py:240} INFO - Task exited with return code 1
[2026-05-11T15:47:28.023+0000] {taskinstance.py:3498} INFO - 0 downstream tasks scheduled from follow-on schedule check
[2026-05-11T15:47:28.069+0000] {local_task_job_runner.py:222} INFO - ::endgroup::
