[2026-05-11T17:55:34.685+0000] {local_task_job_runner.py:120} INFO - ::group::Pre task execution logs
[2026-05-11T17:55:35.187+0000] {taskinstance.py:2076} INFO - Dependencies all met for dep_context=non-requeueable deps ti=<TaskInstance: job_intelligent_pipeline_simplified.load_star_schema manual__2026-05-11T17:54:19.305492+00:00 [queued]>
[2026-05-11T17:55:35.561+0000] {taskinstance.py:2076} INFO - Dependencies all met for dep_context=requeueable deps ti=<TaskInstance: job_intelligent_pipeline_simplified.load_star_schema manual__2026-05-11T17:54:19.305492+00:00 [queued]>
[2026-05-11T17:55:35.662+0000] {taskinstance.py:2306} INFO - Starting attempt 1 of 3
[2026-05-11T17:55:36.093+0000] {taskinstance.py:2330} INFO - Executing <Task(PythonOperator): load_star_schema> on 2026-05-11 17:54:19.305492+00:00
[2026-05-11T17:55:36.238+0000] {warnings.py:110} WARNING - /home/***/.local/lib/python3.12/site-packages/***/task/task_runner/standard_task_runner.py:61: DeprecationWarning: This process (pid=175) is multi-threaded, use of fork() may lead to deadlocks in the child.
  pid = os.fork()

[2026-05-11T17:55:36.284+0000] {standard_task_runner.py:63} INFO - Started process 176 to run task
[2026-05-11T17:55:36.269+0000] {standard_task_runner.py:90} INFO - Running: ['***', 'tasks', 'run', 'job_intelligent_pipeline_simplified', 'load_star_schema', 'manual__2026-05-11T17:54:19.305492+00:00', '--job-id', '58', '--raw', '--subdir', 'DAGS_FOLDER/__pycache__/job_intelligent_pipeline.py', '--cfg-path', '/tmp/tmpcqp92j9p']
[2026-05-11T17:55:36.424+0000] {standard_task_runner.py:91} INFO - Job 58: Subtask load_star_schema
[2026-05-11T17:55:37.688+0000] {task_command.py:426} INFO - Running <TaskInstance: job_intelligent_pipeline_simplified.load_star_schema manual__2026-05-11T17:54:19.305492+00:00 [running]> on host 3d6dc2445e84
[2026-05-11T17:55:38.692+0000] {taskinstance.py:2648} INFO - Exporting env vars: AIRFLOW_CTX_DAG_OWNER='job_intelligent' AIRFLOW_CTX_DAG_ID='job_intelligent_pipeline_simplified' AIRFLOW_CTX_TASK_ID='load_star_schema' AIRFLOW_CTX_EXECUTION_DATE='2026-05-11T17:54:19.305492+00:00' AIRFLOW_CTX_TRY_NUMBER='1' AIRFLOW_CTX_DAG_RUN_ID='manual__2026-05-11T17:54:19.305492+00:00'
[2026-05-11T17:55:38.697+0000] {taskinstance.py:430} INFO - ::endgroup::
[2026-05-11T17:55:39.614+0000] {logging_mixin.py:188} INFO - [Load] 0 offres lues depuis MinIO gold
[2026-05-11T17:55:39.725+0000] {python.py:237} INFO - Done. Returned value was: {'charge': 0}
[2026-05-11T17:55:39.730+0000] {taskinstance.py:441} INFO - ::group::Post task execution logs
[2026-05-11T17:55:40.188+0000] {taskinstance.py:1206} INFO - Marking task as SUCCESS. dag_id=job_intelligent_pipeline_simplified, task_id=load_star_schema, run_id=manual__2026-05-11T17:54:19.305492+00:00, execution_date=20260511T175419, start_date=20260511T175535, end_date=20260511T175540
[2026-05-11T17:55:40.654+0000] {local_task_job_runner.py:240} INFO - Task exited with return code 0
[2026-05-11T17:55:41.012+0000] {taskinstance.py:3498} INFO - 0 downstream tasks scheduled from follow-on schedule check
[2026-05-11T17:55:41.035+0000] {local_task_job_runner.py:222} INFO - ::endgroup::
