[2026-05-01T08:31:20.611+0000] {local_task_job_runner.py:120} INFO - ::group::Pre task execution logs
[2026-05-01T08:31:20.681+0000] {taskinstance.py:2076} INFO - Dependencies all met for dep_context=non-requeueable deps ti=<TaskInstance: job_intelligent_pipeline.check_quality manual__2026-04-30T21:32:05.942166+00:00 [queued]>
[2026-05-01T08:31:20.735+0000] {taskinstance.py:2076} INFO - Dependencies all met for dep_context=requeueable deps ti=<TaskInstance: job_intelligent_pipeline.check_quality manual__2026-04-30T21:32:05.942166+00:00 [queued]>
[2026-05-01T08:31:20.747+0000] {taskinstance.py:2306} INFO - Starting attempt 1 of 3
[2026-05-01T08:31:20.857+0000] {taskinstance.py:2330} INFO - Executing <Task(PythonOperator): check_quality> on 2026-04-30 21:32:05.942166+00:00
[2026-05-01T08:31:20.877+0000] {warnings.py:112} WARNING - /home/***/.local/lib/python3.12/site-packages/***/task/task_runner/standard_task_runner.py:61: DeprecationWarning: This process (pid=996) is multi-threaded, use of fork() may lead to deadlocks in the child.
  pid = os.fork()

[2026-05-01T08:31:20.881+0000] {standard_task_runner.py:63} INFO - Started process 997 to run task
[2026-05-01T08:31:20.880+0000] {standard_task_runner.py:90} INFO - Running: ['***', 'tasks', 'run', 'job_intelligent_pipeline', 'check_quality', 'manual__2026-04-30T21:32:05.942166+00:00', '--job-id', '357', '--raw', '--subdir', 'DAGS_FOLDER/dag_job_intelligent.py', '--cfg-path', '/tmp/tmp_ukyh6yr']
[2026-05-01T08:31:20.883+0000] {standard_task_runner.py:91} INFO - Job 357: Subtask check_quality
[2026-05-01T08:31:21.047+0000] {task_command.py:426} INFO - Running <TaskInstance: job_intelligent_pipeline.check_quality manual__2026-04-30T21:32:05.942166+00:00 [running]> on host d93ea64f61e7
[2026-05-01T08:31:21.329+0000] {taskinstance.py:2648} INFO - Exporting env vars: AIRFLOW_CTX_DAG_OWNER='job_intelligent' AIRFLOW_CTX_DAG_ID='job_intelligent_pipeline' AIRFLOW_CTX_TASK_ID='check_quality' AIRFLOW_CTX_EXECUTION_DATE='2026-04-30T21:32:05.942166+00:00' AIRFLOW_CTX_TRY_NUMBER='1' AIRFLOW_CTX_DAG_RUN_ID='manual__2026-04-30T21:32:05.942166+00:00'
[2026-05-01T08:31:21.333+0000] {taskinstance.py:430} INFO - ::endgroup::
[2026-05-01T08:31:21.851+0000] {logging_mixin.py:188} INFO - =======================================================
[2026-05-01T08:31:21.853+0000] {logging_mixin.py:188} INFO -   RAPPORT PIPELINE JOB INTELLIGENT
[2026-05-01T08:31:21.857+0000] {logging_mixin.py:188} INFO - =======================================================
[2026-05-01T08:31:21.859+0000] {logging_mixin.py:188} INFO -   Rekrute        : {'status': 'erreur', 'message': 'HTTPConnectionPool(host=\'scraper_api\', port=8000): Max retries exceeded with url: /scraper/rekrute (Caused by NameResolutionError("<urllib3.connection.HTTPConnection object at 0x7fc2ac359b50>: Failed to resolve \'scraper_api\' ([Errno -2] Name or service not known)"))'}
[2026-05-01T08:31:21.860+0000] {logging_mixin.py:188} INFO -   France Travail : {'status': 'erreur', 'message': 'HTTPConnectionPool(host=\'scraper_api\', port=8000): Max retries exceeded with url: /scraper/france_travail (Caused by NameResolutionError("<urllib3.connection.HTTPConnection object at 0x7fc2ac2aa420>: Failed to resolve \'scraper_api\' ([Errno -2] Name or service not known)"))'}
[2026-05-01T08:31:21.862+0000] {logging_mixin.py:188} INFO -   Adzuna         : {'status': 'erreur', 'message': 'HTTPConnectionPool(host=\'scraper_api\', port=8000): Max retries exceeded with url: /scraper/adzuna (Caused by NameResolutionError("<urllib3.connection.HTTPConnection object at 0x7fc2ac2895e0>: Failed to resolve \'scraper_api\' ([Errno -2] Name or service not known)"))'}
[2026-05-01T08:31:21.870+0000] {logging_mixin.py:188} INFO -   Kafka lus      : 0
[2026-05-01T08:31:21.872+0000] {logging_mixin.py:188} INFO -   ETL transformes: 0
[2026-05-01T08:31:21.873+0000] {logging_mixin.py:188} INFO -   MySQL charges  : 0
[2026-05-01T08:31:21.874+0000] {logging_mixin.py:188} INFO -   Doublons       : 0
[2026-05-01T08:31:21.875+0000] {logging_mixin.py:188} INFO -   Erreurs        : 0
[2026-05-01T08:31:21.878+0000] {logging_mixin.py:188} INFO - =======================================================
[2026-05-01T08:31:21.906+0000] {logging_mixin.py:188} INFO - [Qualite] Verification OK
[2026-05-01T08:31:21.936+0000] {python.py:237} INFO - Done. Returned value was: {'kafka_lus': 0, 'etl_transformes': 0, 'mysql_charges': 0, 'doublons': 0, 'erreurs': 0}
[2026-05-01T08:31:21.945+0000] {taskinstance.py:441} INFO - ::group::Post task execution logs
[2026-05-01T08:31:22.170+0000] {taskinstance.py:1206} INFO - Marking task as SUCCESS. dag_id=job_intelligent_pipeline, task_id=check_quality, run_id=manual__2026-04-30T21:32:05.942166+00:00, execution_date=20260430T213205, start_date=20260501T083120, end_date=20260501T083122
[2026-05-01T08:31:22.274+0000] {local_task_job_runner.py:240} INFO - Task exited with return code 0
[2026-05-01T08:31:22.341+0000] {taskinstance.py:3503} INFO - 0 downstream tasks scheduled from follow-on schedule check
[2026-05-01T08:31:22.345+0000] {local_task_job_runner.py:222} INFO - ::endgroup::
