[2026-04-27T00:13:28.838+0000] {local_task_job_runner.py:120} INFO - ::group::Pre task execution logs
[2026-04-27T00:13:29.171+0000] {taskinstance.py:2076} INFO - Dependencies all met for dep_context=non-requeueable deps ti=<TaskInstance: job_intelligent_pipeline.scrape_adzuna manual__2026-04-27T00:13:23.627650+00:00 [queued]>
[2026-04-27T00:13:29.232+0000] {taskinstance.py:2076} INFO - Dependencies all met for dep_context=requeueable deps ti=<TaskInstance: job_intelligent_pipeline.scrape_adzuna manual__2026-04-27T00:13:23.627650+00:00 [queued]>
[2026-04-27T00:13:29.248+0000] {taskinstance.py:2306} INFO - Starting attempt 1 of 3
[2026-04-27T00:13:29.784+0000] {taskinstance.py:2330} INFO - Executing <Task(PythonOperator): scrape_adzuna> on 2026-04-27 00:13:23.627650+00:00
[2026-04-27T00:13:29.819+0000] {warnings.py:112} WARNING - /home/***/.local/lib/python3.12/site-packages/***/task/task_runner/standard_task_runner.py:61: DeprecationWarning: This process (pid=2042) is multi-threaded, use of fork() may lead to deadlocks in the child.
  pid = os.fork()

[2026-04-27T00:13:29.836+0000] {standard_task_runner.py:63} INFO - Started process 2045 to run task
[2026-04-27T00:13:29.840+0000] {standard_task_runner.py:90} INFO - Running: ['***', 'tasks', 'run', 'job_intelligent_pipeline', 'scrape_adzuna', 'manual__2026-04-27T00:13:23.627650+00:00', '--job-id', '59', '--raw', '--subdir', 'DAGS_FOLDER/dag_job_intelligent.py', '--cfg-path', '/tmp/tmpriijz43w']
[2026-04-27T00:13:29.872+0000] {standard_task_runner.py:91} INFO - Job 59: Subtask scrape_adzuna
[2026-04-27T00:13:30.733+0000] {task_command.py:426} INFO - Running <TaskInstance: job_intelligent_pipeline.scrape_adzuna manual__2026-04-27T00:13:23.627650+00:00 [running]> on host 31133b84880c
[2026-04-27T00:13:32.187+0000] {taskinstance.py:2648} INFO - Exporting env vars: AIRFLOW_CTX_DAG_OWNER='job_intelligent' AIRFLOW_CTX_DAG_ID='job_intelligent_pipeline' AIRFLOW_CTX_TASK_ID='scrape_adzuna' AIRFLOW_CTX_EXECUTION_DATE='2026-04-27T00:13:23.627650+00:00' AIRFLOW_CTX_TRY_NUMBER='1' AIRFLOW_CTX_DAG_RUN_ID='manual__2026-04-27T00:13:23.627650+00:00'
[2026-04-27T00:13:32.189+0000] {taskinstance.py:430} INFO - ::endgroup::
[2026-04-27T00:13:32.318+0000] {logging_mixin.py:188} INFO - [Scraping] POST http://scraper_api:8000/scrape/adzuna
[2026-04-27T00:13:35.720+0000] {logging_mixin.py:188} INFO - [Scraping] Adzuna erreur : HTTPConnectionPool(host='scraper_api', port=8000): Max retries exceeded with url: /scrape/adzuna (Caused by NameResolutionError("<urllib3.connection.HTTPConnection object at 0x7ffbcf9c92b0>: Failed to resolve 'scraper_api' ([Errno -2] Name or service not known)"))
[2026-04-27T00:13:35.742+0000] {logging_mixin.py:188} INFO - [Scraping] Adzuna : {'status': 'erreur', 'message': 'HTTPConnectionPool(host=\'scraper_api\', port=8000): Max retries exceeded with url: /scrape/adzuna (Caused by NameResolutionError("<urllib3.connection.HTTPConnection object at 0x7ffbcf9c92b0>: Failed to resolve \'scraper_api\' ([Errno -2] Name or service not known)"))'}
[2026-04-27T00:13:35.862+0000] {python.py:237} INFO - Done. Returned value was: {'status': 'erreur', 'message': 'HTTPConnectionPool(host=\'scraper_api\', port=8000): Max retries exceeded with url: /scrape/adzuna (Caused by NameResolutionError("<urllib3.connection.HTTPConnection object at 0x7ffbcf9c92b0>: Failed to resolve \'scraper_api\' ([Errno -2] Name or service not known)"))'}
[2026-04-27T00:13:35.864+0000] {taskinstance.py:441} INFO - ::group::Post task execution logs
[2026-04-27T00:13:36.017+0000] {taskinstance.py:1206} INFO - Marking task as SUCCESS. dag_id=job_intelligent_pipeline, task_id=scrape_adzuna, run_id=manual__2026-04-27T00:13:23.627650+00:00, execution_date=20260427T001323, start_date=20260427T001329, end_date=20260427T001336
[2026-04-27T00:13:36.129+0000] {local_task_job_runner.py:240} INFO - Task exited with return code 0
[2026-04-27T00:13:36.197+0000] {local_task_job_runner.py:222} INFO - ::endgroup::
