[2026-05-08T12:31:17.687+0000] {local_task_job_runner.py:120} INFO - ::group::Pre task execution logs
[2026-05-08T12:31:17.783+0000] {taskinstance.py:2076} INFO - Dependencies all met for dep_context=non-requeueable deps ti=<TaskInstance: job_intelligent_pipeline.check_quality scheduled__2026-05-07T06:00:00+00:00 [queued]>
[2026-05-08T12:31:17.854+0000] {taskinstance.py:2076} INFO - Dependencies all met for dep_context=requeueable deps ti=<TaskInstance: job_intelligent_pipeline.check_quality scheduled__2026-05-07T06:00:00+00:00 [queued]>
[2026-05-08T12:31:17.859+0000] {taskinstance.py:2306} INFO - Starting attempt 1 of 3
[2026-05-08T12:31:17.954+0000] {taskinstance.py:2330} INFO - Executing <Task(PythonOperator): check_quality> on 2026-05-07 06:00:00+00:00
[2026-05-08T12:31:17.973+0000] {warnings.py:112} WARNING - /home/***/.local/lib/python3.12/site-packages/***/task/task_runner/standard_task_runner.py:61: DeprecationWarning: This process (pid=266) is multi-threaded, use of fork() may lead to deadlocks in the child.
  pid = os.fork()

[2026-05-08T12:31:17.980+0000] {standard_task_runner.py:63} INFO - Started process 267 to run task
[2026-05-08T12:31:17.987+0000] {standard_task_runner.py:90} INFO - Running: ['***', 'tasks', 'run', 'job_intelligent_pipeline', 'check_quality', 'scheduled__2026-05-07T06:00:00+00:00', '--job-id', '407', '--raw', '--subdir', 'DAGS_FOLDER/dag_job_intelligent.py', '--cfg-path', '/tmp/tmpbab18syn']
[2026-05-08T12:31:17.990+0000] {standard_task_runner.py:91} INFO - Job 407: Subtask check_quality
[2026-05-08T12:31:18.120+0000] {task_command.py:426} INFO - Running <TaskInstance: job_intelligent_pipeline.check_quality scheduled__2026-05-07T06:00:00+00:00 [running]> on host 82bd505ce5dd
[2026-05-08T12:31:18.398+0000] {taskinstance.py:2648} INFO - Exporting env vars: AIRFLOW_CTX_DAG_OWNER='job_intelligent' AIRFLOW_CTX_DAG_ID='job_intelligent_pipeline' AIRFLOW_CTX_TASK_ID='check_quality' AIRFLOW_CTX_EXECUTION_DATE='2026-05-07T06:00:00+00:00' AIRFLOW_CTX_TRY_NUMBER='1' AIRFLOW_CTX_DAG_RUN_ID='scheduled__2026-05-07T06:00:00+00:00'
[2026-05-08T12:31:18.401+0000] {taskinstance.py:430} INFO - ::endgroup::
[2026-05-08T12:31:18.575+0000] {logging_mixin.py:188} INFO - =======================================================
[2026-05-08T12:31:18.579+0000] {logging_mixin.py:188} INFO -   RAPPORT PIPELINE JOB INTELLIGENT
[2026-05-08T12:31:18.581+0000] {logging_mixin.py:188} INFO - =======================================================
[2026-05-08T12:31:18.583+0000] {logging_mixin.py:188} INFO -   Rekrute        : {'status': 'erreur', 'message': 'HTTPConnectionPool(host=\'scraper_api\', port=8000): Max retries exceeded with url: /scraper/rekrute (Caused by NameResolutionError("<urllib3.connection.HTTPConnection object at 0x7f3337c66480>: Failed to resolve \'scraper_api\' ([Errno -2] Name or service not known)"))'}
[2026-05-08T12:31:18.585+0000] {logging_mixin.py:188} INFO -   France Travail : {'status': 'erreur', 'message': 'HTTPConnectionPool(host=\'scraper_api\', port=8000): Max retries exceeded with url: /scraper/france_travail (Caused by NameResolutionError("<urllib3.connection.HTTPConnection object at 0x7f3337886390>: Failed to resolve \'scraper_api\' ([Errno -2] Name or service not known)"))'}
[2026-05-08T12:31:18.587+0000] {logging_mixin.py:188} INFO -   Adzuna         : {'status': 'erreur', 'message': 'HTTPConnectionPool(host=\'scraper_api\', port=8000): Max retries exceeded with url: /scraper/adzuna (Caused by NameResolutionError("<urllib3.connection.HTTPConnection object at 0x7f33378efdd0>: Failed to resolve \'scraper_api\' ([Errno -2] Name or service not known)"))'}
[2026-05-08T12:31:18.588+0000] {logging_mixin.py:188} INFO -   Kafka lus      : 0
[2026-05-08T12:31:18.590+0000] {logging_mixin.py:188} INFO -   ETL transformes: 0
[2026-05-08T12:31:18.591+0000] {logging_mixin.py:188} INFO -   MySQL charges  : 0
[2026-05-08T12:31:18.592+0000] {logging_mixin.py:188} INFO -   Doublons       : 0
[2026-05-08T12:31:18.593+0000] {logging_mixin.py:188} INFO -   Erreurs        : 0
[2026-05-08T12:31:18.594+0000] {logging_mixin.py:188} INFO - =======================================================
[2026-05-08T12:31:18.595+0000] {logging_mixin.py:188} INFO - [Qualite] Verification OK
[2026-05-08T12:31:18.596+0000] {python.py:237} INFO - Done. Returned value was: {'kafka_lus': 0, 'etl_transformes': 0, 'mysql_charges': 0, 'doublons': 0, 'erreurs': 0}
[2026-05-08T12:31:18.597+0000] {taskinstance.py:441} INFO - ::group::Post task execution logs
[2026-05-08T12:31:18.653+0000] {taskinstance.py:1206} INFO - Marking task as SUCCESS. dag_id=job_intelligent_pipeline, task_id=check_quality, run_id=scheduled__2026-05-07T06:00:00+00:00, execution_date=20260507T060000, start_date=20260508T123117, end_date=20260508T123118
[2026-05-08T12:31:18.704+0000] {local_task_job_runner.py:240} INFO - Task exited with return code 0
[2026-05-08T12:31:18.860+0000] {taskinstance.py:3503} INFO - 0 downstream tasks scheduled from follow-on schedule check
[2026-05-08T12:31:18.867+0000] {local_task_job_runner.py:222} INFO - ::endgroup::
[2026-05-08T23:23:38.245+0000] {local_task_job_runner.py:120} INFO - ::group::Pre task execution logs
[2026-05-08T23:23:38.347+0000] {taskinstance.py:2076} INFO - Dependencies all met for dep_context=non-requeueable deps ti=<TaskInstance: job_intelligent_pipeline.check_quality scheduled__2026-05-07T06:00:00+00:00 [queued]>
[2026-05-08T23:23:38.381+0000] {taskinstance.py:2076} INFO - Dependencies all met for dep_context=requeueable deps ti=<TaskInstance: job_intelligent_pipeline.check_quality scheduled__2026-05-07T06:00:00+00:00 [queued]>
[2026-05-08T23:23:38.382+0000] {taskinstance.py:2306} INFO - Starting attempt 1 of 3
[2026-05-08T23:23:38.426+0000] {taskinstance.py:2330} INFO - Executing <Task(PythonOperator): check_quality> on 2026-05-07 06:00:00+00:00
[2026-05-08T23:23:38.439+0000] {standard_task_runner.py:90} INFO - Running: ['***', 'tasks', 'run', 'job_intelligent_pipeline', 'check_quality', 'scheduled__2026-05-07T06:00:00+00:00', '--job-id', '457', '--raw', '--subdir', 'DAGS_FOLDER/dag_job_intelligent .py', '--cfg-path', '/tmp/tmpkhlp4l4p']
[2026-05-08T23:23:38.442+0000] {standard_task_runner.py:91} INFO - Job 457: Subtask check_quality
[2026-05-08T23:23:38.443+0000] {warnings.py:112} WARNING - /home/***/.local/lib/python3.12/site-packages/***/task/task_runner/standard_task_runner.py:61: DeprecationWarning: This process (pid=5256) is multi-threaded, use of fork() may lead to deadlocks in the child.
  pid = os.fork()

[2026-05-08T23:23:38.445+0000] {standard_task_runner.py:63} INFO - Started process 5257 to run task
[2026-05-08T23:23:38.549+0000] {task_command.py:426} INFO - Running <TaskInstance: job_intelligent_pipeline.check_quality scheduled__2026-05-07T06:00:00+00:00 [running]> on host 82bd505ce5dd
[2026-05-08T23:23:38.890+0000] {taskinstance.py:2648} INFO - Exporting env vars: AIRFLOW_CTX_DAG_OWNER='job_intelligent' AIRFLOW_CTX_DAG_ID='job_intelligent_pipeline' AIRFLOW_CTX_TASK_ID='check_quality' AIRFLOW_CTX_EXECUTION_DATE='2026-05-07T06:00:00+00:00' AIRFLOW_CTX_TRY_NUMBER='1' AIRFLOW_CTX_DAG_RUN_ID='scheduled__2026-05-07T06:00:00+00:00'
[2026-05-08T23:23:38.892+0000] {taskinstance.py:430} INFO - ::endgroup::
[2026-05-08T23:23:38.987+0000] {logging_mixin.py:188} INFO - =======================================================
[2026-05-08T23:23:38.988+0000] {logging_mixin.py:188} INFO -   RAPPORT PIPELINE JOB INTELLIGENT
[2026-05-08T23:23:38.988+0000] {logging_mixin.py:188} INFO - =======================================================
[2026-05-08T23:23:39.015+0000] {logging_mixin.py:188} INFO -   Rekrute        : {'status': 'erreur', 'message': 'HTTPConnectionPool(host=\'scraper_api\', port=8000): Max retries exceeded with url: /scrape/rekrute (Caused by NameResolutionError("<urllib3.connection.HTTPConnection object at 0x7fba05d96540>: Failed to resolve \'scraper_api\' ([Errno -2] Name or service not known)"))'}
[2026-05-08T23:23:39.037+0000] {logging_mixin.py:188} INFO -   France Travail : {'status': 'erreur', 'message': 'HTTPConnectionPool(host=\'scraper_api\', port=8000): Max retries exceeded with url: /scrape/france_travail (Caused by NameResolutionError("<urllib3.connection.HTTPConnection object at 0x7fba05f8f020>: Failed to resolve \'scraper_api\' ([Errno -2] Name or service not known)"))'}
[2026-05-08T23:23:39.065+0000] {logging_mixin.py:188} INFO -   Adzuna         : {'status': 'erreur', 'message': 'HTTPConnectionPool(host=\'scraper_api\', port=8000): Max retries exceeded with url: /scrape/adzuna (Caused by NameResolutionError("<urllib3.connection.HTTPConnection object at 0x7fba05eda510>: Failed to resolve \'scraper_api\' ([Errno -2] Name or service not known)"))'}
[2026-05-08T23:23:39.067+0000] {logging_mixin.py:188} INFO -   Kafka lus      : 0
[2026-05-08T23:23:39.068+0000] {logging_mixin.py:188} INFO -   ETL transformés: 0
[2026-05-08T23:23:39.069+0000] {logging_mixin.py:188} INFO -   MySQL chargées : 0
[2026-05-08T23:23:39.070+0000] {logging_mixin.py:188} INFO -   Doublons       : 0
[2026-05-08T23:23:39.071+0000] {logging_mixin.py:188} INFO -   Erreurs        : 0
[2026-05-08T23:23:39.071+0000] {logging_mixin.py:188} INFO - =======================================================
[2026-05-08T23:23:39.072+0000] {python.py:237} INFO - Done. Returned value was: {'status': 'success'}
[2026-05-08T23:23:39.073+0000] {taskinstance.py:441} INFO - ::group::Post task execution logs
[2026-05-08T23:23:39.136+0000] {taskinstance.py:1206} INFO - Marking task as SUCCESS. dag_id=job_intelligent_pipeline, task_id=check_quality, run_id=scheduled__2026-05-07T06:00:00+00:00, execution_date=20260507T060000, start_date=20260508T232338, end_date=20260508T232339
[2026-05-08T23:23:39.184+0000] {local_task_job_runner.py:240} INFO - Task exited with return code 0
[2026-05-08T23:23:39.248+0000] {taskinstance.py:3503} INFO - 0 downstream tasks scheduled from follow-on schedule check
[2026-05-08T23:23:39.252+0000] {local_task_job_runner.py:222} INFO - ::endgroup::
