[2026-04-27T09:20:13.925+0000] {local_task_job_runner.py:120} INFO - ::group::Pre task execution logs
[2026-04-27T09:20:15.115+0000] {taskinstance.py:2076} INFO - Dependencies all met for dep_context=non-requeueable deps ti=<TaskInstance: job_intelligent_pipeline.scrape_adzuna scheduled__2026-04-26T06:00:00+00:00 [queued]>
[2026-04-27T09:20:15.774+0000] {taskinstance.py:2076} INFO - Dependencies all met for dep_context=requeueable deps ti=<TaskInstance: job_intelligent_pipeline.scrape_adzuna scheduled__2026-04-26T06:00:00+00:00 [queued]>
[2026-04-27T09:20:15.823+0000] {taskinstance.py:2306} INFO - Starting attempt 1 of 3
[2026-04-27T09:20:16.349+0000] {taskinstance.py:2330} INFO - Executing <Task(PythonOperator): scrape_adzuna> on 2026-04-26 06:00:00+00:00
[2026-04-27T09:20:16.431+0000] {warnings.py:112} WARNING - /home/***/.local/lib/python3.12/site-packages/***/task/task_runner/standard_task_runner.py:61: DeprecationWarning: This process (pid=940) is multi-threaded, use of fork() may lead to deadlocks in the child.
  pid = os.fork()

[2026-04-27T09:20:16.444+0000] {standard_task_runner.py:63} INFO - Started process 949 to run task
[2026-04-27T09:20:16.568+0000] {standard_task_runner.py:90} INFO - Running: ['***', 'tasks', 'run', 'job_intelligent_pipeline', 'scrape_adzuna', 'scheduled__2026-04-26T06:00:00+00:00', '--job-id', '113', '--raw', '--subdir', 'DAGS_FOLDER/dag_job_intelligent.py', '--cfg-path', '/tmp/tmpxszafill']
[2026-04-27T09:20:16.599+0000] {standard_task_runner.py:91} INFO - Job 113: Subtask scrape_adzuna
[2026-04-27T09:20:18.703+0000] {task_command.py:426} INFO - Running <TaskInstance: job_intelligent_pipeline.scrape_adzuna scheduled__2026-04-26T06:00:00+00:00 [running]> on host 29da1de14b83
[2026-04-27T09:20:22.059+0000] {taskinstance.py:2648} INFO - Exporting env vars: AIRFLOW_CTX_DAG_OWNER='job_intelligent' AIRFLOW_CTX_DAG_ID='job_intelligent_pipeline' AIRFLOW_CTX_TASK_ID='scrape_adzuna' AIRFLOW_CTX_EXECUTION_DATE='2026-04-26T06:00:00+00:00' AIRFLOW_CTX_TRY_NUMBER='1' AIRFLOW_CTX_DAG_RUN_ID='scheduled__2026-04-26T06:00:00+00:00'
[2026-04-27T09:20:22.074+0000] {taskinstance.py:430} INFO - ::endgroup::
[2026-04-27T09:20:22.573+0000] {logging_mixin.py:188} INFO - [Scraping] POST http://scraper_api:8000/scrape/adzuna
[2026-04-27T09:20:26.600+0000] {logging_mixin.py:188} INFO - [Scraping] Adzuna erreur : HTTPConnectionPool(host='scraper_api', port=8000): Max retries exceeded with url: /scrape/adzuna (Caused by NameResolutionError("<urllib3.connection.HTTPConnection object at 0x7fdc8b749d30>: Failed to resolve 'scraper_api' ([Errno -2] Name or service not known)"))
[2026-04-27T09:20:26.631+0000] {logging_mixin.py:188} INFO - [Scraping] Adzuna : {'status': 'erreur', 'message': 'HTTPConnectionPool(host=\'scraper_api\', port=8000): Max retries exceeded with url: /scrape/adzuna (Caused by NameResolutionError("<urllib3.connection.HTTPConnection object at 0x7fdc8b749d30>: Failed to resolve \'scraper_api\' ([Errno -2] Name or service not known)"))'}
[2026-04-27T09:20:29.158+0000] {python.py:237} INFO - Done. Returned value was: {'status': 'erreur', 'message': 'HTTPConnectionPool(host=\'scraper_api\', port=8000): Max retries exceeded with url: /scrape/adzuna (Caused by NameResolutionError("<urllib3.connection.HTTPConnection object at 0x7fdc8b749d30>: Failed to resolve \'scraper_api\' ([Errno -2] Name or service not known)"))'}
[2026-04-27T09:20:29.174+0000] {taskinstance.py:441} INFO - ::group::Post task execution logs
[2026-04-27T09:20:30.041+0000] {taskinstance.py:1206} INFO - Marking task as SUCCESS. dag_id=job_intelligent_pipeline, task_id=scrape_adzuna, run_id=scheduled__2026-04-26T06:00:00+00:00, execution_date=20260426T060000, start_date=20260427T092015, end_date=20260427T092030
[2026-04-27T09:20:30.439+0000] {local_task_job_runner.py:240} INFO - Task exited with return code 0
[2026-04-27T09:20:31.485+0000] {taskinstance.py:3503} INFO - 0 downstream tasks scheduled from follow-on schedule check
[2026-04-27T09:20:31.646+0000] {local_task_job_runner.py:222} INFO - ::endgroup::
