[2026-05-01T09:17:53.288+0000] {local_task_job_runner.py:120} INFO - ::group::Pre task execution logs
[2026-05-01T09:17:53.356+0000] {taskinstance.py:2076} INFO - Dependencies all met for dep_context=non-requeueable deps ti=<TaskInstance: job_intelligent_pipeline.check_quality manual__2026-05-01T08:57:56+00:00 [queued]>
[2026-05-01T09:17:53.377+0000] {taskinstance.py:2076} INFO - Dependencies all met for dep_context=requeueable deps ti=<TaskInstance: job_intelligent_pipeline.check_quality manual__2026-05-01T08:57:56+00:00 [queued]>
[2026-05-01T09:17:53.382+0000] {taskinstance.py:2306} INFO - Starting attempt 1 of 3
[2026-05-01T09:17:53.432+0000] {taskinstance.py:2330} INFO - Executing <Task(PythonOperator): check_quality> on 2026-05-01 08:57:56+00:00
[2026-05-01T09:17:53.441+0000] {warnings.py:112} WARNING - /home/***/.local/lib/python3.12/site-packages/***/task/task_runner/standard_task_runner.py:61: DeprecationWarning: This process (pid=1784) is multi-threaded, use of fork() may lead to deadlocks in the child.
  pid = os.fork()

[2026-05-01T09:17:53.455+0000] {standard_task_runner.py:63} INFO - Started process 1785 to run task
[2026-05-01T09:17:53.455+0000] {standard_task_runner.py:90} INFO - Running: ['***', 'tasks', 'run', 'job_intelligent_pipeline', 'check_quality', 'manual__2026-05-01T08:57:56+00:00', '--job-id', '389', '--raw', '--subdir', 'DAGS_FOLDER/dag_job_intelligent.py', '--cfg-path', '/tmp/tmp8ojuzlhz']
[2026-05-01T09:17:53.463+0000] {standard_task_runner.py:91} INFO - Job 389: Subtask check_quality
[2026-05-01T09:17:53.678+0000] {task_command.py:426} INFO - Running <TaskInstance: job_intelligent_pipeline.check_quality manual__2026-05-01T08:57:56+00:00 [running]> on host d93ea64f61e7
[2026-05-01T09:17:53.913+0000] {taskinstance.py:2648} INFO - Exporting env vars: AIRFLOW_CTX_DAG_OWNER='job_intelligent' AIRFLOW_CTX_DAG_ID='job_intelligent_pipeline' AIRFLOW_CTX_TASK_ID='check_quality' AIRFLOW_CTX_EXECUTION_DATE='2026-05-01T08:57:56+00:00' AIRFLOW_CTX_TRY_NUMBER='1' AIRFLOW_CTX_DAG_RUN_ID='manual__2026-05-01T08:57:56+00:00'
[2026-05-01T09:17:53.914+0000] {taskinstance.py:430} INFO - ::endgroup::
[2026-05-01T09:17:54.264+0000] {logging_mixin.py:188} INFO - =======================================================
[2026-05-01T09:17:54.305+0000] {logging_mixin.py:188} INFO -   RAPPORT PIPELINE JOB INTELLIGENT
[2026-05-01T09:17:54.323+0000] {logging_mixin.py:188} INFO - =======================================================
[2026-05-01T09:17:54.363+0000] {logging_mixin.py:188} INFO -   Rekrute        : {'status': 'erreur', 'message': 'HTTPConnectionPool(host=\'scraper_api\', port=8000): Max retries exceeded with url: /scraper/rekrute (Caused by NameResolutionError("<urllib3.connection.HTTPConnection object at 0x7fc2ac1e9970>: Failed to resolve \'scraper_api\' ([Errno -2] Name or service not known)"))'}
[2026-05-01T09:17:54.394+0000] {logging_mixin.py:188} INFO -   France Travail : {'status': 'erreur', 'message': 'HTTPConnectionPool(host=\'scraper_api\', port=8000): Max retries exceeded with url: /scraper/france_travail (Caused by NameResolutionError("<urllib3.connection.HTTPConnection object at 0x7fc2bda66240>: Failed to resolve \'scraper_api\' ([Errno -2] Name or service not known)"))'}
[2026-05-01T09:17:54.415+0000] {logging_mixin.py:188} INFO -   Adzuna         : {'status': 'erreur', 'message': 'HTTPConnectionPool(host=\'scraper_api\', port=8000): Max retries exceeded with url: /scraper/adzuna (Caused by NameResolutionError("<urllib3.connection.HTTPConnection object at 0x7fc2ac2ce810>: Failed to resolve \'scraper_api\' ([Errno -2] Name or service not known)"))'}
[2026-05-01T09:17:54.443+0000] {logging_mixin.py:188} INFO -   Kafka lus      : 0
[2026-05-01T09:17:54.477+0000] {logging_mixin.py:188} INFO -   ETL transformes: 0
[2026-05-01T09:17:54.497+0000] {logging_mixin.py:188} INFO -   MySQL charges  : 0
[2026-05-01T09:17:54.521+0000] {logging_mixin.py:188} INFO -   Doublons       : 0
[2026-05-01T09:17:54.523+0000] {logging_mixin.py:188} INFO -   Erreurs        : 0
[2026-05-01T09:17:54.560+0000] {logging_mixin.py:188} INFO - =======================================================
[2026-05-01T09:17:54.561+0000] {logging_mixin.py:188} INFO - [Qualite] Verification OK
[2026-05-01T09:17:54.587+0000] {python.py:237} INFO - Done. Returned value was: {'kafka_lus': 0, 'etl_transformes': 0, 'mysql_charges': 0, 'doublons': 0, 'erreurs': 0}
[2026-05-01T09:17:54.620+0000] {taskinstance.py:441} INFO - ::group::Post task execution logs
[2026-05-01T09:17:54.803+0000] {taskinstance.py:1206} INFO - Marking task as SUCCESS. dag_id=job_intelligent_pipeline, task_id=check_quality, run_id=manual__2026-05-01T08:57:56+00:00, execution_date=20260501T085756, start_date=20260501T091753, end_date=20260501T091754
[2026-05-01T09:17:54.907+0000] {local_task_job_runner.py:240} INFO - Task exited with return code 0
[2026-05-01T09:17:54.977+0000] {taskinstance.py:3503} INFO - 0 downstream tasks scheduled from follow-on schedule check
[2026-05-01T09:17:54.990+0000] {local_task_job_runner.py:222} INFO - ::endgroup::
