[2026-05-11T15:15:37.557+0000] {local_task_job_runner.py:120} INFO - ::group::Pre task execution logs
[2026-05-11T15:15:37.658+0000] {taskinstance.py:2076} INFO - Dependencies all met for dep_context=non-requeueable deps ti=<TaskInstance: job_intelligent_pipeline_simplified.etl_minio manual__2026-05-11T15:04:00.624542+00:00 [queued]>
[2026-05-11T15:15:37.683+0000] {taskinstance.py:2076} INFO - Dependencies all met for dep_context=requeueable deps ti=<TaskInstance: job_intelligent_pipeline_simplified.etl_minio manual__2026-05-11T15:04:00.624542+00:00 [queued]>
[2026-05-11T15:15:37.685+0000] {taskinstance.py:2306} INFO - Starting attempt 1 of 3
[2026-05-11T15:15:37.733+0000] {taskinstance.py:2330} INFO - Executing <Task(PythonOperator): etl_minio> on 2026-05-11 15:04:00.624542+00:00
[2026-05-11T15:15:37.749+0000] {warnings.py:110} WARNING - /home/***/.local/lib/python3.12/site-packages/***/task/task_runner/standard_task_runner.py:61: DeprecationWarning: This process (pid=1593) is multi-threaded, use of fork() may lead to deadlocks in the child.
  pid = os.fork()

[2026-05-11T15:15:37.753+0000] {standard_task_runner.py:63} INFO - Started process 1594 to run task
[2026-05-11T15:15:37.755+0000] {standard_task_runner.py:90} INFO - Running: ['***', 'tasks', 'run', 'job_intelligent_pipeline_simplified', 'etl_minio', 'manual__2026-05-11T15:04:00.624542+00:00', '--job-id', '17', '--raw', '--subdir', 'DAGS_FOLDER/__pycache__/job_intelligent_pipeline.py', '--cfg-path', '/tmp/tmpndjchhw9']
[2026-05-11T15:15:37.761+0000] {standard_task_runner.py:91} INFO - Job 17: Subtask etl_minio
[2026-05-11T15:15:38.203+0000] {task_command.py:426} INFO - Running <TaskInstance: job_intelligent_pipeline_simplified.etl_minio manual__2026-05-11T15:04:00.624542+00:00 [running]> on host 7282f04bb408
[2026-05-11T15:15:38.903+0000] {taskinstance.py:2648} INFO - Exporting env vars: AIRFLOW_CTX_DAG_OWNER='job_intelligent' AIRFLOW_CTX_DAG_ID='job_intelligent_pipeline_simplified' AIRFLOW_CTX_TASK_ID='etl_minio' AIRFLOW_CTX_EXECUTION_DATE='2026-05-11T15:04:00.624542+00:00' AIRFLOW_CTX_TRY_NUMBER='1' AIRFLOW_CTX_DAG_RUN_ID='manual__2026-05-11T15:04:00.624542+00:00'
[2026-05-11T15:15:38.923+0000] {taskinstance.py:430} INFO - ::endgroup::
[2026-05-11T15:15:39.082+0000] {taskinstance.py:441} INFO - ::group::Post task execution logs
[2026-05-11T15:15:39.084+0000] {taskinstance.py:2905} ERROR - Task failed with exception
Traceback (most recent call last):
  File "/home/airflow/.local/lib/python3.12/site-packages/airflow/models/taskinstance.py", line 460, in _execute_task
    result = _execute_callable(context=context, **execute_callable_kwargs)
             ^^^^^^^^^^^^^^^^^^^^^^^^^^^^^^^^^^^^^^^^^^^^^^^^^^^^^^^^^^^^^
  File "/home/airflow/.local/lib/python3.12/site-packages/airflow/models/taskinstance.py", line 432, in _execute_callable
    return execute_callable(context=context, **execute_callable_kwargs)
           ^^^^^^^^^^^^^^^^^^^^^^^^^^^^^^^^^^^^^^^^^^^^^^^^^^^^^^^^^^^^
  File "/home/airflow/.local/lib/python3.12/site-packages/airflow/models/baseoperator.py", line 400, in wrapper
    return func(self, *args, **kwargs)
           ^^^^^^^^^^^^^^^^^^^^^^^^^^^
  File "/home/airflow/.local/lib/python3.12/site-packages/airflow/operators/python.py", line 235, in execute
    return_value = self.execute_callable()
                   ^^^^^^^^^^^^^^^^^^^^^^^
  File "/home/airflow/.local/lib/python3.12/site-packages/airflow/operators/python.py", line 252, in execute_callable
    return self.python_callable(*self.op_args, **self.op_kwargs)
           ^^^^^^^^^^^^^^^^^^^^^^^^^^^^^^^^^^^^^^^^^^^^^^^^^^^^^
  File "/opt/airflow/dags/__pycache__/job_intelligent_pipeline.py", line 75, in task_etl_minio
    from etl_from_minio import run_etl_from_minio
  File "/opt/airflow/scripts/etl_from_minio.py", line 6, in <module>
    from minio import Minio
ModuleNotFoundError: No module named 'minio'
[2026-05-11T15:15:39.185+0000] {taskinstance.py:1206} INFO - Marking task as UP_FOR_RETRY. dag_id=job_intelligent_pipeline_simplified, task_id=etl_minio, run_id=manual__2026-05-11T15:04:00.624542+00:00, execution_date=20260511T150400, start_date=20260511T151537, end_date=20260511T151539
[2026-05-11T15:15:39.226+0000] {standard_task_runner.py:110} ERROR - Failed to execute job 17 for task etl_minio (No module named 'minio'; 1594)
[2026-05-11T15:15:39.293+0000] {local_task_job_runner.py:240} INFO - Task exited with return code 1
[2026-05-11T15:15:39.472+0000] {taskinstance.py:3498} INFO - 0 downstream tasks scheduled from follow-on schedule check
[2026-05-11T15:15:39.476+0000] {local_task_job_runner.py:222} INFO - ::endgroup::
