[2026-05-11T15:30:22.731+0000] {local_task_job_runner.py:120} INFO - ::group::Pre task execution logs
[2026-05-11T15:30:22.870+0000] {taskinstance.py:2076} INFO - Dependencies all met for dep_context=non-requeueable deps ti=<TaskInstance: job_intelligent_pipeline_simplified.etl_minio manual__2026-05-11T15:04:00.624542+00:00 [queued]>
[2026-05-11T15:30:22.909+0000] {taskinstance.py:2076} INFO - Dependencies all met for dep_context=requeueable deps ti=<TaskInstance: job_intelligent_pipeline_simplified.etl_minio manual__2026-05-11T15:04:00.624542+00:00 [queued]>
[2026-05-11T15:30:22.917+0000] {taskinstance.py:2306} INFO - Starting attempt 3 of 3
[2026-05-11T15:30:22.959+0000] {taskinstance.py:2330} INFO - Executing <Task(PythonOperator): etl_minio> on 2026-05-11 15:04:00.624542+00:00
[2026-05-11T15:30:22.972+0000] {warnings.py:110} WARNING - /home/***/.local/lib/python3.12/site-packages/***/task/task_runner/standard_task_runner.py:61: DeprecationWarning: This process (pid=70) is multi-threaded, use of fork() may lead to deadlocks in the child.
  pid = os.fork()

[2026-05-11T15:30:22.977+0000] {standard_task_runner.py:63} INFO - Started process 71 to run task
[2026-05-11T15:30:22.978+0000] {standard_task_runner.py:90} INFO - Running: ['***', 'tasks', 'run', 'job_intelligent_pipeline_simplified', 'etl_minio', 'manual__2026-05-11T15:04:00.624542+00:00', '--job-id', '21', '--raw', '--subdir', 'DAGS_FOLDER/__pycache__/job_intelligent_pipeline.py', '--cfg-path', '/tmp/tmpqagigpzs']
[2026-05-11T15:30:22.981+0000] {standard_task_runner.py:91} INFO - Job 21: Subtask etl_minio
[2026-05-11T15:30:23.276+0000] {task_command.py:426} INFO - Running <TaskInstance: job_intelligent_pipeline_simplified.etl_minio manual__2026-05-11T15:04:00.624542+00:00 [running]> on host 0cb8c084b239
[2026-05-11T15:30:23.647+0000] {taskinstance.py:2648} INFO - Exporting env vars: AIRFLOW_CTX_DAG_OWNER='job_intelligent' AIRFLOW_CTX_DAG_ID='job_intelligent_pipeline_simplified' AIRFLOW_CTX_TASK_ID='etl_minio' AIRFLOW_CTX_EXECUTION_DATE='2026-05-11T15:04:00.624542+00:00' AIRFLOW_CTX_TRY_NUMBER='3' AIRFLOW_CTX_DAG_RUN_ID='manual__2026-05-11T15:04:00.624542+00:00'
[2026-05-11T15:30:23.649+0000] {taskinstance.py:430} INFO - ::endgroup::
[2026-05-11T15:30:24.385+0000] {taskinstance.py:441} INFO - ::group::Post task execution logs
[2026-05-11T15:30:24.387+0000] {taskinstance.py:2905} ERROR - Task failed with exception
Traceback (most recent call last):
  File "/home/airflow/.local/lib/python3.12/site-packages/airflow/models/taskinstance.py", line 460, in _execute_task
    result = _execute_callable(context=context, **execute_callable_kwargs)
             ^^^^^^^^^^^^^^^^^^^^^^^^^^^^^^^^^^^^^^^^^^^^^^^^^^^^^^^^^^^^^
  File "/home/airflow/.local/lib/python3.12/site-packages/airflow/models/taskinstance.py", line 432, in _execute_callable
    return execute_callable(context=context, **execute_callable_kwargs)
           ^^^^^^^^^^^^^^^^^^^^^^^^^^^^^^^^^^^^^^^^^^^^^^^^^^^^^^^^^^^^
  File "/home/airflow/.local/lib/python3.12/site-packages/airflow/models/baseoperator.py", line 400, in wrapper
    return func(self, *args, **kwargs)
           ^^^^^^^^^^^^^^^^^^^^^^^^^^^
  File "/home/airflow/.local/lib/python3.12/site-packages/airflow/operators/python.py", line 235, in execute
    return_value = self.execute_callable()
                   ^^^^^^^^^^^^^^^^^^^^^^^
  File "/home/airflow/.local/lib/python3.12/site-packages/airflow/operators/python.py", line 252, in execute_callable
    return self.python_callable(*self.op_args, **self.op_kwargs)
           ^^^^^^^^^^^^^^^^^^^^^^^^^^^^^^^^^^^^^^^^^^^^^^^^^^^^^
  File "/opt/airflow/dags/__pycache__/job_intelligent_pipeline.py", line 75, in task_etl_minio
    from etl_from_minio import run_etl_from_minio
  File "/opt/airflow/scripts/etl_from_minio.py", line 10, in <module>
    from config import MINIO_ENDPOINT, MINIO_ACCESS_KEY, MINIO_SECRET_KEY
ImportError: cannot import name 'MINIO_ACCESS_KEY' from 'config' (/opt/airflow/scripts/config.py). Did you mean: 'MINIO_ACCESS'?
[2026-05-11T15:30:24.511+0000] {taskinstance.py:1206} INFO - Marking task as FAILED. dag_id=job_intelligent_pipeline_simplified, task_id=etl_minio, run_id=manual__2026-05-11T15:04:00.624542+00:00, execution_date=20260511T150400, start_date=20260511T153022, end_date=20260511T153024
[2026-05-11T15:30:24.755+0000] {standard_task_runner.py:110} ERROR - Failed to execute job 21 for task etl_minio (cannot import name 'MINIO_ACCESS_KEY' from 'config' (/opt/airflow/scripts/config.py); 71)
[2026-05-11T15:30:24.837+0000] {local_task_job_runner.py:240} INFO - Task exited with return code 1
[2026-05-11T15:30:25.112+0000] {taskinstance.py:3498} INFO - 0 downstream tasks scheduled from follow-on schedule check
[2026-05-11T15:30:25.257+0000] {local_task_job_runner.py:222} INFO - ::endgroup::
