[2026-05-11T16:35:13.360+0000] {local_task_job_runner.py:120} INFO - ::group::Pre task execution logs
[2026-05-11T16:35:13.530+0000] {taskinstance.py:2076} INFO - Dependencies all met for dep_context=non-requeueable deps ti=<TaskInstance: job_intelligent_pipeline_simplified.scrape_france_travail manual__2026-05-11T16:35:01.804399+00:00 [queued]>
[2026-05-11T16:35:13.588+0000] {taskinstance.py:2076} INFO - Dependencies all met for dep_context=requeueable deps ti=<TaskInstance: job_intelligent_pipeline_simplified.scrape_france_travail manual__2026-05-11T16:35:01.804399+00:00 [queued]>
[2026-05-11T16:35:13.590+0000] {taskinstance.py:2306} INFO - Starting attempt 1 of 3
[2026-05-11T16:35:13.673+0000] {taskinstance.py:2330} INFO - Executing <Task(PythonOperator): scrape_france_travail> on 2026-05-11 16:35:01.804399+00:00
[2026-05-11T16:35:13.707+0000] {warnings.py:110} WARNING - /home/***/.local/lib/python3.12/site-packages/***/task/task_runner/standard_task_runner.py:61: DeprecationWarning: This process (pid=197) is multi-threaded, use of fork() may lead to deadlocks in the child.
  pid = os.fork()

[2026-05-11T16:35:13.719+0000] {standard_task_runner.py:63} INFO - Started process 201 to run task
[2026-05-11T16:35:13.735+0000] {standard_task_runner.py:90} INFO - Running: ['***', 'tasks', 'run', 'job_intelligent_pipeline_simplified', 'scrape_france_travail', 'manual__2026-05-11T16:35:01.804399+00:00', '--job-id', '46', '--raw', '--subdir', 'DAGS_FOLDER/__pycache__/job_intelligent_pipeline.py', '--cfg-path', '/tmp/tmpdegjy7og']
[2026-05-11T16:35:13.752+0000] {standard_task_runner.py:91} INFO - Job 46: Subtask scrape_france_travail
[2026-05-11T16:35:14.721+0000] {task_command.py:426} INFO - Running <TaskInstance: job_intelligent_pipeline_simplified.scrape_france_travail manual__2026-05-11T16:35:01.804399+00:00 [running]> on host e9430ddab16c
[2026-05-11T16:35:16.270+0000] {taskinstance.py:2648} INFO - Exporting env vars: AIRFLOW_CTX_DAG_OWNER='job_intelligent' AIRFLOW_CTX_DAG_ID='job_intelligent_pipeline_simplified' AIRFLOW_CTX_TASK_ID='scrape_france_travail' AIRFLOW_CTX_EXECUTION_DATE='2026-05-11T16:35:01.804399+00:00' AIRFLOW_CTX_TRY_NUMBER='1' AIRFLOW_CTX_DAG_RUN_ID='manual__2026-05-11T16:35:01.804399+00:00'
[2026-05-11T16:35:16.277+0000] {taskinstance.py:430} INFO - ::endgroup::
[2026-05-11T16:35:16.373+0000] {logging_mixin.py:188} INFO - [Scraping] POST http://scraper-api:8000/scrape/france_travail
[2026-05-11T16:35:16.427+0000] {logging_mixin.py:188} INFO - [Scraping] FranceTravail erreur : HTTPConnectionPool(host='scraper-api', port=8000): Max retries exceeded with url: /scrape/france_travail (Caused by NewConnectionError('<urllib3.connection.HTTPConnection object at 0x7a2675487230>: Failed to establish a new connection: [Errno 111] Connection refused'))
[2026-05-11T16:35:16.428+0000] {logging_mixin.py:188} INFO - [Scraping] FranceTravail : {'status': 'erreur', 'message': "HTTPConnectionPool(host='scraper-api', port=8000): Max retries exceeded with url: /scrape/france_travail (Caused by NewConnectionError('<urllib3.connection.HTTPConnection object at 0x7a2675487230>: Failed to establish a new connection: [Errno 111] Connection refused'))"}
[2026-05-11T16:35:16.511+0000] {python.py:237} INFO - Done. Returned value was: {'status': 'erreur', 'message': "HTTPConnectionPool(host='scraper-api', port=8000): Max retries exceeded with url: /scrape/france_travail (Caused by NewConnectionError('<urllib3.connection.HTTPConnection object at 0x7a2675487230>: Failed to establish a new connection: [Errno 111] Connection refused'))"}
[2026-05-11T16:35:16.513+0000] {taskinstance.py:441} INFO - ::group::Post task execution logs
[2026-05-11T16:35:16.825+0000] {taskinstance.py:1206} INFO - Marking task as SUCCESS. dag_id=job_intelligent_pipeline_simplified, task_id=scrape_france_travail, run_id=manual__2026-05-11T16:35:01.804399+00:00, execution_date=20260511T163501, start_date=20260511T163513, end_date=20260511T163516
[2026-05-11T16:35:17.155+0000] {local_task_job_runner.py:240} INFO - Task exited with return code 0
[2026-05-11T16:35:17.562+0000] {taskinstance.py:3498} INFO - 1 downstream tasks scheduled from follow-on schedule check
[2026-05-11T16:35:17.620+0000] {local_task_job_runner.py:222} INFO - ::endgroup::
