[2026-04-29T21:28:21.447+0000] {local_task_job_runner.py:120} INFO - ::group::Pre task execution logs
[2026-04-29T21:28:21.582+0000] {taskinstance.py:2076} INFO - Dependencies all met for dep_context=non-requeueable deps ti=<TaskInstance: job_intelligent_pipeline.scrape_adzuna manual__2026-04-29T19:16:31.199514+00:00 [queued]>
[2026-04-29T21:28:21.618+0000] {taskinstance.py:2076} INFO - Dependencies all met for dep_context=requeueable deps ti=<TaskInstance: job_intelligent_pipeline.scrape_adzuna manual__2026-04-29T19:16:31.199514+00:00 [queued]>
[2026-04-29T21:28:21.619+0000] {taskinstance.py:2306} INFO - Starting attempt 1 of 3
[2026-04-29T21:28:21.705+0000] {taskinstance.py:2330} INFO - Executing <Task(PythonOperator): scrape_adzuna> on 2026-04-29 19:16:31.199514+00:00
[2026-04-29T21:28:21.726+0000] {warnings.py:112} WARNING - /home/***/.local/lib/python3.12/site-packages/***/task/task_runner/standard_task_runner.py:61: DeprecationWarning: This process (pid=2938) is multi-threaded, use of fork() may lead to deadlocks in the child.
  pid = os.fork()

[2026-04-29T21:28:21.743+0000] {standard_task_runner.py:63} INFO - Started process 2941 to run task
[2026-04-29T21:28:21.757+0000] {standard_task_runner.py:90} INFO - Running: ['***', 'tasks', 'run', 'job_intelligent_pipeline', 'scrape_adzuna', 'manual__2026-04-29T19:16:31.199514+00:00', '--job-id', '173', '--raw', '--subdir', 'DAGS_FOLDER/dag_job_intelligent.py', '--cfg-path', '/tmp/tmpm7ynvg39']
[2026-04-29T21:28:21.762+0000] {standard_task_runner.py:91} INFO - Job 173: Subtask scrape_adzuna
[2026-04-29T21:28:22.043+0000] {task_command.py:426} INFO - Running <TaskInstance: job_intelligent_pipeline.scrape_adzuna manual__2026-04-29T19:16:31.199514+00:00 [running]> on host 00190f46936a
[2026-04-29T21:28:22.566+0000] {taskinstance.py:2648} INFO - Exporting env vars: AIRFLOW_CTX_DAG_OWNER='job_intelligent' AIRFLOW_CTX_DAG_ID='job_intelligent_pipeline' AIRFLOW_CTX_TASK_ID='scrape_adzuna' AIRFLOW_CTX_EXECUTION_DATE='2026-04-29T19:16:31.199514+00:00' AIRFLOW_CTX_TRY_NUMBER='1' AIRFLOW_CTX_DAG_RUN_ID='manual__2026-04-29T19:16:31.199514+00:00'
[2026-04-29T21:28:22.568+0000] {taskinstance.py:430} INFO - ::endgroup::
[2026-04-29T21:28:22.604+0000] {logging_mixin.py:188} INFO - [Scraping] POST http://scraper_api:8000/scraper/adzuna
[2026-04-29T21:28:25.964+0000] {logging_mixin.py:188} INFO - [Scraping] Adzuna erreur : HTTPConnectionPool(host='scraper_api', port=8000): Max retries exceeded with url: /scraper/adzuna (Caused by NameResolutionError("<urllib3.connection.HTTPConnection object at 0x7f5d35b444d0>: Failed to resolve 'scraper_api' ([Errno -2] Name or service not known)"))
[2026-04-29T21:28:25.966+0000] {logging_mixin.py:188} INFO - [Scraping] Adzuna : {'status': 'erreur', 'message': 'HTTPConnectionPool(host=\'scraper_api\', port=8000): Max retries exceeded with url: /scraper/adzuna (Caused by NameResolutionError("<urllib3.connection.HTTPConnection object at 0x7f5d35b444d0>: Failed to resolve \'scraper_api\' ([Errno -2] Name or service not known)"))'}
[2026-04-29T21:28:26.186+0000] {python.py:237} INFO - Done. Returned value was: {'status': 'erreur', 'message': 'HTTPConnectionPool(host=\'scraper_api\', port=8000): Max retries exceeded with url: /scraper/adzuna (Caused by NameResolutionError("<urllib3.connection.HTTPConnection object at 0x7f5d35b444d0>: Failed to resolve \'scraper_api\' ([Errno -2] Name or service not known)"))'}
[2026-04-29T21:28:26.203+0000] {taskinstance.py:441} INFO - ::group::Post task execution logs
[2026-04-29T21:28:26.418+0000] {taskinstance.py:1206} INFO - Marking task as SUCCESS. dag_id=job_intelligent_pipeline, task_id=scrape_adzuna, run_id=manual__2026-04-29T19:16:31.199514+00:00, execution_date=20260429T191631, start_date=20260429T212821, end_date=20260429T212826
[2026-04-29T21:28:26.526+0000] {local_task_job_runner.py:240} INFO - Task exited with return code 0
[2026-04-29T21:28:26.599+0000] {taskinstance.py:3503} INFO - 0 downstream tasks scheduled from follow-on schedule check
[2026-04-29T21:28:26.603+0000] {local_task_job_runner.py:222} INFO - ::endgroup::
