[2026-04-27T09:20:14.766+0000] {local_task_job_runner.py:120} INFO - ::group::Pre task execution logs
[2026-04-27T09:20:15.938+0000] {taskinstance.py:2076} INFO - Dependencies all met for dep_context=non-requeueable deps ti=<TaskInstance: job_intelligent_pipeline.scrape_rekrute scheduled__2026-04-26T06:00:00+00:00 [queued]>
[2026-04-27T09:20:16.316+0000] {taskinstance.py:2076} INFO - Dependencies all met for dep_context=requeueable deps ti=<TaskInstance: job_intelligent_pipeline.scrape_rekrute scheduled__2026-04-26T06:00:00+00:00 [queued]>
[2026-04-27T09:20:16.380+0000] {taskinstance.py:2306} INFO - Starting attempt 1 of 3
[2026-04-27T09:20:16.936+0000] {taskinstance.py:2330} INFO - Executing <Task(PythonOperator): scrape_rekrute> on 2026-04-26 06:00:00+00:00
[2026-04-27T09:20:17.003+0000] {warnings.py:112} WARNING - /home/***/.local/lib/python3.12/site-packages/***/task/task_runner/standard_task_runner.py:61: DeprecationWarning: This process (pid=939) is multi-threaded, use of fork() may lead to deadlocks in the child.
  pid = os.fork()

[2026-04-27T09:20:17.052+0000] {standard_task_runner.py:63} INFO - Started process 950 to run task
[2026-04-27T09:20:17.065+0000] {standard_task_runner.py:90} INFO - Running: ['***', 'tasks', 'run', 'job_intelligent_pipeline', 'scrape_rekrute', 'scheduled__2026-04-26T06:00:00+00:00', '--job-id', '114', '--raw', '--subdir', 'DAGS_FOLDER/dag_job_intelligent.py', '--cfg-path', '/tmp/tmp3lx9_3um']
[2026-04-27T09:20:17.111+0000] {standard_task_runner.py:91} INFO - Job 114: Subtask scrape_rekrute
[2026-04-27T09:20:18.876+0000] {task_command.py:426} INFO - Running <TaskInstance: job_intelligent_pipeline.scrape_rekrute scheduled__2026-04-26T06:00:00+00:00 [running]> on host 29da1de14b83
[2026-04-27T09:20:22.204+0000] {taskinstance.py:2648} INFO - Exporting env vars: AIRFLOW_CTX_DAG_OWNER='job_intelligent' AIRFLOW_CTX_DAG_ID='job_intelligent_pipeline' AIRFLOW_CTX_TASK_ID='scrape_rekrute' AIRFLOW_CTX_EXECUTION_DATE='2026-04-26T06:00:00+00:00' AIRFLOW_CTX_TRY_NUMBER='1' AIRFLOW_CTX_DAG_RUN_ID='scheduled__2026-04-26T06:00:00+00:00'
[2026-04-27T09:20:22.348+0000] {taskinstance.py:430} INFO - ::endgroup::
[2026-04-27T09:20:23.003+0000] {logging_mixin.py:188} INFO - [Scraping] POST http://scraper_api:8000/scrape/rekrute
[2026-04-27T09:20:26.592+0000] {logging_mixin.py:188} INFO - [Scraping] Rekrute erreur : HTTPConnectionPool(host='scraper_api', port=8000): Max retries exceeded with url: /scrape/rekrute (Caused by NameResolutionError("<urllib3.connection.HTTPConnection object at 0x7fdc8b5d0ec0>: Failed to resolve 'scraper_api' ([Errno -2] Name or service not known)"))
[2026-04-27T09:20:26.641+0000] {logging_mixin.py:188} INFO - [Scraping] Rekrute : {'status': 'erreur', 'message': 'HTTPConnectionPool(host=\'scraper_api\', port=8000): Max retries exceeded with url: /scrape/rekrute (Caused by NameResolutionError("<urllib3.connection.HTTPConnection object at 0x7fdc8b5d0ec0>: Failed to resolve \'scraper_api\' ([Errno -2] Name or service not known)"))'}
[2026-04-27T09:20:29.038+0000] {python.py:237} INFO - Done. Returned value was: {'status': 'erreur', 'message': 'HTTPConnectionPool(host=\'scraper_api\', port=8000): Max retries exceeded with url: /scrape/rekrute (Caused by NameResolutionError("<urllib3.connection.HTTPConnection object at 0x7fdc8b5d0ec0>: Failed to resolve \'scraper_api\' ([Errno -2] Name or service not known)"))'}
[2026-04-27T09:20:29.046+0000] {taskinstance.py:441} INFO - ::group::Post task execution logs
[2026-04-27T09:20:30.481+0000] {taskinstance.py:1206} INFO - Marking task as SUCCESS. dag_id=job_intelligent_pipeline, task_id=scrape_rekrute, run_id=scheduled__2026-04-26T06:00:00+00:00, execution_date=20260426T060000, start_date=20260427T092015, end_date=20260427T092030
[2026-04-27T09:20:32.401+0000] {local_task_job_runner.py:240} INFO - Task exited with return code 0
[2026-04-27T09:20:33.274+0000] {taskinstance.py:3503} INFO - 1 downstream tasks scheduled from follow-on schedule check
[2026-04-27T09:20:33.355+0000] {local_task_job_runner.py:222} INFO - ::endgroup::
