[2026-04-29T21:16:40.533+0000] {local_task_job_runner.py:120} INFO - ::group::Pre task execution logs
[2026-04-29T21:16:40.583+0000] {taskinstance.py:2076} INFO - Dependencies all met for dep_context=non-requeueable deps ti=<TaskInstance: job_intelligent_pipeline.check_quality manual__2026-04-29T18:52:49.881525+00:00 [queued]>
[2026-04-29T21:16:40.602+0000] {taskinstance.py:2076} INFO - Dependencies all met for dep_context=requeueable deps ti=<TaskInstance: job_intelligent_pipeline.check_quality manual__2026-04-29T18:52:49.881525+00:00 [queued]>
[2026-04-29T21:16:40.604+0000] {taskinstance.py:2306} INFO - Starting attempt 1 of 3
[2026-04-29T21:16:40.808+0000] {taskinstance.py:2330} INFO - Executing <Task(PythonOperator): check_quality> on 2026-04-29 18:52:49.881525+00:00
[2026-04-29T21:16:40.819+0000] {warnings.py:112} WARNING - /home/***/.local/lib/python3.12/site-packages/***/task/task_runner/standard_task_runner.py:61: DeprecationWarning: This process (pid=2751) is multi-threaded, use of fork() may lead to deadlocks in the child.
  pid = os.fork()

[2026-04-29T21:16:40.822+0000] {standard_task_runner.py:63} INFO - Started process 2752 to run task
[2026-04-29T21:16:40.830+0000] {standard_task_runner.py:90} INFO - Running: ['***', 'tasks', 'run', 'job_intelligent_pipeline', 'check_quality', 'manual__2026-04-29T18:52:49.881525+00:00', '--job-id', '162', '--raw', '--subdir', 'DAGS_FOLDER/dag_job_intelligent.py', '--cfg-path', '/tmp/tmprxrd5fkv']
[2026-04-29T21:16:40.833+0000] {standard_task_runner.py:91} INFO - Job 162: Subtask check_quality
[2026-04-29T21:16:41.122+0000] {task_command.py:426} INFO - Running <TaskInstance: job_intelligent_pipeline.check_quality manual__2026-04-29T18:52:49.881525+00:00 [running]> on host 00190f46936a
[2026-04-29T21:16:41.359+0000] {taskinstance.py:2648} INFO - Exporting env vars: AIRFLOW_CTX_DAG_OWNER='job_intelligent' AIRFLOW_CTX_DAG_ID='job_intelligent_pipeline' AIRFLOW_CTX_TASK_ID='check_quality' AIRFLOW_CTX_EXECUTION_DATE='2026-04-29T18:52:49.881525+00:00' AIRFLOW_CTX_TRY_NUMBER='1' AIRFLOW_CTX_DAG_RUN_ID='manual__2026-04-29T18:52:49.881525+00:00'
[2026-04-29T21:16:41.361+0000] {taskinstance.py:430} INFO - ::endgroup::
[2026-04-29T21:16:41.511+0000] {logging_mixin.py:188} INFO - =======================================================
[2026-04-29T21:16:41.512+0000] {logging_mixin.py:188} INFO -   RAPPORT PIPELINE JOB INTELLIGENT
[2026-04-29T21:16:41.513+0000] {logging_mixin.py:188} INFO - =======================================================
[2026-04-29T21:16:41.514+0000] {logging_mixin.py:188} INFO -   Rekrute        : {'status': 'erreur', 'message': 'HTTPConnectionPool(host=\'scraper_api\', port=8000): Max retries exceeded with url: /scraper/rekrute (Caused by NameResolutionError("<urllib3.connection.HTTPConnection object at 0x7f5d3559ef90>: Failed to resolve \'scraper_api\' ([Errno -2] Name or service not known)"))'}
[2026-04-29T21:16:41.515+0000] {logging_mixin.py:188} INFO -   France Travail : {'status': 'erreur', 'message': 'HTTPConnectionPool(host=\'scraper_api\', port=8000): Max retries exceeded with url: /scraper/france_travail (Caused by NameResolutionError("<urllib3.connection.HTTPConnection object at 0x7f5d35a61f10>: Failed to resolve \'scraper_api\' ([Errno -2] Name or service not known)"))'}
[2026-04-29T21:16:41.516+0000] {logging_mixin.py:188} INFO -   Adzuna         : {'status': 'erreur', 'message': 'HTTPConnectionPool(host=\'scraper_api\', port=8000): Max retries exceeded with url: /scraper/adzuna (Caused by NameResolutionError("<urllib3.connection.HTTPConnection object at 0x7f5d3567d370>: Failed to resolve \'scraper_api\' ([Errno -2] Name or service not known)"))'}
[2026-04-29T21:16:41.517+0000] {logging_mixin.py:188} INFO -   Kafka lus      : 0
[2026-04-29T21:16:41.518+0000] {logging_mixin.py:188} INFO -   ETL transformes: 0
[2026-04-29T21:16:41.519+0000] {logging_mixin.py:188} INFO -   MySQL charges  : 0
[2026-04-29T21:16:41.520+0000] {logging_mixin.py:188} INFO -   Doublons       : 0
[2026-04-29T21:16:41.520+0000] {logging_mixin.py:188} INFO -   Erreurs        : 0
[2026-04-29T21:16:41.521+0000] {logging_mixin.py:188} INFO - =======================================================
[2026-04-29T21:16:41.522+0000] {logging_mixin.py:188} INFO - [Qualite] Verification OK
[2026-04-29T21:16:41.523+0000] {python.py:237} INFO - Done. Returned value was: {'kafka_lus': 0, 'etl_transformes': 0, 'mysql_charges': 0, 'doublons': 0, 'erreurs': 0}
[2026-04-29T21:16:41.523+0000] {taskinstance.py:441} INFO - ::group::Post task execution logs
[2026-04-29T21:16:41.682+0000] {taskinstance.py:1206} INFO - Marking task as SUCCESS. dag_id=job_intelligent_pipeline, task_id=check_quality, run_id=manual__2026-04-29T18:52:49.881525+00:00, execution_date=20260429T185249, start_date=20260429T211640, end_date=20260429T211641
[2026-04-29T21:16:41.762+0000] {local_task_job_runner.py:240} INFO - Task exited with return code 0
[2026-04-29T21:16:41.850+0000] {taskinstance.py:3503} INFO - 0 downstream tasks scheduled from follow-on schedule check
[2026-04-29T21:16:41.858+0000] {local_task_job_runner.py:222} INFO - ::endgroup::
