[2026-05-01T07:43:22.513+0000] {local_task_job_runner.py:120} INFO - ::group::Pre task execution logs
[2026-05-01T07:43:22.896+0000] {taskinstance.py:2076} INFO - Dependencies all met for dep_context=non-requeueable deps ti=<TaskInstance: job_intelligent_pipeline.scrape_france_travail manual__2026-04-30T21:04:57.487879+00:00 [queued]>
[2026-05-01T07:43:23.006+0000] {taskinstance.py:2076} INFO - Dependencies all met for dep_context=requeueable deps ti=<TaskInstance: job_intelligent_pipeline.scrape_france_travail manual__2026-04-30T21:04:57.487879+00:00 [queued]>
[2026-05-01T07:43:23.012+0000] {taskinstance.py:2306} INFO - Starting attempt 1 of 3
[2026-05-01T07:43:23.241+0000] {taskinstance.py:2330} INFO - Executing <Task(PythonOperator): scrape_france_travail> on 2026-04-30 21:04:57.487879+00:00
[2026-05-01T07:43:23.269+0000] {warnings.py:112} WARNING - /home/***/.local/lib/python3.12/site-packages/***/task/task_runner/standard_task_runner.py:61: DeprecationWarning: This process (pid=255) is multi-threaded, use of fork() may lead to deadlocks in the child.
  pid = os.fork()

[2026-05-01T07:43:23.315+0000] {standard_task_runner.py:63} INFO - Started process 256 to run task
[2026-05-01T07:43:23.318+0000] {standard_task_runner.py:90} INFO - Running: ['***', 'tasks', 'run', 'job_intelligent_pipeline', 'scrape_france_travail', 'manual__2026-04-30T21:04:57.487879+00:00', '--job-id', '327', '--raw', '--subdir', 'DAGS_FOLDER/dag_job_intelligent.py', '--cfg-path', '/tmp/tmpwciqmwp4']
[2026-05-01T07:43:23.333+0000] {standard_task_runner.py:91} INFO - Job 327: Subtask scrape_france_travail
[2026-05-01T07:43:23.933+0000] {task_command.py:426} INFO - Running <TaskInstance: job_intelligent_pipeline.scrape_france_travail manual__2026-04-30T21:04:57.487879+00:00 [running]> on host d93ea64f61e7
[2026-05-01T07:43:24.823+0000] {taskinstance.py:2648} INFO - Exporting env vars: AIRFLOW_CTX_DAG_OWNER='job_intelligent' AIRFLOW_CTX_DAG_ID='job_intelligent_pipeline' AIRFLOW_CTX_TASK_ID='scrape_france_travail' AIRFLOW_CTX_EXECUTION_DATE='2026-04-30T21:04:57.487879+00:00' AIRFLOW_CTX_TRY_NUMBER='1' AIRFLOW_CTX_DAG_RUN_ID='manual__2026-04-30T21:04:57.487879+00:00'
[2026-05-01T07:43:24.858+0000] {taskinstance.py:430} INFO - ::endgroup::
[2026-05-01T07:43:25.013+0000] {logging_mixin.py:188} INFO - [Scraping] POST http://scraper_api:8000/scraper/france_travail
[2026-05-01T07:43:28.556+0000] {logging_mixin.py:188} INFO - [Scraping] FranceTravail erreur : HTTPConnectionPool(host='scraper_api', port=8000): Max retries exceeded with url: /scraper/france_travail (Caused by NameResolutionError("<urllib3.connection.HTTPConnection object at 0x7fc2ac301a00>: Failed to resolve 'scraper_api' ([Errno -2] Name or service not known)"))
[2026-05-01T07:43:28.566+0000] {logging_mixin.py:188} INFO - [Scraping] FranceTravail : {'status': 'erreur', 'message': 'HTTPConnectionPool(host=\'scraper_api\', port=8000): Max retries exceeded with url: /scraper/france_travail (Caused by NameResolutionError("<urllib3.connection.HTTPConnection object at 0x7fc2ac301a00>: Failed to resolve \'scraper_api\' ([Errno -2] Name or service not known)"))'}
[2026-05-01T07:43:28.757+0000] {python.py:237} INFO - Done. Returned value was: {'status': 'erreur', 'message': 'HTTPConnectionPool(host=\'scraper_api\', port=8000): Max retries exceeded with url: /scraper/france_travail (Caused by NameResolutionError("<urllib3.connection.HTTPConnection object at 0x7fc2ac301a00>: Failed to resolve \'scraper_api\' ([Errno -2] Name or service not known)"))'}
[2026-05-01T07:43:28.773+0000] {taskinstance.py:441} INFO - ::group::Post task execution logs
[2026-05-01T07:43:28.975+0000] {taskinstance.py:1206} INFO - Marking task as SUCCESS. dag_id=job_intelligent_pipeline, task_id=scrape_france_travail, run_id=manual__2026-04-30T21:04:57.487879+00:00, execution_date=20260430T210457, start_date=20260501T074322, end_date=20260501T074328
[2026-05-01T07:43:29.126+0000] {local_task_job_runner.py:240} INFO - Task exited with return code 0
[2026-05-01T07:43:29.213+0000] {local_task_job_runner.py:222} INFO - ::endgroup::
