[2026-05-18T10:02:44.031+0000] {local_task_job_runner.py:120} INFO - ::group::Pre task execution logs
[2026-05-18T10:02:44.915+0000] {taskinstance.py:2076} INFO - Dependencies all met for dep_context=non-requeueable deps ti=<TaskInstance: job_intelligent_pipeline_simplified.load_star_schema scheduled__2026-05-17T06:00:00+00:00 [queued]>
[2026-05-18T10:02:45.028+0000] {taskinstance.py:2076} INFO - Dependencies all met for dep_context=requeueable deps ti=<TaskInstance: job_intelligent_pipeline_simplified.load_star_schema scheduled__2026-05-17T06:00:00+00:00 [queued]>
[2026-05-18T10:02:45.030+0000] {taskinstance.py:2306} INFO - Starting attempt 1 of 3
[2026-05-18T10:02:45.205+0000] {taskinstance.py:2330} INFO - Executing <Task(PythonOperator): load_star_schema> on 2026-05-17 06:00:00+00:00
[2026-05-18T10:02:45.227+0000] {warnings.py:110} WARNING - /home/***/.local/lib/python3.12/site-packages/***/task/task_runner/standard_task_runner.py:61: DeprecationWarning: This process (pid=6663) is multi-threaded, use of fork() may lead to deadlocks in the child.
  pid = os.fork()

[2026-05-18T10:02:45.238+0000] {standard_task_runner.py:63} INFO - Started process 6664 to run task
[2026-05-18T10:02:45.233+0000] {standard_task_runner.py:90} INFO - Running: ['***', 'tasks', 'run', 'job_intelligent_pipeline_simplified', 'load_star_schema', 'scheduled__2026-05-17T06:00:00+00:00', '--job-id', '60', '--raw', '--subdir', 'DAGS_FOLDER/__pycache__/job_intelligent_pipeline.py', '--cfg-path', '/tmp/tmpehixyt_c']
[2026-05-18T10:02:45.252+0000] {standard_task_runner.py:91} INFO - Job 60: Subtask load_star_schema
[2026-05-18T10:02:45.678+0000] {task_command.py:426} INFO - Running <TaskInstance: job_intelligent_pipeline_simplified.load_star_schema scheduled__2026-05-17T06:00:00+00:00 [running]> on host d156e5650201
[2026-05-18T10:02:46.440+0000] {taskinstance.py:2648} INFO - Exporting env vars: AIRFLOW_CTX_DAG_OWNER='job_intelligent' AIRFLOW_CTX_DAG_ID='job_intelligent_pipeline_simplified' AIRFLOW_CTX_TASK_ID='load_star_schema' AIRFLOW_CTX_EXECUTION_DATE='2026-05-17T06:00:00+00:00' AIRFLOW_CTX_TRY_NUMBER='1' AIRFLOW_CTX_DAG_RUN_ID='scheduled__2026-05-17T06:00:00+00:00'
[2026-05-18T10:02:46.449+0000] {taskinstance.py:430} INFO - ::endgroup::
[2026-05-18T10:02:47.762+0000] {logging_mixin.py:188} INFO - [Load] 0 offres lues depuis MinIO gold
[2026-05-18T10:02:47.821+0000] {python.py:237} INFO - Done. Returned value was: {'charge': 0}
[2026-05-18T10:02:47.822+0000] {taskinstance.py:441} INFO - ::group::Post task execution logs
[2026-05-18T10:02:47.933+0000] {taskinstance.py:1206} INFO - Marking task as SUCCESS. dag_id=job_intelligent_pipeline_simplified, task_id=load_star_schema, run_id=scheduled__2026-05-17T06:00:00+00:00, execution_date=20260517T060000, start_date=20260518T100244, end_date=20260518T100247
[2026-05-18T10:02:48.032+0000] {local_task_job_runner.py:240} INFO - Task exited with return code 0
[2026-05-18T10:02:48.174+0000] {taskinstance.py:3498} INFO - 1 downstream tasks scheduled from follow-on schedule check
[2026-05-18T10:02:48.214+0000] {local_task_job_runner.py:222} INFO - ::endgroup::
