[2026-05-01T09:06:26.146+0000] {local_task_job_runner.py:120} INFO - ::group::Pre task execution logs
[2026-05-01T09:06:26.282+0000] {taskinstance.py:2076} INFO - Dependencies all met for dep_context=non-requeueable deps ti=<TaskInstance: job_intelligent_pipeline.scrape_rekrute manual__2026-05-01T08:57:56+00:00 [queued]>
[2026-05-01T09:06:26.412+0000] {taskinstance.py:2076} INFO - Dependencies all met for dep_context=requeueable deps ti=<TaskInstance: job_intelligent_pipeline.scrape_rekrute manual__2026-05-01T08:57:56+00:00 [queued]>
[2026-05-01T09:06:26.525+0000] {taskinstance.py:2306} INFO - Starting attempt 1 of 3
[2026-05-01T09:06:26.706+0000] {taskinstance.py:2330} INFO - Executing <Task(PythonOperator): scrape_rekrute> on 2026-05-01 08:57:56+00:00
[2026-05-01T09:06:26.732+0000] {warnings.py:112} WARNING - /home/***/.local/lib/python3.12/site-packages/***/task/task_runner/standard_task_runner.py:61: DeprecationWarning: This process (pid=1585) is multi-threaded, use of fork() may lead to deadlocks in the child.
  pid = os.fork()

[2026-05-01T09:06:26.736+0000] {standard_task_runner.py:63} INFO - Started process 1589 to run task
[2026-05-01T09:06:26.776+0000] {standard_task_runner.py:90} INFO - Running: ['***', 'tasks', 'run', 'job_intelligent_pipeline', 'scrape_rekrute', 'manual__2026-05-01T08:57:56+00:00', '--job-id', '383', '--raw', '--subdir', 'DAGS_FOLDER/dag_job_intelligent.py', '--cfg-path', '/tmp/tmpyv1pzqt9']
[2026-05-01T09:06:26.788+0000] {standard_task_runner.py:91} INFO - Job 383: Subtask scrape_rekrute
[2026-05-01T09:06:27.007+0000] {task_command.py:426} INFO - Running <TaskInstance: job_intelligent_pipeline.scrape_rekrute manual__2026-05-01T08:57:56+00:00 [running]> on host d93ea64f61e7
[2026-05-01T09:06:27.683+0000] {taskinstance.py:2648} INFO - Exporting env vars: AIRFLOW_CTX_DAG_OWNER='job_intelligent' AIRFLOW_CTX_DAG_ID='job_intelligent_pipeline' AIRFLOW_CTX_TASK_ID='scrape_rekrute' AIRFLOW_CTX_EXECUTION_DATE='2026-05-01T08:57:56+00:00' AIRFLOW_CTX_TRY_NUMBER='1' AIRFLOW_CTX_DAG_RUN_ID='manual__2026-05-01T08:57:56+00:00'
[2026-05-01T09:06:27.701+0000] {taskinstance.py:430} INFO - ::endgroup::
[2026-05-01T09:06:27.863+0000] {logging_mixin.py:188} INFO - [Scraping] POST http://scraper_api:8000/scraper/rekrute
[2026-05-01T09:06:31.249+0000] {logging_mixin.py:188} INFO - [Scraping] Rekrute erreur : HTTPConnectionPool(host='scraper_api', port=8000): Max retries exceeded with url: /scraper/rekrute (Caused by NameResolutionError("<urllib3.connection.HTTPConnection object at 0x7fc2ac1e9970>: Failed to resolve 'scraper_api' ([Errno -2] Name or service not known)"))
[2026-05-01T09:06:31.265+0000] {logging_mixin.py:188} INFO - [Scraping] Rekrute : {'status': 'erreur', 'message': 'HTTPConnectionPool(host=\'scraper_api\', port=8000): Max retries exceeded with url: /scraper/rekrute (Caused by NameResolutionError("<urllib3.connection.HTTPConnection object at 0x7fc2ac1e9970>: Failed to resolve \'scraper_api\' ([Errno -2] Name or service not known)"))'}
[2026-05-01T09:06:31.609+0000] {python.py:237} INFO - Done. Returned value was: {'status': 'erreur', 'message': 'HTTPConnectionPool(host=\'scraper_api\', port=8000): Max retries exceeded with url: /scraper/rekrute (Caused by NameResolutionError("<urllib3.connection.HTTPConnection object at 0x7fc2ac1e9970>: Failed to resolve \'scraper_api\' ([Errno -2] Name or service not known)"))'}
[2026-05-01T09:06:31.614+0000] {taskinstance.py:441} INFO - ::group::Post task execution logs
[2026-05-01T09:06:31.897+0000] {taskinstance.py:1206} INFO - Marking task as SUCCESS. dag_id=job_intelligent_pipeline, task_id=scrape_rekrute, run_id=manual__2026-05-01T08:57:56+00:00, execution_date=20260501T085756, start_date=20260501T090626, end_date=20260501T090631
[2026-05-01T09:06:32.108+0000] {local_task_job_runner.py:240} INFO - Task exited with return code 0
[2026-05-01T09:06:32.308+0000] {taskinstance.py:3503} INFO - 1 downstream tasks scheduled from follow-on schedule check
[2026-05-01T09:06:32.331+0000] {local_task_job_runner.py:222} INFO - ::endgroup::
