[2026-05-11T18:40:00.312+0000] {local_task_job_runner.py:120} INFO - ::group::Pre task execution logs
[2026-05-11T18:40:00.402+0000] {taskinstance.py:2076} INFO - Dependencies all met for dep_context=non-requeueable deps ti=<TaskInstance: job_intelligent_pipeline_simplified.load_star_schema manual__2026-05-11T18:37:34.790911+00:00 [queued]>
[2026-05-11T18:40:00.421+0000] {taskinstance.py:2076} INFO - Dependencies all met for dep_context=requeueable deps ti=<TaskInstance: job_intelligent_pipeline_simplified.load_star_schema manual__2026-05-11T18:37:34.790911+00:00 [queued]>
[2026-05-11T18:40:00.422+0000] {taskinstance.py:2306} INFO - Starting attempt 1 of 3
[2026-05-11T18:40:00.459+0000] {taskinstance.py:2330} INFO - Executing <Task(PythonOperator): load_star_schema> on 2026-05-11 18:37:34.790911+00:00
[2026-05-11T18:40:00.472+0000] {warnings.py:110} WARNING - /home/***/.local/lib/python3.12/site-packages/***/task/task_runner/standard_task_runner.py:61: DeprecationWarning: This process (pid=473) is multi-threaded, use of fork() may lead to deadlocks in the child.
  pid = os.fork()

[2026-05-11T18:40:00.476+0000] {standard_task_runner.py:90} INFO - Running: ['***', 'tasks', 'run', 'job_intelligent_pipeline_simplified', 'load_star_schema', 'manual__2026-05-11T18:37:34.790911+00:00', '--job-id', '76', '--raw', '--subdir', 'DAGS_FOLDER/__pycache__/job_intelligent_pipeline.py', '--cfg-path', '/tmp/tmp9dpfvhfv']
[2026-05-11T18:40:00.478+0000] {standard_task_runner.py:63} INFO - Started process 474 to run task
[2026-05-11T18:40:00.478+0000] {standard_task_runner.py:91} INFO - Job 76: Subtask load_star_schema
[2026-05-11T18:40:00.757+0000] {task_command.py:426} INFO - Running <TaskInstance: job_intelligent_pipeline_simplified.load_star_schema manual__2026-05-11T18:37:34.790911+00:00 [running]> on host 3d6dc2445e84
[2026-05-11T18:40:01.580+0000] {taskinstance.py:2648} INFO - Exporting env vars: AIRFLOW_CTX_DAG_OWNER='job_intelligent' AIRFLOW_CTX_DAG_ID='job_intelligent_pipeline_simplified' AIRFLOW_CTX_TASK_ID='load_star_schema' AIRFLOW_CTX_EXECUTION_DATE='2026-05-11T18:37:34.790911+00:00' AIRFLOW_CTX_TRY_NUMBER='1' AIRFLOW_CTX_DAG_RUN_ID='manual__2026-05-11T18:37:34.790911+00:00'
[2026-05-11T18:40:01.591+0000] {taskinstance.py:430} INFO - ::endgroup::
[2026-05-11T18:40:02.499+0000] {logging_mixin.py:188} INFO - [Load] 0 offres lues depuis MinIO gold
[2026-05-11T18:40:02.554+0000] {python.py:237} INFO - Done. Returned value was: {'charge': 0}
[2026-05-11T18:40:02.555+0000] {taskinstance.py:441} INFO - ::group::Post task execution logs
[2026-05-11T18:40:02.646+0000] {taskinstance.py:1206} INFO - Marking task as SUCCESS. dag_id=job_intelligent_pipeline_simplified, task_id=load_star_schema, run_id=manual__2026-05-11T18:37:34.790911+00:00, execution_date=20260511T183734, start_date=20260511T184000, end_date=20260511T184002
[2026-05-11T18:40:02.740+0000] {local_task_job_runner.py:240} INFO - Task exited with return code 0
[2026-05-11T18:40:02.927+0000] {taskinstance.py:3498} INFO - 0 downstream tasks scheduled from follow-on schedule check
[2026-05-11T18:40:02.931+0000] {local_task_job_runner.py:222} INFO - ::endgroup::
