[2026-04-26T22:23:27.204+0000] {local_task_job_runner.py:120} INFO - ::group::Pre task execution logs
[2026-04-26T22:23:27.332+0000] {taskinstance.py:2076} INFO - Dependencies all met for dep_context=non-requeueable deps ti=<TaskInstance: job_intelligent_pipeline.etl_kafka scheduled__2026-04-25T06:00:00+00:00 [queued]>
[2026-04-26T22:23:27.399+0000] {taskinstance.py:2076} INFO - Dependencies all met for dep_context=requeueable deps ti=<TaskInstance: job_intelligent_pipeline.etl_kafka scheduled__2026-04-25T06:00:00+00:00 [queued]>
[2026-04-26T22:23:27.406+0000] {taskinstance.py:2306} INFO - Starting attempt 3 of 3
[2026-04-26T22:23:27.576+0000] {taskinstance.py:2330} INFO - Executing <Task(PythonOperator): etl_kafka> on 2026-04-25 06:00:00+00:00
[2026-04-26T22:23:27.590+0000] {warnings.py:112} WARNING - /home/***/.local/lib/python3.12/site-packages/***/task/task_runner/standard_task_runner.py:61: DeprecationWarning: This process (pid=255) is multi-threaded, use of fork() may lead to deadlocks in the child.
  pid = os.fork()

[2026-04-26T22:23:27.595+0000] {standard_task_runner.py:63} INFO - Started process 256 to run task
[2026-04-26T22:23:27.592+0000] {standard_task_runner.py:90} INFO - Running: ['***', 'tasks', 'run', 'job_intelligent_pipeline', 'etl_kafka', 'scheduled__2026-04-25T06:00:00+00:00', '--job-id', '39', '--raw', '--subdir', 'DAGS_FOLDER/dag_job_intelligent.py', '--cfg-path', '/tmp/tmpfrzmijni']
[2026-04-26T22:23:27.600+0000] {standard_task_runner.py:91} INFO - Job 39: Subtask etl_kafka
[2026-04-26T22:23:28.123+0000] {task_command.py:426} INFO - Running <TaskInstance: job_intelligent_pipeline.etl_kafka scheduled__2026-04-25T06:00:00+00:00 [running]> on host 31133b84880c
[2026-04-26T22:23:28.960+0000] {taskinstance.py:2648} INFO - Exporting env vars: AIRFLOW_CTX_DAG_OWNER='job_intelligent' AIRFLOW_CTX_DAG_ID='job_intelligent_pipeline' AIRFLOW_CTX_TASK_ID='etl_kafka' AIRFLOW_CTX_EXECUTION_DATE='2026-04-25T06:00:00+00:00' AIRFLOW_CTX_TRY_NUMBER='3' AIRFLOW_CTX_DAG_RUN_ID='scheduled__2026-04-25T06:00:00+00:00'
[2026-04-26T22:23:28.962+0000] {taskinstance.py:430} INFO - ::endgroup::
[2026-04-26T22:23:29.050+0000] {taskinstance.py:441} INFO - ::group::Post task execution logs
[2026-04-26T22:23:29.067+0000] {taskinstance.py:2905} ERROR - Task failed with exception
Traceback (most recent call last):
  File "/home/airflow/.local/lib/python3.12/site-packages/airflow/models/taskinstance.py", line 460, in _execute_task
    result = _execute_callable(context=context, **execute_callable_kwargs)
             ^^^^^^^^^^^^^^^^^^^^^^^^^^^^^^^^^^^^^^^^^^^^^^^^^^^^^^^^^^^^^
  File "/home/airflow/.local/lib/python3.12/site-packages/airflow/models/taskinstance.py", line 432, in _execute_callable
    return execute_callable(context=context, **execute_callable_kwargs)
           ^^^^^^^^^^^^^^^^^^^^^^^^^^^^^^^^^^^^^^^^^^^^^^^^^^^^^^^^^^^^
  File "/home/airflow/.local/lib/python3.12/site-packages/airflow/models/baseoperator.py", line 401, in wrapper
    return func(self, *args, **kwargs)
           ^^^^^^^^^^^^^^^^^^^^^^^^^^^
  File "/home/airflow/.local/lib/python3.12/site-packages/airflow/operators/python.py", line 235, in execute
    return_value = self.execute_callable()
                   ^^^^^^^^^^^^^^^^^^^^^^^
  File "/home/airflow/.local/lib/python3.12/site-packages/airflow/operators/python.py", line 252, in execute_callable
    return self.python_callable(*self.op_args, **self.op_kwargs)
           ^^^^^^^^^^^^^^^^^^^^^^^^^^^^^^^^^^^^^^^^^^^^^^^^^^^^^
  File "/opt/airflow/dags/dag_job_intelligent.py", line 162, in task_etl_kafka
    from kafka import KafkaConsumer
ModuleNotFoundError: No module named 'kafka'
[2026-04-26T22:23:29.172+0000] {taskinstance.py:1206} INFO - Marking task as FAILED. dag_id=job_intelligent_pipeline, task_id=etl_kafka, run_id=scheduled__2026-04-25T06:00:00+00:00, execution_date=20260425T060000, start_date=20260426T222327, end_date=20260426T222329
[2026-04-26T22:23:29.253+0000] {standard_task_runner.py:110} ERROR - Failed to execute job 39 for task etl_kafka (No module named 'kafka'; 256)
[2026-04-26T22:23:29.340+0000] {local_task_job_runner.py:240} INFO - Task exited with return code 1
[2026-04-26T22:23:29.583+0000] {taskinstance.py:3503} INFO - 0 downstream tasks scheduled from follow-on schedule check
[2026-04-26T22:23:29.600+0000] {local_task_job_runner.py:222} INFO - ::endgroup::
