[2026-04-29T18:22:57.222+0000] {local_task_job_runner.py:120} INFO - ::group::Pre task execution logs
[2026-04-29T18:22:57.318+0000] {taskinstance.py:2076} INFO - Dependencies all met for dep_context=non-requeueable deps ti=<TaskInstance: job_intelligent_pipeline.scrape_france_travail scheduled__2026-04-28T06:00:00+00:00 [queued]>
[2026-04-29T18:22:57.343+0000] {taskinstance.py:2076} INFO - Dependencies all met for dep_context=requeueable deps ti=<TaskInstance: job_intelligent_pipeline.scrape_france_travail scheduled__2026-04-28T06:00:00+00:00 [queued]>
[2026-04-29T18:22:57.347+0000] {taskinstance.py:2306} INFO - Starting attempt 1 of 3
[2026-04-29T18:22:57.447+0000] {taskinstance.py:2330} INFO - Executing <Task(PythonOperator): scrape_france_travail> on 2026-04-28 06:00:00+00:00
[2026-04-29T18:22:57.462+0000] {warnings.py:112} WARNING - /home/***/.local/lib/python3.12/site-packages/***/task/task_runner/standard_task_runner.py:61: DeprecationWarning: This process (pid=63) is multi-threaded, use of fork() may lead to deadlocks in the child.
  pid = os.fork()

[2026-04-29T18:22:57.474+0000] {standard_task_runner.py:90} INFO - Running: ['***', 'tasks', 'run', 'job_intelligent_pipeline', 'scrape_france_travail', 'scheduled__2026-04-28T06:00:00+00:00', '--job-id', '130', '--raw', '--subdir', 'DAGS_FOLDER/dag_job_intelligent.py', '--cfg-path', '/tmp/tmpi2x640cg']
[2026-04-29T18:22:57.495+0000] {standard_task_runner.py:91} INFO - Job 130: Subtask scrape_france_travail
[2026-04-29T18:22:57.483+0000] {standard_task_runner.py:63} INFO - Started process 65 to run task
[2026-04-29T18:22:57.808+0000] {task_command.py:426} INFO - Running <TaskInstance: job_intelligent_pipeline.scrape_france_travail scheduled__2026-04-28T06:00:00+00:00 [running]> on host 00190f46936a
[2026-04-29T18:22:58.145+0000] {taskinstance.py:2648} INFO - Exporting env vars: AIRFLOW_CTX_DAG_OWNER='job_intelligent' AIRFLOW_CTX_DAG_ID='job_intelligent_pipeline' AIRFLOW_CTX_TASK_ID='scrape_france_travail' AIRFLOW_CTX_EXECUTION_DATE='2026-04-28T06:00:00+00:00' AIRFLOW_CTX_TRY_NUMBER='1' AIRFLOW_CTX_DAG_RUN_ID='scheduled__2026-04-28T06:00:00+00:00'
[2026-04-29T18:22:58.151+0000] {taskinstance.py:430} INFO - ::endgroup::
[2026-04-29T18:22:58.201+0000] {logging_mixin.py:188} INFO - [Scraping] POST http://scraper_api:8000/scraper/france_travail
[2026-04-29T18:23:01.513+0000] {logging_mixin.py:188} INFO - [Scraping] FranceTravail erreur : HTTPConnectionPool(host='scraper_api', port=8000): Max retries exceeded with url: /scraper/france_travail (Caused by NameResolutionError("<urllib3.connection.HTTPConnection object at 0x7f5d359d85c0>: Failed to resolve 'scraper_api' ([Errno -2] Name or service not known)"))
[2026-04-29T18:23:01.518+0000] {logging_mixin.py:188} INFO - [Scraping] FranceTravail : {'status': 'erreur', 'message': 'HTTPConnectionPool(host=\'scraper_api\', port=8000): Max retries exceeded with url: /scraper/france_travail (Caused by NameResolutionError("<urllib3.connection.HTTPConnection object at 0x7f5d359d85c0>: Failed to resolve \'scraper_api\' ([Errno -2] Name or service not known)"))'}
[2026-04-29T18:23:01.566+0000] {python.py:237} INFO - Done. Returned value was: {'status': 'erreur', 'message': 'HTTPConnectionPool(host=\'scraper_api\', port=8000): Max retries exceeded with url: /scraper/france_travail (Caused by NameResolutionError("<urllib3.connection.HTTPConnection object at 0x7f5d359d85c0>: Failed to resolve \'scraper_api\' ([Errno -2] Name or service not known)"))'}
[2026-04-29T18:23:01.567+0000] {taskinstance.py:441} INFO - ::group::Post task execution logs
[2026-04-29T18:23:01.620+0000] {taskinstance.py:1206} INFO - Marking task as SUCCESS. dag_id=job_intelligent_pipeline, task_id=scrape_france_travail, run_id=scheduled__2026-04-28T06:00:00+00:00, execution_date=20260428T060000, start_date=20260429T182257, end_date=20260429T182301
[2026-04-29T18:23:01.669+0000] {local_task_job_runner.py:240} INFO - Task exited with return code 0
[2026-04-29T18:23:01.744+0000] {taskinstance.py:3503} INFO - 1 downstream tasks scheduled from follow-on schedule check
[2026-04-29T18:23:01.747+0000] {local_task_job_runner.py:222} INFO - ::endgroup::
