[2026-04-27T00:00:56.649+0000] {local_task_job_runner.py:120} INFO - ::group::Pre task execution logs
[2026-04-27T00:00:56.768+0000] {taskinstance.py:2076} INFO - Dependencies all met for dep_context=non-requeueable deps ti=<TaskInstance: job_intelligent_pipeline.check_quality manual__2026-04-26T23:48:42.746969+00:00 [queued]>
[2026-04-27T00:00:56.799+0000] {taskinstance.py:2076} INFO - Dependencies all met for dep_context=requeueable deps ti=<TaskInstance: job_intelligent_pipeline.check_quality manual__2026-04-26T23:48:42.746969+00:00 [queued]>
[2026-04-27T00:00:56.800+0000] {taskinstance.py:2306} INFO - Starting attempt 1 of 3
[2026-04-27T00:00:56.852+0000] {taskinstance.py:2330} INFO - Executing <Task(PythonOperator): check_quality> on 2026-04-26 23:48:42.746969+00:00
[2026-04-27T00:00:56.872+0000] {warnings.py:112} WARNING - /home/***/.local/lib/python3.12/site-packages/***/task/task_runner/standard_task_runner.py:61: DeprecationWarning: This process (pid=1828) is multi-threaded, use of fork() may lead to deadlocks in the child.
  pid = os.fork()

[2026-04-27T00:00:56.876+0000] {standard_task_runner.py:90} INFO - Running: ['***', 'tasks', 'run', 'job_intelligent_pipeline', 'check_quality', 'manual__2026-04-26T23:48:42.746969+00:00', '--job-id', '57', '--raw', '--subdir', 'DAGS_FOLDER/dag_job_intelligent.py', '--cfg-path', '/tmp/tmph9htazd5']
[2026-04-27T00:00:56.882+0000] {standard_task_runner.py:91} INFO - Job 57: Subtask check_quality
[2026-04-27T00:00:56.880+0000] {standard_task_runner.py:63} INFO - Started process 1829 to run task
[2026-04-27T00:00:57.372+0000] {task_command.py:426} INFO - Running <TaskInstance: job_intelligent_pipeline.check_quality manual__2026-04-26T23:48:42.746969+00:00 [running]> on host 31133b84880c
[2026-04-27T00:00:58.277+0000] {taskinstance.py:2648} INFO - Exporting env vars: AIRFLOW_CTX_DAG_OWNER='job_intelligent' AIRFLOW_CTX_DAG_ID='job_intelligent_pipeline' AIRFLOW_CTX_TASK_ID='check_quality' AIRFLOW_CTX_EXECUTION_DATE='2026-04-26T23:48:42.746969+00:00' AIRFLOW_CTX_TRY_NUMBER='1' AIRFLOW_CTX_DAG_RUN_ID='manual__2026-04-26T23:48:42.746969+00:00'
[2026-04-27T00:00:58.281+0000] {taskinstance.py:430} INFO - ::endgroup::
[2026-04-27T00:00:58.866+0000] {logging_mixin.py:188} INFO - =======================================================
[2026-04-27T00:00:58.882+0000] {logging_mixin.py:188} INFO -   RAPPORT PIPELINE JOB INTELLIGENT
[2026-04-27T00:00:58.884+0000] {logging_mixin.py:188} INFO - =======================================================
[2026-04-27T00:00:58.895+0000] {logging_mixin.py:188} INFO -   Rekrute        : {'status': 'erreur', 'message': 'HTTPConnectionPool(host=\'scraper_api\', port=8000): Max retries exceeded with url: /scrape/rekrute (Caused by NameResolutionError("<urllib3.connection.HTTPConnection object at 0x7ffbcf92b0e0>: Failed to resolve \'scraper_api\' ([Errno -2] Name or service not known)"))'}
[2026-04-27T00:00:58.896+0000] {logging_mixin.py:188} INFO -   France Travail : {'status': 'erreur', 'message': 'HTTPConnectionPool(host=\'scraper_api\', port=8000): Max retries exceeded with url: /scrape/france_travail (Caused by NameResolutionError("<urllib3.connection.HTTPConnection object at 0x7ffbcfa42630>: Failed to resolve \'scraper_api\' ([Errno -2] Name or service not known)"))'}
[2026-04-27T00:00:58.905+0000] {logging_mixin.py:188} INFO -   Adzuna         : {'status': 'erreur', 'message': 'HTTPConnectionPool(host=\'scraper_api\', port=8000): Max retries exceeded with url: /scrape/adzuna (Caused by NameResolutionError("<urllib3.connection.HTTPConnection object at 0x7ffbcf79b020>: Failed to resolve \'scraper_api\' ([Errno -2] Name or service not known)"))'}
[2026-04-27T00:00:58.906+0000] {logging_mixin.py:188} INFO -   Kafka lus      : 0
[2026-04-27T00:00:58.907+0000] {logging_mixin.py:188} INFO -   ETL transformes: 0
[2026-04-27T00:00:58.908+0000] {logging_mixin.py:188} INFO -   MySQL charges  : 0
[2026-04-27T00:00:58.909+0000] {logging_mixin.py:188} INFO -   Doublons       : 0
[2026-04-27T00:00:58.910+0000] {logging_mixin.py:188} INFO -   Erreurs        : 0
[2026-04-27T00:00:58.911+0000] {logging_mixin.py:188} INFO - =======================================================
[2026-04-27T00:00:58.912+0000] {logging_mixin.py:188} INFO - [Qualite] Verification OK
[2026-04-27T00:00:58.915+0000] {python.py:237} INFO - Done. Returned value was: {'kafka_lus': 0, 'etl_transformes': 0, 'mysql_charges': 0, 'doublons': 0, 'erreurs': 0}
[2026-04-27T00:00:58.924+0000] {taskinstance.py:441} INFO - ::group::Post task execution logs
[2026-04-27T00:00:59.048+0000] {taskinstance.py:1206} INFO - Marking task as SUCCESS. dag_id=job_intelligent_pipeline, task_id=check_quality, run_id=manual__2026-04-26T23:48:42.746969+00:00, execution_date=20260426T234842, start_date=20260427T000056, end_date=20260427T000059
[2026-04-27T00:00:59.117+0000] {local_task_job_runner.py:240} INFO - Task exited with return code 0
[2026-04-27T00:00:59.242+0000] {taskinstance.py:3503} INFO - 0 downstream tasks scheduled from follow-on schedule check
[2026-04-27T00:00:59.250+0000] {local_task_job_runner.py:222} INFO - ::endgroup::
