[2026-05-11T20:28:37.080+0000] {local_task_job_runner.py:120} INFO - ::group::Pre task execution logs
[2026-05-11T20:28:37.147+0000] {taskinstance.py:2076} INFO - Dependencies all met for dep_context=non-requeueable deps ti=<TaskInstance: job_intelligent_pipeline_simplified.check_quality manual__2026-05-11T20:25:15.071212+00:00 [queued]>
[2026-05-11T20:28:37.175+0000] {taskinstance.py:2076} INFO - Dependencies all met for dep_context=requeueable deps ti=<TaskInstance: job_intelligent_pipeline_simplified.check_quality manual__2026-05-11T20:25:15.071212+00:00 [queued]>
[2026-05-11T20:28:37.176+0000] {taskinstance.py:2306} INFO - Starting attempt 1 of 3
[2026-05-11T20:28:37.305+0000] {taskinstance.py:2330} INFO - Executing <Task(PythonOperator): check_quality> on 2026-05-11 20:25:15.071212+00:00
[2026-05-11T20:28:37.316+0000] {warnings.py:110} WARNING - /home/***/.local/lib/python3.12/site-packages/***/task/task_runner/standard_task_runner.py:61: DeprecationWarning: This process (pid=156) is multi-threaded, use of fork() may lead to deadlocks in the child.
  pid = os.fork()

[2026-05-11T20:28:37.332+0000] {standard_task_runner.py:63} INFO - Started process 157 to run task
[2026-05-11T20:28:37.330+0000] {standard_task_runner.py:90} INFO - Running: ['***', 'tasks', 'run', 'job_intelligent_pipeline_simplified', 'check_quality', 'manual__2026-05-11T20:25:15.071212+00:00', '--job-id', '16', '--raw', '--subdir', 'DAGS_FOLDER/__pycache__/job_intelligent_pipeline.py', '--cfg-path', '/tmp/tmp2mywmhkb']
[2026-05-11T20:28:37.335+0000] {standard_task_runner.py:91} INFO - Job 16: Subtask check_quality
[2026-05-11T20:28:37.544+0000] {task_command.py:426} INFO - Running <TaskInstance: job_intelligent_pipeline_simplified.check_quality manual__2026-05-11T20:25:15.071212+00:00 [running]> on host aafb6b060567
[2026-05-11T20:28:37.819+0000] {taskinstance.py:2648} INFO - Exporting env vars: AIRFLOW_CTX_DAG_OWNER='job_intelligent' AIRFLOW_CTX_DAG_ID='job_intelligent_pipeline_simplified' AIRFLOW_CTX_TASK_ID='check_quality' AIRFLOW_CTX_EXECUTION_DATE='2026-05-11T20:25:15.071212+00:00' AIRFLOW_CTX_TRY_NUMBER='1' AIRFLOW_CTX_DAG_RUN_ID='manual__2026-05-11T20:25:15.071212+00:00'
[2026-05-11T20:28:37.821+0000] {taskinstance.py:430} INFO - ::endgroup::
[2026-05-11T20:28:37.989+0000] {logging_mixin.py:188} INFO - =======================================================
[2026-05-11T20:28:37.990+0000] {logging_mixin.py:188} INFO -   RAPPORT PIPELINE JOB INTELLIGENT
[2026-05-11T20:28:37.990+0000] {logging_mixin.py:188} INFO - =======================================================
[2026-05-11T20:28:38.019+0000] {logging_mixin.py:188} INFO -   Rekrute        : {'status': 'erreur', 'message': "HTTPConnectionPool(host='scraper-api', port=8000): Read timed out. (read timeout=30)"}
[2026-05-11T20:28:38.051+0000] {logging_mixin.py:188} INFO -   France Travail : {'status': 'success', 'data': {'scraped': 0, 'message': 'Aucune offre trouvee sur France Travail'}}
[2026-05-11T20:28:38.081+0000] {logging_mixin.py:188} INFO -   Adzuna         : {'status': 'success', 'data': {'scraped': 0}}
[2026-05-11T20:28:38.082+0000] {logging_mixin.py:188} INFO -   Offres brutes lues depuis MinIO : 995
[2026-05-11T20:28:38.082+0000] {logging_mixin.py:188} INFO -   ETL transformés : 988
[2026-05-11T20:28:38.085+0000] {logging_mixin.py:188} INFO -   MySQL chargées  : 0
[2026-05-11T20:28:38.086+0000] {logging_mixin.py:188} INFO -   Doublons        : 0
[2026-05-11T20:28:38.088+0000] {logging_mixin.py:188} INFO -   Erreurs         : 0
[2026-05-11T20:28:38.089+0000] {logging_mixin.py:188} INFO - =======================================================
[2026-05-11T20:28:38.090+0000] {python.py:237} INFO - Done. Returned value was: {'status': 'success'}
[2026-05-11T20:28:38.091+0000] {taskinstance.py:441} INFO - ::group::Post task execution logs
[2026-05-11T20:28:38.214+0000] {taskinstance.py:1206} INFO - Marking task as SUCCESS. dag_id=job_intelligent_pipeline_simplified, task_id=check_quality, run_id=manual__2026-05-11T20:25:15.071212+00:00, execution_date=20260511T202515, start_date=20260511T202837, end_date=20260511T202838
[2026-05-11T20:28:38.290+0000] {local_task_job_runner.py:240} INFO - Task exited with return code 0
[2026-05-11T20:28:38.349+0000] {taskinstance.py:3498} INFO - 0 downstream tasks scheduled from follow-on schedule check
[2026-05-11T20:28:38.355+0000] {local_task_job_runner.py:222} INFO - ::endgroup::
