[2026-05-11T18:37:44.481+0000] {local_task_job_runner.py:120} INFO - ::group::Pre task execution logs
[2026-05-11T18:37:44.730+0000] {taskinstance.py:2076} INFO - Dependencies all met for dep_context=non-requeueable deps ti=<TaskInstance: job_intelligent_pipeline_simplified.scrape_rekrute manual__2026-05-11T18:37:34.790911+00:00 [queued]>
[2026-05-11T18:37:44.822+0000] {taskinstance.py:2076} INFO - Dependencies all met for dep_context=requeueable deps ti=<TaskInstance: job_intelligent_pipeline_simplified.scrape_rekrute manual__2026-05-11T18:37:34.790911+00:00 [queued]>
[2026-05-11T18:37:44.823+0000] {taskinstance.py:2306} INFO - Starting attempt 1 of 3
[2026-05-11T18:37:44.961+0000] {taskinstance.py:2330} INFO - Executing <Task(PythonOperator): scrape_rekrute> on 2026-05-11 18:37:34.790911+00:00
[2026-05-11T18:37:45.071+0000] {standard_task_runner.py:90} INFO - Running: ['***', 'tasks', 'run', 'job_intelligent_pipeline_simplified', 'scrape_rekrute', 'manual__2026-05-11T18:37:34.790911+00:00', '--job-id', '71', '--raw', '--subdir', 'DAGS_FOLDER/__pycache__/job_intelligent_pipeline.py', '--cfg-path', '/tmp/tmpvicsg20u']
[2026-05-11T18:37:45.076+0000] {standard_task_runner.py:91} INFO - Job 71: Subtask scrape_rekrute
[2026-05-11T18:37:45.078+0000] {warnings.py:110} WARNING - /home/***/.local/lib/python3.12/site-packages/***/task/task_runner/standard_task_runner.py:61: DeprecationWarning: This process (pid=438) is multi-threaded, use of fork() may lead to deadlocks in the child.
  pid = os.fork()

[2026-05-11T18:37:45.114+0000] {standard_task_runner.py:63} INFO - Started process 440 to run task
[2026-05-11T18:37:45.498+0000] {task_command.py:426} INFO - Running <TaskInstance: job_intelligent_pipeline_simplified.scrape_rekrute manual__2026-05-11T18:37:34.790911+00:00 [running]> on host 3d6dc2445e84
[2026-05-11T18:37:46.611+0000] {taskinstance.py:2648} INFO - Exporting env vars: AIRFLOW_CTX_DAG_OWNER='job_intelligent' AIRFLOW_CTX_DAG_ID='job_intelligent_pipeline_simplified' AIRFLOW_CTX_TASK_ID='scrape_rekrute' AIRFLOW_CTX_EXECUTION_DATE='2026-05-11T18:37:34.790911+00:00' AIRFLOW_CTX_TRY_NUMBER='1' AIRFLOW_CTX_DAG_RUN_ID='manual__2026-05-11T18:37:34.790911+00:00'
[2026-05-11T18:37:46.617+0000] {taskinstance.py:430} INFO - ::endgroup::
[2026-05-11T18:37:46.689+0000] {logging_mixin.py:188} INFO - [Scraping] POST http://scraper-api:8000/scrape/rekrute
[2026-05-11T18:38:16.835+0000] {logging_mixin.py:188} INFO - [Scraping] Rekrute erreur : HTTPConnectionPool(host='scraper-api', port=8000): Read timed out. (read timeout=30)
[2026-05-11T18:38:16.839+0000] {logging_mixin.py:188} INFO - [Scraping] Rekrute : {'status': 'erreur', 'message': "HTTPConnectionPool(host='scraper-api', port=8000): Read timed out. (read timeout=30)"}
[2026-05-11T18:38:17.100+0000] {python.py:237} INFO - Done. Returned value was: {'status': 'erreur', 'message': "HTTPConnectionPool(host='scraper-api', port=8000): Read timed out. (read timeout=30)"}
[2026-05-11T18:38:17.107+0000] {taskinstance.py:441} INFO - ::group::Post task execution logs
[2026-05-11T18:38:17.530+0000] {taskinstance.py:1206} INFO - Marking task as SUCCESS. dag_id=job_intelligent_pipeline_simplified, task_id=scrape_rekrute, run_id=manual__2026-05-11T18:37:34.790911+00:00, execution_date=20260511T183734, start_date=20260511T183744, end_date=20260511T183817
[2026-05-11T18:38:17.818+0000] {local_task_job_runner.py:240} INFO - Task exited with return code 0
[2026-05-11T18:38:18.009+0000] {taskinstance.py:3498} INFO - 0 downstream tasks scheduled from follow-on schedule check
[2026-05-11T18:38:18.037+0000] {local_task_job_runner.py:222} INFO - ::endgroup::
