[2026-05-17T14:35:54.633+0000] {local_task_job_runner.py:120} INFO - ::group::Pre task execution logs
[2026-05-17T14:35:54.851+0000] {taskinstance.py:2076} INFO - Dependencies all met for dep_context=non-requeueable deps ti=<TaskInstance: send_job_notifications.send_emails manual__2026-05-17T14:35:49.561240+00:00 [queued]>
[2026-05-17T14:35:54.942+0000] {taskinstance.py:2076} INFO - Dependencies all met for dep_context=requeueable deps ti=<TaskInstance: send_job_notifications.send_emails manual__2026-05-17T14:35:49.561240+00:00 [queued]>
[2026-05-17T14:35:54.949+0000] {taskinstance.py:2306} INFO - Starting attempt 1 of 2
[2026-05-17T14:35:55.047+0000] {taskinstance.py:2330} INFO - Executing <Task(BashOperator): send_emails> on 2026-05-17 14:35:49.561240+00:00
[2026-05-17T14:35:55.075+0000] {warnings.py:110} WARNING - /home/***/.local/lib/python3.12/site-packages/***/task/task_runner/standard_task_runner.py:61: DeprecationWarning: This process (pid=408) is multi-threaded, use of fork() may lead to deadlocks in the child.
  pid = os.fork()

[2026-05-17T14:35:55.094+0000] {standard_task_runner.py:63} INFO - Started process 409 to run task
[2026-05-17T14:35:55.100+0000] {standard_task_runner.py:90} INFO - Running: ['***', 'tasks', 'run', 'send_job_notifications', 'send_emails', 'manual__2026-05-17T14:35:49.561240+00:00', '--job-id', '44', '--raw', '--subdir', 'DAGS_FOLDER/send_job_notifications.py', '--cfg-path', '/tmp/tmp_bkzj3g2']
[2026-05-17T14:35:55.116+0000] {standard_task_runner.py:91} INFO - Job 44: Subtask send_emails
[2026-05-17T14:35:55.416+0000] {task_command.py:426} INFO - Running <TaskInstance: send_job_notifications.send_emails manual__2026-05-17T14:35:49.561240+00:00 [running]> on host ad622d0a1964
[2026-05-17T14:35:56.182+0000] {taskinstance.py:2648} INFO - Exporting env vars: AIRFLOW_CTX_DAG_OWNER='***' AIRFLOW_CTX_DAG_ID='send_job_notifications' AIRFLOW_CTX_TASK_ID='send_emails' AIRFLOW_CTX_EXECUTION_DATE='2026-05-17T14:35:49.561240+00:00' AIRFLOW_CTX_TRY_NUMBER='1' AIRFLOW_CTX_DAG_RUN_ID='manual__2026-05-17T14:35:49.561240+00:00'
[2026-05-17T14:35:56.191+0000] {taskinstance.py:430} INFO - ::endgroup::
[2026-05-17T14:35:56.292+0000] {subprocess.py:63} INFO - Tmp dir root location: /tmp
[2026-05-17T14:35:56.294+0000] {subprocess.py:75} INFO - Running command: ['/usr/bin/bash', '-c', 'python /opt/***/scripts/send_notifications.py']
[2026-05-17T14:35:56.311+0000] {subprocess.py:86} INFO - Output:
[2026-05-17T14:36:01.031+0000] {subprocess.py:97} INFO - Command exited with return code 0
[2026-05-17T14:36:01.033+0000] {taskinstance.py:441} INFO - ::group::Post task execution logs
[2026-05-17T14:36:01.138+0000] {taskinstance.py:1206} INFO - Marking task as SUCCESS. dag_id=send_job_notifications, task_id=send_emails, run_id=manual__2026-05-17T14:35:49.561240+00:00, execution_date=20260517T143549, start_date=20260517T143554, end_date=20260517T143601
[2026-05-17T14:36:01.403+0000] {local_task_job_runner.py:240} INFO - Task exited with return code 0
[2026-05-17T14:36:01.579+0000] {taskinstance.py:3498} INFO - 0 downstream tasks scheduled from follow-on schedule check
[2026-05-17T14:36:01.619+0000] {local_task_job_runner.py:222} INFO - ::endgroup::
