[2026-05-08T17:47:19.816+0000] {local_task_job_runner.py:120} INFO - ::group::Pre task execution logs
[2026-05-08T17:47:20.041+0000] {taskinstance.py:2076} INFO - Dependencies all met for dep_context=non-requeueable deps ti=<TaskInstance: job_intelligent_pipeline.scrape_rekrute manual__2026-05-08T17:47:16.019511+00:00 [queued]>
[2026-05-08T17:47:20.130+0000] {taskinstance.py:2076} INFO - Dependencies all met for dep_context=requeueable deps ti=<TaskInstance: job_intelligent_pipeline.scrape_rekrute manual__2026-05-08T17:47:16.019511+00:00 [queued]>
[2026-05-08T17:47:20.140+0000] {taskinstance.py:2306} INFO - Starting attempt 1 of 3
[2026-05-08T17:47:20.310+0000] {taskinstance.py:2330} INFO - Executing <Task(PythonOperator): scrape_rekrute> on 2026-05-08 17:47:16.019511+00:00
[2026-05-08T17:47:20.335+0000] {warnings.py:112} WARNING - /home/***/.local/lib/python3.12/site-packages/***/task/task_runner/standard_task_runner.py:61: DeprecationWarning: This process (pid=943) is multi-threaded, use of fork() may lead to deadlocks in the child.
  pid = os.fork()

[2026-05-08T17:47:20.351+0000] {standard_task_runner.py:63} INFO - Started process 947 to run task
[2026-05-08T17:47:20.355+0000] {standard_task_runner.py:90} INFO - Running: ['***', 'tasks', 'run', 'job_intelligent_pipeline', 'scrape_rekrute', 'manual__2026-05-08T17:47:16.019511+00:00', '--job-id', '418', '--raw', '--subdir', 'DAGS_FOLDER/dag_job_intelligent .py', '--cfg-path', '/tmp/tmpua059cu5']
[2026-05-08T17:47:20.374+0000] {standard_task_runner.py:91} INFO - Job 418: Subtask scrape_rekrute
[2026-05-08T17:47:20.608+0000] {task_command.py:426} INFO - Running <TaskInstance: job_intelligent_pipeline.scrape_rekrute manual__2026-05-08T17:47:16.019511+00:00 [running]> on host 82bd505ce5dd
[2026-05-08T17:47:21.625+0000] {taskinstance.py:2648} INFO - Exporting env vars: AIRFLOW_CTX_DAG_OWNER='job_intelligent' AIRFLOW_CTX_DAG_ID='job_intelligent_pipeline' AIRFLOW_CTX_TASK_ID='scrape_rekrute' AIRFLOW_CTX_EXECUTION_DATE='2026-05-08T17:47:16.019511+00:00' AIRFLOW_CTX_TRY_NUMBER='1' AIRFLOW_CTX_DAG_RUN_ID='manual__2026-05-08T17:47:16.019511+00:00'
[2026-05-08T17:47:21.630+0000] {taskinstance.py:430} INFO - ::endgroup::
[2026-05-08T17:47:21.777+0000] {logging_mixin.py:188} INFO - [Scraping] POST http://scraper_api:8000/scrape/rekrute
[2026-05-08T17:47:25.207+0000] {logging_mixin.py:188} INFO - [Scraping] Rekrute erreur : HTTPConnectionPool(host='scraper_api', port=8000): Max retries exceeded with url: /scrape/rekrute (Caused by NameResolutionError("<urllib3.connection.HTTPConnection object at 0x7fba05d94aa0>: Failed to resolve 'scraper_api' ([Errno -2] Name or service not known)"))
[2026-05-08T17:47:25.211+0000] {logging_mixin.py:188} INFO - [Scraping] Rekrute : {'status': 'erreur', 'message': 'HTTPConnectionPool(host=\'scraper_api\', port=8000): Max retries exceeded with url: /scrape/rekrute (Caused by NameResolutionError("<urllib3.connection.HTTPConnection object at 0x7fba05d94aa0>: Failed to resolve \'scraper_api\' ([Errno -2] Name or service not known)"))'}
[2026-05-08T17:47:25.457+0000] {python.py:237} INFO - Done. Returned value was: {'status': 'erreur', 'message': 'HTTPConnectionPool(host=\'scraper_api\', port=8000): Max retries exceeded with url: /scrape/rekrute (Caused by NameResolutionError("<urllib3.connection.HTTPConnection object at 0x7fba05d94aa0>: Failed to resolve \'scraper_api\' ([Errno -2] Name or service not known)"))'}
[2026-05-08T17:47:25.463+0000] {taskinstance.py:441} INFO - ::group::Post task execution logs
[2026-05-08T17:47:25.791+0000] {taskinstance.py:1206} INFO - Marking task as SUCCESS. dag_id=job_intelligent_pipeline, task_id=scrape_rekrute, run_id=manual__2026-05-08T17:47:16.019511+00:00, execution_date=20260508T174716, start_date=20260508T174720, end_date=20260508T174725
[2026-05-08T17:47:25.928+0000] {local_task_job_runner.py:240} INFO - Task exited with return code 0
[2026-05-08T17:47:26.002+0000] {local_task_job_runner.py:222} INFO - ::endgroup::
