[2026-04-29T18:22:57.164+0000] {local_task_job_runner.py:120} INFO - ::group::Pre task execution logs
[2026-04-29T18:22:57.284+0000] {taskinstance.py:2076} INFO - Dependencies all met for dep_context=non-requeueable deps ti=<TaskInstance: job_intelligent_pipeline.scrape_adzuna scheduled__2026-04-28T06:00:00+00:00 [queued]>
[2026-04-29T18:22:57.314+0000] {taskinstance.py:2076} INFO - Dependencies all met for dep_context=requeueable deps ti=<TaskInstance: job_intelligent_pipeline.scrape_adzuna scheduled__2026-04-28T06:00:00+00:00 [queued]>
[2026-04-29T18:22:57.316+0000] {taskinstance.py:2306} INFO - Starting attempt 1 of 3
[2026-04-29T18:22:57.385+0000] {taskinstance.py:2330} INFO - Executing <Task(PythonOperator): scrape_adzuna> on 2026-04-28 06:00:00+00:00
[2026-04-29T18:22:57.399+0000] {warnings.py:112} WARNING - /home/***/.local/lib/python3.12/site-packages/***/task/task_runner/standard_task_runner.py:61: DeprecationWarning: This process (pid=60) is multi-threaded, use of fork() may lead to deadlocks in the child.
  pid = os.fork()

[2026-04-29T18:22:57.405+0000] {standard_task_runner.py:63} INFO - Started process 64 to run task
[2026-04-29T18:22:57.424+0000] {standard_task_runner.py:90} INFO - Running: ['***', 'tasks', 'run', 'job_intelligent_pipeline', 'scrape_adzuna', 'scheduled__2026-04-28T06:00:00+00:00', '--job-id', '129', '--raw', '--subdir', 'DAGS_FOLDER/dag_job_intelligent.py', '--cfg-path', '/tmp/tmp0hb5iz0b']
[2026-04-29T18:22:57.435+0000] {standard_task_runner.py:91} INFO - Job 129: Subtask scrape_adzuna
[2026-04-29T18:22:57.727+0000] {task_command.py:426} INFO - Running <TaskInstance: job_intelligent_pipeline.scrape_adzuna scheduled__2026-04-28T06:00:00+00:00 [running]> on host 00190f46936a
[2026-04-29T18:22:58.119+0000] {taskinstance.py:2648} INFO - Exporting env vars: AIRFLOW_CTX_DAG_OWNER='job_intelligent' AIRFLOW_CTX_DAG_ID='job_intelligent_pipeline' AIRFLOW_CTX_TASK_ID='scrape_adzuna' AIRFLOW_CTX_EXECUTION_DATE='2026-04-28T06:00:00+00:00' AIRFLOW_CTX_TRY_NUMBER='1' AIRFLOW_CTX_DAG_RUN_ID='scheduled__2026-04-28T06:00:00+00:00'
[2026-04-29T18:22:58.122+0000] {taskinstance.py:430} INFO - ::endgroup::
[2026-04-29T18:22:58.201+0000] {logging_mixin.py:188} INFO - [Scraping] POST http://scraper_api:8000/scraper/adzuna
[2026-04-29T18:23:01.528+0000] {logging_mixin.py:188} INFO - [Scraping] Adzuna erreur : HTTPConnectionPool(host='scraper_api', port=8000): Max retries exceeded with url: /scraper/adzuna (Caused by NameResolutionError("<urllib3.connection.HTTPConnection object at 0x7f5d3573f260>: Failed to resolve 'scraper_api' ([Errno -2] Name or service not known)"))
[2026-04-29T18:23:01.530+0000] {logging_mixin.py:188} INFO - [Scraping] Adzuna : {'status': 'erreur', 'message': 'HTTPConnectionPool(host=\'scraper_api\', port=8000): Max retries exceeded with url: /scraper/adzuna (Caused by NameResolutionError("<urllib3.connection.HTTPConnection object at 0x7f5d3573f260>: Failed to resolve \'scraper_api\' ([Errno -2] Name or service not known)"))'}
[2026-04-29T18:23:01.570+0000] {python.py:237} INFO - Done. Returned value was: {'status': 'erreur', 'message': 'HTTPConnectionPool(host=\'scraper_api\', port=8000): Max retries exceeded with url: /scraper/adzuna (Caused by NameResolutionError("<urllib3.connection.HTTPConnection object at 0x7f5d3573f260>: Failed to resolve \'scraper_api\' ([Errno -2] Name or service not known)"))'}
[2026-04-29T18:23:01.571+0000] {taskinstance.py:441} INFO - ::group::Post task execution logs
[2026-04-29T18:23:01.618+0000] {taskinstance.py:1206} INFO - Marking task as SUCCESS. dag_id=job_intelligent_pipeline, task_id=scrape_adzuna, run_id=scheduled__2026-04-28T06:00:00+00:00, execution_date=20260428T060000, start_date=20260429T182257, end_date=20260429T182301
[2026-04-29T18:23:01.681+0000] {local_task_job_runner.py:240} INFO - Task exited with return code 0
[2026-04-29T18:23:01.714+0000] {local_task_job_runner.py:222} INFO - ::endgroup::
