[2026-04-26T22:23:46.173+0000] {local_task_job_runner.py:120} INFO - ::group::Pre task execution logs
[2026-04-26T22:23:46.538+0000] {taskinstance.py:2076} INFO - Dependencies all met for dep_context=non-requeueable deps ti=<TaskInstance: job_intelligent_pipeline.scrape_rekrute manual__2026-04-26T22:11:54.784706+00:00 [queued]>
[2026-04-26T22:23:46.636+0000] {taskinstance.py:2076} INFO - Dependencies all met for dep_context=requeueable deps ti=<TaskInstance: job_intelligent_pipeline.scrape_rekrute manual__2026-04-26T22:11:54.784706+00:00 [queued]>
[2026-04-26T22:23:46.689+0000] {taskinstance.py:2306} INFO - Starting attempt 1 of 3
[2026-04-26T22:23:47.090+0000] {taskinstance.py:2330} INFO - Executing <Task(PythonOperator): scrape_rekrute> on 2026-04-26 22:11:54.784706+00:00
[2026-04-26T22:23:47.195+0000] {warnings.py:112} WARNING - /home/***/.local/lib/python3.12/site-packages/***/task/task_runner/standard_task_runner.py:61: DeprecationWarning: This process (pid=259) is multi-threaded, use of fork() may lead to deadlocks in the child.
  pid = os.fork()

[2026-04-26T22:23:47.214+0000] {standard_task_runner.py:63} INFO - Started process 270 to run task
[2026-04-26T22:23:47.217+0000] {standard_task_runner.py:90} INFO - Running: ['***', 'tasks', 'run', 'job_intelligent_pipeline', 'scrape_rekrute', 'manual__2026-04-26T22:11:54.784706+00:00', '--job-id', '42', '--raw', '--subdir', 'DAGS_FOLDER/dag_job_intelligent.py', '--cfg-path', '/tmp/tmpps7zx68f']
[2026-04-26T22:23:47.235+0000] {standard_task_runner.py:91} INFO - Job 42: Subtask scrape_rekrute
[2026-04-26T22:23:47.778+0000] {task_command.py:426} INFO - Running <TaskInstance: job_intelligent_pipeline.scrape_rekrute manual__2026-04-26T22:11:54.784706+00:00 [running]> on host 31133b84880c
[2026-04-26T22:23:49.381+0000] {taskinstance.py:2648} INFO - Exporting env vars: AIRFLOW_CTX_DAG_OWNER='job_intelligent' AIRFLOW_CTX_DAG_ID='job_intelligent_pipeline' AIRFLOW_CTX_TASK_ID='scrape_rekrute' AIRFLOW_CTX_EXECUTION_DATE='2026-04-26T22:11:54.784706+00:00' AIRFLOW_CTX_TRY_NUMBER='1' AIRFLOW_CTX_DAG_RUN_ID='manual__2026-04-26T22:11:54.784706+00:00'
[2026-04-26T22:23:49.487+0000] {taskinstance.py:430} INFO - ::endgroup::
[2026-04-26T22:23:49.614+0000] {logging_mixin.py:188} INFO - [Scraping] POST http://scraper_api:8000/scrape/rekrute
[2026-04-26T22:23:53.674+0000] {logging_mixin.py:188} INFO - [Scraping] Rekrute erreur : HTTPConnectionPool(host='scraper_api', port=8000): Max retries exceeded with url: /scrape/rekrute (Caused by NameResolutionError("<urllib3.connection.HTTPConnection object at 0x7ffbcf7a5850>: Failed to resolve 'scraper_api' ([Errno -5] No address associated with hostname)"))
[2026-04-26T22:23:53.686+0000] {logging_mixin.py:188} INFO - [Scraping] Rekrute : {'status': 'erreur', 'message': 'HTTPConnectionPool(host=\'scraper_api\', port=8000): Max retries exceeded with url: /scrape/rekrute (Caused by NameResolutionError("<urllib3.connection.HTTPConnection object at 0x7ffbcf7a5850>: Failed to resolve \'scraper_api\' ([Errno -5] No address associated with hostname)"))'}
[2026-04-26T22:23:54.094+0000] {python.py:237} INFO - Done. Returned value was: {'status': 'erreur', 'message': 'HTTPConnectionPool(host=\'scraper_api\', port=8000): Max retries exceeded with url: /scrape/rekrute (Caused by NameResolutionError("<urllib3.connection.HTTPConnection object at 0x7ffbcf7a5850>: Failed to resolve \'scraper_api\' ([Errno -5] No address associated with hostname)"))'}
[2026-04-26T22:23:54.134+0000] {taskinstance.py:441} INFO - ::group::Post task execution logs
[2026-04-26T22:23:54.541+0000] {taskinstance.py:1206} INFO - Marking task as SUCCESS. dag_id=job_intelligent_pipeline, task_id=scrape_rekrute, run_id=manual__2026-04-26T22:11:54.784706+00:00, execution_date=20260426T221154, start_date=20260426T222346, end_date=20260426T222354
[2026-04-26T22:23:54.792+0000] {local_task_job_runner.py:240} INFO - Task exited with return code 0
[2026-04-26T22:23:55.380+0000] {taskinstance.py:3503} INFO - 0 downstream tasks scheduled from follow-on schedule check
[2026-04-26T22:23:55.465+0000] {local_task_job_runner.py:222} INFO - ::endgroup::
