[2026-05-09T01:27:34.798+0000] {local_task_job_runner.py:120} INFO - ::group::Pre task execution logs
[2026-05-09T01:27:35.099+0000] {taskinstance.py:2076} INFO - Dependencies all met for dep_context=non-requeueable deps ti=<TaskInstance: job_intelligent_pipeline.scrape_adzuna manual__2026-05-09T01:22:12.144871+00:00 [queued]>
[2026-05-09T01:27:35.141+0000] {taskinstance.py:2076} INFO - Dependencies all met for dep_context=requeueable deps ti=<TaskInstance: job_intelligent_pipeline.scrape_adzuna manual__2026-05-09T01:22:12.144871+00:00 [queued]>
[2026-05-09T01:27:35.147+0000] {taskinstance.py:2306} INFO - Starting attempt 2 of 3
[2026-05-09T01:27:35.238+0000] {taskinstance.py:2330} INFO - Executing <Task(PythonOperator): scrape_adzuna> on 2026-05-09 01:22:12.144871+00:00
[2026-05-09T01:27:35.248+0000] {warnings.py:112} WARNING - /home/***/.local/lib/python3.12/site-packages/***/task/task_runner/standard_task_runner.py:61: DeprecationWarning: This process (pid=196) is multi-threaded, use of fork() may lead to deadlocks in the child.
  pid = os.fork()

[2026-05-09T01:27:35.267+0000] {standard_task_runner.py:63} INFO - Started process 199 to run task
[2026-05-09T01:27:35.271+0000] {standard_task_runner.py:90} INFO - Running: ['***', 'tasks', 'run', 'job_intelligent_pipeline', 'scrape_adzuna', 'manual__2026-05-09T01:22:12.144871+00:00', '--job-id', '478', '--raw', '--subdir', 'DAGS_FOLDER/dag_job_intelligent.py', '--cfg-path', '/tmp/tmpiknge334']
[2026-05-09T01:27:35.284+0000] {standard_task_runner.py:91} INFO - Job 478: Subtask scrape_adzuna
[2026-05-09T01:27:35.436+0000] {task_command.py:426} INFO - Running <TaskInstance: job_intelligent_pipeline.scrape_adzuna manual__2026-05-09T01:22:12.144871+00:00 [running]> on host 77013bebea01
[2026-05-09T01:27:35.880+0000] {taskinstance.py:2648} INFO - Exporting env vars: AIRFLOW_CTX_DAG_OWNER='job_intelligent' AIRFLOW_CTX_DAG_ID='job_intelligent_pipeline' AIRFLOW_CTX_TASK_ID='scrape_adzuna' AIRFLOW_CTX_EXECUTION_DATE='2026-05-09T01:22:12.144871+00:00' AIRFLOW_CTX_TRY_NUMBER='2' AIRFLOW_CTX_DAG_RUN_ID='manual__2026-05-09T01:22:12.144871+00:00'
[2026-05-09T01:27:35.883+0000] {taskinstance.py:430} INFO - ::endgroup::
[2026-05-09T01:27:35.930+0000] {logging_mixin.py:188} INFO - [Scraping] POST http://scraper_api:8000/scrape/adzuna
[2026-05-09T01:27:39.306+0000] {logging_mixin.py:188} INFO - [Scraping] Adzuna erreur : HTTPConnectionPool(host='scraper_api', port=8000): Max retries exceeded with url: /scrape/adzuna (Caused by NameResolutionError("<urllib3.connection.HTTPConnection object at 0x7f92b1d37230>: Failed to resolve 'scraper_api' ([Errno -2] Name or service not known)"))
[2026-05-09T01:27:39.309+0000] {logging_mixin.py:188} INFO - [Scraping] Adzuna : {'status': 'erreur', 'message': 'HTTPConnectionPool(host=\'scraper_api\', port=8000): Max retries exceeded with url: /scrape/adzuna (Caused by NameResolutionError("<urllib3.connection.HTTPConnection object at 0x7f92b1d37230>: Failed to resolve \'scraper_api\' ([Errno -2] Name or service not known)"))'}
[2026-05-09T01:27:39.356+0000] {python.py:237} INFO - Done. Returned value was: {'status': 'erreur', 'message': 'HTTPConnectionPool(host=\'scraper_api\', port=8000): Max retries exceeded with url: /scrape/adzuna (Caused by NameResolutionError("<urllib3.connection.HTTPConnection object at 0x7f92b1d37230>: Failed to resolve \'scraper_api\' ([Errno -2] Name or service not known)"))'}
[2026-05-09T01:27:39.356+0000] {taskinstance.py:441} INFO - ::group::Post task execution logs
[2026-05-09T01:27:39.409+0000] {taskinstance.py:1206} INFO - Marking task as SUCCESS. dag_id=job_intelligent_pipeline, task_id=scrape_adzuna, run_id=manual__2026-05-09T01:22:12.144871+00:00, execution_date=20260509T012212, start_date=20260509T012735, end_date=20260509T012739
[2026-05-09T01:27:39.511+0000] {local_task_job_runner.py:240} INFO - Task exited with return code 0
[2026-05-09T01:27:39.748+0000] {taskinstance.py:3503} INFO - 0 downstream tasks scheduled from follow-on schedule check
[2026-05-09T01:27:39.837+0000] {local_task_job_runner.py:222} INFO - ::endgroup::
