[2026-05-08T23:57:26.174+0000] {local_task_job_runner.py:120} INFO - ::group::Pre task execution logs
[2026-05-08T23:57:26.482+0000] {taskinstance.py:2076} INFO - Dependencies all met for dep_context=non-requeueable deps ti=<TaskInstance: job_intelligent_pipeline.scrape_adzuna manual__2026-05-08T23:57:17.831259+00:00 [queued]>
[2026-05-08T23:57:26.670+0000] {taskinstance.py:2076} INFO - Dependencies all met for dep_context=requeueable deps ti=<TaskInstance: job_intelligent_pipeline.scrape_adzuna manual__2026-05-08T23:57:17.831259+00:00 [queued]>
[2026-05-08T23:57:26.705+0000] {taskinstance.py:2306} INFO - Starting attempt 1 of 3
[2026-05-08T23:57:26.881+0000] {taskinstance.py:2330} INFO - Executing <Task(PythonOperator): scrape_adzuna> on 2026-05-08 23:57:17.831259+00:00
[2026-05-08T23:57:26.965+0000] {warnings.py:112} WARNING - /home/***/.local/lib/python3.12/site-packages/***/task/task_runner/standard_task_runner.py:61: DeprecationWarning: This process (pid=5752) is multi-threaded, use of fork() may lead to deadlocks in the child.
  pid = os.fork()

[2026-05-08T23:57:26.982+0000] {standard_task_runner.py:63} INFO - Started process 5763 to run task
[2026-05-08T23:57:27.009+0000] {standard_task_runner.py:90} INFO - Running: ['***', 'tasks', 'run', 'job_intelligent_pipeline', 'scrape_adzuna', 'manual__2026-05-08T23:57:17.831259+00:00', '--job-id', '468', '--raw', '--subdir', 'DAGS_FOLDER/dag_job_intelligent .py', '--cfg-path', '/tmp/tmpsezq8a_4']
[2026-05-08T23:57:27.022+0000] {standard_task_runner.py:91} INFO - Job 468: Subtask scrape_adzuna
[2026-05-08T23:57:28.140+0000] {task_command.py:426} INFO - Running <TaskInstance: job_intelligent_pipeline.scrape_adzuna manual__2026-05-08T23:57:17.831259+00:00 [running]> on host 82bd505ce5dd
[2026-05-08T23:57:29.468+0000] {taskinstance.py:2648} INFO - Exporting env vars: AIRFLOW_CTX_DAG_OWNER='job_intelligent' AIRFLOW_CTX_DAG_ID='job_intelligent_pipeline' AIRFLOW_CTX_TASK_ID='scrape_adzuna' AIRFLOW_CTX_EXECUTION_DATE='2026-05-08T23:57:17.831259+00:00' AIRFLOW_CTX_TRY_NUMBER='1' AIRFLOW_CTX_DAG_RUN_ID='manual__2026-05-08T23:57:17.831259+00:00'
[2026-05-08T23:57:29.471+0000] {taskinstance.py:430} INFO - ::endgroup::
[2026-05-08T23:57:29.701+0000] {logging_mixin.py:188} INFO - [Scraping] POST http://scraper_api:8000/scrape/adzuna
[2026-05-08T23:57:33.387+0000] {logging_mixin.py:188} INFO - [Scraping] Adzuna erreur : HTTPConnectionPool(host='scraper_api', port=8000): Max retries exceeded with url: /scrape/adzuna (Caused by NameResolutionError("<urllib3.connection.HTTPConnection object at 0x7fba05f47fb0>: Failed to resolve 'scraper_api' ([Errno -2] Name or service not known)"))
[2026-05-08T23:57:33.396+0000] {logging_mixin.py:188} INFO - [Scraping] Adzuna : {'status': 'erreur', 'message': 'HTTPConnectionPool(host=\'scraper_api\', port=8000): Max retries exceeded with url: /scrape/adzuna (Caused by NameResolutionError("<urllib3.connection.HTTPConnection object at 0x7fba05f47fb0>: Failed to resolve \'scraper_api\' ([Errno -2] Name or service not known)"))'}
[2026-05-08T23:57:33.634+0000] {python.py:237} INFO - Done. Returned value was: {'status': 'erreur', 'message': 'HTTPConnectionPool(host=\'scraper_api\', port=8000): Max retries exceeded with url: /scrape/adzuna (Caused by NameResolutionError("<urllib3.connection.HTTPConnection object at 0x7fba05f47fb0>: Failed to resolve \'scraper_api\' ([Errno -2] Name or service not known)"))'}
[2026-05-08T23:57:33.642+0000] {taskinstance.py:441} INFO - ::group::Post task execution logs
[2026-05-08T23:57:33.869+0000] {taskinstance.py:1206} INFO - Marking task as SUCCESS. dag_id=job_intelligent_pipeline, task_id=scrape_adzuna, run_id=manual__2026-05-08T23:57:17.831259+00:00, execution_date=20260508T235717, start_date=20260508T235726, end_date=20260508T235733
[2026-05-08T23:57:34.129+0000] {local_task_job_runner.py:240} INFO - Task exited with return code 0
[2026-05-08T23:57:34.623+0000] {taskinstance.py:3503} INFO - 1 downstream tasks scheduled from follow-on schedule check
[2026-05-08T23:57:34.722+0000] {local_task_job_runner.py:222} INFO - ::endgroup::
