[2026-04-27T09:16:00.697+0000] {local_task_job_runner.py:120} INFO - ::group::Pre task execution logs
[2026-04-27T09:16:01.482+0000] {taskinstance.py:2076} INFO - Dependencies all met for dep_context=non-requeueable deps ti=<TaskInstance: job_intelligent_pipeline.scrape_france_travail manual__2026-04-27T02:00:39+00:00 [queued]>
[2026-04-27T09:16:01.826+0000] {taskinstance.py:2076} INFO - Dependencies all met for dep_context=requeueable deps ti=<TaskInstance: job_intelligent_pipeline.scrape_france_travail manual__2026-04-27T02:00:39+00:00 [queued]>
[2026-04-27T09:16:01.949+0000] {taskinstance.py:2306} INFO - Starting attempt 1 of 3
[2026-04-27T09:16:03.258+0000] {taskinstance.py:2330} INFO - Executing <Task(PythonOperator): scrape_france_travail> on 2026-04-27 02:00:39+00:00
[2026-04-27T09:16:03.291+0000] {warnings.py:112} WARNING - /home/***/.local/lib/python3.12/site-packages/***/task/task_runner/standard_task_runner.py:61: DeprecationWarning: This process (pid=866) is multi-threaded, use of fork() may lead to deadlocks in the child.
  pid = os.fork()

[2026-04-27T09:16:03.328+0000] {standard_task_runner.py:63} INFO - Started process 877 to run task
[2026-04-27T09:16:03.321+0000] {standard_task_runner.py:90} INFO - Running: ['***', 'tasks', 'run', 'job_intelligent_pipeline', 'scrape_france_travail', 'manual__2026-04-27T02:00:39+00:00', '--job-id', '106', '--raw', '--subdir', 'DAGS_FOLDER/dag_job_intelligent.py', '--cfg-path', '/tmp/tmpdgpk17s0']
[2026-04-27T09:16:03.413+0000] {standard_task_runner.py:91} INFO - Job 106: Subtask scrape_france_travail
[2026-04-27T09:16:05.426+0000] {task_command.py:426} INFO - Running <TaskInstance: job_intelligent_pipeline.scrape_france_travail manual__2026-04-27T02:00:39+00:00 [running]> on host 29da1de14b83
[2026-04-27T09:16:09.754+0000] {taskinstance.py:2648} INFO - Exporting env vars: AIRFLOW_CTX_DAG_OWNER='job_intelligent' AIRFLOW_CTX_DAG_ID='job_intelligent_pipeline' AIRFLOW_CTX_TASK_ID='scrape_france_travail' AIRFLOW_CTX_EXECUTION_DATE='2026-04-27T02:00:39+00:00' AIRFLOW_CTX_TRY_NUMBER='1' AIRFLOW_CTX_DAG_RUN_ID='manual__2026-04-27T02:00:39+00:00'
[2026-04-27T09:16:09.939+0000] {taskinstance.py:430} INFO - ::endgroup::
[2026-04-27T09:16:10.335+0000] {logging_mixin.py:188} INFO - [Scraping] POST http://scraper_api:8000/scrape/france_travail
[2026-04-27T09:16:14.602+0000] {logging_mixin.py:188} INFO - [Scraping] FranceTravail erreur : HTTPConnectionPool(host='scraper_api', port=8000): Max retries exceeded with url: /scrape/france_travail (Caused by NameResolutionError("<urllib3.connection.HTTPConnection object at 0x7fdc8b5d39b0>: Failed to resolve 'scraper_api' ([Errno -5] No address associated with hostname)"))
[2026-04-27T09:16:14.641+0000] {logging_mixin.py:188} INFO - [Scraping] FranceTravail : {'status': 'erreur', 'message': 'HTTPConnectionPool(host=\'scraper_api\', port=8000): Max retries exceeded with url: /scrape/france_travail (Caused by NameResolutionError("<urllib3.connection.HTTPConnection object at 0x7fdc8b5d39b0>: Failed to resolve \'scraper_api\' ([Errno -5] No address associated with hostname)"))'}
[2026-04-27T09:16:15.418+0000] {python.py:237} INFO - Done. Returned value was: {'status': 'erreur', 'message': 'HTTPConnectionPool(host=\'scraper_api\', port=8000): Max retries exceeded with url: /scrape/france_travail (Caused by NameResolutionError("<urllib3.connection.HTTPConnection object at 0x7fdc8b5d39b0>: Failed to resolve \'scraper_api\' ([Errno -5] No address associated with hostname)"))'}
[2026-04-27T09:16:15.593+0000] {taskinstance.py:441} INFO - ::group::Post task execution logs
[2026-04-27T09:16:17.177+0000] {taskinstance.py:1206} INFO - Marking task as SUCCESS. dag_id=job_intelligent_pipeline, task_id=scrape_france_travail, run_id=manual__2026-04-27T02:00:39+00:00, execution_date=20260427T020039, start_date=20260427T091601, end_date=20260427T091617
[2026-04-27T09:16:17.779+0000] {local_task_job_runner.py:240} INFO - Task exited with return code 0
[2026-04-27T09:16:18.194+0000] {taskinstance.py:3503} INFO - 0 downstream tasks scheduled from follow-on schedule check
[2026-04-27T09:16:18.324+0000] {local_task_job_runner.py:222} INFO - ::endgroup::
