[2026-05-01T07:18:44.888+0000] {local_task_job_runner.py:120} INFO - ::group::Pre task execution logs
[2026-05-01T07:18:45.446+0000] {taskinstance.py:2076} INFO - Dependencies all met for dep_context=non-requeueable deps ti=<TaskInstance: job_intelligent_pipeline.scrape_france_travail manual__2026-04-30T20:49:01.534308+00:00 [queued]>
[2026-05-01T07:18:45.609+0000] {taskinstance.py:2076} INFO - Dependencies all met for dep_context=requeueable deps ti=<TaskInstance: job_intelligent_pipeline.scrape_france_travail manual__2026-04-30T20:49:01.534308+00:00 [queued]>
[2026-05-01T07:18:45.626+0000] {taskinstance.py:2306} INFO - Starting attempt 1 of 3
[2026-05-01T07:18:46.058+0000] {taskinstance.py:2330} INFO - Executing <Task(PythonOperator): scrape_france_travail> on 2026-04-30 20:49:01.534308+00:00
[2026-05-01T07:18:46.086+0000] {warnings.py:112} WARNING - /home/***/.local/lib/python3.12/site-packages/***/task/task_runner/standard_task_runner.py:61: DeprecationWarning: This process (pid=137) is multi-threaded, use of fork() may lead to deadlocks in the child.
  pid = os.fork()

[2026-05-01T07:18:46.103+0000] {standard_task_runner.py:63} INFO - Started process 140 to run task
[2026-05-01T07:18:46.119+0000] {standard_task_runner.py:90} INFO - Running: ['***', 'tasks', 'run', 'job_intelligent_pipeline', 'scrape_france_travail', 'manual__2026-04-30T20:49:01.534308+00:00', '--job-id', '254', '--raw', '--subdir', 'DAGS_FOLDER/dag_job_intelligent.py', '--cfg-path', '/tmp/tmpop2rvhwi']
[2026-05-01T07:18:46.148+0000] {standard_task_runner.py:91} INFO - Job 254: Subtask scrape_france_travail
[2026-05-01T07:18:47.093+0000] {task_command.py:426} INFO - Running <TaskInstance: job_intelligent_pipeline.scrape_france_travail manual__2026-04-30T20:49:01.534308+00:00 [running]> on host d93ea64f61e7
[2026-05-01T07:18:47.890+0000] {taskinstance.py:2648} INFO - Exporting env vars: AIRFLOW_CTX_DAG_OWNER='job_intelligent' AIRFLOW_CTX_DAG_ID='job_intelligent_pipeline' AIRFLOW_CTX_TASK_ID='scrape_france_travail' AIRFLOW_CTX_EXECUTION_DATE='2026-04-30T20:49:01.534308+00:00' AIRFLOW_CTX_TRY_NUMBER='1' AIRFLOW_CTX_DAG_RUN_ID='manual__2026-04-30T20:49:01.534308+00:00'
[2026-05-01T07:18:47.892+0000] {taskinstance.py:430} INFO - ::endgroup::
[2026-05-01T07:18:47.940+0000] {logging_mixin.py:188} INFO - [Scraping] POST http://scraper_api:8000/scraper/france_travail
[2026-05-01T07:18:51.295+0000] {logging_mixin.py:188} INFO - [Scraping] FranceTravail erreur : HTTPConnectionPool(host='scraper_api', port=8000): Max retries exceeded with url: /scraper/france_travail (Caused by NameResolutionError("<urllib3.connection.HTTPConnection object at 0x7fcf9c913ce0>: Failed to resolve 'scraper_api' ([Errno -2] Name or service not known)"))
[2026-05-01T07:18:51.296+0000] {logging_mixin.py:188} INFO - [Scraping] FranceTravail : {'status': 'erreur', 'message': 'HTTPConnectionPool(host=\'scraper_api\', port=8000): Max retries exceeded with url: /scraper/france_travail (Caused by NameResolutionError("<urllib3.connection.HTTPConnection object at 0x7fcf9c913ce0>: Failed to resolve \'scraper_api\' ([Errno -2] Name or service not known)"))'}
[2026-05-01T07:18:51.463+0000] {python.py:237} INFO - Done. Returned value was: {'status': 'erreur', 'message': 'HTTPConnectionPool(host=\'scraper_api\', port=8000): Max retries exceeded with url: /scraper/france_travail (Caused by NameResolutionError("<urllib3.connection.HTTPConnection object at 0x7fcf9c913ce0>: Failed to resolve \'scraper_api\' ([Errno -2] Name or service not known)"))'}
[2026-05-01T07:18:51.466+0000] {taskinstance.py:441} INFO - ::group::Post task execution logs
[2026-05-01T07:18:51.615+0000] {taskinstance.py:1206} INFO - Marking task as SUCCESS. dag_id=job_intelligent_pipeline, task_id=scrape_france_travail, run_id=manual__2026-04-30T20:49:01.534308+00:00, execution_date=20260430T204901, start_date=20260501T071845, end_date=20260501T071851
[2026-05-01T07:18:51.713+0000] {local_task_job_runner.py:240} INFO - Task exited with return code 0
[2026-05-01T07:18:51.960+0000] {taskinstance.py:3503} INFO - 1 downstream tasks scheduled from follow-on schedule check
[2026-05-01T07:18:51.982+0000] {local_task_job_runner.py:222} INFO - ::endgroup::
