[2026-05-08T17:17:02.076+0000] {local_task_job_runner.py:120} INFO - ::group::Pre task execution logs
[2026-05-08T17:17:02.142+0000] {taskinstance.py:2076} INFO - Dependencies all met for dep_context=non-requeueable deps ti=<TaskInstance: job_intelligent_pipeline.check_quality manual__2026-05-08T17:05:17.311237+00:00 [queued]>
[2026-05-08T17:17:02.161+0000] {taskinstance.py:2076} INFO - Dependencies all met for dep_context=requeueable deps ti=<TaskInstance: job_intelligent_pipeline.check_quality manual__2026-05-08T17:05:17.311237+00:00 [queued]>
[2026-05-08T17:17:02.162+0000] {taskinstance.py:2306} INFO - Starting attempt 1 of 3
[2026-05-08T17:17:02.196+0000] {taskinstance.py:2330} INFO - Executing <Task(PythonOperator): check_quality> on 2026-05-08 17:05:17.311237+00:00
[2026-05-08T17:17:02.205+0000] {warnings.py:112} WARNING - /home/***/.local/lib/python3.12/site-packages/***/task/task_runner/standard_task_runner.py:61: DeprecationWarning: This process (pid=492) is multi-threaded, use of fork() may lead to deadlocks in the child.
  pid = os.fork()

[2026-05-08T17:17:02.207+0000] {standard_task_runner.py:63} INFO - Started process 493 to run task
[2026-05-08T17:17:02.208+0000] {standard_task_runner.py:90} INFO - Running: ['***', 'tasks', 'run', 'job_intelligent_pipeline', 'check_quality', 'manual__2026-05-08T17:05:17.311237+00:00', '--job-id', '417', '--raw', '--subdir', 'DAGS_FOLDER/dag_job_intelligent.py', '--cfg-path', '/tmp/tmpwwogmxkb']
[2026-05-08T17:17:02.211+0000] {standard_task_runner.py:91} INFO - Job 417: Subtask check_quality
[2026-05-08T17:17:02.332+0000] {task_command.py:426} INFO - Running <TaskInstance: job_intelligent_pipeline.check_quality manual__2026-05-08T17:05:17.311237+00:00 [running]> on host 82bd505ce5dd
[2026-05-08T17:17:02.619+0000] {taskinstance.py:2648} INFO - Exporting env vars: AIRFLOW_CTX_DAG_OWNER='job_intelligent' AIRFLOW_CTX_DAG_ID='job_intelligent_pipeline' AIRFLOW_CTX_TASK_ID='check_quality' AIRFLOW_CTX_EXECUTION_DATE='2026-05-08T17:05:17.311237+00:00' AIRFLOW_CTX_TRY_NUMBER='1' AIRFLOW_CTX_DAG_RUN_ID='manual__2026-05-08T17:05:17.311237+00:00'
[2026-05-08T17:17:02.621+0000] {taskinstance.py:430} INFO - ::endgroup::
[2026-05-08T17:17:02.910+0000] {logging_mixin.py:188} INFO - =======================================================
[2026-05-08T17:17:02.914+0000] {logging_mixin.py:188} INFO -   RAPPORT PIPELINE JOB INTELLIGENT
[2026-05-08T17:17:02.916+0000] {logging_mixin.py:188} INFO - =======================================================
[2026-05-08T17:17:02.918+0000] {logging_mixin.py:188} INFO -   Rekrute        : {'status': 'erreur', 'message': 'HTTPConnectionPool(host=\'scraper_api\', port=8000): Max retries exceeded with url: /scraper/rekrute (Caused by NameResolutionError("<urllib3.connection.HTTPConnection object at 0x7fba060353d0>: Failed to resolve \'scraper_api\' ([Errno -2] Name or service not known)"))'}
[2026-05-08T17:17:02.919+0000] {logging_mixin.py:188} INFO -   France Travail : {'status': 'erreur', 'message': 'HTTPConnectionPool(host=\'scraper_api\', port=8000): Max retries exceeded with url: /scraper/france_travail (Caused by NameResolutionError("<urllib3.connection.HTTPConnection object at 0x7fba05f8d790>: Failed to resolve \'scraper_api\' ([Errno -2] Name or service not known)"))'}
[2026-05-08T17:17:02.920+0000] {logging_mixin.py:188} INFO -   Adzuna         : {'status': 'erreur', 'message': 'HTTPConnectionPool(host=\'scraper_api\', port=8000): Max retries exceeded with url: /scraper/adzuna (Caused by NameResolutionError("<urllib3.connection.HTTPConnection object at 0x7fba05f477a0>: Failed to resolve \'scraper_api\' ([Errno -2] Name or service not known)"))'}
[2026-05-08T17:17:02.921+0000] {logging_mixin.py:188} INFO -   Kafka lus      : 0
[2026-05-08T17:17:02.922+0000] {logging_mixin.py:188} INFO -   ETL transformes: 0
[2026-05-08T17:17:02.923+0000] {logging_mixin.py:188} INFO -   MySQL charges  : 0
[2026-05-08T17:17:02.924+0000] {logging_mixin.py:188} INFO -   Doublons       : 0
[2026-05-08T17:17:02.925+0000] {logging_mixin.py:188} INFO -   Erreurs        : 0
[2026-05-08T17:17:02.926+0000] {logging_mixin.py:188} INFO - =======================================================
[2026-05-08T17:17:02.927+0000] {logging_mixin.py:188} INFO - [Qualite] Verification OK
[2026-05-08T17:17:02.927+0000] {python.py:237} INFO - Done. Returned value was: {'kafka_lus': 0, 'etl_transformes': 0, 'mysql_charges': 0, 'doublons': 0, 'erreurs': 0}
[2026-05-08T17:17:02.928+0000] {taskinstance.py:441} INFO - ::group::Post task execution logs
[2026-05-08T17:17:03.025+0000] {taskinstance.py:1206} INFO - Marking task as SUCCESS. dag_id=job_intelligent_pipeline, task_id=check_quality, run_id=manual__2026-05-08T17:05:17.311237+00:00, execution_date=20260508T170517, start_date=20260508T171702, end_date=20260508T171703
[2026-05-08T17:17:03.072+0000] {local_task_job_runner.py:240} INFO - Task exited with return code 0
[2026-05-08T17:17:03.113+0000] {taskinstance.py:3503} INFO - 0 downstream tasks scheduled from follow-on schedule check
[2026-05-08T17:17:03.121+0000] {local_task_job_runner.py:222} INFO - ::endgroup::
