[2026-05-11T16:35:50.125+0000] {local_task_job_runner.py:120} INFO - ::group::Pre task execution logs
[2026-05-11T16:35:50.249+0000] {taskinstance.py:2076} INFO - Dependencies all met for dep_context=non-requeueable deps ti=<TaskInstance: job_intelligent_pipeline_simplified.load_star_schema manual__2026-05-11T16:35:01.804399+00:00 [queued]>
[2026-05-11T16:35:50.287+0000] {taskinstance.py:2076} INFO - Dependencies all met for dep_context=requeueable deps ti=<TaskInstance: job_intelligent_pipeline_simplified.load_star_schema manual__2026-05-11T16:35:01.804399+00:00 [queued]>
[2026-05-11T16:35:50.290+0000] {taskinstance.py:2306} INFO - Starting attempt 1 of 3
[2026-05-11T16:35:50.365+0000] {taskinstance.py:2330} INFO - Executing <Task(PythonOperator): load_star_schema> on 2026-05-11 16:35:01.804399+00:00
[2026-05-11T16:35:50.390+0000] {warnings.py:110} WARNING - /home/***/.local/lib/python3.12/site-packages/***/task/task_runner/standard_task_runner.py:61: DeprecationWarning: This process (pid=221) is multi-threaded, use of fork() may lead to deadlocks in the child.
  pid = os.fork()

[2026-05-11T16:35:50.398+0000] {standard_task_runner.py:63} INFO - Started process 222 to run task
[2026-05-11T16:35:50.411+0000] {standard_task_runner.py:90} INFO - Running: ['***', 'tasks', 'run', 'job_intelligent_pipeline_simplified', 'load_star_schema', 'manual__2026-05-11T16:35:01.804399+00:00', '--job-id', '49', '--raw', '--subdir', 'DAGS_FOLDER/__pycache__/job_intelligent_pipeline.py', '--cfg-path', '/tmp/tmpgobvwow8']
[2026-05-11T16:35:50.414+0000] {standard_task_runner.py:91} INFO - Job 49: Subtask load_star_schema
[2026-05-11T16:35:50.770+0000] {task_command.py:426} INFO - Running <TaskInstance: job_intelligent_pipeline_simplified.load_star_schema manual__2026-05-11T16:35:01.804399+00:00 [running]> on host e9430ddab16c
[2026-05-11T16:35:51.351+0000] {taskinstance.py:2648} INFO - Exporting env vars: AIRFLOW_CTX_DAG_OWNER='job_intelligent' AIRFLOW_CTX_DAG_ID='job_intelligent_pipeline_simplified' AIRFLOW_CTX_TASK_ID='load_star_schema' AIRFLOW_CTX_EXECUTION_DATE='2026-05-11T16:35:01.804399+00:00' AIRFLOW_CTX_TRY_NUMBER='1' AIRFLOW_CTX_DAG_RUN_ID='manual__2026-05-11T16:35:01.804399+00:00'
[2026-05-11T16:35:51.358+0000] {taskinstance.py:430} INFO - ::endgroup::
[2026-05-11T16:35:52.154+0000] {logging_mixin.py:188} INFO - [Load] 0 offres lues depuis MinIO gold
[2026-05-11T16:35:52.338+0000] {python.py:237} INFO - Done. Returned value was: {'charge': 0}
[2026-05-11T16:35:52.344+0000] {taskinstance.py:441} INFO - ::group::Post task execution logs
[2026-05-11T16:35:52.490+0000] {taskinstance.py:1206} INFO - Marking task as SUCCESS. dag_id=job_intelligent_pipeline_simplified, task_id=load_star_schema, run_id=manual__2026-05-11T16:35:01.804399+00:00, execution_date=20260511T163501, start_date=20260511T163550, end_date=20260511T163552
[2026-05-11T16:35:52.745+0000] {local_task_job_runner.py:240} INFO - Task exited with return code 0
[2026-05-11T16:35:53.180+0000] {taskinstance.py:3498} INFO - 1 downstream tasks scheduled from follow-on schedule check
[2026-05-11T16:35:53.229+0000] {local_task_job_runner.py:222} INFO - ::endgroup::
