[2026-05-08T18:10:11.322+0000] {local_task_job_runner.py:120} INFO - ::group::Pre task execution logs
[2026-05-08T18:10:11.466+0000] {taskinstance.py:2076} INFO - Dependencies all met for dep_context=non-requeueable deps ti=<TaskInstance: job_intelligent_pipeline.etl_kafka manual__2026-05-08T17:47:23.638968+00:00 [queued]>
[2026-05-08T18:10:11.497+0000] {taskinstance.py:2076} INFO - Dependencies all met for dep_context=requeueable deps ti=<TaskInstance: job_intelligent_pipeline.etl_kafka manual__2026-05-08T17:47:23.638968+00:00 [queued]>
[2026-05-08T18:10:11.499+0000] {taskinstance.py:2306} INFO - Starting attempt 3 of 3
[2026-05-08T18:10:11.541+0000] {taskinstance.py:2330} INFO - Executing <Task(PythonOperator): etl_kafka> on 2026-05-08 17:47:23.638968+00:00
[2026-05-08T18:10:11.550+0000] {warnings.py:112} WARNING - /home/***/.local/lib/python3.12/site-packages/***/task/task_runner/standard_task_runner.py:61: DeprecationWarning: This process (pid=1309) is multi-threaded, use of fork() may lead to deadlocks in the child.
  pid = os.fork()

[2026-05-08T18:10:11.555+0000] {standard_task_runner.py:63} INFO - Started process 1310 to run task
[2026-05-08T18:10:11.555+0000] {standard_task_runner.py:90} INFO - Running: ['***', 'tasks', 'run', 'job_intelligent_pipeline', 'etl_kafka', 'manual__2026-05-08T17:47:23.638968+00:00', '--job-id', '432', '--raw', '--subdir', 'DAGS_FOLDER/dag_job_intelligent .py', '--cfg-path', '/tmp/tmpm0ad_r7w']
[2026-05-08T18:10:11.558+0000] {standard_task_runner.py:91} INFO - Job 432: Subtask etl_kafka
[2026-05-08T18:10:11.825+0000] {task_command.py:426} INFO - Running <TaskInstance: job_intelligent_pipeline.etl_kafka manual__2026-05-08T17:47:23.638968+00:00 [running]> on host 82bd505ce5dd
[2026-05-08T18:10:12.605+0000] {taskinstance.py:2648} INFO - Exporting env vars: AIRFLOW_CTX_DAG_OWNER='job_intelligent' AIRFLOW_CTX_DAG_ID='job_intelligent_pipeline' AIRFLOW_CTX_TASK_ID='etl_kafka' AIRFLOW_CTX_EXECUTION_DATE='2026-05-08T17:47:23.638968+00:00' AIRFLOW_CTX_TRY_NUMBER='3' AIRFLOW_CTX_DAG_RUN_ID='manual__2026-05-08T17:47:23.638968+00:00'
[2026-05-08T18:10:12.616+0000] {taskinstance.py:430} INFO - ::endgroup::
[2026-05-08T18:10:12.787+0000] {taskinstance.py:441} INFO - ::group::Post task execution logs
[2026-05-08T18:10:12.788+0000] {taskinstance.py:2905} ERROR - Task failed with exception
Traceback (most recent call last):
  File "/home/airflow/.local/lib/python3.12/site-packages/airflow/models/taskinstance.py", line 460, in _execute_task
    result = _execute_callable(context=context, **execute_callable_kwargs)
             ^^^^^^^^^^^^^^^^^^^^^^^^^^^^^^^^^^^^^^^^^^^^^^^^^^^^^^^^^^^^^
  File "/home/airflow/.local/lib/python3.12/site-packages/airflow/models/taskinstance.py", line 432, in _execute_callable
    return execute_callable(context=context, **execute_callable_kwargs)
           ^^^^^^^^^^^^^^^^^^^^^^^^^^^^^^^^^^^^^^^^^^^^^^^^^^^^^^^^^^^^
  File "/home/airflow/.local/lib/python3.12/site-packages/airflow/models/baseoperator.py", line 401, in wrapper
    return func(self, *args, **kwargs)
           ^^^^^^^^^^^^^^^^^^^^^^^^^^^
  File "/home/airflow/.local/lib/python3.12/site-packages/airflow/operators/python.py", line 235, in execute
    return_value = self.execute_callable()
                   ^^^^^^^^^^^^^^^^^^^^^^^
  File "/home/airflow/.local/lib/python3.12/site-packages/airflow/operators/python.py", line 252, in execute_callable
    return self.python_callable(*self.op_args, **self.op_kwargs)
           ^^^^^^^^^^^^^^^^^^^^^^^^^^^^^^^^^^^^^^^^^^^^^^^^^^^^^
  File "/opt/airflow/dags/dag_job_intelligent .py", line 149, in task_etl_kafka
    from confluent_kafka import Consumer, KafkaError
ModuleNotFoundError: No module named 'confluent_kafka'
[2026-05-08T18:10:12.937+0000] {taskinstance.py:1206} INFO - Marking task as FAILED. dag_id=job_intelligent_pipeline, task_id=etl_kafka, run_id=manual__2026-05-08T17:47:23.638968+00:00, execution_date=20260508T174723, start_date=20260508T181011, end_date=20260508T181012
[2026-05-08T18:10:13.028+0000] {standard_task_runner.py:110} ERROR - Failed to execute job 432 for task etl_kafka (No module named 'confluent_kafka'; 1310)
[2026-05-08T18:10:13.106+0000] {local_task_job_runner.py:240} INFO - Task exited with return code 1
[2026-05-08T18:10:13.169+0000] {taskinstance.py:3503} INFO - 0 downstream tasks scheduled from follow-on schedule check
[2026-05-08T18:10:13.183+0000] {local_task_job_runner.py:222} INFO - ::endgroup::
