[2026-05-11T20:27:29.359+0000] {local_task_job_runner.py:120} INFO - ::group::Pre task execution logs
[2026-05-11T20:27:29.731+0000] {taskinstance.py:2076} INFO - Dependencies all met for dep_context=non-requeueable deps ti=<TaskInstance: job_intelligent_pipeline_simplified.scrape_france_travail manual__2026-05-11T20:25:15.071212+00:00 [queued]>
[2026-05-11T20:27:29.964+0000] {taskinstance.py:2076} INFO - Dependencies all met for dep_context=requeueable deps ti=<TaskInstance: job_intelligent_pipeline_simplified.scrape_france_travail manual__2026-05-11T20:25:15.071212+00:00 [queued]>
[2026-05-11T20:27:29.975+0000] {taskinstance.py:2306} INFO - Starting attempt 1 of 3
[2026-05-11T20:27:30.243+0000] {taskinstance.py:2330} INFO - Executing <Task(PythonOperator): scrape_france_travail> on 2026-05-11 20:25:15.071212+00:00
[2026-05-11T20:27:30.266+0000] {warnings.py:110} WARNING - /home/***/.local/lib/python3.12/site-packages/***/task/task_runner/standard_task_runner.py:61: DeprecationWarning: This process (pid=125) is multi-threaded, use of fork() may lead to deadlocks in the child.
  pid = os.fork()

[2026-05-11T20:27:30.276+0000] {standard_task_runner.py:63} INFO - Started process 128 to run task
[2026-05-11T20:27:30.284+0000] {standard_task_runner.py:90} INFO - Running: ['***', 'tasks', 'run', 'job_intelligent_pipeline_simplified', 'scrape_france_travail', 'manual__2026-05-11T20:25:15.071212+00:00', '--job-id', '12', '--raw', '--subdir', 'DAGS_FOLDER/__pycache__/job_intelligent_pipeline.py', '--cfg-path', '/tmp/tmps1kpc4bz']
[2026-05-11T20:27:30.287+0000] {standard_task_runner.py:91} INFO - Job 12: Subtask scrape_france_travail
[2026-05-11T20:27:30.443+0000] {task_command.py:426} INFO - Running <TaskInstance: job_intelligent_pipeline_simplified.scrape_france_travail manual__2026-05-11T20:25:15.071212+00:00 [running]> on host aafb6b060567
[2026-05-11T20:27:30.828+0000] {taskinstance.py:2648} INFO - Exporting env vars: AIRFLOW_CTX_DAG_OWNER='job_intelligent' AIRFLOW_CTX_DAG_ID='job_intelligent_pipeline_simplified' AIRFLOW_CTX_TASK_ID='scrape_france_travail' AIRFLOW_CTX_EXECUTION_DATE='2026-05-11T20:25:15.071212+00:00' AIRFLOW_CTX_TRY_NUMBER='1' AIRFLOW_CTX_DAG_RUN_ID='manual__2026-05-11T20:25:15.071212+00:00'
[2026-05-11T20:27:30.830+0000] {taskinstance.py:430} INFO - ::endgroup::
[2026-05-11T20:27:31.034+0000] {logging_mixin.py:188} INFO - [Scraping] POST http://scraper-api:8000/scrape/france_travail
[2026-05-11T20:27:46.184+0000] {logging_mixin.py:188} INFO - [Scraping] FranceTravail : {'status': 'success', 'data': {'scraped': 0, 'message': 'Aucune offre trouvee sur France Travail'}}
[2026-05-11T20:27:46.254+0000] {python.py:237} INFO - Done. Returned value was: {'status': 'success', 'data': {'scraped': 0, 'message': 'Aucune offre trouvee sur France Travail'}}
[2026-05-11T20:27:46.255+0000] {taskinstance.py:441} INFO - ::group::Post task execution logs
[2026-05-11T20:27:46.318+0000] {taskinstance.py:1206} INFO - Marking task as SUCCESS. dag_id=job_intelligent_pipeline_simplified, task_id=scrape_france_travail, run_id=manual__2026-05-11T20:25:15.071212+00:00, execution_date=20260511T202515, start_date=20260511T202729, end_date=20260511T202746
[2026-05-11T20:27:46.367+0000] {local_task_job_runner.py:240} INFO - Task exited with return code 0
[2026-05-11T20:27:46.461+0000] {taskinstance.py:3498} INFO - 0 downstream tasks scheduled from follow-on schedule check
[2026-05-11T20:27:46.466+0000] {local_task_job_runner.py:222} INFO - ::endgroup::
