[2026-05-11T15:30:29.036+0000] {local_task_job_runner.py:120} INFO - ::group::Pre task execution logs
[2026-05-11T15:30:29.167+0000] {taskinstance.py:2076} INFO - Dependencies all met for dep_context=non-requeueable deps ti=<TaskInstance: job_intelligent_pipeline_simplified.check_quality manual__2026-05-11T15:04:00.624542+00:00 [queued]>
[2026-05-11T15:30:29.198+0000] {taskinstance.py:2076} INFO - Dependencies all met for dep_context=requeueable deps ti=<TaskInstance: job_intelligent_pipeline_simplified.check_quality manual__2026-05-11T15:04:00.624542+00:00 [queued]>
[2026-05-11T15:30:29.200+0000] {taskinstance.py:2306} INFO - Starting attempt 1 of 3
[2026-05-11T15:30:29.286+0000] {taskinstance.py:2330} INFO - Executing <Task(PythonOperator): check_quality> on 2026-05-11 15:04:00.624542+00:00
[2026-05-11T15:30:29.331+0000] {warnings.py:110} WARNING - /home/***/.local/lib/python3.12/site-packages/***/task/task_runner/standard_task_runner.py:61: DeprecationWarning: This process (pid=72) is multi-threaded, use of fork() may lead to deadlocks in the child.
  pid = os.fork()

[2026-05-11T15:30:29.339+0000] {standard_task_runner.py:63} INFO - Started process 73 to run task
[2026-05-11T15:30:29.342+0000] {standard_task_runner.py:90} INFO - Running: ['***', 'tasks', 'run', 'job_intelligent_pipeline_simplified', 'check_quality', 'manual__2026-05-11T15:04:00.624542+00:00', '--job-id', '22', '--raw', '--subdir', 'DAGS_FOLDER/__pycache__/job_intelligent_pipeline.py', '--cfg-path', '/tmp/tmpxb1nsr_u']
[2026-05-11T15:30:29.351+0000] {standard_task_runner.py:91} INFO - Job 22: Subtask check_quality
[2026-05-11T15:30:29.720+0000] {task_command.py:426} INFO - Running <TaskInstance: job_intelligent_pipeline_simplified.check_quality manual__2026-05-11T15:04:00.624542+00:00 [running]> on host 0cb8c084b239
[2026-05-11T15:30:30.166+0000] {taskinstance.py:2648} INFO - Exporting env vars: AIRFLOW_CTX_DAG_OWNER='job_intelligent' AIRFLOW_CTX_DAG_ID='job_intelligent_pipeline_simplified' AIRFLOW_CTX_TASK_ID='check_quality' AIRFLOW_CTX_EXECUTION_DATE='2026-05-11T15:04:00.624542+00:00' AIRFLOW_CTX_TRY_NUMBER='1' AIRFLOW_CTX_DAG_RUN_ID='manual__2026-05-11T15:04:00.624542+00:00'
[2026-05-11T15:30:30.172+0000] {taskinstance.py:430} INFO - ::endgroup::
[2026-05-11T15:30:30.717+0000] {logging_mixin.py:188} INFO - =======================================================
[2026-05-11T15:30:30.719+0000] {logging_mixin.py:188} INFO -   RAPPORT PIPELINE JOB INTELLIGENT
[2026-05-11T15:30:30.720+0000] {logging_mixin.py:188} INFO - =======================================================
[2026-05-11T15:30:30.770+0000] {logging_mixin.py:188} INFO -   Rekrute        : {'status': 'erreur', 'message': 'HTTPConnectionPool(host=\'scraper_api\', port=8000): Max retries exceeded with url: /scrape/rekrute (Caused by NameResolutionError("<urllib3.connection.HTTPConnection object at 0x7be7c10af1d0>: Failed to resolve \'scraper_api\' ([Errno -2] Name or service not known)"))'}
[2026-05-11T15:30:30.815+0000] {logging_mixin.py:188} INFO -   France Travail : {'status': 'erreur', 'message': 'HTTPConnectionPool(host=\'scraper_api\', port=8000): Max retries exceeded with url: /scrape/france_travail (Caused by NameResolutionError("<urllib3.connection.HTTPConnection object at 0x7be7c109a060>: Failed to resolve \'scraper_api\' ([Errno -2] Name or service not known)"))'}
[2026-05-11T15:30:30.860+0000] {logging_mixin.py:188} INFO -   Adzuna         : {'status': 'erreur', 'message': 'HTTPConnectionPool(host=\'scraper_api\', port=8000): Max retries exceeded with url: /scrape/adzuna (Caused by NameResolutionError("<urllib3.connection.HTTPConnection object at 0x7be7c11cfec0>: Failed to resolve \'scraper_api\' ([Errno -2] Name or service not known)"))'}
[2026-05-11T15:30:30.862+0000] {logging_mixin.py:188} INFO -   Offres brutes lues depuis MinIO : 0
[2026-05-11T15:30:30.863+0000] {logging_mixin.py:188} INFO -   ETL transformés : 0
[2026-05-11T15:30:30.863+0000] {logging_mixin.py:188} INFO -   MySQL chargées  : 0
[2026-05-11T15:30:30.864+0000] {logging_mixin.py:188} INFO -   Doublons        : 0
[2026-05-11T15:30:30.865+0000] {logging_mixin.py:188} INFO -   Erreurs         : 0
[2026-05-11T15:30:30.866+0000] {logging_mixin.py:188} INFO - =======================================================
[2026-05-11T15:30:30.867+0000] {python.py:237} INFO - Done. Returned value was: {'status': 'success'}
[2026-05-11T15:30:30.867+0000] {taskinstance.py:441} INFO - ::group::Post task execution logs
[2026-05-11T15:30:30.969+0000] {taskinstance.py:1206} INFO - Marking task as SUCCESS. dag_id=job_intelligent_pipeline_simplified, task_id=check_quality, run_id=manual__2026-05-11T15:04:00.624542+00:00, execution_date=20260511T150400, start_date=20260511T153029, end_date=20260511T153030
[2026-05-11T15:30:31.072+0000] {local_task_job_runner.py:240} INFO - Task exited with return code 0
[2026-05-11T15:30:31.152+0000] {taskinstance.py:3498} INFO - 0 downstream tasks scheduled from follow-on schedule check
[2026-05-11T15:30:31.155+0000] {local_task_job_runner.py:222} INFO - ::endgroup::
