[2026-05-11T16:35:13.188+0000] {local_task_job_runner.py:120} INFO - ::group::Pre task execution logs
[2026-05-11T16:35:13.354+0000] {taskinstance.py:2076} INFO - Dependencies all met for dep_context=non-requeueable deps ti=<TaskInstance: job_intelligent_pipeline_simplified.scrape_rekrute manual__2026-05-11T16:35:01.804399+00:00 [queued]>
[2026-05-11T16:35:13.456+0000] {taskinstance.py:2076} INFO - Dependencies all met for dep_context=requeueable deps ti=<TaskInstance: job_intelligent_pipeline_simplified.scrape_rekrute manual__2026-05-11T16:35:01.804399+00:00 [queued]>
[2026-05-11T16:35:13.458+0000] {taskinstance.py:2306} INFO - Starting attempt 1 of 3
[2026-05-11T16:35:13.607+0000] {taskinstance.py:2330} INFO - Executing <Task(PythonOperator): scrape_rekrute> on 2026-05-11 16:35:01.804399+00:00
[2026-05-11T16:35:13.672+0000] {warnings.py:110} WARNING - /home/***/.local/lib/python3.12/site-packages/***/task/task_runner/standard_task_runner.py:61: DeprecationWarning: This process (pid=198) is multi-threaded, use of fork() may lead to deadlocks in the child.
  pid = os.fork()

[2026-05-11T16:35:13.711+0000] {standard_task_runner.py:63} INFO - Started process 200 to run task
[2026-05-11T16:35:13.731+0000] {standard_task_runner.py:90} INFO - Running: ['***', 'tasks', 'run', 'job_intelligent_pipeline_simplified', 'scrape_rekrute', 'manual__2026-05-11T16:35:01.804399+00:00', '--job-id', '45', '--raw', '--subdir', 'DAGS_FOLDER/__pycache__/job_intelligent_pipeline.py', '--cfg-path', '/tmp/tmpmjjgya3l']
[2026-05-11T16:35:13.736+0000] {standard_task_runner.py:91} INFO - Job 45: Subtask scrape_rekrute
[2026-05-11T16:35:14.772+0000] {task_command.py:426} INFO - Running <TaskInstance: job_intelligent_pipeline_simplified.scrape_rekrute manual__2026-05-11T16:35:01.804399+00:00 [running]> on host e9430ddab16c
[2026-05-11T16:35:16.392+0000] {taskinstance.py:2648} INFO - Exporting env vars: AIRFLOW_CTX_DAG_OWNER='job_intelligent' AIRFLOW_CTX_DAG_ID='job_intelligent_pipeline_simplified' AIRFLOW_CTX_TASK_ID='scrape_rekrute' AIRFLOW_CTX_EXECUTION_DATE='2026-05-11T16:35:01.804399+00:00' AIRFLOW_CTX_TRY_NUMBER='1' AIRFLOW_CTX_DAG_RUN_ID='manual__2026-05-11T16:35:01.804399+00:00'
[2026-05-11T16:35:16.400+0000] {taskinstance.py:430} INFO - ::endgroup::
[2026-05-11T16:35:16.544+0000] {logging_mixin.py:188} INFO - [Scraping] POST http://scraper-api:8000/scrape/rekrute
[2026-05-11T16:35:16.588+0000] {logging_mixin.py:188} INFO - [Scraping] Rekrute erreur : HTTPConnectionPool(host='scraper-api', port=8000): Max retries exceeded with url: /scrape/rekrute (Caused by NewConnectionError('<urllib3.connection.HTTPConnection object at 0x7a26756f0fe0>: Failed to establish a new connection: [Errno 111] Connection refused'))
[2026-05-11T16:35:16.589+0000] {logging_mixin.py:188} INFO - [Scraping] Rekrute : {'status': 'erreur', 'message': "HTTPConnectionPool(host='scraper-api', port=8000): Max retries exceeded with url: /scrape/rekrute (Caused by NewConnectionError('<urllib3.connection.HTTPConnection object at 0x7a26756f0fe0>: Failed to establish a new connection: [Errno 111] Connection refused'))"}
[2026-05-11T16:35:16.809+0000] {python.py:237} INFO - Done. Returned value was: {'status': 'erreur', 'message': "HTTPConnectionPool(host='scraper-api', port=8000): Max retries exceeded with url: /scrape/rekrute (Caused by NewConnectionError('<urllib3.connection.HTTPConnection object at 0x7a26756f0fe0>: Failed to establish a new connection: [Errno 111] Connection refused'))"}
[2026-05-11T16:35:16.812+0000] {taskinstance.py:441} INFO - ::group::Post task execution logs
[2026-05-11T16:35:17.239+0000] {taskinstance.py:1206} INFO - Marking task as SUCCESS. dag_id=job_intelligent_pipeline_simplified, task_id=scrape_rekrute, run_id=manual__2026-05-11T16:35:01.804399+00:00, execution_date=20260511T163501, start_date=20260511T163513, end_date=20260511T163517
[2026-05-11T16:35:17.428+0000] {local_task_job_runner.py:240} INFO - Task exited with return code 0
[2026-05-11T16:35:17.515+0000] {local_task_job_runner.py:222} INFO - ::endgroup::
